running egg_info
writing ../../build/ce_python/ce_python.egg-info/PKG-INFO
writing dependency_links to ../../build/ce_python/ce_python.egg-info/dependency_links.txt
writing entry points to ../../build/ce_python/ce_python.egg-info/entry_points.txt
writing requirements to ../../build/ce_python/ce_python.egg-info/requires.txt
writing top-level names to ../../build/ce_python/ce_python.egg-info/top_level.txt
reading manifest file '../../build/ce_python/ce_python.egg-info/SOURCES.txt'
writing manifest file '../../build/ce_python/ce_python.egg-info/SOURCES.txt'
running build
running build_py
copying ce_python/angle_forwarder.py -> /home/guyi/cececeCeESP/ros2_ws/build/ce_python/build/lib/ce_python
running install
running install_lib
copying /home/guyi/cececeCeESP/ros2_ws/build/ce_python/build/lib/ce_python/angle_forwarder.py -> /home/guyi/cececeCeESP/ros2_ws/install/ce_python/lib/python3.10/site-packages/ce_python
byte-compiling /home/guyi/cececeCeESP/ros2_ws/install/ce_python/lib/python3.10/site-packages/ce_python/angle_forwarder.py to angle_forwarder.cpython-310.pyc
running install_data
running install_egg_info
removing '/home/guyi/cececeCeESP/ros2_ws/install/ce_python/lib/python3.10/site-packages/ce_python-0.0.0-py3.10.egg-info' (and everything under it)
Copying ../../build/ce_python/ce_python.egg-info to /home/guyi/cececeCeESP/ros2_ws/install/ce_python/lib/python3.10/site-packages/ce_python-0.0.0-py3.10.egg-info
running install_scripts
Installing angle_forwarder script to /home/guyi/cececeCeESP/ros2_ws/install/ce_python/lib/ce_python
writing list of installed files to '/home/guyi/cececeCeESP/ros2_ws/build/ce_python/install.log'
