[0.375s] Invoking command in '/home/guyi/github/Modified_InMoov/visualize_ws/arm_system_tools': CONDA_PROMPT_MODIFIER=(base) PYTHONPATH=/home/guyi/github/Modified_InMoov/visualize_ws/build/arm_system_tools/prefix_override:/usr/lib/python3/dist-packages/colcon_core/task/python/colcon_distutils_commands:/home/guyi/github/Modified_InMoov/visualize_ws/install/arm_system_tools/lib/python3.10/site-packages:${PYTHONPATH} /usr/bin/python3 -W ignore:setup.py install is deprecated -W ignore:easy_install command is deprecated setup.py egg_info --egg-base ../build/arm_system_tools build --build-base /home/guyi/github/Modified_InMoov/visualize_ws/build/arm_system_tools/build install --record /home/guyi/github/Modified_InMoov/visualize_ws/build/arm_system_tools/install.log --single-version-externally-managed install_data
[0.509s] running egg_info
[0.509s] creating ../build/arm_system_tools/arm_system_tools.egg-info
[0.509s] writing ../build/arm_system_tools/arm_system_tools.egg-info/PKG-INFO
[0.509s] writing dependency_links to ../build/arm_system_tools/arm_system_tools.egg-info/dependency_links.txt
[0.509s] writing entry points to ../build/arm_system_tools/arm_system_tools.egg-info/entry_points.txt
[0.509s] writing requirements to ../build/arm_system_tools/arm_system_tools.egg-info/requires.txt
[0.509s] writing top-level names to ../build/arm_system_tools/arm_system_tools.egg-info/top_level.txt
[0.509s] writing manifest file '../build/arm_system_tools/arm_system_tools.egg-info/SOURCES.txt'
[0.510s] reading manifest file '../build/arm_system_tools/arm_system_tools.egg-info/SOURCES.txt'
[0.510s] writing manifest file '../build/arm_system_tools/arm_system_tools.egg-info/SOURCES.txt'
[0.510s] running build
[0.511s] running build_py
[0.511s] creating /home/guyi/github/Modified_InMoov/visualize_ws/build/arm_system_tools/build
[0.511s] creating /home/guyi/github/Modified_InMoov/visualize_ws/build/arm_system_tools/build/lib
[0.511s] creating /home/guyi/github/Modified_InMoov/visualize_ws/build/arm_system_tools/build/lib/arm_system_tools
[0.511s] copying arm_system_tools/state_publisher.py -> /home/guyi/github/Modified_InMoov/visualize_ws/build/arm_system_tools/build/lib/arm_system_tools
[0.511s] copying arm_system_tools/__init__.py -> /home/guyi/github/Modified_InMoov/visualize_ws/build/arm_system_tools/build/lib/arm_system_tools
[0.511s] running install
[0.511s] running install_lib
[0.511s] creating /home/guyi/github/Modified_InMoov/visualize_ws/install/arm_system_tools/lib/python3.10/site-packages/arm_system_tools
[0.511s] copying /home/guyi/github/Modified_InMoov/visualize_ws/build/arm_system_tools/build/lib/arm_system_tools/state_publisher.py -> /home/guyi/github/Modified_InMoov/visualize_ws/install/arm_system_tools/lib/python3.10/site-packages/arm_system_tools
[0.512s] copying /home/guyi/github/Modified_InMoov/visualize_ws/build/arm_system_tools/build/lib/arm_system_tools/__init__.py -> /home/guyi/github/Modified_InMoov/visualize_ws/install/arm_system_tools/lib/python3.10/site-packages/arm_system_tools
[0.512s] byte-compiling /home/guyi/github/Modified_InMoov/visualize_ws/install/arm_system_tools/lib/python3.10/site-packages/arm_system_tools/state_publisher.py to state_publisher.cpython-310.pyc
[0.512s] byte-compiling /home/guyi/github/Modified_InMoov/visualize_ws/install/arm_system_tools/lib/python3.10/site-packages/arm_system_tools/__init__.py to __init__.cpython-310.pyc
[0.512s] running install_data
[0.512s] creating /home/guyi/github/Modified_InMoov/visualize_ws/install/arm_system_tools/share/ament_index
[0.512s] creating /home/guyi/github/Modified_InMoov/visualize_ws/install/arm_system_tools/share/ament_index/resource_index
[0.512s] creating /home/guyi/github/Modified_InMoov/visualize_ws/install/arm_system_tools/share/ament_index/resource_index/packages
[0.512s] copying resource/arm_system_tools -> /home/guyi/github/Modified_InMoov/visualize_ws/install/arm_system_tools/share/ament_index/resource_index/packages
[0.512s] copying package.xml -> /home/guyi/github/Modified_InMoov/visualize_ws/install/arm_system_tools/share/arm_system_tools
[0.512s] creating /home/guyi/github/Modified_InMoov/visualize_ws/install/arm_system_tools/share/arm_system_tools/launch
[0.512s] copying launch/demo.launch.py -> /home/guyi/github/Modified_InMoov/visualize_ws/install/arm_system_tools/share/arm_system_tools/launch
[0.512s] creating /home/guyi/github/Modified_InMoov/visualize_ws/install/arm_system_tools/share/arm_system_tools/urdf
[0.513s] copying urdf/arm_system.urdf.xml -> /home/guyi/github/Modified_InMoov/visualize_ws/install/arm_system_tools/share/arm_system_tools/urdf
[0.513s] creating /home/guyi/github/Modified_InMoov/visualize_ws/install/arm_system_tools/share/arm_system_tools/meshes
[0.513s] copying meshes/right/forearm_roll_link.STL -> /home/guyi/github/Modified_InMoov/visualize_ws/install/arm_system_tools/share/arm_system_tools/meshes
[0.514s] copying meshes/right/shoulder_link.STL -> /home/guyi/github/Modified_InMoov/visualize_ws/install/arm_system_tools/share/arm_system_tools/meshes
[0.514s] copying meshes/right/forearm_link.STL -> /home/guyi/github/Modified_InMoov/visualize_ws/install/arm_system_tools/share/arm_system_tools/meshes
[0.515s] copying meshes/right/upper_arm_link.STL -> /home/guyi/github/Modified_InMoov/visualize_ws/install/arm_system_tools/share/arm_system_tools/meshes
[0.521s] running install_egg_info
[0.522s] Copying ../build/arm_system_tools/arm_system_tools.egg-info to /home/guyi/github/Modified_InMoov/visualize_ws/install/arm_system_tools/lib/python3.10/site-packages/arm_system_tools-0.1.0-py3.10.egg-info
[0.523s] running install_scripts
[0.535s] Installing state_publisher script to /home/guyi/github/Modified_InMoov/visualize_ws/install/arm_system_tools/lib/arm_system_tools
[0.535s] writing list of installed files to '/home/guyi/github/Modified_InMoov/visualize_ws/build/arm_system_tools/install.log'
[0.552s] Invoked command in '/home/guyi/github/Modified_InMoov/visualize_ws/arm_system_tools' returned '0': CONDA_PROMPT_MODIFIER=(base) PYTHONPATH=/home/guyi/github/Modified_InMoov/visualize_ws/build/arm_system_tools/prefix_override:/usr/lib/python3/dist-packages/colcon_core/task/python/colcon_distutils_commands:/home/guyi/github/Modified_InMoov/visualize_ws/install/arm_system_tools/lib/python3.10/site-packages:${PYTHONPATH} /usr/bin/python3 -W ignore:setup.py install is deprecated -W ignore:easy_install command is deprecated setup.py egg_info --egg-base ../build/arm_system_tools build --build-base /home/guyi/github/Modified_InMoov/visualize_ws/build/arm_system_tools/build install --record /home/guyi/github/Modified_InMoov/visualize_ws/build/arm_system_tools/install.log --single-version-externally-managed install_data
