[ 20%] [32mBuilding CXX object CMakeFiles/combined_node.dir/src/main.cpp.o[0m
[01m[K/home/guyi/github/Modified_InMoov/Unity-ros-connection/ros2 nodes/udp converter/src/servo_mediator_cpp/src/main.cpp:[m[K In function ‘[01m[Kint main(int, char**)[m[K’:
[01m[K/home/guyi/github/Modified_InMoov/Unity-ros-connection/ros2 nodes/udp converter/src/servo_mediator_cpp/src/main.cpp:14:40:[m[K [01;31m[Kerror: [m[K‘[01m[KImageDisplayNode[m[K’ was not declared in this scope
   14 |     auto image_node = std::make_shared<[01;31m[KImageDisplayNode[m[K>();
      |                                        [01;31m[K^~~~~~~~~~~~~~~~[m[K
[01m[K/home/guyi/github/Modified_InMoov/Unity-ros-connection/ros2 nodes/udp converter/src/servo_mediator_cpp/src/main.cpp:14:57:[m[K [01;31m[Kerror: [m[Kno matching function for call to ‘[01m[Kmake_shared<<expression error> >()[m[K’
   14 |     auto image_node = [01;31m[Kstd::make_shared<ImageDisplayNode>()[m[K;
      |                       [01;31m[K~~~~~~~~~~~~~~~~~~~~~~~~~~~~~~~~~~^~[m[K
In file included from [01m[K/usr/include/c++/11/memory:77[m[K,
                 from [01m[K/opt/ros/humble/include/rclcpp/rclcpp/rclcpp.hpp:153[m[K,
                 from [01m[K/home/guyi/github/Modified_InMoov/Unity-ros-connection/ros2 nodes/udp converter/src/servo_mediator_cpp/src/main.cpp:1[m[K:
[01m[K/usr/include/c++/11/bits/shared_ptr.h:875:5:[m[K [01;36m[Knote: [m[Kcandidate: ‘[01m[Ktemplate<class _Tp, class ... _Args> std::shared_ptr<_Tp> std::make_shared(_Args&& ...)[m[K’
  875 |     [01;36m[Kmake_shared[m[K(_Args&&... __args)
      |     [01;36m[K^~~~~~~~~~~[m[K
[01m[K/usr/include/c++/11/bits/shared_ptr.h:875:5:[m[K [01;36m[Knote: [m[K  template argument deduction/substitution failed:
[01m[K/home/guyi/github/Modified_InMoov/Unity-ros-connection/ros2 nodes/udp converter/src/servo_mediator_cpp/src/main.cpp:14:57:[m[K [01;31m[Kerror: [m[Ktemplate argument 1 is invalid
   14 |     auto image_node = [01;31m[Kstd::make_shared<ImageDisplayNode>()[m[K;
      |                       [01;31m[K~~~~~~~~~~~~~~~~~~~~~~~~~~~~~~~~~~^~[m[K
gmake[2]: *** [CMakeFiles/combined_node.dir/build.make:76：CMakeFiles/combined_node.dir/src/main.cpp.o] 错误 1
gmake[1]: *** [CMakeFiles/Makefile2:137：CMakeFiles/combined_node.dir/all] 错误 2
gmake: *** [Makefile:146：all] 错误 2
