[0.010s] Invoking command in '/home/guyi/github/Modified_InMoov/visualize_ws/build/arm_system_description': CMAKE_PREFIX_PATH=/home/guyi/inmoov_ros2/install/inmoov_config_test:/home/guyi/inmoov_ros2/install/inmoov_tools:/home/guyi/inmoov_ros2/install/inmoov_bringup:/home/guyi/inmoov_ros2/install/inmoov_meshes:/home/guyi/inmoov_ros2/install/inmoov_msgs:/home/guyi/inmoov_ros2/install/inmoov_description:/opt/ros/humble CONDA_PROMPT_MODIFIER=(base) /usr/local/bin/cmake /home/guyi/github/Modified_InMoov/visualize_ws/arm_system_description -DCMAKE_INSTALL_PREFIX=/home/guyi/github/Modified_InMoov/visualize_ws/install/arm_system_description
[0.043s] -- The C compiler identification is GNU 11.4.0
[0.081s] -- The CXX compiler identification is GNU 11.4.0
[0.085s] -- Detecting C compiler ABI info
[0.127s] -- Detecting C compiler ABI info - done
[0.131s] -- Check for working C compiler: /usr/bin/cc - skipped
[0.131s] -- Detecting C compile features
[0.132s] -- Detecting C compile features - done
[0.133s] -- Detecting CXX compiler ABI info
[0.180s] -- Detecting CXX compiler ABI info - done
[0.185s] -- Check for working CXX compiler: /usr/bin/c++ - skipped
[0.185s] -- Detecting CXX compile features
[0.185s] -- Detecting CXX compile features - done
[0.188s] -- Found ament_cmake: 1.3.11 (/opt/ros/humble/share/ament_cmake/cmake)
[0.395s] -- Found Python3: /home/guyi/anaconda3/bin/python3 (found version "3.12.7") found components: Interpreter 
[0.476s] -- Found ament_lint_auto: 0.12.12 (/opt/ros/humble/share/ament_lint_auto/cmake)
[0.536s] -- Configuring done
[0.538s] -- Generating done
[0.539s] -- Build files have been written to: /home/guyi/github/Modified_InMoov/visualize_ws/build/arm_system_description
[0.542s] Invoked command in '/home/guyi/github/Modified_InMoov/visualize_ws/build/arm_system_description' returned '0': CMAKE_PREFIX_PATH=/home/guyi/inmoov_ros2/install/inmoov_config_test:/home/guyi/inmoov_ros2/install/inmoov_tools:/home/guyi/inmoov_ros2/install/inmoov_bringup:/home/guyi/inmoov_ros2/install/inmoov_meshes:/home/guyi/inmoov_ros2/install/inmoov_msgs:/home/guyi/inmoov_ros2/install/inmoov_description:/opt/ros/humble CONDA_PROMPT_MODIFIER=(base) /usr/local/bin/cmake /home/guyi/github/Modified_InMoov/visualize_ws/arm_system_description -DCMAKE_INSTALL_PREFIX=/home/guyi/github/Modified_InMoov/visualize_ws/install/arm_system_description
[0.543s] Invoking command in '/home/guyi/github/Modified_InMoov/visualize_ws/build/arm_system_description': CMAKE_PREFIX_PATH=/home/guyi/inmoov_ros2/install/inmoov_config_test:/home/guyi/inmoov_ros2/install/inmoov_tools:/home/guyi/inmoov_ros2/install/inmoov_bringup:/home/guyi/inmoov_ros2/install/inmoov_meshes:/home/guyi/inmoov_ros2/install/inmoov_msgs:/home/guyi/inmoov_ros2/install/inmoov_description:/opt/ros/humble CONDA_PROMPT_MODIFIER=(base) /usr/local/bin/cmake --build /home/guyi/github/Modified_InMoov/visualize_ws/build/arm_system_description -- -j16 -l16
[0.563s] Invoked command in '/home/guyi/github/Modified_InMoov/visualize_ws/build/arm_system_description' returned '0': CMAKE_PREFIX_PATH=/home/guyi/inmoov_ros2/install/inmoov_config_test:/home/guyi/inmoov_ros2/install/inmoov_tools:/home/guyi/inmoov_ros2/install/inmoov_bringup:/home/guyi/inmoov_ros2/install/inmoov_meshes:/home/guyi/inmoov_ros2/install/inmoov_msgs:/home/guyi/inmoov_ros2/install/inmoov_description:/opt/ros/humble CONDA_PROMPT_MODIFIER=(base) /usr/local/bin/cmake --build /home/guyi/github/Modified_InMoov/visualize_ws/build/arm_system_description -- -j16 -l16
[0.565s] Invoking command in '/home/guyi/github/Modified_InMoov/visualize_ws/build/arm_system_description': CMAKE_PREFIX_PATH=/home/guyi/inmoov_ros2/install/inmoov_config_test:/home/guyi/inmoov_ros2/install/inmoov_tools:/home/guyi/inmoov_ros2/install/inmoov_bringup:/home/guyi/inmoov_ros2/install/inmoov_meshes:/home/guyi/inmoov_ros2/install/inmoov_msgs:/home/guyi/inmoov_ros2/install/inmoov_description:/opt/ros/humble CONDA_PROMPT_MODIFIER=(base) /usr/local/bin/cmake --install /home/guyi/github/Modified_InMoov/visualize_ws/build/arm_system_description
[0.567s] -- Install configuration: ""
[0.567s] -- Installing: /home/guyi/github/Modified_InMoov/visualize_ws/install/arm_system_description/share/arm_system_description/launch
[0.567s] -- Installing: /home/guyi/github/Modified_InMoov/visualize_ws/install/arm_system_description/share/arm_system_description/launch/view_robot.launch.py
[0.567s] -- Installing: /home/guyi/github/Modified_InMoov/visualize_ws/install/arm_system_description/share/arm_system_description/urdf
[0.567s] -- Installing: /home/guyi/github/Modified_InMoov/visualize_ws/install/arm_system_description/share/arm_system_description/urdf/arm_system_combined.urdf
[0.567s] -- Installing: /home/guyi/github/Modified_InMoov/visualize_ws/install/arm_system_description/share/arm_system_description/meshes
[0.567s] -- Installing: /home/guyi/github/Modified_InMoov/visualize_ws/install/arm_system_description/share/arm_system_description/meshes/right
[0.567s] -- Installing: /home/guyi/github/Modified_InMoov/visualize_ws/install/arm_system_description/share/arm_system_description/meshes/right/forearm_roll_link.STL
[0.569s] -- Installing: /home/guyi/github/Modified_InMoov/visualize_ws/install/arm_system_description/share/arm_system_description/meshes/right/shoulder_link.STL
[0.569s] -- Installing: /home/guyi/github/Modified_InMoov/visualize_ws/install/arm_system_description/share/arm_system_description/meshes/right/forearm_link.STL
[0.571s] -- Installing: /home/guyi/github/Modified_InMoov/visualize_ws/install/arm_system_description/share/arm_system_description/meshes/right/upper_arm_link.STL
[0.577s] -- Installing: /home/guyi/github/Modified_InMoov/visualize_ws/install/arm_system_description/share/arm_system_description/meshes/left
[0.577s] -- Installing: /home/guyi/github/Modified_InMoov/visualize_ws/install/arm_system_description/share/arm_system_description/meshes/left/forearm_roll_link.STL
[0.578s] -- Installing: /home/guyi/github/Modified_InMoov/visualize_ws/install/arm_system_description/share/arm_system_description/meshes/left/shoulder_link.STL
[0.579s] -- Installing: /home/guyi/github/Modified_InMoov/visualize_ws/install/arm_system_description/share/arm_system_description/meshes/left/forearm_link.STL
[0.580s] -- Installing: /home/guyi/github/Modified_InMoov/visualize_ws/install/arm_system_description/share/arm_system_description/meshes/left/upper_arm_link.STL
[0.582s] -- Installing: /home/guyi/github/Modified_InMoov/visualize_ws/install/arm_system_description/share/ament_index/resource_index/package_run_dependencies/arm_system_description
[0.582s] -- Installing: /home/guyi/github/Modified_InMoov/visualize_ws/install/arm_system_description/share/ament_index/resource_index/parent_prefix_path/arm_system_description
[0.582s] -- Installing: /home/guyi/github/Modified_InMoov/visualize_ws/install/arm_system_description/share/arm_system_description/environment/ament_prefix_path.sh
[0.582s] -- Installing: /home/guyi/github/Modified_InMoov/visualize_ws/install/arm_system_description/share/arm_system_description/environment/ament_prefix_path.dsv
[0.582s] -- Installing: /home/guyi/github/Modified_InMoov/visualize_ws/install/arm_system_description/share/arm_system_description/environment/path.sh
[0.582s] -- Installing: /home/guyi/github/Modified_InMoov/visualize_ws/install/arm_system_description/share/arm_system_description/environment/path.dsv
[0.582s] -- Installing: /home/guyi/github/Modified_InMoov/visualize_ws/install/arm_system_description/share/arm_system_description/local_setup.bash
[0.583s] -- Installing: /home/guyi/github/Modified_InMoov/visualize_ws/install/arm_system_description/share/arm_system_description/local_setup.sh
[0.583s] -- Installing: /home/guyi/github/Modified_InMoov/visualize_ws/install/arm_system_description/share/arm_system_description/local_setup.zsh
[0.583s] -- Installing: /home/guyi/github/Modified_InMoov/visualize_ws/install/arm_system_description/share/arm_system_description/local_setup.dsv
[0.583s] -- Installing: /home/guyi/github/Modified_InMoov/visualize_ws/install/arm_system_description/share/arm_system_description/package.dsv
[0.583s] -- Installing: /home/guyi/github/Modified_InMoov/visualize_ws/install/arm_system_description/share/ament_index/resource_index/packages/arm_system_description
[0.583s] -- Installing: /home/guyi/github/Modified_InMoov/visualize_ws/install/arm_system_description/share/arm_system_description/cmake/arm_system_descriptionConfig.cmake
[0.583s] -- Installing: /home/guyi/github/Modified_InMoov/visualize_ws/install/arm_system_description/share/arm_system_description/cmake/arm_system_descriptionConfig-version.cmake
[0.583s] -- Installing: /home/guyi/github/Modified_InMoov/visualize_ws/install/arm_system_description/share/arm_system_description/package.xml
[0.584s] Invoked command in '/home/guyi/github/Modified_InMoov/visualize_ws/build/arm_system_description' returned '0': CMAKE_PREFIX_PATH=/home/guyi/inmoov_ros2/install/inmoov_config_test:/home/guyi/inmoov_ros2/install/inmoov_tools:/home/guyi/inmoov_ros2/install/inmoov_bringup:/home/guyi/inmoov_ros2/install/inmoov_meshes:/home/guyi/inmoov_ros2/install/inmoov_msgs:/home/guyi/inmoov_ros2/install/inmoov_description:/opt/ros/humble CONDA_PROMPT_MODIFIER=(base) /usr/local/bin/cmake --install /home/guyi/github/Modified_InMoov/visualize_ws/build/arm_system_description
