[0.012s] Invoking command in '/home/guyi/github/Modified_InMoov/Unity-ros-connection/ros2 nodes/udp converter/build/servo_mediator_cpp': CMAKE_PREFIX_PATH=${CMAKE_PREFIX_PATH}:/home/guyi/github/Modified_InMoov/Unity-ros-connection/ros2 nodes/udp converter/install/ce_python:/opt/ros/humble CONDA_PROMPT_MODIFIER=(base) /usr/local/bin/cmake --build /home/guyi/github/Modified_InMoov/Unity-ros-connection/ros2 nodes/udp converter/build/servo_mediator_cpp -- -j16 -l16
[0.034s] [35m[1mConsolidate compiler generated dependencies of target servo_mediator_node[0m
[0.034s] [35m[1mConsolidate compiler generated dependencies of target udp_receiver_node[0m
[0.038s] [35m[1mConsolidate compiler generated dependencies of target combined_node[0m
[0.045s] [ 12%] [32m[1mLinking CXX executable udp_receiver_node[0m
[0.045s] [ 25%] [32m[1mLinking CXX executable servo_mediator_node[0m
[0.052s] [ 75%] Built target combined_node
[0.176s] /usr/bin/ld: /usr/lib/gcc/x86_64-linux-gnu/11/../../../x86_64-linux-gnu/Scrt1.o: in function `_start':
[0.176s] (.text+0x1b): undefined reference to `main'
[0.192s] collect2: error: ld returned 1 exit status
[0.193s] gmake[2]: *** [CMakeFiles/udp_receiver_node.dir/build.make:159：udp_receiver_node] 错误 1
[0.193s] gmake[1]: *** [CMakeFiles/Makefile2:167：CMakeFiles/udp_receiver_node.dir/all] 错误 2
[0.193s] gmake[1]: *** 正在等待未完成的任务....
[0.271s] /usr/bin/ld: /usr/lib/gcc/x86_64-linux-gnu/11/../../../x86_64-linux-gnu/Scrt1.o: in function `_start':
[0.271s] (.text+0x1b): undefined reference to `main'
[0.299s] collect2: error: ld returned 1 exit status
[0.300s] gmake[2]: *** [CMakeFiles/servo_mediator_node.dir/build.make:159：servo_mediator_node] 错误 1
[0.301s] gmake[1]: *** [CMakeFiles/Makefile2:141：CMakeFiles/servo_mediator_node.dir/all] 错误 2
[0.301s] gmake: *** [Makefile:146：all] 错误 2
[0.302s] Invoked command in '/home/guyi/github/Modified_InMoov/Unity-ros-connection/ros2 nodes/udp converter/build/servo_mediator_cpp' returned '2': CMAKE_PREFIX_PATH=${CMAKE_PREFIX_PATH}:/home/guyi/github/Modified_InMoov/Unity-ros-connection/ros2 nodes/udp converter/install/ce_python:/opt/ros/humble CONDA_PROMPT_MODIFIER=(base) /usr/local/bin/cmake --build /home/guyi/github/Modified_InMoov/Unity-ros-connection/ros2 nodes/udp converter/build/servo_mediator_cpp -- -j16 -l16
