[0.062s] DEBUG:colcon:Command line arguments: ['/usr/bin/colcon', 'build']
[0.062s] DEBUG:colcon:Parsed command line arguments: Namespace(log_base=None, log_level=None, verb_name='build', build_base='build', install_base='install', merge_install=False, symlink_install=False, test_result_base=None, continue_on_error=False, executor='parallel', parallel_workers=16, event_handlers=None, ignore_user_meta=False, metas=['./colcon.meta'], base_paths=['.'], packages_ignore=None, packages_ignore_regex=None, paths=None, packages_up_to=None, packages_up_to_regex=None, packages_above=None, packages_above_and_dependencies=None, packages_above_depth=None, packages_select_by_dep=None, packages_skip_by_dep=None, packages_skip_up_to=None, packages_select_build_failed=False, packages_skip_build_finished=False, packages_select_test_failures=False, packages_skip_test_passed=False, packages_select=None, packages_skip=None, packages_select_regex=None, packages_skip_regex=None, packages_start=None, packages_end=None, allow_overriding=[], cmake_args=None, cmake_target=None, cmake_target_skip_unavailable=False, cmake_clean_cache=False, cmake_clean_first=False, cmake_force_configure=False, ament_cmake_args=None, catkin_cmake_args=None, catkin_skip_building_tests=False, verb_parser=<colcon_defaults.argument_parser.defaults.DefaultArgumentsDecorator object at 0x735f2466e3b0>, verb_extension=<colcon_core.verb.build.BuildVerb object at 0x735f2466dea0>, main=<bound method BuildVerb.main of <colcon_core.verb.build.BuildVerb object at 0x735f2466dea0>>)
[0.160s] Level 1:colcon.colcon_core.package_discovery:discover_packages(colcon_meta) check parameters
[0.161s] Level 1:colcon.colcon_core.package_discovery:discover_packages(recursive) check parameters
[0.161s] Level 1:colcon.colcon_core.package_discovery:discover_packages(ignore) check parameters
[0.161s] Level 1:colcon.colcon_core.package_discovery:discover_packages(path) check parameters
[0.161s] Level 1:colcon.colcon_core.package_discovery:discover_packages(colcon_meta) discover
[0.161s] Level 1:colcon.colcon_core.package_discovery:discover_packages(recursive) discover
[0.161s] INFO:colcon.colcon_core.package_discovery:Crawling recursively for packages in '/home/guyi/github/Modified_InMoov/visualize_ws'
[0.161s] Level 1:colcon.colcon_core.package_identification:_identify(.) by extensions ['ignore', 'ignore_ament_install']
[0.161s] Level 1:colcon.colcon_core.package_identification:_identify(.) by extension 'ignore'
[0.161s] Level 1:colcon.colcon_core.package_identification:_identify(.) by extension 'ignore_ament_install'
[0.161s] Level 1:colcon.colcon_core.package_identification:_identify(.) by extensions ['colcon_pkg']
[0.161s] Level 1:colcon.colcon_core.package_identification:_identify(.) by extension 'colcon_pkg'
[0.161s] Level 1:colcon.colcon_core.package_identification:_identify(.) by extensions ['colcon_meta']
[0.161s] Level 1:colcon.colcon_core.package_identification:_identify(.) by extension 'colcon_meta'
[0.161s] Level 1:colcon.colcon_core.package_identification:_identify(.) by extensions ['ros']
[0.161s] Level 1:colcon.colcon_core.package_identification:_identify(.) by extension 'ros'
[0.167s] Level 1:colcon.colcon_core.package_identification:_identify(.) by extensions ['cmake', 'python']
[0.167s] Level 1:colcon.colcon_core.package_identification:_identify(.) by extension 'cmake'
[0.167s] Level 1:colcon.colcon_core.package_identification:_identify(.) by extension 'python'
[0.167s] Level 1:colcon.colcon_core.package_identification:_identify(.) by extensions ['python_setup_py']
[0.167s] Level 1:colcon.colcon_core.package_identification:_identify(.) by extension 'python_setup_py'
[0.167s] Level 1:colcon.colcon_core.package_identification:_identify(arm_system_description) by extensions ['ignore', 'ignore_ament_install']
[0.167s] Level 1:colcon.colcon_core.package_identification:_identify(arm_system_description) by extension 'ignore'
[0.167s] Level 1:colcon.colcon_core.package_identification:_identify(arm_system_description) by extension 'ignore_ament_install'
[0.167s] Level 1:colcon.colcon_core.package_identification:_identify(arm_system_description) by extensions ['colcon_pkg']
[0.167s] Level 1:colcon.colcon_core.package_identification:_identify(arm_system_description) by extension 'colcon_pkg'
[0.167s] Level 1:colcon.colcon_core.package_identification:_identify(arm_system_description) by extensions ['colcon_meta']
[0.167s] Level 1:colcon.colcon_core.package_identification:_identify(arm_system_description) by extension 'colcon_meta'
[0.167s] Level 1:colcon.colcon_core.package_identification:_identify(arm_system_description) by extensions ['ros']
[0.167s] Level 1:colcon.colcon_core.package_identification:_identify(arm_system_description) by extension 'ros'
[0.169s] DEBUG:colcon.colcon_core.package_identification:Package 'arm_system_description' with type 'ros.ament_cmake' and name 'arm_system_description'
[0.169s] Level 1:colcon.colcon_core.package_identification:_identify(arm_system_model) by extensions ['ignore', 'ignore_ament_install']
[0.169s] Level 1:colcon.colcon_core.package_identification:_identify(arm_system_model) by extension 'ignore'
[0.169s] Level 1:colcon.colcon_core.package_identification:_identify(arm_system_model) by extension 'ignore_ament_install'
[0.169s] Level 1:colcon.colcon_core.package_identification:_identify(arm_system_model) by extensions ['colcon_pkg']
[0.169s] Level 1:colcon.colcon_core.package_identification:_identify(arm_system_model) by extension 'colcon_pkg'
[0.169s] Level 1:colcon.colcon_core.package_identification:_identify(arm_system_model) by extensions ['colcon_meta']
[0.169s] Level 1:colcon.colcon_core.package_identification:_identify(arm_system_model) by extension 'colcon_meta'
[0.169s] Level 1:colcon.colcon_core.package_identification:_identify(arm_system_model) by extensions ['ros']
[0.169s] Level 1:colcon.colcon_core.package_identification:_identify(arm_system_model) by extension 'ros'
[0.169s] DEBUG:colcon.colcon_core.package_identification:Package 'arm_system_model' with type 'ros.ament_python' and name 'arm_system_model'
[0.169s] Level 1:colcon.colcon_core.package_identification:_identify(arm_system_tools) by extensions ['ignore', 'ignore_ament_install']
[0.169s] Level 1:colcon.colcon_core.package_identification:_identify(arm_system_tools) by extension 'ignore'
[0.169s] Level 1:colcon.colcon_core.package_identification:_identify(arm_system_tools) by extension 'ignore_ament_install'
[0.169s] Level 1:colcon.colcon_core.package_identification:_identify(arm_system_tools) by extensions ['colcon_pkg']
[0.169s] Level 1:colcon.colcon_core.package_identification:_identify(arm_system_tools) by extension 'colcon_pkg'
[0.169s] Level 1:colcon.colcon_core.package_identification:_identify(arm_system_tools) by extensions ['colcon_meta']
[0.169s] Level 1:colcon.colcon_core.package_identification:_identify(arm_system_tools) by extension 'colcon_meta'
[0.170s] Level 1:colcon.colcon_core.package_identification:_identify(arm_system_tools) by extensions ['ros']
[0.170s] Level 1:colcon.colcon_core.package_identification:_identify(arm_system_tools) by extension 'ros'
[0.171s] DEBUG:colcon.colcon_core.package_identification:Package 'arm_system_tools' with type 'ros.ament_python' and name 'arm_system_tools'
[0.171s] Level 1:colcon.colcon_core.package_identification:_identify(build) by extensions ['ignore', 'ignore_ament_install']
[0.171s] Level 1:colcon.colcon_core.package_identification:_identify(build) by extension 'ignore'
[0.171s] Level 1:colcon.colcon_core.package_identification:_identify(build) ignored
[0.171s] Level 1:colcon.colcon_core.package_identification:_identify(install) by extensions ['ignore', 'ignore_ament_install']
[0.171s] Level 1:colcon.colcon_core.package_identification:_identify(install) by extension 'ignore'
[0.171s] Level 1:colcon.colcon_core.package_identification:_identify(install) ignored
[0.171s] Level 1:colcon.colcon_core.package_identification:_identify(log) by extensions ['ignore', 'ignore_ament_install']
[0.171s] Level 1:colcon.colcon_core.package_identification:_identify(log) by extension 'ignore'
[0.171s] Level 1:colcon.colcon_core.package_identification:_identify(log) ignored
[0.171s] Level 1:colcon.colcon_core.package_identification:_identify(meshes) by extensions ['ignore', 'ignore_ament_install']
[0.171s] Level 1:colcon.colcon_core.package_identification:_identify(meshes) by extension 'ignore'
[0.171s] Level 1:colcon.colcon_core.package_identification:_identify(meshes) by extension 'ignore_ament_install'
[0.171s] Level 1:colcon.colcon_core.package_identification:_identify(meshes) by extensions ['colcon_pkg']
[0.171s] Level 1:colcon.colcon_core.package_identification:_identify(meshes) by extension 'colcon_pkg'
[0.171s] Level 1:colcon.colcon_core.package_identification:_identify(meshes) by extensions ['colcon_meta']
[0.171s] Level 1:colcon.colcon_core.package_identification:_identify(meshes) by extension 'colcon_meta'
[0.171s] Level 1:colcon.colcon_core.package_identification:_identify(meshes) by extensions ['ros']
[0.171s] Level 1:colcon.colcon_core.package_identification:_identify(meshes) by extension 'ros'
[0.171s] Level 1:colcon.colcon_core.package_identification:_identify(meshes) by extensions ['cmake', 'python']
[0.171s] Level 1:colcon.colcon_core.package_identification:_identify(meshes) by extension 'cmake'
[0.171s] Level 1:colcon.colcon_core.package_identification:_identify(meshes) by extension 'python'
[0.171s] Level 1:colcon.colcon_core.package_identification:_identify(meshes) by extensions ['python_setup_py']
[0.171s] Level 1:colcon.colcon_core.package_identification:_identify(meshes) by extension 'python_setup_py'
[0.171s] Level 1:colcon.colcon_core.package_identification:_identify(meshes/left) by extensions ['ignore', 'ignore_ament_install']
[0.172s] Level 1:colcon.colcon_core.package_identification:_identify(meshes/left) by extension 'ignore'
[0.172s] Level 1:colcon.colcon_core.package_identification:_identify(meshes/left) by extension 'ignore_ament_install'
[0.172s] Level 1:colcon.colcon_core.package_identification:_identify(meshes/left) by extensions ['colcon_pkg']
[0.172s] Level 1:colcon.colcon_core.package_identification:_identify(meshes/left) by extension 'colcon_pkg'
[0.172s] Level 1:colcon.colcon_core.package_identification:_identify(meshes/left) by extensions ['colcon_meta']
[0.172s] Level 1:colcon.colcon_core.package_identification:_identify(meshes/left) by extension 'colcon_meta'
[0.172s] Level 1:colcon.colcon_core.package_identification:_identify(meshes/left) by extensions ['ros']
[0.172s] Level 1:colcon.colcon_core.package_identification:_identify(meshes/left) by extension 'ros'
[0.172s] Level 1:colcon.colcon_core.package_identification:_identify(meshes/left) by extensions ['cmake', 'python']
[0.172s] Level 1:colcon.colcon_core.package_identification:_identify(meshes/left) by extension 'cmake'
[0.172s] Level 1:colcon.colcon_core.package_identification:_identify(meshes/left) by extension 'python'
[0.172s] Level 1:colcon.colcon_core.package_identification:_identify(meshes/left) by extensions ['python_setup_py']
[0.172s] Level 1:colcon.colcon_core.package_identification:_identify(meshes/left) by extension 'python_setup_py'
[0.172s] Level 1:colcon.colcon_core.package_identification:_identify(meshes/right) by extensions ['ignore', 'ignore_ament_install']
[0.172s] Level 1:colcon.colcon_core.package_identification:_identify(meshes/right) by extension 'ignore'
[0.172s] Level 1:colcon.colcon_core.package_identification:_identify(meshes/right) by extension 'ignore_ament_install'
[0.172s] Level 1:colcon.colcon_core.package_identification:_identify(meshes/right) by extensions ['colcon_pkg']
[0.172s] Level 1:colcon.colcon_core.package_identification:_identify(meshes/right) by extension 'colcon_pkg'
[0.172s] Level 1:colcon.colcon_core.package_identification:_identify(meshes/right) by extensions ['colcon_meta']
[0.172s] Level 1:colcon.colcon_core.package_identification:_identify(meshes/right) by extension 'colcon_meta'
[0.172s] Level 1:colcon.colcon_core.package_identification:_identify(meshes/right) by extensions ['ros']
[0.172s] Level 1:colcon.colcon_core.package_identification:_identify(meshes/right) by extension 'ros'
[0.172s] Level 1:colcon.colcon_core.package_identification:_identify(meshes/right) by extensions ['cmake', 'python']
[0.172s] Level 1:colcon.colcon_core.package_identification:_identify(meshes/right) by extension 'cmake'
[0.172s] Level 1:colcon.colcon_core.package_identification:_identify(meshes/right) by extension 'python'
[0.172s] Level 1:colcon.colcon_core.package_identification:_identify(meshes/right) by extensions ['python_setup_py']
[0.172s] Level 1:colcon.colcon_core.package_identification:_identify(meshes/right) by extension 'python_setup_py'
[0.172s] Level 1:colcon.colcon_core.package_identification:_identify(sup_moveit_config) by extensions ['ignore', 'ignore_ament_install']
[0.172s] Level 1:colcon.colcon_core.package_identification:_identify(sup_moveit_config) by extension 'ignore'
[0.172s] Level 1:colcon.colcon_core.package_identification:_identify(sup_moveit_config) by extension 'ignore_ament_install'
[0.172s] Level 1:colcon.colcon_core.package_identification:_identify(sup_moveit_config) by extensions ['colcon_pkg']
[0.172s] Level 1:colcon.colcon_core.package_identification:_identify(sup_moveit_config) by extension 'colcon_pkg'
[0.172s] Level 1:colcon.colcon_core.package_identification:_identify(sup_moveit_config) by extensions ['colcon_meta']
[0.172s] Level 1:colcon.colcon_core.package_identification:_identify(sup_moveit_config) by extension 'colcon_meta'
[0.172s] Level 1:colcon.colcon_core.package_identification:_identify(sup_moveit_config) by extensions ['ros']
[0.172s] Level 1:colcon.colcon_core.package_identification:_identify(sup_moveit_config) by extension 'ros'
[0.173s] DEBUG:colcon.colcon_core.package_identification:Package 'sup_moveit_config' with type 'ros.ament_cmake' and name 'sup_moveit_config'
[0.173s] Level 1:colcon.colcon_core.package_identification:_identify(sup_moveit_config_2) by extensions ['ignore', 'ignore_ament_install']
[0.173s] Level 1:colcon.colcon_core.package_identification:_identify(sup_moveit_config_2) by extension 'ignore'
[0.173s] Level 1:colcon.colcon_core.package_identification:_identify(sup_moveit_config_2) by extension 'ignore_ament_install'
[0.173s] Level 1:colcon.colcon_core.package_identification:_identify(sup_moveit_config_2) by extensions ['colcon_pkg']
[0.173s] Level 1:colcon.colcon_core.package_identification:_identify(sup_moveit_config_2) by extension 'colcon_pkg'
[0.173s] Level 1:colcon.colcon_core.package_identification:_identify(sup_moveit_config_2) by extensions ['colcon_meta']
[0.173s] Level 1:colcon.colcon_core.package_identification:_identify(sup_moveit_config_2) by extension 'colcon_meta'
[0.173s] Level 1:colcon.colcon_core.package_identification:_identify(sup_moveit_config_2) by extensions ['ros']
[0.173s] Level 1:colcon.colcon_core.package_identification:_identify(sup_moveit_config_2) by extension 'ros'
[0.173s] DEBUG:colcon.colcon_core.package_identification:Package 'sup_moveit_config_2' with type 'ros.ament_cmake' and name 'sup_moveit_config_2'
[0.173s] Level 1:colcon.colcon_core.package_identification:_identify(urdf) by extensions ['ignore', 'ignore_ament_install']
[0.173s] Level 1:colcon.colcon_core.package_identification:_identify(urdf) by extension 'ignore'
[0.173s] Level 1:colcon.colcon_core.package_identification:_identify(urdf) by extension 'ignore_ament_install'
[0.173s] Level 1:colcon.colcon_core.package_identification:_identify(urdf) by extensions ['colcon_pkg']
[0.174s] Level 1:colcon.colcon_core.package_identification:_identify(urdf) by extension 'colcon_pkg'
[0.174s] Level 1:colcon.colcon_core.package_identification:_identify(urdf) by extensions ['colcon_meta']
[0.174s] Level 1:colcon.colcon_core.package_identification:_identify(urdf) by extension 'colcon_meta'
[0.174s] Level 1:colcon.colcon_core.package_identification:_identify(urdf) by extensions ['ros']
[0.174s] Level 1:colcon.colcon_core.package_identification:_identify(urdf) by extension 'ros'
[0.174s] Level 1:colcon.colcon_core.package_identification:_identify(urdf) by extensions ['cmake', 'python']
[0.174s] Level 1:colcon.colcon_core.package_identification:_identify(urdf) by extension 'cmake'
[0.174s] Level 1:colcon.colcon_core.package_identification:_identify(urdf) by extension 'python'
[0.174s] Level 1:colcon.colcon_core.package_identification:_identify(urdf) by extensions ['python_setup_py']
[0.174s] Level 1:colcon.colcon_core.package_identification:_identify(urdf) by extension 'python_setup_py'
[0.174s] Level 1:colcon.colcon_core.package_discovery:discover_packages(recursive) using defaults
[0.174s] Level 1:colcon.colcon_core.package_discovery:discover_packages(ignore) discover
[0.174s] Level 1:colcon.colcon_core.package_discovery:discover_packages(ignore) using defaults
[0.174s] Level 1:colcon.colcon_core.package_discovery:discover_packages(path) discover
[0.174s] Level 1:colcon.colcon_core.package_discovery:discover_packages(path) using defaults
[0.194s] Level 1:colcon.colcon_core.package_discovery:discover_packages(prefix_path) check parameters
[0.194s] Level 1:colcon.colcon_core.package_discovery:discover_packages(prefix_path) discover
[0.194s] WARNING:colcon.colcon_ros.prefix_path.ament:The path '/home/guyi/github/Modified_InMoov/visualize_ws/install/suP_moveit_config' in the environment variable AMENT_PREFIX_PATH doesn't exist
[0.194s] WARNING:colcon.colcon_ros.prefix_path.catkin:The path '/home/guyi/github/Modified_InMoov/visualize_ws/install/suP_moveit_config' in the environment variable CMAKE_PREFIX_PATH doesn't exist
[0.195s] DEBUG:colcon.colcon_installed_package_information.package_discovery:Found 5 installed packages in /home/guyi/github/Modified_InMoov/visualize_ws/install
[0.195s] DEBUG:colcon.colcon_installed_package_information.package_discovery:Found 6 installed packages in /home/guyi/inmoov_ros2/install
[0.196s] DEBUG:colcon.colcon_installed_package_information.package_discovery:Found 369 installed packages in /opt/ros/humble
[0.197s] Level 1:colcon.colcon_core.package_discovery:discover_packages(prefix_path) using defaults
[0.223s] Level 5:colcon.colcon_core.verb:set package 'arm_system_description' build argument 'cmake_args' from command line to 'None'
[0.223s] Level 5:colcon.colcon_core.verb:set package 'arm_system_description' build argument 'cmake_target' from command line to 'None'
[0.223s] Level 5:colcon.colcon_core.verb:set package 'arm_system_description' build argument 'cmake_target_skip_unavailable' from command line to 'False'
[0.224s] Level 5:colcon.colcon_core.verb:set package 'arm_system_description' build argument 'cmake_clean_cache' from command line to 'False'
[0.224s] Level 5:colcon.colcon_core.verb:set package 'arm_system_description' build argument 'cmake_clean_first' from command line to 'False'
[0.224s] Level 5:colcon.colcon_core.verb:set package 'arm_system_description' build argument 'cmake_force_configure' from command line to 'False'
[0.224s] Level 5:colcon.colcon_core.verb:set package 'arm_system_description' build argument 'ament_cmake_args' from command line to 'None'
[0.224s] Level 5:colcon.colcon_core.verb:set package 'arm_system_description' build argument 'catkin_cmake_args' from command line to 'None'
[0.224s] Level 5:colcon.colcon_core.verb:set package 'arm_system_description' build argument 'catkin_skip_building_tests' from command line to 'False'
[0.224s] DEBUG:colcon.colcon_core.verb:Building package 'arm_system_description' with the following arguments: {'ament_cmake_args': None, 'build_base': '/home/guyi/github/Modified_InMoov/visualize_ws/build/arm_system_description', 'catkin_cmake_args': None, 'catkin_skip_building_tests': False, 'cmake_args': None, 'cmake_clean_cache': False, 'cmake_clean_first': False, 'cmake_force_configure': False, 'cmake_target': None, 'cmake_target_skip_unavailable': False, 'install_base': '/home/guyi/github/Modified_InMoov/visualize_ws/install/arm_system_description', 'merge_install': False, 'path': '/home/guyi/github/Modified_InMoov/visualize_ws/arm_system_description', 'symlink_install': False, 'test_result_base': None}
[0.225s] Level 5:colcon.colcon_core.verb:set package 'arm_system_model' build argument 'cmake_args' from command line to 'None'
[0.225s] Level 5:colcon.colcon_core.verb:set package 'arm_system_model' build argument 'cmake_target' from command line to 'None'
[0.225s] Level 5:colcon.colcon_core.verb:set package 'arm_system_model' build argument 'cmake_target_skip_unavailable' from command line to 'False'
[0.225s] Level 5:colcon.colcon_core.verb:set package 'arm_system_model' build argument 'cmake_clean_cache' from command line to 'False'
[0.225s] Level 5:colcon.colcon_core.verb:set package 'arm_system_model' build argument 'cmake_clean_first' from command line to 'False'
[0.225s] Level 5:colcon.colcon_core.verb:set package 'arm_system_model' build argument 'cmake_force_configure' from command line to 'False'
[0.225s] Level 5:colcon.colcon_core.verb:set package 'arm_system_model' build argument 'ament_cmake_args' from command line to 'None'
[0.225s] Level 5:colcon.colcon_core.verb:set package 'arm_system_model' build argument 'catkin_cmake_args' from command line to 'None'
[0.225s] Level 5:colcon.colcon_core.verb:set package 'arm_system_model' build argument 'catkin_skip_building_tests' from command line to 'False'
[0.225s] DEBUG:colcon.colcon_core.verb:Building package 'arm_system_model' with the following arguments: {'ament_cmake_args': None, 'build_base': '/home/guyi/github/Modified_InMoov/visualize_ws/build/arm_system_model', 'catkin_cmake_args': None, 'catkin_skip_building_tests': False, 'cmake_args': None, 'cmake_clean_cache': False, 'cmake_clean_first': False, 'cmake_force_configure': False, 'cmake_target': None, 'cmake_target_skip_unavailable': False, 'install_base': '/home/guyi/github/Modified_InMoov/visualize_ws/install/arm_system_model', 'merge_install': False, 'path': '/home/guyi/github/Modified_InMoov/visualize_ws/arm_system_model', 'symlink_install': False, 'test_result_base': None}
[0.225s] Level 5:colcon.colcon_core.verb:set package 'arm_system_tools' build argument 'cmake_args' from command line to 'None'
[0.225s] Level 5:colcon.colcon_core.verb:set package 'arm_system_tools' build argument 'cmake_target' from command line to 'None'
[0.225s] Level 5:colcon.colcon_core.verb:set package 'arm_system_tools' build argument 'cmake_target_skip_unavailable' from command line to 'False'
[0.225s] Level 5:colcon.colcon_core.verb:set package 'arm_system_tools' build argument 'cmake_clean_cache' from command line to 'False'
[0.225s] Level 5:colcon.colcon_core.verb:set package 'arm_system_tools' build argument 'cmake_clean_first' from command line to 'False'
[0.225s] Level 5:colcon.colcon_core.verb:set package 'arm_system_tools' build argument 'cmake_force_configure' from command line to 'False'
[0.225s] Level 5:colcon.colcon_core.verb:set package 'arm_system_tools' build argument 'ament_cmake_args' from command line to 'None'
[0.225s] Level 5:colcon.colcon_core.verb:set package 'arm_system_tools' build argument 'catkin_cmake_args' from command line to 'None'
[0.225s] Level 5:colcon.colcon_core.verb:set package 'arm_system_tools' build argument 'catkin_skip_building_tests' from command line to 'False'
[0.225s] DEBUG:colcon.colcon_core.verb:Building package 'arm_system_tools' with the following arguments: {'ament_cmake_args': None, 'build_base': '/home/guyi/github/Modified_InMoov/visualize_ws/build/arm_system_tools', 'catkin_cmake_args': None, 'catkin_skip_building_tests': False, 'cmake_args': None, 'cmake_clean_cache': False, 'cmake_clean_first': False, 'cmake_force_configure': False, 'cmake_target': None, 'cmake_target_skip_unavailable': False, 'install_base': '/home/guyi/github/Modified_InMoov/visualize_ws/install/arm_system_tools', 'merge_install': False, 'path': '/home/guyi/github/Modified_InMoov/visualize_ws/arm_system_tools', 'symlink_install': False, 'test_result_base': None}
[0.226s] Level 5:colcon.colcon_core.verb:set package 'sup_moveit_config' build argument 'cmake_args' from command line to 'None'
[0.226s] Level 5:colcon.colcon_core.verb:set package 'sup_moveit_config' build argument 'cmake_target' from command line to 'None'
[0.226s] Level 5:colcon.colcon_core.verb:set package 'sup_moveit_config' build argument 'cmake_target_skip_unavailable' from command line to 'False'
[0.226s] Level 5:colcon.colcon_core.verb:set package 'sup_moveit_config' build argument 'cmake_clean_cache' from command line to 'False'
[0.226s] Level 5:colcon.colcon_core.verb:set package 'sup_moveit_config' build argument 'cmake_clean_first' from command line to 'False'
[0.226s] Level 5:colcon.colcon_core.verb:set package 'sup_moveit_config' build argument 'cmake_force_configure' from command line to 'False'
[0.226s] Level 5:colcon.colcon_core.verb:set package 'sup_moveit_config' build argument 'ament_cmake_args' from command line to 'None'
[0.226s] Level 5:colcon.colcon_core.verb:set package 'sup_moveit_config' build argument 'catkin_cmake_args' from command line to 'None'
[0.226s] Level 5:colcon.colcon_core.verb:set package 'sup_moveit_config' build argument 'catkin_skip_building_tests' from command line to 'False'
[0.226s] DEBUG:colcon.colcon_core.verb:Building package 'sup_moveit_config' with the following arguments: {'ament_cmake_args': None, 'build_base': '/home/guyi/github/Modified_InMoov/visualize_ws/build/sup_moveit_config', 'catkin_cmake_args': None, 'catkin_skip_building_tests': False, 'cmake_args': None, 'cmake_clean_cache': False, 'cmake_clean_first': False, 'cmake_force_configure': False, 'cmake_target': None, 'cmake_target_skip_unavailable': False, 'install_base': '/home/guyi/github/Modified_InMoov/visualize_ws/install/sup_moveit_config', 'merge_install': False, 'path': '/home/guyi/github/Modified_InMoov/visualize_ws/sup_moveit_config', 'symlink_install': False, 'test_result_base': None}
[0.226s] Level 5:colcon.colcon_core.verb:set package 'sup_moveit_config_2' build argument 'cmake_args' from command line to 'None'
[0.226s] Level 5:colcon.colcon_core.verb:set package 'sup_moveit_config_2' build argument 'cmake_target' from command line to 'None'
[0.226s] Level 5:colcon.colcon_core.verb:set package 'sup_moveit_config_2' build argument 'cmake_target_skip_unavailable' from command line to 'False'
[0.226s] Level 5:colcon.colcon_core.verb:set package 'sup_moveit_config_2' build argument 'cmake_clean_cache' from command line to 'False'
[0.226s] Level 5:colcon.colcon_core.verb:set package 'sup_moveit_config_2' build argument 'cmake_clean_first' from command line to 'False'
[0.226s] Level 5:colcon.colcon_core.verb:set package 'sup_moveit_config_2' build argument 'cmake_force_configure' from command line to 'False'
[0.226s] Level 5:colcon.colcon_core.verb:set package 'sup_moveit_config_2' build argument 'ament_cmake_args' from command line to 'None'
[0.226s] Level 5:colcon.colcon_core.verb:set package 'sup_moveit_config_2' build argument 'catkin_cmake_args' from command line to 'None'
[0.226s] Level 5:colcon.colcon_core.verb:set package 'sup_moveit_config_2' build argument 'catkin_skip_building_tests' from command line to 'False'
[0.226s] DEBUG:colcon.colcon_core.verb:Building package 'sup_moveit_config_2' with the following arguments: {'ament_cmake_args': None, 'build_base': '/home/guyi/github/Modified_InMoov/visualize_ws/build/sup_moveit_config_2', 'catkin_cmake_args': None, 'catkin_skip_building_tests': False, 'cmake_args': None, 'cmake_clean_cache': False, 'cmake_clean_first': False, 'cmake_force_configure': False, 'cmake_target': None, 'cmake_target_skip_unavailable': False, 'install_base': '/home/guyi/github/Modified_InMoov/visualize_ws/install/sup_moveit_config_2', 'merge_install': False, 'path': '/home/guyi/github/Modified_InMoov/visualize_ws/sup_moveit_config_2', 'symlink_install': False, 'test_result_base': None}
[0.226s] INFO:colcon.colcon_core.executor:Executing jobs using 'parallel' executor
[0.227s] DEBUG:colcon.colcon_parallel_executor.executor.parallel:run_until_complete
[0.227s] INFO:colcon.colcon_ros.task.ament_python.build:Building ROS package in '/home/guyi/github/Modified_InMoov/visualize_ws/arm_system_model' with build type 'ament_python'
[0.227s] Level 1:colcon.colcon_core.shell:create_environment_hook('arm_system_model', 'ament_prefix_path')
[0.228s] INFO:colcon.colcon_core.plugin_system:Skipping extension 'colcon_core.shell.bat': Not used on non-Windows systems
[0.228s] INFO:colcon.colcon_core.shell:Creating environment hook '/home/guyi/github/Modified_InMoov/visualize_ws/install/arm_system_model/share/arm_system_model/hook/ament_prefix_path.ps1'
[0.229s] INFO:colcon.colcon_core.shell:Creating environment descriptor '/home/guyi/github/Modified_InMoov/visualize_ws/install/arm_system_model/share/arm_system_model/hook/ament_prefix_path.dsv'
[0.229s] INFO:colcon.colcon_core.shell:Creating environment hook '/home/guyi/github/Modified_InMoov/visualize_ws/install/arm_system_model/share/arm_system_model/hook/ament_prefix_path.sh'
[0.229s] INFO:colcon.colcon_core.shell:Skip shell extension 'powershell' for command environment: Not usable outside of PowerShell
[0.229s] DEBUG:colcon.colcon_core.shell:Skip shell extension 'dsv' for command environment
[0.232s] INFO:colcon.colcon_ros.task.ament_cmake.build:Building ROS package in '/home/guyi/github/Modified_InMoov/visualize_ws/arm_system_description' with build type 'ament_cmake'
[0.232s] INFO:colcon.colcon_cmake.task.cmake.build:Building CMake package in '/home/guyi/github/Modified_InMoov/visualize_ws/arm_system_description'
[0.232s] INFO:colcon.colcon_core.shell:Skip shell extension 'powershell' for command environment: Not usable outside of PowerShell
[0.232s] DEBUG:colcon.colcon_core.shell:Skip shell extension 'dsv' for command environment
[0.235s] INFO:colcon.colcon_ros.task.ament_python.build:Building ROS package in '/home/guyi/github/Modified_InMoov/visualize_ws/arm_system_tools' with build type 'ament_python'
[0.235s] Level 1:colcon.colcon_core.shell:create_environment_hook('arm_system_tools', 'ament_prefix_path')
[0.235s] INFO:colcon.colcon_core.shell:Creating environment hook '/home/guyi/github/Modified_InMoov/visualize_ws/install/arm_system_tools/share/arm_system_tools/hook/ament_prefix_path.ps1'
[0.236s] INFO:colcon.colcon_core.shell:Creating environment descriptor '/home/guyi/github/Modified_InMoov/visualize_ws/install/arm_system_tools/share/arm_system_tools/hook/ament_prefix_path.dsv'
[0.236s] INFO:colcon.colcon_core.shell:Creating environment hook '/home/guyi/github/Modified_InMoov/visualize_ws/install/arm_system_tools/share/arm_system_tools/hook/ament_prefix_path.sh'
[0.236s] INFO:colcon.colcon_core.shell:Skip shell extension 'powershell' for command environment: Not usable outside of PowerShell
[0.236s] DEBUG:colcon.colcon_core.shell:Skip shell extension 'dsv' for command environment
[0.395s] WARNING:colcon.colcon_ros.task.ament_python.build:Package 'arm_system_model' doesn't explicitly install a marker in the package index (colcon-ros currently does it implicitly but that fallback will be removed in the future)
[0.396s] INFO:colcon.colcon_core.task.python.build:Building Python package in '/home/guyi/github/Modified_InMoov/visualize_ws/arm_system_model'
[0.396s] INFO:colcon.colcon_core.shell:Skip shell extension 'powershell' for command environment: Not usable outside of PowerShell
[0.396s] DEBUG:colcon.colcon_core.shell:Skip shell extension 'dsv' for command environment
[0.402s] DEBUG:colcon.colcon_core.event_handler.log_command:Invoking command in '/home/guyi/github/Modified_InMoov/visualize_ws/build/arm_system_description': CMAKE_PREFIX_PATH=${CMAKE_PREFIX_PATH}:/home/guyi/github/Modified_InMoov/visualize_ws/install/arm_system_tools:/home/guyi/github/Modified_InMoov/visualize_ws/install/arm_system_model:/opt/ros/humble CONDA_PROMPT_MODIFIER=(base) /usr/local/bin/cmake --build /home/guyi/github/Modified_InMoov/visualize_ws/build/arm_system_description -- -j16 -l16
[0.549s] INFO:colcon.colcon_core.task.python.build:Building Python package in '/home/guyi/github/Modified_InMoov/visualize_ws/arm_system_tools'
[0.550s] INFO:colcon.colcon_core.shell:Skip shell extension 'powershell' for command environment: Not usable outside of PowerShell
[0.550s] DEBUG:colcon.colcon_core.shell:Skip shell extension 'dsv' for command environment
[0.555s] DEBUG:colcon.colcon_core.event_handler.log_command:Invoked command in '/home/guyi/github/Modified_InMoov/visualize_ws/build/arm_system_description' returned '0': CMAKE_PREFIX_PATH=${CMAKE_PREFIX_PATH}:/home/guyi/github/Modified_InMoov/visualize_ws/install/arm_system_tools:/home/guyi/github/Modified_InMoov/visualize_ws/install/arm_system_model:/opt/ros/humble CONDA_PROMPT_MODIFIER=(base) /usr/local/bin/cmake --build /home/guyi/github/Modified_InMoov/visualize_ws/build/arm_system_description -- -j16 -l16
[0.558s] DEBUG:colcon.colcon_core.event_handler.log_command:Invoking command in '/home/guyi/github/Modified_InMoov/visualize_ws/build/arm_system_description': CMAKE_PREFIX_PATH=${CMAKE_PREFIX_PATH}:/home/guyi/github/Modified_InMoov/visualize_ws/install/arm_system_tools:/home/guyi/github/Modified_InMoov/visualize_ws/install/arm_system_model:/opt/ros/humble CONDA_PROMPT_MODIFIER=(base) /usr/local/bin/cmake --install /home/guyi/github/Modified_InMoov/visualize_ws/build/arm_system_description
[0.561s] Level 1:colcon.colcon_core.environment:create_environment_scripts_only(arm_system_description)
[0.561s] DEBUG:colcon.colcon_core.event_handler.log_command:Invoked command in '/home/guyi/github/Modified_InMoov/visualize_ws/build/arm_system_description' returned '0': CMAKE_PREFIX_PATH=${CMAKE_PREFIX_PATH}:/home/guyi/github/Modified_InMoov/visualize_ws/install/arm_system_tools:/home/guyi/github/Modified_InMoov/visualize_ws/install/arm_system_model:/opt/ros/humble CONDA_PROMPT_MODIFIER=(base) /usr/local/bin/cmake --install /home/guyi/github/Modified_InMoov/visualize_ws/build/arm_system_description
[0.563s] Level 1:colcon.colcon_core.environment:checking '/home/guyi/github/Modified_InMoov/visualize_ws/install/arm_system_description' for CMake module files
[0.563s] Level 1:colcon.colcon_core.environment:checking '/home/guyi/github/Modified_InMoov/visualize_ws/install/arm_system_description' for CMake config files
[0.563s] Level 1:colcon.colcon_core.shell:create_environment_hook('arm_system_description', 'cmake_prefix_path')
[0.563s] INFO:colcon.colcon_core.shell:Creating environment hook '/home/guyi/github/Modified_InMoov/visualize_ws/install/arm_system_description/share/arm_system_description/hook/cmake_prefix_path.ps1'
[0.564s] INFO:colcon.colcon_core.shell:Creating environment descriptor '/home/guyi/github/Modified_InMoov/visualize_ws/install/arm_system_description/share/arm_system_description/hook/cmake_prefix_path.dsv'
[0.564s] INFO:colcon.colcon_core.shell:Creating environment hook '/home/guyi/github/Modified_InMoov/visualize_ws/install/arm_system_description/share/arm_system_description/hook/cmake_prefix_path.sh'
[0.564s] Level 1:colcon.colcon_core.environment:checking '/home/guyi/github/Modified_InMoov/visualize_ws/install/arm_system_description/bin'
[0.565s] Level 1:colcon.colcon_core.environment:checking '/home/guyi/github/Modified_InMoov/visualize_ws/install/arm_system_description/lib/pkgconfig/arm_system_description.pc'
[0.565s] Level 1:colcon.colcon_core.environment:checking '/home/guyi/github/Modified_InMoov/visualize_ws/install/arm_system_description/lib/python3.10/site-packages'
[0.565s] Level 1:colcon.colcon_core.environment:checking '/home/guyi/github/Modified_InMoov/visualize_ws/install/arm_system_description/bin'
[0.565s] INFO:colcon.colcon_core.shell:Creating package script '/home/guyi/github/Modified_InMoov/visualize_ws/install/arm_system_description/share/arm_system_description/package.ps1'
[0.565s] INFO:colcon.colcon_core.shell:Creating package descriptor '/home/guyi/github/Modified_InMoov/visualize_ws/install/arm_system_description/share/arm_system_description/package.dsv'
[0.566s] INFO:colcon.colcon_core.shell:Creating package script '/home/guyi/github/Modified_InMoov/visualize_ws/install/arm_system_description/share/arm_system_description/package.sh'
[0.566s] INFO:colcon.colcon_core.shell:Creating package script '/home/guyi/github/Modified_InMoov/visualize_ws/install/arm_system_description/share/arm_system_description/package.bash'
[0.567s] INFO:colcon.colcon_core.shell:Creating package script '/home/guyi/github/Modified_InMoov/visualize_ws/install/arm_system_description/share/arm_system_description/package.zsh'
[0.567s] Level 1:colcon.colcon_core.environment:create_file_with_runtime_dependencies(/home/guyi/github/Modified_InMoov/visualize_ws/install/arm_system_description/share/colcon-core/packages/arm_system_description)
[0.568s] Level 1:colcon.colcon_core.environment:create_environment_scripts_only(arm_system_description)
[0.568s] Level 1:colcon.colcon_core.environment:checking '/home/guyi/github/Modified_InMoov/visualize_ws/install/arm_system_description' for CMake module files
[0.568s] Level 1:colcon.colcon_core.environment:checking '/home/guyi/github/Modified_InMoov/visualize_ws/install/arm_system_description' for CMake config files
[0.568s] Level 1:colcon.colcon_core.shell:create_environment_hook('arm_system_description', 'cmake_prefix_path')
[0.568s] INFO:colcon.colcon_core.shell:Creating environment hook '/home/guyi/github/Modified_InMoov/visualize_ws/install/arm_system_description/share/arm_system_description/hook/cmake_prefix_path.ps1'
[0.568s] INFO:colcon.colcon_core.shell:Creating environment descriptor '/home/guyi/github/Modified_InMoov/visualize_ws/install/arm_system_description/share/arm_system_description/hook/cmake_prefix_path.dsv'
[0.569s] INFO:colcon.colcon_core.shell:Creating environment hook '/home/guyi/github/Modified_InMoov/visualize_ws/install/arm_system_description/share/arm_system_description/hook/cmake_prefix_path.sh'
[0.569s] Level 1:colcon.colcon_core.environment:checking '/home/guyi/github/Modified_InMoov/visualize_ws/install/arm_system_description/bin'
[0.569s] Level 1:colcon.colcon_core.environment:checking '/home/guyi/github/Modified_InMoov/visualize_ws/install/arm_system_description/lib/pkgconfig/arm_system_description.pc'
[0.569s] Level 1:colcon.colcon_core.environment:checking '/home/guyi/github/Modified_InMoov/visualize_ws/install/arm_system_description/lib/python3.10/site-packages'
[0.569s] Level 1:colcon.colcon_core.environment:checking '/home/guyi/github/Modified_InMoov/visualize_ws/install/arm_system_description/bin'
[0.570s] INFO:colcon.colcon_core.shell:Creating package script '/home/guyi/github/Modified_InMoov/visualize_ws/install/arm_system_description/share/arm_system_description/package.ps1'
[0.570s] INFO:colcon.colcon_core.shell:Creating package descriptor '/home/guyi/github/Modified_InMoov/visualize_ws/install/arm_system_description/share/arm_system_description/package.dsv'
[0.570s] INFO:colcon.colcon_core.shell:Creating package script '/home/guyi/github/Modified_InMoov/visualize_ws/install/arm_system_description/share/arm_system_description/package.sh'
[0.572s] INFO:colcon.colcon_core.shell:Creating package script '/home/guyi/github/Modified_InMoov/visualize_ws/install/arm_system_description/share/arm_system_description/package.bash'
[0.573s] INFO:colcon.colcon_core.shell:Creating package script '/home/guyi/github/Modified_InMoov/visualize_ws/install/arm_system_description/share/arm_system_description/package.zsh'
[0.573s] Level 1:colcon.colcon_core.environment:create_file_with_runtime_dependencies(/home/guyi/github/Modified_InMoov/visualize_ws/install/arm_system_description/share/colcon-core/packages/arm_system_description)
[0.794s] DEBUG:colcon.colcon_core.event_handler.log_command:Invoking command in '/home/guyi/github/Modified_InMoov/visualize_ws/arm_system_tools': CONDA_PROMPT_MODIFIER=(base) PYTHONPATH=/home/guyi/github/Modified_InMoov/visualize_ws/build/arm_system_tools/prefix_override:/usr/lib/python3/dist-packages/colcon_core/task/python/colcon_distutils_commands:/home/guyi/github/Modified_InMoov/visualize_ws/install/arm_system_tools/lib/python3.10/site-packages:${PYTHONPATH} /usr/bin/python3 -W ignore:setup.py install is deprecated -W ignore:easy_install command is deprecated setup.py egg_info --egg-base ../build/arm_system_tools build --build-base /home/guyi/github/Modified_InMoov/visualize_ws/build/arm_system_tools/build install --record /home/guyi/github/Modified_InMoov/visualize_ws/build/arm_system_tools/install.log --single-version-externally-managed install_data
[0.795s] DEBUG:colcon.colcon_core.event_handler.log_command:Invoking command in '/home/guyi/github/Modified_InMoov/visualize_ws/arm_system_model': CONDA_PROMPT_MODIFIER=(base) PYTHONPATH=/home/guyi/github/Modified_InMoov/visualize_ws/build/arm_system_model/prefix_override:/usr/lib/python3/dist-packages/colcon_core/task/python/colcon_distutils_commands:/home/guyi/github/Modified_InMoov/visualize_ws/install/arm_system_model/lib/python3.10/site-packages:${PYTHONPATH} /usr/bin/python3 -W ignore:setup.py install is deprecated -W ignore:easy_install command is deprecated setup.py egg_info --egg-base ../build/arm_system_model build --build-base /home/guyi/github/Modified_InMoov/visualize_ws/build/arm_system_model/build install --record /home/guyi/github/Modified_InMoov/visualize_ws/build/arm_system_model/install.log --single-version-externally-managed install_data
[0.979s] Level 1:colcon.colcon_core.environment:checking '/home/guyi/github/Modified_InMoov/visualize_ws/install/arm_system_model' for CMake module files
[0.979s] DEBUG:colcon.colcon_core.event_handler.log_command:Invoked command in '/home/guyi/github/Modified_InMoov/visualize_ws/arm_system_model' returned '0': CONDA_PROMPT_MODIFIER=(base) PYTHONPATH=/home/guyi/github/Modified_InMoov/visualize_ws/build/arm_system_model/prefix_override:/usr/lib/python3/dist-packages/colcon_core/task/python/colcon_distutils_commands:/home/guyi/github/Modified_InMoov/visualize_ws/install/arm_system_model/lib/python3.10/site-packages:${PYTHONPATH} /usr/bin/python3 -W ignore:setup.py install is deprecated -W ignore:easy_install command is deprecated setup.py egg_info --egg-base ../build/arm_system_model build --build-base /home/guyi/github/Modified_InMoov/visualize_ws/build/arm_system_model/build install --record /home/guyi/github/Modified_InMoov/visualize_ws/build/arm_system_model/install.log --single-version-externally-managed install_data
[0.980s] Level 1:colcon.colcon_core.environment:checking '/home/guyi/github/Modified_InMoov/visualize_ws/install/arm_system_model' for CMake config files
[0.980s] Level 1:colcon.colcon_core.environment:checking '/home/guyi/github/Modified_InMoov/visualize_ws/install/arm_system_model/lib'
[0.980s] Level 1:colcon.colcon_core.environment:checking '/home/guyi/github/Modified_InMoov/visualize_ws/install/arm_system_model/bin'
[0.980s] Level 1:colcon.colcon_core.environment:checking '/home/guyi/github/Modified_InMoov/visualize_ws/install/arm_system_model/lib/pkgconfig/arm_system_model.pc'
[0.980s] Level 1:colcon.colcon_core.environment:checking '/home/guyi/github/Modified_InMoov/visualize_ws/install/arm_system_model/lib/python3.10/site-packages'
[0.980s] Level 1:colcon.colcon_core.shell:create_environment_hook('arm_system_model', 'pythonpath')
[0.980s] INFO:colcon.colcon_core.shell:Creating environment hook '/home/guyi/github/Modified_InMoov/visualize_ws/install/arm_system_model/share/arm_system_model/hook/pythonpath.ps1'
[0.981s] INFO:colcon.colcon_core.shell:Creating environment descriptor '/home/guyi/github/Modified_InMoov/visualize_ws/install/arm_system_model/share/arm_system_model/hook/pythonpath.dsv'
[0.981s] INFO:colcon.colcon_core.shell:Creating environment hook '/home/guyi/github/Modified_InMoov/visualize_ws/install/arm_system_model/share/arm_system_model/hook/pythonpath.sh'
[0.981s] Level 1:colcon.colcon_core.environment:checking '/home/guyi/github/Modified_InMoov/visualize_ws/install/arm_system_model/bin'
[0.981s] Level 1:colcon.colcon_core.environment:create_environment_scripts_only(arm_system_model)
[0.982s] INFO:colcon.colcon_core.shell:Creating package script '/home/guyi/github/Modified_InMoov/visualize_ws/install/arm_system_model/share/arm_system_model/package.ps1'
[0.982s] INFO:colcon.colcon_core.shell:Creating package descriptor '/home/guyi/github/Modified_InMoov/visualize_ws/install/arm_system_model/share/arm_system_model/package.dsv'
[0.982s] INFO:colcon.colcon_core.shell:Creating package script '/home/guyi/github/Modified_InMoov/visualize_ws/install/arm_system_model/share/arm_system_model/package.sh'
[0.982s] INFO:colcon.colcon_core.shell:Creating package script '/home/guyi/github/Modified_InMoov/visualize_ws/install/arm_system_model/share/arm_system_model/package.bash'
[0.982s] INFO:colcon.colcon_core.shell:Creating package script '/home/guyi/github/Modified_InMoov/visualize_ws/install/arm_system_model/share/arm_system_model/package.zsh'
[0.983s] Level 1:colcon.colcon_core.environment:create_file_with_runtime_dependencies(/home/guyi/github/Modified_InMoov/visualize_ws/install/arm_system_model/share/colcon-core/packages/arm_system_model)
[0.983s] INFO:colcon.colcon_ros.task.ament_cmake.build:Building ROS package in '/home/guyi/github/Modified_InMoov/visualize_ws/sup_moveit_config' with build type 'ament_cmake'
[0.983s] INFO:colcon.colcon_cmake.task.cmake.build:Building CMake package in '/home/guyi/github/Modified_InMoov/visualize_ws/sup_moveit_config'
[0.983s] INFO:colcon.colcon_core.shell:Skip shell extension 'powershell' for command environment: Not usable outside of PowerShell
[0.983s] DEBUG:colcon.colcon_core.shell:Skip shell extension 'dsv' for command environment
[0.987s] INFO:colcon.colcon_ros.task.ament_cmake.build:Building ROS package in '/home/guyi/github/Modified_InMoov/visualize_ws/sup_moveit_config_2' with build type 'ament_cmake'
[0.987s] INFO:colcon.colcon_cmake.task.cmake.build:Building CMake package in '/home/guyi/github/Modified_InMoov/visualize_ws/sup_moveit_config_2'
[0.987s] INFO:colcon.colcon_core.shell:Skip shell extension 'powershell' for command environment: Not usable outside of PowerShell
[0.987s] DEBUG:colcon.colcon_core.shell:Skip shell extension 'dsv' for command environment
[0.990s] Level 1:colcon.colcon_core.environment:checking '/home/guyi/github/Modified_InMoov/visualize_ws/install/arm_system_tools' for CMake module files
[0.991s] DEBUG:colcon.colcon_core.event_handler.log_command:Invoked command in '/home/guyi/github/Modified_InMoov/visualize_ws/arm_system_tools' returned '0': CONDA_PROMPT_MODIFIER=(base) PYTHONPATH=/home/guyi/github/Modified_InMoov/visualize_ws/build/arm_system_tools/prefix_override:/usr/lib/python3/dist-packages/colcon_core/task/python/colcon_distutils_commands:/home/guyi/github/Modified_InMoov/visualize_ws/install/arm_system_tools/lib/python3.10/site-packages:${PYTHONPATH} /usr/bin/python3 -W ignore:setup.py install is deprecated -W ignore:easy_install command is deprecated setup.py egg_info --egg-base ../build/arm_system_tools build --build-base /home/guyi/github/Modified_InMoov/visualize_ws/build/arm_system_tools/build install --record /home/guyi/github/Modified_InMoov/visualize_ws/build/arm_system_tools/install.log --single-version-externally-managed install_data
[0.991s] Level 1:colcon.colcon_core.environment:checking '/home/guyi/github/Modified_InMoov/visualize_ws/install/arm_system_tools' for CMake config files
[0.992s] Level 1:colcon.colcon_core.environment:checking '/home/guyi/github/Modified_InMoov/visualize_ws/install/arm_system_tools/lib'
[0.992s] Level 1:colcon.colcon_core.environment:checking '/home/guyi/github/Modified_InMoov/visualize_ws/install/arm_system_tools/bin'
[0.992s] Level 1:colcon.colcon_core.environment:checking '/home/guyi/github/Modified_InMoov/visualize_ws/install/arm_system_tools/lib/pkgconfig/arm_system_tools.pc'
[0.992s] Level 1:colcon.colcon_core.environment:checking '/home/guyi/github/Modified_InMoov/visualize_ws/install/arm_system_tools/lib/python3.10/site-packages'
[0.992s] Level 1:colcon.colcon_core.shell:create_environment_hook('arm_system_tools', 'pythonpath')
[0.992s] INFO:colcon.colcon_core.shell:Creating environment hook '/home/guyi/github/Modified_InMoov/visualize_ws/install/arm_system_tools/share/arm_system_tools/hook/pythonpath.ps1'
[0.992s] INFO:colcon.colcon_core.shell:Creating environment descriptor '/home/guyi/github/Modified_InMoov/visualize_ws/install/arm_system_tools/share/arm_system_tools/hook/pythonpath.dsv'
[0.993s] INFO:colcon.colcon_core.shell:Creating environment hook '/home/guyi/github/Modified_InMoov/visualize_ws/install/arm_system_tools/share/arm_system_tools/hook/pythonpath.sh'
[0.993s] Level 1:colcon.colcon_core.environment:checking '/home/guyi/github/Modified_InMoov/visualize_ws/install/arm_system_tools/bin'
[0.993s] Level 1:colcon.colcon_core.environment:create_environment_scripts_only(arm_system_tools)
[0.993s] INFO:colcon.colcon_core.shell:Creating package script '/home/guyi/github/Modified_InMoov/visualize_ws/install/arm_system_tools/share/arm_system_tools/package.ps1'
[0.993s] INFO:colcon.colcon_core.shell:Creating package descriptor '/home/guyi/github/Modified_InMoov/visualize_ws/install/arm_system_tools/share/arm_system_tools/package.dsv'
[0.994s] INFO:colcon.colcon_core.shell:Creating package script '/home/guyi/github/Modified_InMoov/visualize_ws/install/arm_system_tools/share/arm_system_tools/package.sh'
[0.994s] INFO:colcon.colcon_core.shell:Creating package script '/home/guyi/github/Modified_InMoov/visualize_ws/install/arm_system_tools/share/arm_system_tools/package.bash'
[0.994s] INFO:colcon.colcon_core.shell:Creating package script '/home/guyi/github/Modified_InMoov/visualize_ws/install/arm_system_tools/share/arm_system_tools/package.zsh'
[0.994s] Level 1:colcon.colcon_core.environment:create_file_with_runtime_dependencies(/home/guyi/github/Modified_InMoov/visualize_ws/install/arm_system_tools/share/colcon-core/packages/arm_system_tools)
[0.997s] DEBUG:colcon.colcon_core.event_handler.log_command:Invoking command in '/home/guyi/github/Modified_InMoov/visualize_ws/build/sup_moveit_config': AMENT_PREFIX_PATH=/home/guyi/github/Modified_InMoov/visualize_ws/install/arm_system_model:/home/guyi/github/Modified_InMoov/visualize_ws/install/sup_moveit_config_2:/home/guyi/github/Modified_InMoov/visualize_ws/install/sup_moveit_config:/home/guyi/github/Modified_InMoov/visualize_ws/install/suP_moveit_config:/home/guyi/github/Modified_InMoov/visualize_ws/install/arm_system_tools:/home/guyi/github/Modified_InMoov/visualize_ws/install/arm_system_description:/home/guyi/inmoov_ros2/install/inmoov_config_test:/home/guyi/inmoov_ros2/install/inmoov_tools:/home/guyi/inmoov_ros2/install/inmoov_bringup:/home/guyi/inmoov_ros2/install/inmoov_meshes:/home/guyi/inmoov_ros2/install/inmoov_msgs:/home/guyi/inmoov_ros2/install/inmoov_description:/opt/ros/humble CMAKE_PREFIX_PATH=${CMAKE_PREFIX_PATH}:/home/guyi/github/Modified_InMoov/visualize_ws/install/arm_system_tools:/home/guyi/github/Modified_InMoov/visualize_ws/install/arm_system_model:/opt/ros/humble CONDA_PROMPT_MODIFIER=(base) PYTHONPATH=/home/guyi/github/Modified_InMoov/visualize_ws/install/arm_system_model/lib/python3.10/site-packages:/home/guyi/github/Modified_InMoov/visualize_ws/install/arm_system_tools/lib/python3.10/site-packages:/home/guyi/inmoov_ros2/install/inmoov_msgs/local/lib/python3.10/dist-packages:/opt/ros/humble/lib/python3.10/site-packages:/opt/ros/humble/local/lib/python3.10/dist-packages /usr/local/bin/cmake --build /home/guyi/github/Modified_InMoov/visualize_ws/build/sup_moveit_config -- -j16 -l16
[0.998s] DEBUG:colcon.colcon_core.event_handler.log_command:Invoking command in '/home/guyi/github/Modified_InMoov/visualize_ws/build/sup_moveit_config_2': AMENT_PREFIX_PATH=/home/guyi/github/Modified_InMoov/visualize_ws/install/arm_system_model:/home/guyi/github/Modified_InMoov/visualize_ws/install/sup_moveit_config_2:/home/guyi/github/Modified_InMoov/visualize_ws/install/sup_moveit_config:/home/guyi/github/Modified_InMoov/visualize_ws/install/suP_moveit_config:/home/guyi/github/Modified_InMoov/visualize_ws/install/arm_system_tools:/home/guyi/github/Modified_InMoov/visualize_ws/install/arm_system_description:/home/guyi/inmoov_ros2/install/inmoov_config_test:/home/guyi/inmoov_ros2/install/inmoov_tools:/home/guyi/inmoov_ros2/install/inmoov_bringup:/home/guyi/inmoov_ros2/install/inmoov_meshes:/home/guyi/inmoov_ros2/install/inmoov_msgs:/home/guyi/inmoov_ros2/install/inmoov_description:/opt/ros/humble CMAKE_PREFIX_PATH=${CMAKE_PREFIX_PATH}:/home/guyi/github/Modified_InMoov/visualize_ws/install/arm_system_tools:/home/guyi/github/Modified_InMoov/visualize_ws/install/arm_system_model:/opt/ros/humble CONDA_PROMPT_MODIFIER=(base) PYTHONPATH=/home/guyi/github/Modified_InMoov/visualize_ws/install/arm_system_model/lib/python3.10/site-packages:/home/guyi/github/Modified_InMoov/visualize_ws/install/arm_system_tools/lib/python3.10/site-packages:/home/guyi/inmoov_ros2/install/inmoov_msgs/local/lib/python3.10/dist-packages:/opt/ros/humble/lib/python3.10/site-packages:/opt/ros/humble/local/lib/python3.10/dist-packages /usr/local/bin/cmake --build /home/guyi/github/Modified_InMoov/visualize_ws/build/sup_moveit_config_2 -- -j16 -l16
[1.005s] DEBUG:colcon.colcon_core.event_handler.log_command:Invoked command in '/home/guyi/github/Modified_InMoov/visualize_ws/build/sup_moveit_config' returned '0': AMENT_PREFIX_PATH=/home/guyi/github/Modified_InMoov/visualize_ws/install/arm_system_model:/home/guyi/github/Modified_InMoov/visualize_ws/install/sup_moveit_config_2:/home/guyi/github/Modified_InMoov/visualize_ws/install/sup_moveit_config:/home/guyi/github/Modified_InMoov/visualize_ws/install/suP_moveit_config:/home/guyi/github/Modified_InMoov/visualize_ws/install/arm_system_tools:/home/guyi/github/Modified_InMoov/visualize_ws/install/arm_system_description:/home/guyi/inmoov_ros2/install/inmoov_config_test:/home/guyi/inmoov_ros2/install/inmoov_tools:/home/guyi/inmoov_ros2/install/inmoov_bringup:/home/guyi/inmoov_ros2/install/inmoov_meshes:/home/guyi/inmoov_ros2/install/inmoov_msgs:/home/guyi/inmoov_ros2/install/inmoov_description:/opt/ros/humble CMAKE_PREFIX_PATH=${CMAKE_PREFIX_PATH}:/home/guyi/github/Modified_InMoov/visualize_ws/install/arm_system_tools:/home/guyi/github/Modified_InMoov/visualize_ws/install/arm_system_model:/opt/ros/humble CONDA_PROMPT_MODIFIER=(base) PYTHONPATH=/home/guyi/github/Modified_InMoov/visualize_ws/install/arm_system_model/lib/python3.10/site-packages:/home/guyi/github/Modified_InMoov/visualize_ws/install/arm_system_tools/lib/python3.10/site-packages:/home/guyi/inmoov_ros2/install/inmoov_msgs/local/lib/python3.10/dist-packages:/opt/ros/humble/lib/python3.10/site-packages:/opt/ros/humble/local/lib/python3.10/dist-packages /usr/local/bin/cmake --build /home/guyi/github/Modified_InMoov/visualize_ws/build/sup_moveit_config -- -j16 -l16
[1.006s] DEBUG:colcon.colcon_core.event_handler.log_command:Invoking command in '/home/guyi/github/Modified_InMoov/visualize_ws/build/sup_moveit_config': AMENT_PREFIX_PATH=/home/guyi/github/Modified_InMoov/visualize_ws/install/arm_system_model:/home/guyi/github/Modified_InMoov/visualize_ws/install/sup_moveit_config_2:/home/guyi/github/Modified_InMoov/visualize_ws/install/sup_moveit_config:/home/guyi/github/Modified_InMoov/visualize_ws/install/suP_moveit_config:/home/guyi/github/Modified_InMoov/visualize_ws/install/arm_system_tools:/home/guyi/github/Modified_InMoov/visualize_ws/install/arm_system_description:/home/guyi/inmoov_ros2/install/inmoov_config_test:/home/guyi/inmoov_ros2/install/inmoov_tools:/home/guyi/inmoov_ros2/install/inmoov_bringup:/home/guyi/inmoov_ros2/install/inmoov_meshes:/home/guyi/inmoov_ros2/install/inmoov_msgs:/home/guyi/inmoov_ros2/install/inmoov_description:/opt/ros/humble CMAKE_PREFIX_PATH=${CMAKE_PREFIX_PATH}:/home/guyi/github/Modified_InMoov/visualize_ws/install/arm_system_tools:/home/guyi/github/Modified_InMoov/visualize_ws/install/arm_system_model:/opt/ros/humble CONDA_PROMPT_MODIFIER=(base) PYTHONPATH=/home/guyi/github/Modified_InMoov/visualize_ws/install/arm_system_model/lib/python3.10/site-packages:/home/guyi/github/Modified_InMoov/visualize_ws/install/arm_system_tools/lib/python3.10/site-packages:/home/guyi/inmoov_ros2/install/inmoov_msgs/local/lib/python3.10/dist-packages:/opt/ros/humble/lib/python3.10/site-packages:/opt/ros/humble/local/lib/python3.10/dist-packages /usr/local/bin/cmake --install /home/guyi/github/Modified_InMoov/visualize_ws/build/sup_moveit_config
[1.007s] DEBUG:colcon.colcon_core.event_handler.log_command:Invoked command in '/home/guyi/github/Modified_InMoov/visualize_ws/build/sup_moveit_config_2' returned '0': AMENT_PREFIX_PATH=/home/guyi/github/Modified_InMoov/visualize_ws/install/arm_system_model:/home/guyi/github/Modified_InMoov/visualize_ws/install/sup_moveit_config_2:/home/guyi/github/Modified_InMoov/visualize_ws/install/sup_moveit_config:/home/guyi/github/Modified_InMoov/visualize_ws/install/suP_moveit_config:/home/guyi/github/Modified_InMoov/visualize_ws/install/arm_system_tools:/home/guyi/github/Modified_InMoov/visualize_ws/install/arm_system_description:/home/guyi/inmoov_ros2/install/inmoov_config_test:/home/guyi/inmoov_ros2/install/inmoov_tools:/home/guyi/inmoov_ros2/install/inmoov_bringup:/home/guyi/inmoov_ros2/install/inmoov_meshes:/home/guyi/inmoov_ros2/install/inmoov_msgs:/home/guyi/inmoov_ros2/install/inmoov_description:/opt/ros/humble CMAKE_PREFIX_PATH=${CMAKE_PREFIX_PATH}:/home/guyi/github/Modified_InMoov/visualize_ws/install/arm_system_tools:/home/guyi/github/Modified_InMoov/visualize_ws/install/arm_system_model:/opt/ros/humble CONDA_PROMPT_MODIFIER=(base) PYTHONPATH=/home/guyi/github/Modified_InMoov/visualize_ws/install/arm_system_model/lib/python3.10/site-packages:/home/guyi/github/Modified_InMoov/visualize_ws/install/arm_system_tools/lib/python3.10/site-packages:/home/guyi/inmoov_ros2/install/inmoov_msgs/local/lib/python3.10/dist-packages:/opt/ros/humble/lib/python3.10/site-packages:/opt/ros/humble/local/lib/python3.10/dist-packages /usr/local/bin/cmake --build /home/guyi/github/Modified_InMoov/visualize_ws/build/sup_moveit_config_2 -- -j16 -l16
[1.008s] DEBUG:colcon.colcon_core.event_handler.log_command:Invoking command in '/home/guyi/github/Modified_InMoov/visualize_ws/build/sup_moveit_config_2': AMENT_PREFIX_PATH=/home/guyi/github/Modified_InMoov/visualize_ws/install/arm_system_model:/home/guyi/github/Modified_InMoov/visualize_ws/install/sup_moveit_config_2:/home/guyi/github/Modified_InMoov/visualize_ws/install/sup_moveit_config:/home/guyi/github/Modified_InMoov/visualize_ws/install/suP_moveit_config:/home/guyi/github/Modified_InMoov/visualize_ws/install/arm_system_tools:/home/guyi/github/Modified_InMoov/visualize_ws/install/arm_system_description:/home/guyi/inmoov_ros2/install/inmoov_config_test:/home/guyi/inmoov_ros2/install/inmoov_tools:/home/guyi/inmoov_ros2/install/inmoov_bringup:/home/guyi/inmoov_ros2/install/inmoov_meshes:/home/guyi/inmoov_ros2/install/inmoov_msgs:/home/guyi/inmoov_ros2/install/inmoov_description:/opt/ros/humble CMAKE_PREFIX_PATH=${CMAKE_PREFIX_PATH}:/home/guyi/github/Modified_InMoov/visualize_ws/install/arm_system_tools:/home/guyi/github/Modified_InMoov/visualize_ws/install/arm_system_model:/opt/ros/humble CONDA_PROMPT_MODIFIER=(base) PYTHONPATH=/home/guyi/github/Modified_InMoov/visualize_ws/install/arm_system_model/lib/python3.10/site-packages:/home/guyi/github/Modified_InMoov/visualize_ws/install/arm_system_tools/lib/python3.10/site-packages:/home/guyi/inmoov_ros2/install/inmoov_msgs/local/lib/python3.10/dist-packages:/opt/ros/humble/lib/python3.10/site-packages:/opt/ros/humble/local/lib/python3.10/dist-packages /usr/local/bin/cmake --install /home/guyi/github/Modified_InMoov/visualize_ws/build/sup_moveit_config_2
[1.010s] Level 1:colcon.colcon_core.environment:create_environment_scripts_only(sup_moveit_config)
[1.010s] Level 1:colcon.colcon_core.environment:checking '/home/guyi/github/Modified_InMoov/visualize_ws/install/sup_moveit_config' for CMake module files
[1.011s] Level 1:colcon.colcon_core.environment:checking '/home/guyi/github/Modified_InMoov/visualize_ws/install/sup_moveit_config' for CMake config files
[1.013s] DEBUG:colcon.colcon_core.event_handler.log_command:Invoked command in '/home/guyi/github/Modified_InMoov/visualize_ws/build/sup_moveit_config' returned '0': AMENT_PREFIX_PATH=/home/guyi/github/Modified_InMoov/visualize_ws/install/arm_system_model:/home/guyi/github/Modified_InMoov/visualize_ws/install/sup_moveit_config_2:/home/guyi/github/Modified_InMoov/visualize_ws/install/sup_moveit_config:/home/guyi/github/Modified_InMoov/visualize_ws/install/suP_moveit_config:/home/guyi/github/Modified_InMoov/visualize_ws/install/arm_system_tools:/home/guyi/github/Modified_InMoov/visualize_ws/install/arm_system_description:/home/guyi/inmoov_ros2/install/inmoov_config_test:/home/guyi/inmoov_ros2/install/inmoov_tools:/home/guyi/inmoov_ros2/install/inmoov_bringup:/home/guyi/inmoov_ros2/install/inmoov_meshes:/home/guyi/inmoov_ros2/install/inmoov_msgs:/home/guyi/inmoov_ros2/install/inmoov_description:/opt/ros/humble CMAKE_PREFIX_PATH=${CMAKE_PREFIX_PATH}:/home/guyi/github/Modified_InMoov/visualize_ws/install/arm_system_tools:/home/guyi/github/Modified_InMoov/visualize_ws/install/arm_system_model:/opt/ros/humble CONDA_PROMPT_MODIFIER=(base) PYTHONPATH=/home/guyi/github/Modified_InMoov/visualize_ws/install/arm_system_model/lib/python3.10/site-packages:/home/guyi/github/Modified_InMoov/visualize_ws/install/arm_system_tools/lib/python3.10/site-packages:/home/guyi/inmoov_ros2/install/inmoov_msgs/local/lib/python3.10/dist-packages:/opt/ros/humble/lib/python3.10/site-packages:/opt/ros/humble/local/lib/python3.10/dist-packages /usr/local/bin/cmake --install /home/guyi/github/Modified_InMoov/visualize_ws/build/sup_moveit_config
[1.013s] Level 1:colcon.colcon_core.shell:create_environment_hook('sup_moveit_config', 'cmake_prefix_path')
[1.013s] INFO:colcon.colcon_core.shell:Creating environment hook '/home/guyi/github/Modified_InMoov/visualize_ws/install/sup_moveit_config/share/sup_moveit_config/hook/cmake_prefix_path.ps1'
[1.014s] INFO:colcon.colcon_core.shell:Creating environment descriptor '/home/guyi/github/Modified_InMoov/visualize_ws/install/sup_moveit_config/share/sup_moveit_config/hook/cmake_prefix_path.dsv'
[1.014s] INFO:colcon.colcon_core.shell:Creating environment hook '/home/guyi/github/Modified_InMoov/visualize_ws/install/sup_moveit_config/share/sup_moveit_config/hook/cmake_prefix_path.sh'
[1.014s] Level 1:colcon.colcon_core.environment:checking '/home/guyi/github/Modified_InMoov/visualize_ws/install/sup_moveit_config/bin'
[1.014s] Level 1:colcon.colcon_core.environment:checking '/home/guyi/github/Modified_InMoov/visualize_ws/install/sup_moveit_config/lib/pkgconfig/sup_moveit_config.pc'
[1.015s] Level 1:colcon.colcon_core.environment:checking '/home/guyi/github/Modified_InMoov/visualize_ws/install/sup_moveit_config/lib/python3.10/site-packages'
[1.015s] Level 1:colcon.colcon_core.environment:checking '/home/guyi/github/Modified_InMoov/visualize_ws/install/sup_moveit_config/bin'
[1.015s] INFO:colcon.colcon_core.shell:Creating package script '/home/guyi/github/Modified_InMoov/visualize_ws/install/sup_moveit_config/share/sup_moveit_config/package.ps1'
[1.015s] INFO:colcon.colcon_core.shell:Creating package descriptor '/home/guyi/github/Modified_InMoov/visualize_ws/install/sup_moveit_config/share/sup_moveit_config/package.dsv'
[1.015s] INFO:colcon.colcon_core.shell:Creating package script '/home/guyi/github/Modified_InMoov/visualize_ws/install/sup_moveit_config/share/sup_moveit_config/package.sh'
[1.016s] INFO:colcon.colcon_core.shell:Creating package script '/home/guyi/github/Modified_InMoov/visualize_ws/install/sup_moveit_config/share/sup_moveit_config/package.bash'
[1.016s] INFO:colcon.colcon_core.shell:Creating package script '/home/guyi/github/Modified_InMoov/visualize_ws/install/sup_moveit_config/share/sup_moveit_config/package.zsh'
[1.016s] Level 1:colcon.colcon_core.environment:create_file_with_runtime_dependencies(/home/guyi/github/Modified_InMoov/visualize_ws/install/sup_moveit_config/share/colcon-core/packages/sup_moveit_config)
[1.016s] Level 1:colcon.colcon_core.environment:create_environment_scripts_only(sup_moveit_config)
[1.017s] Level 1:colcon.colcon_core.environment:checking '/home/guyi/github/Modified_InMoov/visualize_ws/install/sup_moveit_config' for CMake module files
[1.017s] Level 1:colcon.colcon_core.environment:checking '/home/guyi/github/Modified_InMoov/visualize_ws/install/sup_moveit_config' for CMake config files
[1.017s] Level 1:colcon.colcon_core.shell:create_environment_hook('sup_moveit_config', 'cmake_prefix_path')
[1.017s] INFO:colcon.colcon_core.shell:Creating environment hook '/home/guyi/github/Modified_InMoov/visualize_ws/install/sup_moveit_config/share/sup_moveit_config/hook/cmake_prefix_path.ps1'
[1.017s] INFO:colcon.colcon_core.shell:Creating environment descriptor '/home/guyi/github/Modified_InMoov/visualize_ws/install/sup_moveit_config/share/sup_moveit_config/hook/cmake_prefix_path.dsv'
[1.017s] INFO:colcon.colcon_core.shell:Creating environment hook '/home/guyi/github/Modified_InMoov/visualize_ws/install/sup_moveit_config/share/sup_moveit_config/hook/cmake_prefix_path.sh'
[1.018s] Level 1:colcon.colcon_core.environment:checking '/home/guyi/github/Modified_InMoov/visualize_ws/install/sup_moveit_config/bin'
[1.018s] Level 1:colcon.colcon_core.environment:checking '/home/guyi/github/Modified_InMoov/visualize_ws/install/sup_moveit_config/lib/pkgconfig/sup_moveit_config.pc'
[1.018s] Level 1:colcon.colcon_core.environment:checking '/home/guyi/github/Modified_InMoov/visualize_ws/install/sup_moveit_config/lib/python3.10/site-packages'
[1.018s] Level 1:colcon.colcon_core.environment:checking '/home/guyi/github/Modified_InMoov/visualize_ws/install/sup_moveit_config/bin'
[1.018s] INFO:colcon.colcon_core.shell:Creating package script '/home/guyi/github/Modified_InMoov/visualize_ws/install/sup_moveit_config/share/sup_moveit_config/package.ps1'
[1.019s] INFO:colcon.colcon_core.shell:Creating package descriptor '/home/guyi/github/Modified_InMoov/visualize_ws/install/sup_moveit_config/share/sup_moveit_config/package.dsv'
[1.019s] INFO:colcon.colcon_core.shell:Creating package script '/home/guyi/github/Modified_InMoov/visualize_ws/install/sup_moveit_config/share/sup_moveit_config/package.sh'
[1.019s] INFO:colcon.colcon_core.shell:Creating package script '/home/guyi/github/Modified_InMoov/visualize_ws/install/sup_moveit_config/share/sup_moveit_config/package.bash'
[1.019s] INFO:colcon.colcon_core.shell:Creating package script '/home/guyi/github/Modified_InMoov/visualize_ws/install/sup_moveit_config/share/sup_moveit_config/package.zsh'
[1.020s] Level 1:colcon.colcon_core.environment:create_file_with_runtime_dependencies(/home/guyi/github/Modified_InMoov/visualize_ws/install/sup_moveit_config/share/colcon-core/packages/sup_moveit_config)
[1.020s] Level 1:colcon.colcon_core.environment:create_environment_scripts_only(sup_moveit_config_2)
[1.021s] Level 1:colcon.colcon_core.environment:checking '/home/guyi/github/Modified_InMoov/visualize_ws/install/sup_moveit_config_2' for CMake module files
[1.021s] DEBUG:colcon.colcon_core.event_handler.log_command:Invoked command in '/home/guyi/github/Modified_InMoov/visualize_ws/build/sup_moveit_config_2' returned '0': AMENT_PREFIX_PATH=/home/guyi/github/Modified_InMoov/visualize_ws/install/arm_system_model:/home/guyi/github/Modified_InMoov/visualize_ws/install/sup_moveit_config_2:/home/guyi/github/Modified_InMoov/visualize_ws/install/sup_moveit_config:/home/guyi/github/Modified_InMoov/visualize_ws/install/suP_moveit_config:/home/guyi/github/Modified_InMoov/visualize_ws/install/arm_system_tools:/home/guyi/github/Modified_InMoov/visualize_ws/install/arm_system_description:/home/guyi/inmoov_ros2/install/inmoov_config_test:/home/guyi/inmoov_ros2/install/inmoov_tools:/home/guyi/inmoov_ros2/install/inmoov_bringup:/home/guyi/inmoov_ros2/install/inmoov_meshes:/home/guyi/inmoov_ros2/install/inmoov_msgs:/home/guyi/inmoov_ros2/install/inmoov_description:/opt/ros/humble CMAKE_PREFIX_PATH=${CMAKE_PREFIX_PATH}:/home/guyi/github/Modified_InMoov/visualize_ws/install/arm_system_tools:/home/guyi/github/Modified_InMoov/visualize_ws/install/arm_system_model:/opt/ros/humble CONDA_PROMPT_MODIFIER=(base) PYTHONPATH=/home/guyi/github/Modified_InMoov/visualize_ws/install/arm_system_model/lib/python3.10/site-packages:/home/guyi/github/Modified_InMoov/visualize_ws/install/arm_system_tools/lib/python3.10/site-packages:/home/guyi/inmoov_ros2/install/inmoov_msgs/local/lib/python3.10/dist-packages:/opt/ros/humble/lib/python3.10/site-packages:/opt/ros/humble/local/lib/python3.10/dist-packages /usr/local/bin/cmake --install /home/guyi/github/Modified_InMoov/visualize_ws/build/sup_moveit_config_2
[1.021s] Level 1:colcon.colcon_core.environment:checking '/home/guyi/github/Modified_InMoov/visualize_ws/install/sup_moveit_config_2' for CMake config files
[1.021s] Level 1:colcon.colcon_core.shell:create_environment_hook('sup_moveit_config_2', 'cmake_prefix_path')
[1.021s] INFO:colcon.colcon_core.shell:Creating environment hook '/home/guyi/github/Modified_InMoov/visualize_ws/install/sup_moveit_config_2/share/sup_moveit_config_2/hook/cmake_prefix_path.ps1'
[1.022s] INFO:colcon.colcon_core.shell:Creating environment descriptor '/home/guyi/github/Modified_InMoov/visualize_ws/install/sup_moveit_config_2/share/sup_moveit_config_2/hook/cmake_prefix_path.dsv'
[1.022s] INFO:colcon.colcon_core.shell:Creating environment hook '/home/guyi/github/Modified_InMoov/visualize_ws/install/sup_moveit_config_2/share/sup_moveit_config_2/hook/cmake_prefix_path.sh'
[1.022s] Level 1:colcon.colcon_core.environment:checking '/home/guyi/github/Modified_InMoov/visualize_ws/install/sup_moveit_config_2/bin'
[1.022s] Level 1:colcon.colcon_core.environment:checking '/home/guyi/github/Modified_InMoov/visualize_ws/install/sup_moveit_config_2/lib/pkgconfig/sup_moveit_config_2.pc'
[1.022s] Level 1:colcon.colcon_core.environment:checking '/home/guyi/github/Modified_InMoov/visualize_ws/install/sup_moveit_config_2/lib/python3.10/site-packages'
[1.022s] Level 1:colcon.colcon_core.environment:checking '/home/guyi/github/Modified_InMoov/visualize_ws/install/sup_moveit_config_2/bin'
[1.023s] INFO:colcon.colcon_core.shell:Creating package script '/home/guyi/github/Modified_InMoov/visualize_ws/install/sup_moveit_config_2/share/sup_moveit_config_2/package.ps1'
[1.023s] INFO:colcon.colcon_core.shell:Creating package descriptor '/home/guyi/github/Modified_InMoov/visualize_ws/install/sup_moveit_config_2/share/sup_moveit_config_2/package.dsv'
[1.023s] INFO:colcon.colcon_core.shell:Creating package script '/home/guyi/github/Modified_InMoov/visualize_ws/install/sup_moveit_config_2/share/sup_moveit_config_2/package.sh'
[1.023s] INFO:colcon.colcon_core.shell:Creating package script '/home/guyi/github/Modified_InMoov/visualize_ws/install/sup_moveit_config_2/share/sup_moveit_config_2/package.bash'
[1.024s] INFO:colcon.colcon_core.shell:Creating package script '/home/guyi/github/Modified_InMoov/visualize_ws/install/sup_moveit_config_2/share/sup_moveit_config_2/package.zsh'
[1.024s] Level 1:colcon.colcon_core.environment:create_file_with_runtime_dependencies(/home/guyi/github/Modified_InMoov/visualize_ws/install/sup_moveit_config_2/share/colcon-core/packages/sup_moveit_config_2)
[1.024s] Level 1:colcon.colcon_core.environment:create_environment_scripts_only(sup_moveit_config_2)
[1.024s] Level 1:colcon.colcon_core.environment:checking '/home/guyi/github/Modified_InMoov/visualize_ws/install/sup_moveit_config_2' for CMake module files
[1.024s] Level 1:colcon.colcon_core.environment:checking '/home/guyi/github/Modified_InMoov/visualize_ws/install/sup_moveit_config_2' for CMake config files
[1.025s] Level 1:colcon.colcon_core.shell:create_environment_hook('sup_moveit_config_2', 'cmake_prefix_path')
[1.025s] INFO:colcon.colcon_core.shell:Creating environment hook '/home/guyi/github/Modified_InMoov/visualize_ws/install/sup_moveit_config_2/share/sup_moveit_config_2/hook/cmake_prefix_path.ps1'
[1.025s] INFO:colcon.colcon_core.shell:Creating environment descriptor '/home/guyi/github/Modified_InMoov/visualize_ws/install/sup_moveit_config_2/share/sup_moveit_config_2/hook/cmake_prefix_path.dsv'
[1.025s] INFO:colcon.colcon_core.shell:Creating environment hook '/home/guyi/github/Modified_InMoov/visualize_ws/install/sup_moveit_config_2/share/sup_moveit_config_2/hook/cmake_prefix_path.sh'
[1.025s] Level 1:colcon.colcon_core.environment:checking '/home/guyi/github/Modified_InMoov/visualize_ws/install/sup_moveit_config_2/bin'
[1.025s] Level 1:colcon.colcon_core.environment:checking '/home/guyi/github/Modified_InMoov/visualize_ws/install/sup_moveit_config_2/lib/pkgconfig/sup_moveit_config_2.pc'
[1.026s] Level 1:colcon.colcon_core.environment:checking '/home/guyi/github/Modified_InMoov/visualize_ws/install/sup_moveit_config_2/lib/python3.10/site-packages'
[1.026s] Level 1:colcon.colcon_core.environment:checking '/home/guyi/github/Modified_InMoov/visualize_ws/install/sup_moveit_config_2/bin'
[1.026s] INFO:colcon.colcon_core.shell:Creating package script '/home/guyi/github/Modified_InMoov/visualize_ws/install/sup_moveit_config_2/share/sup_moveit_config_2/package.ps1'
[1.026s] INFO:colcon.colcon_core.shell:Creating package descriptor '/home/guyi/github/Modified_InMoov/visualize_ws/install/sup_moveit_config_2/share/sup_moveit_config_2/package.dsv'
[1.026s] INFO:colcon.colcon_core.shell:Creating package script '/home/guyi/github/Modified_InMoov/visualize_ws/install/sup_moveit_config_2/share/sup_moveit_config_2/package.sh'
[1.027s] INFO:colcon.colcon_core.shell:Creating package script '/home/guyi/github/Modified_InMoov/visualize_ws/install/sup_moveit_config_2/share/sup_moveit_config_2/package.bash'
[1.027s] INFO:colcon.colcon_core.shell:Creating package script '/home/guyi/github/Modified_InMoov/visualize_ws/install/sup_moveit_config_2/share/sup_moveit_config_2/package.zsh'
[1.027s] Level 1:colcon.colcon_core.environment:create_file_with_runtime_dependencies(/home/guyi/github/Modified_InMoov/visualize_ws/install/sup_moveit_config_2/share/colcon-core/packages/sup_moveit_config_2)
[1.027s] DEBUG:colcon.colcon_parallel_executor.executor.parallel:closing loop
[1.028s] DEBUG:colcon.colcon_parallel_executor.executor.parallel:loop closed
[1.028s] DEBUG:colcon.colcon_parallel_executor.executor.parallel:run_until_complete finished with '0'
[1.028s] DEBUG:colcon.colcon_core.event_reactor:joining thread
[1.032s] INFO:colcon.colcon_core.plugin_system:Skipping extension 'colcon_notification.desktop_notification.terminal_notifier': Not used on non-Darwin systems
[1.033s] INFO:colcon.colcon_core.plugin_system:Skipping extension 'colcon_notification.desktop_notification.win32': Not used on non-Windows systems
[1.033s] INFO:colcon.colcon_notification.desktop_notification:Sending desktop notification using 'notify2'
[1.040s] DEBUG:colcon.colcon_core.event_reactor:joined thread
[1.040s] INFO:colcon.colcon_core.shell:Creating prefix script '/home/guyi/github/Modified_InMoov/visualize_ws/install/local_setup.ps1'
[1.041s] INFO:colcon.colcon_core.shell:Creating prefix util module '/home/guyi/github/Modified_InMoov/visualize_ws/install/_local_setup_util_ps1.py'
[1.042s] INFO:colcon.colcon_core.shell:Creating prefix chain script '/home/guyi/github/Modified_InMoov/visualize_ws/install/setup.ps1'
[1.043s] INFO:colcon.colcon_core.shell:Creating prefix script '/home/guyi/github/Modified_InMoov/visualize_ws/install/local_setup.sh'
[1.043s] INFO:colcon.colcon_core.shell:Creating prefix util module '/home/guyi/github/Modified_InMoov/visualize_ws/install/_local_setup_util_sh.py'
[1.043s] INFO:colcon.colcon_core.shell:Creating prefix chain script '/home/guyi/github/Modified_InMoov/visualize_ws/install/setup.sh'
[1.044s] INFO:colcon.colcon_core.shell:Creating prefix script '/home/guyi/github/Modified_InMoov/visualize_ws/install/local_setup.bash'
[1.044s] INFO:colcon.colcon_core.shell:Creating prefix chain script '/home/guyi/github/Modified_InMoov/visualize_ws/install/setup.bash'
[1.045s] INFO:colcon.colcon_core.shell:Creating prefix script '/home/guyi/github/Modified_InMoov/visualize_ws/install/local_setup.zsh'
[1.045s] INFO:colcon.colcon_core.shell:Creating prefix chain script '/home/guyi/github/Modified_InMoov/visualize_ws/install/setup.zsh'
