[0.140s] Invoking command in '/home/guyi/github/Modified_InMoov/Unity-ros-connection/ros2 nodes/udp converter/build/servo_mediator_cpp': CMAKE_PREFIX_PATH=${CMAKE_PREFIX_PATH}:/home/guyi/github/Modified_InMoov/Unity-ros-connection/ros2 nodes/udp converter/install/ce_python:/opt/ros/humble CONDA_PROMPT_MODIFIER=(base) /usr/local/bin/cmake --build /home/guyi/github/Modified_InMoov/Unity-ros-connection/ros2 nodes/udp converter/build/servo_mediator_cpp -- -j16 -l16
[0.161s] [35m[1mConsolidate compiler generated dependencies of target combined_node[0m
[0.181s] [ 16%] [32mBuilding CXX object CMakeFiles/combined_node.dir/src/websocket_receiver_node.cpp.o[0m
[1.970s] [01m[K/home/guyi/github/Modified_InMoov/Unity-ros-connection/ros2 nodes/udp converter/src/servo_mediator_cpp/src/websocket_receiver_node.cpp:8:1:[m[K [01;31m[Kerror: [m[Kredefinition of ‘[01m[KWebSocketReceiverNode::WebSocketReceiverNode()[m[K’
[1.970s]     8 | [01;31m[KWebSocketReceiverNode[m[K::WebSocketReceiverNode()
[1.970s]       | [01;31m[K^~~~~~~~~~~~~~~~~~~~~[m[K
[1.970s] In file included from [01m[K/home/guyi/github/Modified_InMoov/Unity-ros-connection/ros2 nodes/udp converter/src/servo_mediator_cpp/src/websocket_receiver_node.cpp:1[m[K:
[1.970s] [01m[K/home/guyi/github/Modified_InMoov/Unity-ros-connection/ros2 nodes/udp converter/src/servo_mediator_cpp/include/servo_mediator_cpp/websocket_receiver_node.hpp:11:5:[m[K [01;36m[Knote: [m[K‘[01m[KWebSocketReceiverNode::WebSocketReceiverNode()[m[K’ previously defined here
[1.970s]    11 |     [01;36m[KWebSocketReceiverNode[m[K()
[1.970s]       |     [01;36m[K^~~~~~~~~~~~~~~~~~~~~[m[K
[1.971s] [01m[K/home/guyi/github/Modified_InMoov/Unity-ros-connection/ros2 nodes/udp converter/src/servo_mediator_cpp/src/websocket_receiver_node.cpp:19:6:[m[K [01;31m[Kerror: [m[Kno declaration matches ‘[01m[Kvoid WebSocketReceiverNode::handle_message(const string&)[m[K’
[1.971s]    19 | void [01;31m[KWebSocketReceiverNode[m[K::handle_message(const std::string& message)
[1.971s]       |      [01;31m[K^~~~~~~~~~~~~~~~~~~~~[m[K
[1.971s] [01m[K/home/guyi/github/Modified_InMoov/Unity-ros-connection/ros2 nodes/udp converter/src/servo_mediator_cpp/src/websocket_receiver_node.cpp:19:6:[m[K [01;36m[Knote: [m[Kno functions named ‘[01m[Kvoid WebSocketReceiverNode::handle_message(const string&)[m[K’
[1.971s] In file included from [01m[K/home/guyi/github/Modified_InMoov/Unity-ros-connection/ros2 nodes/udp converter/src/servo_mediator_cpp/src/websocket_receiver_node.cpp:1[m[K:
[1.971s] [01m[K/home/guyi/github/Modified_InMoov/Unity-ros-connection/ros2 nodes/udp converter/src/servo_mediator_cpp/include/servo_mediator_cpp/websocket_receiver_node.hpp:8:7:[m[K [01;36m[Knote: [m[K‘[01m[Kclass WebSocketReceiverNode[m[K’ defined here
[1.971s]     8 | class [01;36m[KWebSocketReceiverNode[m[K : public rclcpp::Node
[1.971s]       |       [01;36m[K^~~~~~~~~~~~~~~~~~~~~[m[K
[3.580s] gmake[2]: *** [CMakeFiles/combined_node.dir/build.make:132：CMakeFiles/combined_node.dir/src/websocket_receiver_node.cpp.o] 错误 1
[3.580s] gmake[1]: *** [CMakeFiles/Makefile2:137：CMakeFiles/combined_node.dir/all] 错误 2
[3.581s] gmake: *** [Makefile:146：all] 错误 2
[3.584s] Invoked command in '/home/guyi/github/Modified_InMoov/Unity-ros-connection/ros2 nodes/udp converter/build/servo_mediator_cpp' returned '2': CMAKE_PREFIX_PATH=${CMAKE_PREFIX_PATH}:/home/guyi/github/Modified_InMoov/Unity-ros-connection/ros2 nodes/udp converter/install/ce_python:/opt/ros/humble CONDA_PROMPT_MODIFIER=(base) /usr/local/bin/cmake --build /home/guyi/github/Modified_InMoov/Unity-ros-connection/ros2 nodes/udp converter/build/servo_mediator_cpp -- -j16 -l16
