[0.011s] Invoking command in '/home/guyi/github/Modified_InMoov/Unity-ros-connection/ros2 nodes/udp converter/build/servo_mediator_cpp': CMAKE_PREFIX_PATH=${CMAKE_PREFIX_PATH}:/home/guyi/github/Modified_InMoov/Unity-ros-connection/ros2 nodes/udp converter/install/ce_python:/opt/ros/humble CONDA_PROMPT_MODIFIER=(base) /usr/local/bin/cmake --build /home/guyi/github/Modified_InMoov/Unity-ros-connection/ros2 nodes/udp converter/build/servo_mediator_cpp -- -j16 -l16
[0.025s] -- Found ament_cmake: 1.3.11 (/opt/ros/humble/share/ament_cmake/cmake)
[0.123s] -- Found rclcpp: 16.0.12 (/opt/ros/humble/share/rclcpp/cmake)
[0.154s] -- Found rosidl_generator_c: 3.1.6 (/opt/ros/humble/share/rosidl_generator_c/cmake)
[0.156s] -- Found rosidl_adapter: 3.1.6 (/opt/ros/humble/share/rosidl_adapter/cmake)
[0.161s] -- Found rosidl_generator_cpp: 3.1.6 (/opt/ros/humble/share/rosidl_generator_cpp/cmake)
[0.171s] -- Using all available rosidl_typesupport_c: rosidl_typesupport_fastrtps_c;rosidl_typesupport_introspection_c
[0.183s] -- Using all available rosidl_typesupport_cpp: rosidl_typesupport_fastrtps_cpp;rosidl_typesupport_introspection_cpp
[0.214s] -- Found rmw_implementation_cmake: 6.1.2 (/opt/ros/humble/share/rmw_implementation_cmake/cmake)
[0.215s] -- Found rmw_fastrtps_cpp: 6.2.7 (/opt/ros/humble/share/rmw_fastrtps_cpp/cmake)
[0.312s] -- Using RMW implementation 'rmw_fastrtps_cpp' as default
[0.344s] [31mCMake Error at /opt/ros/humble/share/ament_cmake_target_dependencies/cmake/ament_target_dependencies.cmake:42 (message):
[0.344s]   ament_target_dependencies() the first argument must be a valid target name
[0.344s] Call Stack (most recent call first):
[0.344s]   CMakeLists.txt:27 (ament_target_dependencies)
[0.344s] 
[0.344s] [0m
[0.344s] -- Configuring incomplete, errors occurred!
[0.344s] See also "/home/guyi/github/Modified_InMoov/Unity-ros-connection/ros2 nodes/udp converter/build/servo_mediator_cpp/CMakeFiles/CMakeOutput.log".
[0.349s] gmake: *** [Makefile:355：cmake_check_build_system] 错误 1
[0.350s] Invoked command in '/home/guyi/github/Modified_InMoov/Unity-ros-connection/ros2 nodes/udp converter/build/servo_mediator_cpp' returned '2': CMAKE_PREFIX_PATH=${CMAKE_PREFIX_PATH}:/home/guyi/github/Modified_InMoov/Unity-ros-connection/ros2 nodes/udp converter/install/ce_python:/opt/ros/humble CONDA_PROMPT_MODIFIER=(base) /usr/local/bin/cmake --build /home/guyi/github/Modified_InMoov/Unity-ros-connection/ros2 nodes/udp converter/build/servo_mediator_cpp -- -j16 -l16
