running egg_info
writing ../build/http_gateway/http_gateway.egg-info/PKG-INFO
writing dependency_links to ../build/http_gateway/http_gateway.egg-info/dependency_links.txt
writing entry points to ../build/http_gateway/http_gateway.egg-info/entry_points.txt
writing requirements to ../build/http_gateway/http_gateway.egg-info/requires.txt
writing top-level names to ../build/http_gateway/http_gateway.egg-info/top_level.txt
reading manifest file '../build/http_gateway/http_gateway.egg-info/SOURCES.txt'
writing manifest file '../build/http_gateway/http_gateway.egg-info/SOURCES.txt'
running build
running build_py
copying http_gateway/http_gateway.py -> /home/guyi/github/Modified_InMoov/ros-http/src/build/http_gateway/build/lib/http_gateway
running install
running install_lib
copying /home/guyi/github/Modified_InMoov/ros-http/src/build/http_gateway/build/lib/http_gateway/http_gateway.py -> /home/guyi/github/Modified_InMoov/ros-http/src/install/http_gateway/lib/python3.10/site-packages/http_gateway
byte-compiling /home/guyi/github/Modified_InMoov/ros-http/src/install/http_gateway/lib/python3.10/site-packages/http_gateway/http_gateway.py to http_gateway.cpython-310.pyc
running install_data
running install_egg_info
removing '/home/guyi/github/Modified_InMoov/ros-http/src/install/http_gateway/lib/python3.10/site-packages/http_gateway-0.0.0-py3.10.egg-info' (and everything under it)
Copying ../build/http_gateway/http_gateway.egg-info to /home/guyi/github/Modified_InMoov/ros-http/src/install/http_gateway/lib/python3.10/site-packages/http_gateway-0.0.0-py3.10.egg-info
running install_scripts
Installing http_gateway script to /home/guyi/github/Modified_InMoov/ros-http/src/install/http_gateway/lib/http_gateway
writing list of installed files to '/home/guyi/github/Modified_InMoov/ros-http/src/build/http_gateway/install.log'
