[0.377s] Invoking command in '/home/guyi/github/Modified_InMoov/ros-http/src/http_gateway': PYTHONPATH=/home/guyi/github/Modified_InMoov/ros-http/src/build/http_gateway/prefix_override:/usr/lib/python3/dist-packages/colcon_core/task/python/colcon_distutils_commands:/home/guyi/github/Modified_InMoov/ros-http/src/install/http_gateway/lib/python3.10/site-packages:${PYTHONPATH} /usr/bin/python3 -W ignore:setup.py install is deprecated -W ignore:easy_install command is deprecated setup.py egg_info --egg-base ../build/http_gateway build --build-base /home/guyi/github/Modified_InMoov/ros-http/src/build/http_gateway/build install --record /home/guyi/github/Modified_InMoov/ros-http/src/build/http_gateway/install.log --single-version-externally-managed install_data
[0.512s] running egg_info
[0.512s] writing ../build/http_gateway/http_gateway.egg-info/PKG-INFO
[0.512s] writing dependency_links to ../build/http_gateway/http_gateway.egg-info/dependency_links.txt
[0.512s] writing entry points to ../build/http_gateway/http_gateway.egg-info/entry_points.txt
[0.512s] writing requirements to ../build/http_gateway/http_gateway.egg-info/requires.txt
[0.512s] writing top-level names to ../build/http_gateway/http_gateway.egg-info/top_level.txt
[0.513s] reading manifest file '../build/http_gateway/http_gateway.egg-info/SOURCES.txt'
[0.514s] writing manifest file '../build/http_gateway/http_gateway.egg-info/SOURCES.txt'
[0.514s] running build
[0.514s] running build_py
[0.514s] copying http_gateway/http_gateway.py -> /home/guyi/github/Modified_InMoov/ros-http/src/build/http_gateway/build/lib/http_gateway
[0.515s] running install
[0.515s] running install_lib
[0.515s] copying /home/guyi/github/Modified_InMoov/ros-http/src/build/http_gateway/build/lib/http_gateway/http_gateway.py -> /home/guyi/github/Modified_InMoov/ros-http/src/install/http_gateway/lib/python3.10/site-packages/http_gateway
[0.516s] byte-compiling /home/guyi/github/Modified_InMoov/ros-http/src/install/http_gateway/lib/python3.10/site-packages/http_gateway/http_gateway.py to http_gateway.cpython-310.pyc
[0.516s] running install_data
[0.516s] running install_egg_info
[0.517s] removing '/home/guyi/github/Modified_InMoov/ros-http/src/install/http_gateway/lib/python3.10/site-packages/http_gateway-0.0.0-py3.10.egg-info' (and everything under it)
[0.518s] Copying ../build/http_gateway/http_gateway.egg-info to /home/guyi/github/Modified_InMoov/ros-http/src/install/http_gateway/lib/python3.10/site-packages/http_gateway-0.0.0-py3.10.egg-info
[0.518s] running install_scripts
[0.531s] Installing http_gateway script to /home/guyi/github/Modified_InMoov/ros-http/src/install/http_gateway/lib/http_gateway
[0.531s] writing list of installed files to '/home/guyi/github/Modified_InMoov/ros-http/src/build/http_gateway/install.log'
[0.549s] Invoked command in '/home/guyi/github/Modified_InMoov/ros-http/src/http_gateway' returned '0': PYTHONPATH=/home/guyi/github/Modified_InMoov/ros-http/src/build/http_gateway/prefix_override:/usr/lib/python3/dist-packages/colcon_core/task/python/colcon_distutils_commands:/home/guyi/github/Modified_InMoov/ros-http/src/install/http_gateway/lib/python3.10/site-packages:${PYTHONPATH} /usr/bin/python3 -W ignore:setup.py install is deprecated -W ignore:easy_install command is deprecated setup.py egg_info --egg-base ../build/http_gateway build --build-base /home/guyi/github/Modified_InMoov/ros-http/src/build/http_gateway/build install --record /home/guyi/github/Modified_InMoov/ros-http/src/build/http_gateway/install.log --single-version-externally-managed install_data
