[35m[1mConsolidate compiler generated dependencies of target combined_node[0m
[ 16%] [32mBuilding CXX object CMakeFiles/combined_node.dir/src/main.cpp.o[0m
[ 33%] [32mBuilding CXX object CMakeFiles/combined_node.dir/src/websocket_receiver_node.cpp.o[0m
[01m[K/home/guyi/github/Modified_InMoov/Unity-ros-connection/ros2 nodes/udp converter/src/servo_mediator_cpp/src/websocket_receiver_node.cpp:[m[K In constructor ‘[01m[KWebSocketReceiverNode::WebSocketReceiverNode()[m[K’:
[01m[K/home/guyi/github/Modified_InMoov/Unity-ros-connection/ros2 nodes/udp converter/src/servo_mediator_cpp/src/websocket_receiver_node.cpp:13:5:[m[K [01;31m[Kerror: [m[K‘[01m[Kws_bridge_[m[K’ was not declared in this scope
   13 |     [01;31m[Kws_bridge_[m[K = std::make_shared<WebSocketBridge>(
      |     [01;31m[K^~~~~~~~~~[m[K
[01m[K/home/guyi/github/Modified_InMoov/Unity-ros-connection/ros2 nodes/udp converter/src/servo_mediator_cpp/src/websocket_receiver_node.cpp:13:35:[m[K [01;31m[Kerror: [m[K‘[01m[KWebSocketBridge[m[K’ was not declared in this scope
   13 |     ws_bridge_ = std::make_shared<[01;31m[KWebSocketBridge[m[K>(
      |                                   [01;31m[K^~~~~~~~~~~~~~~[m[K
[01m[K/home/guyi/github/Modified_InMoov/Unity-ros-connection/ros2 nodes/udp converter/src/servo_mediator_cpp/src/websocket_receiver_node.cpp:13:51:[m[K [01;31m[Kerror: [m[Kno matching function for call to ‘[01m[Kmake_shared<<expression error> >(const char [18], WebSocketReceiverNode::WebSocketReceiverNode()::<lambda(const string&)>)[m[K’
   13 |     ws_bridge_ = [01;31m[Kstd::make_shared<WebSocketBridge>([m[K
      |                  [01;31m[K~~~~~~~~~~~~~~~~~~~~~~~~~~~~~~~~~^[m[K
   14 | [01;31m[K        "ws://0.0.0.0:8765",[m[K
      |         [01;31m[K~~~~~~~~~~~~~~~~~~~~[m[K                       
   15 | [01;31m[K        [this](const std::string& msg) { this->handle_message(msg); }[m[K
      |         [01;31m[K~~~~~~~~~~~~~~~~~~~~~~~~~~~~~~~~~~~~~~~~~~~~~~~~~~~~~~~~~~~~~[m[K
   16 | [01;31m[K    )[m[K;
      |     [01;31m[K~[m[K                                              
In file included from [01m[K/usr/include/c++/11/memory:77[m[K,
                 from [01m[K/opt/ros/humble/include/rclcpp/rclcpp/rclcpp.hpp:153[m[K,
                 from [01m[K/home/guyi/github/Modified_InMoov/Unity-ros-connection/ros2 nodes/udp converter/src/servo_mediator_cpp/include/servo_mediator_cpp/websocket_receiver_node.hpp:3[m[K,
                 from [01m[K/home/guyi/github/Modified_InMoov/Unity-ros-connection/ros2 nodes/udp converter/src/servo_mediator_cpp/src/websocket_receiver_node.cpp:1[m[K:
[01m[K/usr/include/c++/11/bits/shared_ptr.h:875:5:[m[K [01;36m[Knote: [m[Kcandidate: ‘[01m[Ktemplate<class _Tp, class ... _Args> std::shared_ptr<_Tp> std::make_shared(_Args&& ...)[m[K’
  875 |     [01;36m[Kmake_shared[m[K(_Args&&... __args)
      |     [01;36m[K^~~~~~~~~~~[m[K
[01m[K/usr/include/c++/11/bits/shared_ptr.h:875:5:[m[K [01;36m[Knote: [m[K  template argument deduction/substitution failed:
[01m[K/home/guyi/github/Modified_InMoov/Unity-ros-connection/ros2 nodes/udp converter/src/servo_mediator_cpp/src/websocket_receiver_node.cpp:13:51:[m[K [01;31m[Kerror: [m[Ktemplate argument 1 is invalid
   13 |     ws_bridge_ = [01;31m[Kstd::make_shared<WebSocketBridge>([m[K
      |                  [01;31m[K~~~~~~~~~~~~~~~~~~~~~~~~~~~~~~~~~^[m[K
   14 | [01;31m[K        "ws://0.0.0.0:8765",[m[K
      |         [01;31m[K~~~~~~~~~~~~~~~~~~~~[m[K                       
   15 | [01;31m[K        [this](const std::string& msg) { this->handle_message(msg); }[m[K
      |         [01;31m[K~~~~~~~~~~~~~~~~~~~~~~~~~~~~~~~~~~~~~~~~~~~~~~~~~~~~~~~~~~~~~[m[K
   16 | [01;31m[K    )[m[K;
      |     [01;31m[K~[m[K                                              
[01m[K/home/guyi/github/Modified_InMoov/Unity-ros-connection/ros2 nodes/udp converter/src/servo_mediator_cpp/src/websocket_receiver_node.cpp:[m[K In member function ‘[01m[Kvoid WebSocketReceiverNode::handle_message(const string&)[m[K’:
[01m[K/home/guyi/github/Modified_InMoov/Unity-ros-connection/ros2 nodes/udp converter/src/servo_mediator_cpp/src/websocket_receiver_node.cpp:30:36:[m[K [01;31m[Kerror: [m[K‘[01m[Kbase64_decode[m[K’ was not declared in this scope
   30 |             std::string img_data = [01;31m[Kbase64_decode[m[K(img_b64);  // If you use a base64 lib
      |                                    [01;31m[K^~~~~~~~~~~~~[m[K
gmake[2]: *** [CMakeFiles/combined_node.dir/build.make:132：CMakeFiles/combined_node.dir/src/websocket_receiver_node.cpp.o] 错误 1
gmake[1]: *** [CMakeFiles/Makefile2:137：CMakeFiles/combined_node.dir/all] 错误 2
gmake: *** [Makefile:146：all] 错误 2
