[0.146s] Invoking command in '/home/guyi/github/Modified_InMoov/Unity-ros-connection/ros2 nodes/udp converter/build/servo_mediator_cpp': CMAKE_PREFIX_PATH=${CMAKE_PREFIX_PATH}:/home/guyi/github/Modified_InMoov/Unity-ros-connection/ros2 nodes/udp converter/install/ce_python:/opt/ros/humble CONDA_PROMPT_MODIFIER=(base) /usr/local/bin/cmake --build /home/guyi/github/Modified_InMoov/Unity-ros-connection/ros2 nodes/udp converter/build/servo_mediator_cpp -- -j16 -l16
[0.167s] [35m[1mConsolidate compiler generated dependencies of target combined_node[0m
[0.183s] [ 16%] [32mBuilding CXX object CMakeFiles/combined_node.dir/src/main.cpp.o[0m
[0.184s] [ 33%] [32mBuilding CXX object CMakeFiles/combined_node.dir/src/websocket_receiver_node.cpp.o[0m
[2.077s] [01m[K/home/guyi/github/Modified_InMoov/Unity-ros-connection/ros2 nodes/udp converter/src/servo_mediator_cpp/src/websocket_receiver_node.cpp:[m[K In constructor ‘[01m[KWebSocketReceiverNode::WebSocketReceiverNode()[m[K’:
[2.077s] [01m[K/home/guyi/github/Modified_InMoov/Unity-ros-connection/ros2 nodes/udp converter/src/servo_mediator_cpp/src/websocket_receiver_node.cpp:13:5:[m[K [01;31m[Kerror: [m[K‘[01m[Kws_bridge_[m[K’ was not declared in this scope
[2.077s]    13 |     [01;31m[Kws_bridge_[m[K = std::make_shared<WebSocketBridge>(
[2.077s]       |     [01;31m[K^~~~~~~~~~[m[K
[2.084s] [01m[K/home/guyi/github/Modified_InMoov/Unity-ros-connection/ros2 nodes/udp converter/src/servo_mediator_cpp/src/websocket_receiver_node.cpp:13:35:[m[K [01;31m[Kerror: [m[K‘[01m[KWebSocketBridge[m[K’ was not declared in this scope
[2.084s]    13 |     ws_bridge_ = std::make_shared<[01;31m[KWebSocketBridge[m[K>(
[2.084s]       |                                   [01;31m[K^~~~~~~~~~~~~~~[m[K
[2.084s] [01m[K/home/guyi/github/Modified_InMoov/Unity-ros-connection/ros2 nodes/udp converter/src/servo_mediator_cpp/src/websocket_receiver_node.cpp:13:51:[m[K [01;31m[Kerror: [m[Kno matching function for call to ‘[01m[Kmake_shared<<expression error> >(const char [18], WebSocketReceiverNode::WebSocketReceiverNode()::<lambda(const string&)>)[m[K’
[2.084s]    13 |     ws_bridge_ = [01;31m[Kstd::make_shared<WebSocketBridge>([m[K
[2.084s]       |                  [01;31m[K~~~~~~~~~~~~~~~~~~~~~~~~~~~~~~~~~^[m[K
[2.084s]    14 | [01;31m[K        "ws://0.0.0.0:8765",[m[K
[2.084s]       |         [01;31m[K~~~~~~~~~~~~~~~~~~~~[m[K                       
[2.084s]    15 | [01;31m[K        [this](const std::string& msg) { this->handle_message(msg); }[m[K
[2.084s]       |         [01;31m[K~~~~~~~~~~~~~~~~~~~~~~~~~~~~~~~~~~~~~~~~~~~~~~~~~~~~~~~~~~~~~[m[K
[2.084s]    16 | [01;31m[K    )[m[K;
[2.084s]       |     [01;31m[K~[m[K                                              
[2.084s] In file included from [01m[K/usr/include/c++/11/memory:77[m[K,
[2.084s]                  from [01m[K/opt/ros/humble/include/rclcpp/rclcpp/rclcpp.hpp:153[m[K,
[2.084s]                  from [01m[K/home/guyi/github/Modified_InMoov/Unity-ros-connection/ros2 nodes/udp converter/src/servo_mediator_cpp/include/servo_mediator_cpp/websocket_receiver_node.hpp:3[m[K,
[2.085s]                  from [01m[K/home/guyi/github/Modified_InMoov/Unity-ros-connection/ros2 nodes/udp converter/src/servo_mediator_cpp/src/websocket_receiver_node.cpp:1[m[K:
[2.085s] [01m[K/usr/include/c++/11/bits/shared_ptr.h:875:5:[m[K [01;36m[Knote: [m[Kcandidate: ‘[01m[Ktemplate<class _Tp, class ... _Args> std::shared_ptr<_Tp> std::make_shared(_Args&& ...)[m[K’
[2.085s]   875 |     [01;36m[Kmake_shared[m[K(_Args&&... __args)
[2.085s]       |     [01;36m[K^~~~~~~~~~~[m[K
[2.085s] [01m[K/usr/include/c++/11/bits/shared_ptr.h:875:5:[m[K [01;36m[Knote: [m[K  template argument deduction/substitution failed:
[2.085s] [01m[K/home/guyi/github/Modified_InMoov/Unity-ros-connection/ros2 nodes/udp converter/src/servo_mediator_cpp/src/websocket_receiver_node.cpp:13:51:[m[K [01;31m[Kerror: [m[Ktemplate argument 1 is invalid
[2.085s]    13 |     ws_bridge_ = [01;31m[Kstd::make_shared<WebSocketBridge>([m[K
[2.085s]       |                  [01;31m[K~~~~~~~~~~~~~~~~~~~~~~~~~~~~~~~~~^[m[K
[2.085s]    14 | [01;31m[K        "ws://0.0.0.0:8765",[m[K
[2.085s]       |         [01;31m[K~~~~~~~~~~~~~~~~~~~~[m[K                       
[2.085s]    15 | [01;31m[K        [this](const std::string& msg) { this->handle_message(msg); }[m[K
[2.085s]       |         [01;31m[K~~~~~~~~~~~~~~~~~~~~~~~~~~~~~~~~~~~~~~~~~~~~~~~~~~~~~~~~~~~~~[m[K
[2.085s]    16 | [01;31m[K    )[m[K;
[2.085s]       |     [01;31m[K~[m[K                                              
[2.094s] [01m[K/home/guyi/github/Modified_InMoov/Unity-ros-connection/ros2 nodes/udp converter/src/servo_mediator_cpp/src/websocket_receiver_node.cpp:[m[K In member function ‘[01m[Kvoid WebSocketReceiverNode::handle_message(const string&)[m[K’:
[2.094s] [01m[K/home/guyi/github/Modified_InMoov/Unity-ros-connection/ros2 nodes/udp converter/src/servo_mediator_cpp/src/websocket_receiver_node.cpp:30:36:[m[K [01;31m[Kerror: [m[K‘[01m[Kbase64_decode[m[K’ was not declared in this scope
[2.094s]    30 |             std::string img_data = [01;31m[Kbase64_decode[m[K(img_b64);  // If you use a base64 lib
[2.094s]       |                                    [01;31m[K^~~~~~~~~~~~~[m[K
[3.099s] gmake[2]: *** [CMakeFiles/combined_node.dir/build.make:132：CMakeFiles/combined_node.dir/src/websocket_receiver_node.cpp.o] 错误 1
[3.099s] gmake[1]: *** [CMakeFiles/Makefile2:137：CMakeFiles/combined_node.dir/all] 错误 2
[3.099s] gmake: *** [Makefile:146：all] 错误 2
[3.101s] Invoked command in '/home/guyi/github/Modified_InMoov/Unity-ros-connection/ros2 nodes/udp converter/build/servo_mediator_cpp' returned '2': CMAKE_PREFIX_PATH=${CMAKE_PREFIX_PATH}:/home/guyi/github/Modified_InMoov/Unity-ros-connection/ros2 nodes/udp converter/install/ce_python:/opt/ros/humble CONDA_PROMPT_MODIFIER=(base) /usr/local/bin/cmake --build /home/guyi/github/Modified_InMoov/Unity-ros-connection/ros2 nodes/udp converter/build/servo_mediator_cpp -- -j16 -l16
