-- The C compiler identification is GNU 11.4.0
-- The CXX compiler identification is GNU 11.4.0
-- Detecting C compiler ABI info
-- Detecting C compiler ABI info - done
-- Check for working C compiler: /usr/bin/cc - skipped
-- Detecting C compile features
-- Detecting C compile features - done
-- Detecting CXX compiler ABI info
-- Detecting CXX compiler ABI info - done
-- Check for working CXX compiler: /usr/bin/c++ - skipped
-- Detecting CXX compile features
-- Detecting CXX compile features - done
-- Found ament_cmake: 1.3.11 (/opt/ros/humble/share/ament_cmake/cmake)
-- Found Python3: /home/guyi/anaconda3/bin/python3 (found version "3.12.7") found components: Interpreter 
-- Found rclcpp: 16.0.12 (/opt/ros/humble/share/rclcpp/cmake)
-- Found rosidl_generator_c: 3.1.6 (/opt/ros/humble/share/rosidl_generator_c/cmake)
-- Found rosidl_adapter: 3.1.6 (/opt/ros/humble/share/rosidl_adapter/cmake)
-- Found rosidl_generator_cpp: 3.1.6 (/opt/ros/humble/share/rosidl_generator_cpp/cmake)
-- Using all available rosidl_typesupport_c: rosidl_typesupport_fastrtps_c;rosidl_typesupport_introspection_c
-- Using all available rosidl_typesupport_cpp: rosidl_typesupport_fastrtps_cpp;rosidl_typesupport_introspection_cpp
-- Found rmw_implementation_cmake: 6.1.2 (/opt/ros/humble/share/rmw_implementation_cmake/cmake)
-- Found rmw_fastrtps_cpp: 6.2.7 (/opt/ros/humble/share/rmw_fastrtps_cpp/cmake)
-- Found OpenSSL: /usr/lib/x86_64-linux-gnu/libcrypto.so (found version "3.0.2")  
-- Found FastRTPS: /opt/ros/humble/include  
-- Using RMW implementation 'rmw_fastrtps_cpp' as default
-- Looking for pthread.h
-- Looking for pthread.h - found
-- Performing Test CMAKE_HAVE_LIBC_PTHREAD
-- Performing Test CMAKE_HAVE_LIBC_PTHREAD - Success
-- Found Threads: TRUE  
-- Found nlohmann_json: /usr/lib/cmake/nlohmann_json/nlohmann_jsonConfig.cmake (found version "3.10.5") 
-- Found OpenCV: /usr (found version "4.5.4") 
-- Configuring done
[33mCMake Warning at CMakeLists.txt:34 (add_executable):
  Cannot generate a safe runtime search path for target combined_node because
  files in some directories may conflict with libraries in implicit
  directories:

    runtime library [libcurl.so.4] in /usr/lib/x86_64-linux-gnu may be hidden by files in:
      /home/guyi/anaconda3/lib
    runtime library [libtiff.so.5] in /usr/lib/x86_64-linux-gnu may be hidden by files in:
      /home/guyi/anaconda3/lib

  Some of these libraries may not be found correctly.

[0m
-- Generating done
-- Build files have been written to: /home/guyi/github/Modified_InMoov/Unity-ros-connection/ros2 nodes/build/servo_mediator_cpp
[ 16%] [32mBuilding CXX object CMakeFiles/combined_node.dir/src/main.cpp.o[0m
[ 33%] [32mBuilding CXX object CMakeFiles/combined_node.dir/src/udp_receiver_node.cpp.o[0m
[ 66%] [32mBuilding CXX object CMakeFiles/combined_node.dir/src/servo_mediator_node.cpp.o[0m
[ 66%] [32mBuilding CXX object CMakeFiles/combined_node.dir/src/tcp_receiver_node.cpp.o[0m
[ 83%] [32mBuilding CXX object CMakeFiles/combined_node.dir/src/websocket_receiver_node.cpp.o[0m
[01m[K/home/guyi/github/Modified_InMoov/Unity-ros-connection/ros2 nodes/udp converter/src/servo_mediator_cpp/src/udp_receiver_node.cpp:7:10:[m[K [01;31m[Kfatal error: [m[Kservo_mediator_cpp/utils.hpp: 没有那个文件或目录
    7 | #include [01;31m[K"servo_mediator_cpp/utils.hpp"[m[K
      |          [01;31m[K^~~~~~~~~~~~~~~~~~~~~~~~~~~~~~[m[K
compilation terminated.
gmake[2]: *** [CMakeFiles/combined_node.dir/build.make:104：CMakeFiles/combined_node.dir/src/udp_receiver_node.cpp.o] 错误 1
gmake[2]: *** 正在等待未完成的任务....
gmake[1]: *** [CMakeFiles/Makefile2:137：CMakeFiles/combined_node.dir/all] 错误 2
gmake: *** [Makefile:146：all] 错误 2
