[0.298s] Invoking command in '/home/guyi/github/Modified_InMoov/Unity-ros-connection/ros2 nodes/build/servo_mediator_cpp': CMAKE_PREFIX_PATH=${CMAKE_PREFIX_PATH}:/home/guyi/github/Modified_InMoov/Unity-ros-connection/ros2 nodes/udp converter/install/ce_python:/opt/ros/humble CONDA_PROMPT_MODIFIER=(base) /usr/local/bin/cmake /home/guyi/github/Modified_InMoov/Unity-ros-connection/ros2 nodes/udp converter/src/servo_mediator_cpp -DCMAKE_INSTALL_PREFIX=/home/guyi/github/Modified_InMoov/Unity-ros-connection/ros2 nodes/install/servo_mediator_cpp
[0.333s] -- The C compiler identification is GNU 11.4.0
[0.374s] -- The CXX compiler identification is GNU 11.4.0
[0.378s] -- Detecting C compiler ABI info
[0.419s] -- Detecting C compiler ABI info - done
[0.424s] -- Check for working C compiler: /usr/bin/cc - skipped
[0.424s] -- Detecting C compile features
[0.425s] -- Detecting C compile features - done
[0.427s] -- Detecting CXX compiler ABI info
[0.473s] -- Detecting CXX compiler ABI info - done
[0.479s] -- Check for working CXX compiler: /usr/bin/c++ - skipped
[0.479s] -- Detecting CXX compile features
[0.479s] -- Detecting CXX compile features - done
[0.482s] -- Found ament_cmake: 1.3.11 (/opt/ros/humble/share/ament_cmake/cmake)
[0.717s] -- Found Python3: /home/guyi/anaconda3/bin/python3 (found version "3.12.7") found components: Interpreter 
[0.794s] -- Found rclcpp: 16.0.12 (/opt/ros/humble/share/rclcpp/cmake)
[0.830s] -- Found rosidl_generator_c: 3.1.6 (/opt/ros/humble/share/rosidl_generator_c/cmake)
[0.834s] -- Found rosidl_adapter: 3.1.6 (/opt/ros/humble/share/rosidl_adapter/cmake)
[0.841s] -- Found rosidl_generator_cpp: 3.1.6 (/opt/ros/humble/share/rosidl_generator_cpp/cmake)
[0.850s] -- Using all available rosidl_typesupport_c: rosidl_typesupport_fastrtps_c;rosidl_typesupport_introspection_c
[0.863s] -- Using all available rosidl_typesupport_cpp: rosidl_typesupport_fastrtps_cpp;rosidl_typesupport_introspection_cpp
[0.898s] -- Found rmw_implementation_cmake: 6.1.2 (/opt/ros/humble/share/rmw_implementation_cmake/cmake)
[0.900s] -- Found rmw_fastrtps_cpp: 6.2.7 (/opt/ros/humble/share/rmw_fastrtps_cpp/cmake)
[0.971s] -- Found OpenSSL: /usr/lib/x86_64-linux-gnu/libcrypto.so (found version "3.0.2")  
[0.996s] -- Found FastRTPS: /opt/ros/humble/include  
[1.032s] -- Using RMW implementation 'rmw_fastrtps_cpp' as default
[1.041s] -- Looking for pthread.h
[1.083s] -- Looking for pthread.h - found
[1.083s] -- Performing Test CMAKE_HAVE_LIBC_PTHREAD
[1.123s] -- Performing Test CMAKE_HAVE_LIBC_PTHREAD - Success
[1.124s] -- Found Threads: TRUE  
[1.165s] -- Found nlohmann_json: /usr/lib/cmake/nlohmann_json/nlohmann_jsonConfig.cmake (found version "3.10.5") 
[1.172s] -- Found OpenCV: /usr (found version "4.5.4") 
[1.235s] -- Configuring done
[1.242s] [33mCMake Warning at CMakeLists.txt:34 (add_executable):
[1.243s]   Cannot generate a safe runtime search path for target combined_node because
[1.243s]   files in some directories may conflict with libraries in implicit
[1.243s]   directories:
[1.243s] 
[1.243s]     runtime library [libcurl.so.4] in /usr/lib/x86_64-linux-gnu may be hidden by files in:
[1.243s]       /home/guyi/anaconda3/lib
[1.243s]     runtime library [libtiff.so.5] in /usr/lib/x86_64-linux-gnu may be hidden by files in:
[1.243s]       /home/guyi/anaconda3/lib
[1.243s] 
[1.243s]   Some of these libraries may not be found correctly.
[1.243s] 
[1.243s] [0m
[1.244s] -- Generating done
[1.246s] -- Build files have been written to: /home/guyi/github/Modified_InMoov/Unity-ros-connection/ros2 nodes/build/servo_mediator_cpp
[1.253s] Invoked command in '/home/guyi/github/Modified_InMoov/Unity-ros-connection/ros2 nodes/build/servo_mediator_cpp' returned '0': CMAKE_PREFIX_PATH=${CMAKE_PREFIX_PATH}:/home/guyi/github/Modified_InMoov/Unity-ros-connection/ros2 nodes/udp converter/install/ce_python:/opt/ros/humble CONDA_PROMPT_MODIFIER=(base) /usr/local/bin/cmake /home/guyi/github/Modified_InMoov/Unity-ros-connection/ros2 nodes/udp converter/src/servo_mediator_cpp -DCMAKE_INSTALL_PREFIX=/home/guyi/github/Modified_InMoov/Unity-ros-connection/ros2 nodes/install/servo_mediator_cpp
[1.254s] Invoking command in '/home/guyi/github/Modified_InMoov/Unity-ros-connection/ros2 nodes/build/servo_mediator_cpp': CMAKE_PREFIX_PATH=${CMAKE_PREFIX_PATH}:/home/guyi/github/Modified_InMoov/Unity-ros-connection/ros2 nodes/udp converter/install/ce_python:/opt/ros/humble CONDA_PROMPT_MODIFIER=(base) /usr/local/bin/cmake --build /home/guyi/github/Modified_InMoov/Unity-ros-connection/ros2 nodes/build/servo_mediator_cpp -- -j16 -l16
[1.274s] [ 16%] [32mBuilding CXX object CMakeFiles/combined_node.dir/src/main.cpp.o[0m
[1.274s] [ 33%] [32mBuilding CXX object CMakeFiles/combined_node.dir/src/udp_receiver_node.cpp.o[0m
[1.275s] [ 66%] [32mBuilding CXX object CMakeFiles/combined_node.dir/src/servo_mediator_node.cpp.o[0m
[1.275s] [ 66%] [32mBuilding CXX object CMakeFiles/combined_node.dir/src/tcp_receiver_node.cpp.o[0m
[1.275s] [ 83%] [32mBuilding CXX object CMakeFiles/combined_node.dir/src/websocket_receiver_node.cpp.o[0m
[1.467s] [01m[K/home/guyi/github/Modified_InMoov/Unity-ros-connection/ros2 nodes/udp converter/src/servo_mediator_cpp/src/udp_receiver_node.cpp:7:10:[m[K [01;31m[Kfatal error: [m[Kservo_mediator_cpp/utils.hpp: 没有那个文件或目录
[1.467s]     7 | #include [01;31m[K"servo_mediator_cpp/utils.hpp"[m[K
[1.468s]       |          [01;31m[K^~~~~~~~~~~~~~~~~~~~~~~~~~~~~~[m[K
[1.468s] compilation terminated.
[1.471s] gmake[2]: *** [CMakeFiles/combined_node.dir/build.make:104：CMakeFiles/combined_node.dir/src/udp_receiver_node.cpp.o] 错误 1
[1.471s] gmake[2]: *** 正在等待未完成的任务....
[9.521s] gmake[1]: *** [CMakeFiles/Makefile2:137：CMakeFiles/combined_node.dir/all] 错误 2
[9.521s] gmake: *** [Makefile:146：all] 错误 2
[9.523s] Invoked command in '/home/guyi/github/Modified_InMoov/Unity-ros-connection/ros2 nodes/build/servo_mediator_cpp' returned '2': CMAKE_PREFIX_PATH=${CMAKE_PREFIX_PATH}:/home/guyi/github/Modified_InMoov/Unity-ros-connection/ros2 nodes/udp converter/install/ce_python:/opt/ros/humble CONDA_PROMPT_MODIFIER=(base) /usr/local/bin/cmake --build /home/guyi/github/Modified_InMoov/Unity-ros-connection/ros2 nodes/build/servo_mediator_cpp -- -j16 -l16
