running egg_info
writing ../../build/pyqt_ros_gui/pyqt_ros_gui.egg-info/PKG-INFO
writing dependency_links to ../../build/pyqt_ros_gui/pyqt_ros_gui.egg-info/dependency_links.txt
writing entry points to ../../build/pyqt_ros_gui/pyqt_ros_gui.egg-info/entry_points.txt
writing requirements to ../../build/pyqt_ros_gui/pyqt_ros_gui.egg-info/requires.txt
writing top-level names to ../../build/pyqt_ros_gui/pyqt_ros_gui.egg-info/top_level.txt
reading manifest file '../../build/pyqt_ros_gui/pyqt_ros_gui.egg-info/SOURCES.txt'
writing manifest file '../../build/pyqt_ros_gui/pyqt_ros_gui.egg-info/SOURCES.txt'
running build
running build_py
copying pyqt_ros_gui/main.py -> /home/guyi/ros2_ws/build/pyqt_ros_gui/build/lib/pyqt_ros_gui
running install
running install_lib
copying /home/guyi/ros2_ws/build/pyqt_ros_gui/build/lib/pyqt_ros_gui/main.py -> /home/guyi/ros2_ws/install/pyqt_ros_gui/lib/python3.10/site-packages/pyqt_ros_gui
byte-compiling /home/guyi/ros2_ws/install/pyqt_ros_gui/lib/python3.10/site-packages/pyqt_ros_gui/main.py to main.cpython-310.pyc
running install_data
running install_egg_info
removing '/home/guyi/ros2_ws/install/pyqt_ros_gui/lib/python3.10/site-packages/pyqt_ros_gui-0.0.0-py3.10.egg-info' (and everything under it)
Copying ../../build/pyqt_ros_gui/pyqt_ros_gui.egg-info to /home/guyi/ros2_ws/install/pyqt_ros_gui/lib/python3.10/site-packages/pyqt_ros_gui-0.0.0-py3.10.egg-info
running install_scripts
Installing gui_node script to /home/guyi/ros2_ws/install/pyqt_ros_gui/lib/pyqt_ros_gui
Installing joint_node_publish script to /home/guyi/ros2_ws/install/pyqt_ros_gui/lib/pyqt_ros_gui
Installing joint_node_receive script to /home/guyi/ros2_ws/install/pyqt_ros_gui/lib/pyqt_ros_gui
writing list of installed files to '/home/guyi/ros2_ws/build/pyqt_ros_gui/install.log'
