[0.154s] Invoking command in '/home/guyi/github/Modified_InMoov/Unity-ros-connection/ros2 nodes/build/inmoov_description': CONDA_PROMPT_MODIFIER=(base) /usr/local/bin/cmake /home/guyi/github/Modified_InMoov/Unity-ros-connection/ros2 nodes/ros-bridge/src/inmoov_description -DCATKIN_INSTALL_INTO_PREFIX_ROOT=0 -DCMAKE_INSTALL_PREFIX=/home/guyi/github/Modified_InMoov/Unity-ros-connection/ros2 nodes/install/inmoov_description
[0.303s] -- The C compiler identification is GNU 11.4.0
[0.303s] -- The CXX compiler identification is GNU 11.4.0
[0.303s] -- Detecting C compiler ABI info
[0.303s] -- Detecting C compiler ABI info - done
[0.303s] -- Check for working C compiler: /usr/bin/cc - skipped
[0.303s] -- Detecting C compile features
[0.303s] -- Detecting C compile features - done
[0.303s] -- Detecting CXX compiler ABI info
[0.347s] -- Detecting CXX compiler ABI info - done
[0.352s] -- Check for working CXX compiler: /usr/bin/c++ - skipped
[0.352s] -- Detecting CXX compile features
[0.352s] -- Detecting CXX compile features - done
[0.356s] -- Found ament_cmake: 1.3.11 (/opt/ros/humble/share/ament_cmake/cmake)
[0.603s] -- Found Python3: /home/guyi/anaconda3/bin/python3 (found version "3.12.7") found components: Interpreter 
[0.686s] -- Found rclcpp: 16.0.12 (/opt/ros/humble/share/rclcpp/cmake)
[0.728s] -- Found rosidl_generator_c: 3.1.6 (/opt/ros/humble/share/rosidl_generator_c/cmake)
[0.733s] -- Found rosidl_adapter: 3.1.6 (/opt/ros/humble/share/rosidl_adapter/cmake)
[0.741s] -- Found rosidl_generator_cpp: 3.1.6 (/opt/ros/humble/share/rosidl_generator_cpp/cmake)
[0.751s] -- Using all available rosidl_typesupport_c: rosidl_typesupport_fastrtps_c;rosidl_typesupport_introspection_c
[0.765s] -- Using all available rosidl_typesupport_cpp: rosidl_typesupport_fastrtps_cpp;rosidl_typesupport_introspection_cpp
[0.802s] -- Found rmw_implementation_cmake: 6.1.2 (/opt/ros/humble/share/rmw_implementation_cmake/cmake)
[0.805s] -- Found rmw_fastrtps_cpp: 6.2.7 (/opt/ros/humble/share/rmw_fastrtps_cpp/cmake)
[0.880s] -- Found OpenSSL: /usr/lib/x86_64-linux-gnu/libcrypto.so (found version "3.0.2")  
[0.903s] -- Found FastRTPS: /opt/ros/humble/include  
[0.939s] -- Using RMW implementation 'rmw_fastrtps_cpp' as default
[0.949s] -- Looking for pthread.h
[0.990s] -- Looking for pthread.h - found
[0.991s] -- Performing Test CMAKE_HAVE_LIBC_PTHREAD
[1.036s] -- Performing Test CMAKE_HAVE_LIBC_PTHREAD - Success
[1.036s] -- Found Threads: TRUE  
[1.074s] -- Found gazebo_ros: 3.9.0 (/opt/ros/humble/share/gazebo_ros/cmake)
[1.085s] -- Found PkgConfig: /usr/bin/pkg-config (found version "0.29.2") 
[1.086s] -- Checking for module 'bullet>=2.82'
[1.096s] --   Found bullet, version 3.05
[1.196s] -- Found fcl: /usr/include (found suitable version "0.7.0", minimum required is "0.5.0") 
[1.239s] -- Found assimp: /usr/include (found version "5.2.0") 
[1.262s] -- Found DART: /usr/include (Required is at least version "6.6") found components: dart 
[1.280s] -- Found Boost: /home/guyi/anaconda3/lib/cmake/Boost-1.82.0/BoostConfig.cmake (found suitable version "1.82.0", minimum required is "1.40.0") found components: thread system filesystem program_options regex iostreams date_time 
[1.297s] [33mCMake Warning at /usr/local/share/cmake-3.22/Modules/FindProtobuf.cmake:524 (message):
[1.297s]   Protobuf compiler version 25.3 doesn't match library version 3.12.4
[1.297s] Call Stack (most recent call first):
[1.297s]   /usr/lib/x86_64-linux-gnu/cmake/gazebo/gazebo-config.cmake:203 (find_package)
[1.297s]   /opt/ros/humble/share/gazebo_dev/cmake/gazebo_dev-extras.cmake:3 (find_package)
[1.297s]   /opt/ros/humble/share/gazebo_dev/cmake/gazebo_devConfig.cmake:41 (include)
[1.297s]   /opt/ros/humble/share/gazebo_ros/cmake/ament_cmake_export_dependencies-extras.cmake:21 (find_package)
[1.297s]   /opt/ros/humble/share/gazebo_ros/cmake/gazebo_rosConfig.cmake:41 (include)
[1.297s]   CMakeLists.txt:7 (find_package)
[1.297s] 
[1.297s] [0m
[1.297s] -- Found Protobuf: /usr/lib/x86_64-linux-gnu/libprotobuf.so (found version "3.12.4") 
[1.308s] -- Looking for ignition-math6 -- found version 6.15.1
[1.315s] -- Searching for dependencies of ignition-math6
[1.316s] -- Looking for OGRE...
[1.317s] -- OGRE_PREFIX_WATCH changed.
[1.321s] -- Checking for module 'OGRE'
[1.333s] --   Found OGRE, version 1.9.0
[1.360s] -- Found Ogre Ghadamon (1.9.0)
[1.367s] -- Found OGRE: optimized;/usr/lib/x86_64-linux-gnu/libOgreMain.so;debug;/usr/lib/x86_64-linux-gnu/libOgreMain.so
[1.374s] -- Looking for OGRE_Paging...
[1.379s] -- Found OGRE_Paging: optimized;/usr/lib/x86_64-linux-gnu/libOgrePaging.so;debug;/usr/lib/x86_64-linux-gnu/libOgrePaging.so
[1.379s] -- Looking for OGRE_Terrain...
[1.383s] -- Found OGRE_Terrain: optimized;/usr/lib/x86_64-linux-gnu/libOgreTerrain.so;debug;/usr/lib/x86_64-linux-gnu/libOgreTerrain.so
[1.383s] -- Looking for OGRE_Property...
[1.386s] -- Found OGRE_Property: optimized;/usr/lib/x86_64-linux-gnu/libOgreProperty.so;debug;/usr/lib/x86_64-linux-gnu/libOgreProperty.so
[1.386s] -- Looking for OGRE_RTShaderSystem...
[1.392s] -- Found OGRE_RTShaderSystem: optimized;/usr/lib/x86_64-linux-gnu/libOgreRTShaderSystem.so;debug;/usr/lib/x86_64-linux-gnu/libOgreRTShaderSystem.so
[1.392s] -- Looking for OGRE_Volume...
[1.398s] -- Found OGRE_Volume: optimized;/usr/lib/x86_64-linux-gnu/libOgreVolume.so;debug;/usr/lib/x86_64-linux-gnu/libOgreVolume.so
[1.398s] -- Looking for OGRE_Overlay...
[1.403s] -- Found OGRE_Overlay: optimized;/usr/lib/x86_64-linux-gnu/libOgreOverlay.so;debug;/usr/lib/x86_64-linux-gnu/libOgreOverlay.so
[1.515s] -- Looking for ignition-math6 -- found version 6.15.1
[1.519s] -- Looking for ignition-transport8 -- found version 8.2.1
[1.519s] -- Searching for dependencies of ignition-transport8
[1.540s] [33mCMake Warning at /usr/local/share/cmake-3.22/Modules/FindProtobuf.cmake:524 (message):
[1.541s]   Protobuf compiler version 25.3 doesn't match library version 3.12.4
[1.541s] Call Stack (most recent call first):
[1.541s]   /usr/share/cmake/ignition-cmake2/cmake2/FindIgnProtobuf.cmake:34 (find_package)
[1.541s]   /usr/lib/x86_64-linux-gnu/cmake/ignition-transport8/ignition-transport8-config.cmake:92 (find_package)
[1.541s]   /usr/lib/x86_64-linux-gnu/cmake/gazebo/gazebo-config.cmake:235 (find_package)
[1.541s]   /opt/ros/humble/share/gazebo_dev/cmake/gazebo_dev-extras.cmake:3 (find_package)
[1.541s]   /opt/ros/humble/share/gazebo_dev/cmake/gazebo_devConfig.cmake:41 (include)
[1.541s]   /opt/ros/humble/share/gazebo_ros/cmake/ament_cmake_export_dependencies-extras.cmake:21 (find_package)
[1.541s]   /opt/ros/humble/share/gazebo_ros/cmake/gazebo_rosConfig.cmake:41 (include)
[1.541s]   CMakeLists.txt:7 (find_package)
[1.542s] 
[1.542s] [0m
[1.542s] -- Found Protobuf: /usr/lib/x86_64-linux-gnu/libprotobuf.so (found suitable version "3.12.4", minimum required is "3") 
[1.550s] -- Checking for module 'uuid'
[1.561s] --   Found uuid, version 2.37.2
[1.590s] -- Found UUID: TRUE  
[1.595s] -- Looking for ignition-msgs5 -- found version 5.8.1
[1.595s] -- Searching for dependencies of ignition-msgs5
[1.616s] [33mCMake Warning at /usr/local/share/cmake-3.22/Modules/FindProtobuf.cmake:524 (message):
[1.616s]   Protobuf compiler version 25.3 doesn't match library version 3.12.4
[1.616s] Call Stack (most recent call first):
[1.616s]   /usr/share/cmake/ignition-cmake2/cmake2/FindIgnProtobuf.cmake:34 (find_package)
[1.616s]   /usr/lib/x86_64-linux-gnu/cmake/ignition-msgs5/ignition-msgs5-config.cmake:92 (find_package)
[1.616s]   /usr/lib/x86_64-linux-gnu/cmake/ignition-transport8/ignition-transport8-config.cmake:96 (find_package)
[1.616s]   /usr/lib/x86_64-linux-gnu/cmake/gazebo/gazebo-config.cmake:235 (find_package)
[1.616s]   /opt/ros/humble/share/gazebo_dev/cmake/gazebo_dev-extras.cmake:3 (find_package)
[1.616s]   /opt/ros/humble/share/gazebo_dev/cmake/gazebo_devConfig.cmake:41 (include)
[1.616s]   /opt/ros/humble/share/gazebo_ros/cmake/ament_cmake_export_dependencies-extras.cmake:21 (find_package)
[1.616s]   /opt/ros/humble/share/gazebo_ros/cmake/gazebo_rosConfig.cmake:41 (include)
[1.616s]   CMakeLists.txt:7 (find_package)
[1.616s] 
[1.616s] [0m
[1.617s] -- Looking for ignition-math6 -- found version 6.15.1
[1.622s] -- Checking for module 'tinyxml2'
[1.634s] --   Found tinyxml2, version 9.0.0
[1.663s] -- Looking for ignition-msgs5 -- found version 5.8.1
[1.668s] -- Looking for ignition-common3 -- found version 3.14.0
[1.668s] -- Searching for dependencies of ignition-common3
[1.669s] -- Looking for dlfcn.h - found
[1.670s] -- Looking for libdl - found
[1.671s] -- Found DL: TRUE  
[1.684s] -- Found tinyobjloader: /usr/lib/x86_64-linux-gnu/cmake/tinyobjloader/tinyobjloader-config.cmake (found version "2.0.0") 
[1.685s] -- Searching for <ignition-common3> component [graphics]
[1.690s] -- Looking for ignition-common3-graphics -- found version 3.14.0
[1.690s] -- Searching for dependencies of ignition-common3-graphics
[1.691s] -- Looking for ignition-math6 -- found version 6.15.1
[1.696s] -- Looking for ignition-fuel_tools4 -- found version 4.4.0
[1.696s] -- Searching for dependencies of ignition-fuel_tools4
[1.762s] -- Found CURL: /usr/lib/x86_64-linux-gnu/libcurl.so (found version "7.81.0")  
[1.771s] -- Checking for module 'jsoncpp'
[1.782s] --   Found jsoncpp, version 1.9.5
[1.810s] -- Found JSONCPP: TRUE  
[1.816s] -- Checking for module 'libzip'
[1.827s] --   Found libzip, version 1.7.3
[1.856s] -- Found ZIP: TRUE  
[1.856s] -- Looking for ignition-common3 -- found version 3.14.0
[1.856s] -- Looking for ignition-math6 -- found version 6.15.1
[1.857s] -- Looking for ignition-msgs5 -- found version 5.8.1
[1.862s] -- Gazebo version: 11.10
[1.863s] -- Checking for module 'tbb'
[1.875s] --   Found tbb, version 2021.5.0
[1.907s] -- Found sensor_msgs: 4.9.0 (/opt/ros/humble/share/sensor_msgs/cmake)
[2.006s] -- Configuring done
[2.010s] -- Generating done
[2.011s] [33mCMake Warning:
[2.011s]   Manually-specified variables were not used by the project:
[2.011s] 
[2.011s]     CATKIN_INSTALL_INTO_PREFIX_ROOT
[2.011s] 
[2.011s] [0m
[2.013s] -- Build files have been written to: /home/guyi/github/Modified_InMoov/Unity-ros-connection/ros2 nodes/build/inmoov_description
[2.021s] Invoked command in '/home/guyi/github/Modified_InMoov/Unity-ros-connection/ros2 nodes/build/inmoov_description' returned '0': CONDA_PROMPT_MODIFIER=(base) /usr/local/bin/cmake /home/guyi/github/Modified_InMoov/Unity-ros-connection/ros2 nodes/ros-bridge/src/inmoov_description -DCATKIN_INSTALL_INTO_PREFIX_ROOT=0 -DCMAKE_INSTALL_PREFIX=/home/guyi/github/Modified_InMoov/Unity-ros-connection/ros2 nodes/install/inmoov_description
[2.022s] Invoking command in '/home/guyi/github/Modified_InMoov/Unity-ros-connection/ros2 nodes/build/inmoov_description': CONDA_PROMPT_MODIFIER=(base) /usr/local/bin/cmake --build /home/guyi/github/Modified_InMoov/Unity-ros-connection/ros2 nodes/build/inmoov_description -- -j16 -l16
[2.041s] Invoked command in '/home/guyi/github/Modified_InMoov/Unity-ros-connection/ros2 nodes/build/inmoov_description' returned '0': CONDA_PROMPT_MODIFIER=(base) /usr/local/bin/cmake --build /home/guyi/github/Modified_InMoov/Unity-ros-connection/ros2 nodes/build/inmoov_description -- -j16 -l16
[2.045s] Invoking command in '/home/guyi/github/Modified_InMoov/Unity-ros-connection/ros2 nodes/build/inmoov_description': CONDA_PROMPT_MODIFIER=(base) /usr/local/bin/cmake --install /home/guyi/github/Modified_InMoov/Unity-ros-connection/ros2 nodes/build/inmoov_description
[2.046s] -- Install configuration: ""
[2.046s] -- Installing: /home/guyi/github/Modified_InMoov/Unity-ros-connection/ros2 nodes/install/inmoov_description/share/inmoov_description/urdf/urdf
[2.047s] -- Installing: /home/guyi/github/Modified_InMoov/Unity-ros-connection/ros2 nodes/install/inmoov_description/share/inmoov_description/urdf/urdf/config.joints.urdf.xacro
[2.047s] -- Installing: /home/guyi/github/Modified_InMoov/Unity-ros-connection/ros2 nodes/install/inmoov_description/share/inmoov_description/urdf/urdf/asmHead.urdf.xacro
[2.047s] -- Installing: /home/guyi/github/Modified_InMoov/Unity-ros-connection/ros2 nodes/install/inmoov_description/share/inmoov_description/urdf/urdf/materials.urdf.xacro
[2.047s] -- Installing: /home/guyi/github/Modified_InMoov/Unity-ros-connection/ros2 nodes/install/inmoov_description/share/inmoov_description/urdf/urdf/asmArm.urdf.xacro
[2.047s] -- Installing: /home/guyi/github/Modified_InMoov/Unity-ros-connection/ros2 nodes/install/inmoov_description/share/inmoov_description/urdf/urdf/asmBicepServo.urdf.xacro
[2.048s] -- Installing: /home/guyi/github/Modified_InMoov/Unity-ros-connection/ros2 nodes/install/inmoov_description/share/inmoov_description/urdf/urdf/asmTorsoServo.urdf.xacro
[2.048s] -- Installing: /home/guyi/github/Modified_InMoov/Unity-ros-connection/ros2 nodes/install/inmoov_description/share/inmoov_description/urdf/urdf/asmBase.urdf.xacro
[2.048s] -- Installing: /home/guyi/github/Modified_InMoov/Unity-ros-connection/ros2 nodes/install/inmoov_description/share/inmoov_description/urdf/urdf/asmHand.urdf.xacro
[2.048s] -- Installing: /home/guyi/github/Modified_InMoov/Unity-ros-connection/ros2 nodes/install/inmoov_description/share/inmoov_description/urdf/urdf/asmNeckSideServo.urdf.xacro
[2.048s] -- Installing: /home/guyi/github/Modified_InMoov/Unity-ros-connection/ros2 nodes/install/inmoov_description/share/inmoov_description/urdf/urdf/config.inertial.urdf.xacro
[2.049s] -- Installing: /home/guyi/github/Modified_InMoov/Unity-ros-connection/ros2 nodes/install/inmoov_description/share/inmoov_description/urdf/urdf/inmoov.gazebo
[2.049s] -- Installing: /home/guyi/github/Modified_InMoov/Unity-ros-connection/ros2 nodes/install/inmoov_description/share/inmoov_description/urdf/urdf/asmTorso.urdf.xacro
[2.049s] -- Installing: /home/guyi/github/Modified_InMoov/Unity-ros-connection/ros2 nodes/install/inmoov_description/share/inmoov_description/urdf/urdf/asmNeckFrontServo.urdf.xacro
[2.049s] -- Installing: /home/guyi/github/Modified_InMoov/Unity-ros-connection/ros2 nodes/install/inmoov_description/share/inmoov_description/urdf/urdf/asmEye.urdf.xacro
[2.049s] -- Installing: /home/guyi/github/Modified_InMoov/Unity-ros-connection/ros2 nodes/install/inmoov_description/share/inmoov_description/urdf/urdf/asmFace.urdf.xacro
[2.049s] -- Installing: /home/guyi/github/Modified_InMoov/Unity-ros-connection/ros2 nodes/install/inmoov_description/share/ament_index/resource_index/package_run_dependencies/inmoov_description
[2.049s] -- Installing: /home/guyi/github/Modified_InMoov/Unity-ros-connection/ros2 nodes/install/inmoov_description/share/ament_index/resource_index/parent_prefix_path/inmoov_description
[2.049s] -- Installing: /home/guyi/github/Modified_InMoov/Unity-ros-connection/ros2 nodes/install/inmoov_description/share/inmoov_description/environment/ament_prefix_path.sh
[2.050s] -- Installing: /home/guyi/github/Modified_InMoov/Unity-ros-connection/ros2 nodes/install/inmoov_description/share/inmoov_description/environment/ament_prefix_path.dsv
[2.050s] -- Installing: /home/guyi/github/Modified_InMoov/Unity-ros-connection/ros2 nodes/install/inmoov_description/share/inmoov_description/environment/path.sh
[2.050s] -- Installing: /home/guyi/github/Modified_InMoov/Unity-ros-connection/ros2 nodes/install/inmoov_description/share/inmoov_description/environment/path.dsv
[2.050s] -- Installing: /home/guyi/github/Modified_InMoov/Unity-ros-connection/ros2 nodes/install/inmoov_description/share/inmoov_description/local_setup.bash
[2.050s] -- Installing: /home/guyi/github/Modified_InMoov/Unity-ros-connection/ros2 nodes/install/inmoov_description/share/inmoov_description/local_setup.sh
[2.050s] -- Installing: /home/guyi/github/Modified_InMoov/Unity-ros-connection/ros2 nodes/install/inmoov_description/share/inmoov_description/local_setup.zsh
[2.050s] -- Installing: /home/guyi/github/Modified_InMoov/Unity-ros-connection/ros2 nodes/install/inmoov_description/share/inmoov_description/local_setup.dsv
[2.050s] -- Installing: /home/guyi/github/Modified_InMoov/Unity-ros-connection/ros2 nodes/install/inmoov_description/share/inmoov_description/package.dsv
[2.050s] -- Installing: /home/guyi/github/Modified_InMoov/Unity-ros-connection/ros2 nodes/install/inmoov_description/share/ament_index/resource_index/packages/inmoov_description
[2.051s] -- Installing: /home/guyi/github/Modified_InMoov/Unity-ros-connection/ros2 nodes/install/inmoov_description/share/inmoov_description/cmake/inmoov_descriptionConfig.cmake
[2.051s] -- Installing: /home/guyi/github/Modified_InMoov/Unity-ros-connection/ros2 nodes/install/inmoov_description/share/inmoov_description/cmake/inmoov_descriptionConfig-version.cmake
[2.051s] -- Installing: /home/guyi/github/Modified_InMoov/Unity-ros-connection/ros2 nodes/install/inmoov_description/share/inmoov_description/package.xml
[2.052s] Invoked command in '/home/guyi/github/Modified_InMoov/Unity-ros-connection/ros2 nodes/build/inmoov_description' returned '0': CONDA_PROMPT_MODIFIER=(base) /usr/local/bin/cmake --install /home/guyi/github/Modified_InMoov/Unity-ros-connection/ros2 nodes/build/inmoov_description
