[0.010s] Invoking command in '/home/guyi/github/Modified_InMoov/ros-http/src/build/decode_node': CMAKE_PREFIX_PATH=/home/guyi/github/Modified_InMoov/ros-http/src/install/decode_node:/home/guyi/github/Modified_InMoov/ros-http/src/install/http_gateway:/home/guyi/github/Modified_InMoov/ros-http/install/http_gateway:/home/guyi/github/Modified_InMoov/Unity-ros-connection/ros2 nodes/install/ros_tcp_endpoint:/home/guyi/github/Modified_InMoov/Unity-ros-connection/ros2 nodes/install/ce_python:/home/guyi/github/Modified_InMoov/Unity-ros-connection/ros2 nodes/udp converter/install/ce_python:/opt/ros/humble:/home/guyi/github/Modified_InMoov/ros-http/install/decode_node:/home/guyi/github/Modified_InMoov/Unity-ros-connection/ros2 nodes/install/servo_mediator_cpp:/home/guyi/github/Modified_InMoov/Unity-ros-connection/ros2 nodes/install/inmoov_description:/home/guyi/github/Modified_InMoov/Unity-ros-connection/ros2 nodes/udp converter/install/servo_mediator_cpp:/home/guyi/inmoov_ros2/install/inmoov_tools:/home/guyi/inmoov_ros2/install/inmoov_bringup:/home/guyi/inmoov_ros2/install/inmoov_msgs:/home/guyi/inmoov_ros2/install/inmoov_meshes:/home/guyi/inmoov_ros2/install/inmoov_config_test:/home/guyi/inmoov_ros2/install/inmoov_description /usr/local/bin/cmake /home/guyi/github/Modified_InMoov/ros-http/src/decode_node -DAMENT_CMAKE_SYMLINK_INSTALL=1 -DCMAKE_INSTALL_PREFIX=/home/guyi/github/Modified_InMoov/ros-http/src/install/decode_node
[0.045s] -- The C compiler identification is GNU 11.4.0
[0.083s] -- The CXX compiler identification is GNU 11.4.0
[0.088s] -- Detecting C compiler ABI info
[0.128s] -- Detecting C compiler ABI info - done
[0.132s] -- Check for working C compiler: /usr/bin/cc - skipped
[0.132s] -- Detecting C compile features
[0.133s] -- Detecting C compile features - done
[0.134s] -- Detecting CXX compiler ABI info
[0.180s] -- Detecting CXX compiler ABI info - done
[0.185s] -- Check for working CXX compiler: /usr/bin/c++ - skipped
[0.185s] -- Detecting CXX compile features
[0.186s] -- Detecting CXX compile features - done
[0.188s] -- Found ament_cmake: 1.3.11 (/opt/ros/humble/share/ament_cmake/cmake)
[0.271s] -- Found Python3: /usr/bin/python3 (found version "3.10.12") found components: Interpreter 
[0.312s] -- Override CMake install command with custom implementation using symlinks instead of copying resources
[0.337s] -- Found rclcpp: 16.0.12 (/opt/ros/humble/share/rclcpp/cmake)
[0.374s] -- Found rosidl_generator_c: 3.1.6 (/opt/ros/humble/share/rosidl_generator_c/cmake)
[0.378s] -- Found rosidl_adapter: 3.1.6 (/opt/ros/humble/share/rosidl_adapter/cmake)
[0.385s] -- Found rosidl_generator_cpp: 3.1.6 (/opt/ros/humble/share/rosidl_generator_cpp/cmake)
[0.395s] -- Using all available rosidl_typesupport_c: rosidl_typesupport_fastrtps_c;rosidl_typesupport_introspection_c
[0.407s] -- Using all available rosidl_typesupport_cpp: rosidl_typesupport_fastrtps_cpp;rosidl_typesupport_introspection_cpp
[0.444s] -- Found rmw_implementation_cmake: 6.1.2 (/opt/ros/humble/share/rmw_implementation_cmake/cmake)
[0.446s] -- Found rmw_fastrtps_cpp: 6.2.7 (/opt/ros/humble/share/rmw_fastrtps_cpp/cmake)
[0.519s] -- Found OpenSSL: /usr/lib/x86_64-linux-gnu/libcrypto.so (found version "3.0.2")  
[0.545s] -- Found FastRTPS: /opt/ros/humble/include  
[0.579s] -- Using RMW implementation 'rmw_fastrtps_cpp' as default
[0.587s] -- Looking for pthread.h
[0.631s] -- Looking for pthread.h - found
[0.632s] -- Performing Test CMAKE_HAVE_LIBC_PTHREAD
[0.673s] -- Performing Test CMAKE_HAVE_LIBC_PTHREAD - Success
[0.674s] -- Found Threads: TRUE  
[0.715s] -- Found OpenCV: /usr (found version "4.5.4") 
[0.762s] -- Configuring done
[0.770s] -- Generating done
[0.773s] -- Build files have been written to: /home/guyi/github/Modified_InMoov/ros-http/src/build/decode_node
[0.779s] Invoked command in '/home/guyi/github/Modified_InMoov/ros-http/src/build/decode_node' returned '0': CMAKE_PREFIX_PATH=/home/guyi/github/Modified_InMoov/ros-http/src/install/decode_node:/home/guyi/github/Modified_InMoov/ros-http/src/install/http_gateway:/home/guyi/github/Modified_InMoov/ros-http/install/http_gateway:/home/guyi/github/Modified_InMoov/Unity-ros-connection/ros2 nodes/install/ros_tcp_endpoint:/home/guyi/github/Modified_InMoov/Unity-ros-connection/ros2 nodes/install/ce_python:/home/guyi/github/Modified_InMoov/Unity-ros-connection/ros2 nodes/udp converter/install/ce_python:/opt/ros/humble:/home/guyi/github/Modified_InMoov/ros-http/install/decode_node:/home/guyi/github/Modified_InMoov/Unity-ros-connection/ros2 nodes/install/servo_mediator_cpp:/home/guyi/github/Modified_InMoov/Unity-ros-connection/ros2 nodes/install/inmoov_description:/home/guyi/github/Modified_InMoov/Unity-ros-connection/ros2 nodes/udp converter/install/servo_mediator_cpp:/home/guyi/inmoov_ros2/install/inmoov_tools:/home/guyi/inmoov_ros2/install/inmoov_bringup:/home/guyi/inmoov_ros2/install/inmoov_msgs:/home/guyi/inmoov_ros2/install/inmoov_meshes:/home/guyi/inmoov_ros2/install/inmoov_config_test:/home/guyi/inmoov_ros2/install/inmoov_description /usr/local/bin/cmake /home/guyi/github/Modified_InMoov/ros-http/src/decode_node -DAMENT_CMAKE_SYMLINK_INSTALL=1 -DCMAKE_INSTALL_PREFIX=/home/guyi/github/Modified_InMoov/ros-http/src/install/decode_node
[0.779s] Invoking command in '/home/guyi/github/Modified_InMoov/ros-http/src/build/decode_node': CMAKE_PREFIX_PATH=/home/guyi/github/Modified_InMoov/ros-http/src/install/decode_node:/home/guyi/github/Modified_InMoov/ros-http/src/install/http_gateway:/home/guyi/github/Modified_InMoov/ros-http/install/http_gateway:/home/guyi/github/Modified_InMoov/Unity-ros-connection/ros2 nodes/install/ros_tcp_endpoint:/home/guyi/github/Modified_InMoov/Unity-ros-connection/ros2 nodes/install/ce_python:/home/guyi/github/Modified_InMoov/Unity-ros-connection/ros2 nodes/udp converter/install/ce_python:/opt/ros/humble:/home/guyi/github/Modified_InMoov/ros-http/install/decode_node:/home/guyi/github/Modified_InMoov/Unity-ros-connection/ros2 nodes/install/servo_mediator_cpp:/home/guyi/github/Modified_InMoov/Unity-ros-connection/ros2 nodes/install/inmoov_description:/home/guyi/github/Modified_InMoov/Unity-ros-connection/ros2 nodes/udp converter/install/servo_mediator_cpp:/home/guyi/inmoov_ros2/install/inmoov_tools:/home/guyi/inmoov_ros2/install/inmoov_bringup:/home/guyi/inmoov_ros2/install/inmoov_msgs:/home/guyi/inmoov_ros2/install/inmoov_meshes:/home/guyi/inmoov_ros2/install/inmoov_config_test:/home/guyi/inmoov_ros2/install/inmoov_description /usr/local/bin/cmake --build /home/guyi/github/Modified_InMoov/ros-http/src/build/decode_node -- -j16 -l16
[0.797s] [ 50%] [32mBuilding CXX object CMakeFiles/image_decoder_node.dir/src/image_decoder_node.cpp.o[0m
[5.920s] [100%] [32m[1mLinking CXX executable image_decoder_node[0m
[6.388s] [100%] Built target image_decoder_node
[6.398s] Invoked command in '/home/guyi/github/Modified_InMoov/ros-http/src/build/decode_node' returned '0': CMAKE_PREFIX_PATH=/home/guyi/github/Modified_InMoov/ros-http/src/install/decode_node:/home/guyi/github/Modified_InMoov/ros-http/src/install/http_gateway:/home/guyi/github/Modified_InMoov/ros-http/install/http_gateway:/home/guyi/github/Modified_InMoov/Unity-ros-connection/ros2 nodes/install/ros_tcp_endpoint:/home/guyi/github/Modified_InMoov/Unity-ros-connection/ros2 nodes/install/ce_python:/home/guyi/github/Modified_InMoov/Unity-ros-connection/ros2 nodes/udp converter/install/ce_python:/opt/ros/humble:/home/guyi/github/Modified_InMoov/ros-http/install/decode_node:/home/guyi/github/Modified_InMoov/Unity-ros-connection/ros2 nodes/install/servo_mediator_cpp:/home/guyi/github/Modified_InMoov/Unity-ros-connection/ros2 nodes/install/inmoov_description:/home/guyi/github/Modified_InMoov/Unity-ros-connection/ros2 nodes/udp converter/install/servo_mediator_cpp:/home/guyi/inmoov_ros2/install/inmoov_tools:/home/guyi/inmoov_ros2/install/inmoov_bringup:/home/guyi/inmoov_ros2/install/inmoov_msgs:/home/guyi/inmoov_ros2/install/inmoov_meshes:/home/guyi/inmoov_ros2/install/inmoov_config_test:/home/guyi/inmoov_ros2/install/inmoov_description /usr/local/bin/cmake --build /home/guyi/github/Modified_InMoov/ros-http/src/build/decode_node -- -j16 -l16
[6.403s] Invoking command in '/home/guyi/github/Modified_InMoov/ros-http/src/build/decode_node': CMAKE_PREFIX_PATH=/home/guyi/github/Modified_InMoov/ros-http/src/install/decode_node:/home/guyi/github/Modified_InMoov/ros-http/src/install/http_gateway:/home/guyi/github/Modified_InMoov/ros-http/install/http_gateway:/home/guyi/github/Modified_InMoov/Unity-ros-connection/ros2 nodes/install/ros_tcp_endpoint:/home/guyi/github/Modified_InMoov/Unity-ros-connection/ros2 nodes/install/ce_python:/home/guyi/github/Modified_InMoov/Unity-ros-connection/ros2 nodes/udp converter/install/ce_python:/opt/ros/humble:/home/guyi/github/Modified_InMoov/ros-http/install/decode_node:/home/guyi/github/Modified_InMoov/Unity-ros-connection/ros2 nodes/install/servo_mediator_cpp:/home/guyi/github/Modified_InMoov/Unity-ros-connection/ros2 nodes/install/inmoov_description:/home/guyi/github/Modified_InMoov/Unity-ros-connection/ros2 nodes/udp converter/install/servo_mediator_cpp:/home/guyi/inmoov_ros2/install/inmoov_tools:/home/guyi/inmoov_ros2/install/inmoov_bringup:/home/guyi/inmoov_ros2/install/inmoov_msgs:/home/guyi/inmoov_ros2/install/inmoov_meshes:/home/guyi/inmoov_ros2/install/inmoov_config_test:/home/guyi/inmoov_ros2/install/inmoov_description /usr/local/bin/cmake --install /home/guyi/github/Modified_InMoov/ros-http/src/build/decode_node
[6.404s] -- Install configuration: ""
[6.404s] -- Execute custom install script
[6.404s] -- Symlinking: /home/guyi/github/Modified_InMoov/ros-http/src/install/decode_node/lib/decode_node/image_decoder_node
[6.406s] -- Symlinking: /home/guyi/github/Modified_InMoov/ros-http/src/install/decode_node/share/ament_index/resource_index/package_run_dependencies/decode_node
[6.409s] -- Symlinking: /home/guyi/github/Modified_InMoov/ros-http/src/install/decode_node/share/ament_index/resource_index/parent_prefix_path/decode_node
[6.412s] -- Symlinking: /home/guyi/github/Modified_InMoov/ros-http/src/install/decode_node/share/decode_node/environment/ament_prefix_path.sh
[6.414s] -- Symlinking: /home/guyi/github/Modified_InMoov/ros-http/src/install/decode_node/share/decode_node/environment/ament_prefix_path.dsv
[6.416s] -- Symlinking: /home/guyi/github/Modified_InMoov/ros-http/src/install/decode_node/share/decode_node/environment/path.sh
[6.417s] -- Symlinking: /home/guyi/github/Modified_InMoov/ros-http/src/install/decode_node/share/decode_node/environment/path.dsv
[6.418s] -- Symlinking: /home/guyi/github/Modified_InMoov/ros-http/src/install/decode_node/share/decode_node/local_setup.bash
[6.421s] -- Symlinking: /home/guyi/github/Modified_InMoov/ros-http/src/install/decode_node/share/decode_node/local_setup.sh
[6.423s] -- Symlinking: /home/guyi/github/Modified_InMoov/ros-http/src/install/decode_node/share/decode_node/local_setup.zsh
[6.424s] -- Symlinking: /home/guyi/github/Modified_InMoov/ros-http/src/install/decode_node/share/decode_node/local_setup.dsv
[6.425s] -- Symlinking: /home/guyi/github/Modified_InMoov/ros-http/src/install/decode_node/share/decode_node/package.dsv
[6.428s] -- Symlinking: /home/guyi/github/Modified_InMoov/ros-http/src/install/decode_node/share/ament_index/resource_index/packages/decode_node
[6.429s] -- Symlinking: /home/guyi/github/Modified_InMoov/ros-http/src/install/decode_node/share/decode_node/cmake/decode_nodeConfig.cmake
[6.432s] -- Symlinking: /home/guyi/github/Modified_InMoov/ros-http/src/install/decode_node/share/decode_node/cmake/decode_nodeConfig-version.cmake
[6.433s] -- Symlinking: /home/guyi/github/Modified_InMoov/ros-http/src/install/decode_node/share/decode_node/package.xml
[6.435s] Invoked command in '/home/guyi/github/Modified_InMoov/ros-http/src/build/decode_node' returned '0': CMAKE_PREFIX_PATH=/home/guyi/github/Modified_InMoov/ros-http/src/install/decode_node:/home/guyi/github/Modified_InMoov/ros-http/src/install/http_gateway:/home/guyi/github/Modified_InMoov/ros-http/install/http_gateway:/home/guyi/github/Modified_InMoov/Unity-ros-connection/ros2 nodes/install/ros_tcp_endpoint:/home/guyi/github/Modified_InMoov/Unity-ros-connection/ros2 nodes/install/ce_python:/home/guyi/github/Modified_InMoov/Unity-ros-connection/ros2 nodes/udp converter/install/ce_python:/opt/ros/humble:/home/guyi/github/Modified_InMoov/ros-http/install/decode_node:/home/guyi/github/Modified_InMoov/Unity-ros-connection/ros2 nodes/install/servo_mediator_cpp:/home/guyi/github/Modified_InMoov/Unity-ros-connection/ros2 nodes/install/inmoov_description:/home/guyi/github/Modified_InMoov/Unity-ros-connection/ros2 nodes/udp converter/install/servo_mediator_cpp:/home/guyi/inmoov_ros2/install/inmoov_tools:/home/guyi/inmoov_ros2/install/inmoov_bringup:/home/guyi/inmoov_ros2/install/inmoov_msgs:/home/guyi/inmoov_ros2/install/inmoov_meshes:/home/guyi/inmoov_ros2/install/inmoov_config_test:/home/guyi/inmoov_ros2/install/inmoov_description /usr/local/bin/cmake --install /home/guyi/github/Modified_InMoov/ros-http/src/build/decode_node
