[35m[1mConsolidate compiler generated dependencies of target combined_node[0m
[ 16%] [32mBuilding CXX object CMakeFiles/combined_node.dir/src/main.cpp.o[0m
[ 33%] [32mBuilding CXX object CMakeFiles/combined_node.dir/src/websocket_receiver_node.cpp.o[0m
In file included from [01m[K/home/guyi/github/Modified_InMoov/Unity-ros-connection/ros2 nodes/udp converter/src/servo_mediator_cpp/src/websocket_receiver_node.cpp:1[m[K:
[01m[K/home/guyi/github/Modified_InMoov/Unity-ros-connection/ros2 nodes/udp converter/src/servo_mediator_cpp/include/servo_mediator_cpp/websocket_receiver_node.hpp:68:3:[m[K [01;31m[Kerror: [m[Kexpected ‘[01m[K}[m[K’ at end of input
   68 | };
      |   [01;31m[K^[m[K
In file included from [01m[K/home/guyi/github/Modified_InMoov/Unity-ros-connection/ros2 nodes/udp converter/src/servo_mediator_cpp/src/websocket_receiver_node.cpp:1[m[K:
[01m[K/home/guyi/github/Modified_InMoov/Unity-ros-connection/ros2 nodes/udp converter/src/servo_mediator_cpp/include/servo_mediator_cpp/websocket_receiver_node.hpp:16:51:[m[K [01;36m[Knote: [m[Kto match this ‘[01m[K{[m[K’
   16 | class WebSocketReceiverNode : public rclcpp::Node [01;36m[K{[m[K
      |                                                   [01;36m[K^[m[K
In file included from [01m[K/home/guyi/github/Modified_InMoov/Unity-ros-connection/ros2 nodes/udp converter/src/servo_mediator_cpp/src/websocket_receiver_node.cpp:1[m[K:
[01m[K/home/guyi/github/Modified_InMoov/Unity-ros-connection/ros2 nodes/udp converter/src/servo_mediator_cpp/include/servo_mediator_cpp/websocket_receiver_node.hpp:68:3:[m[K [01;31m[Kerror: [m[Kexpected unqualified-id at end of input
   68 | };
      |   [01;31m[K^[m[K
[01m[K/home/guyi/github/Modified_InMoov/Unity-ros-connection/ros2 nodes/udp converter/src/servo_mediator_cpp/src/main.cpp:28:2:[m[K [01;31m[Kerror: [m[Kexpected ‘[01m[K}[m[K’ at end of input
   28 | }
      |  [01;31m[K^[m[K
In file included from [01m[K/home/guyi/github/Modified_InMoov/Unity-ros-connection/ros2 nodes/udp converter/src/servo_mediator_cpp/src/main.cpp:5[m[K:
[01m[K/home/guyi/github/Modified_InMoov/Unity-ros-connection/ros2 nodes/udp converter/src/servo_mediator_cpp/include/servo_mediator_cpp/websocket_receiver_node.hpp:16:51:[m[K [01;36m[Knote: [m[Kto match this ‘[01m[K{[m[K’
   16 | class WebSocketReceiverNode : public rclcpp::Node [01;36m[K{[m[K
      |                                                   [01;36m[K^[m[K
[01m[K/home/guyi/github/Modified_InMoov/Unity-ros-connection/ros2 nodes/udp converter/src/servo_mediator_cpp/src/main.cpp:28:2:[m[K [01;31m[Kerror: [m[Kexpected unqualified-id at end of input
   28 | }
      |  [01;31m[K^[m[K
gmake[2]: *** [CMakeFiles/combined_node.dir/build.make:132：CMakeFiles/combined_node.dir/src/websocket_receiver_node.cpp.o] 错误 1
gmake[2]: *** 正在等待未完成的任务....
gmake[2]: *** [CMakeFiles/combined_node.dir/build.make:76：CMakeFiles/combined_node.dir/src/main.cpp.o] 错误 1
gmake[1]: *** [CMakeFiles/Makefile2:137：CMakeFiles/combined_node.dir/all] 错误 2
gmake: *** [Makefile:146：all] 错误 2
