-- Found ament_cmake: 1.3.11 (/opt/ros/humble/share/ament_cmake/cmake)
-- Found rclcpp: 16.0.12 (/opt/ros/humble/share/rclcpp/cmake)
-- Found rosidl_generator_c: 3.1.6 (/opt/ros/humble/share/rosidl_generator_c/cmake)
-- Found rosidl_adapter: 3.1.6 (/opt/ros/humble/share/rosidl_adapter/cmake)
-- Found rosidl_generator_cpp: 3.1.6 (/opt/ros/humble/share/rosidl_generator_cpp/cmake)
-- Using all available rosidl_typesupport_c: rosidl_typesupport_fastrtps_c;rosidl_typesupport_introspection_c
-- Using all available rosidl_typesupport_cpp: rosidl_typesupport_fastrtps_cpp;rosidl_typesupport_introspection_cpp
-- Found rmw_implementation_cmake: 6.1.2 (/opt/ros/humble/share/rmw_implementation_cmake/cmake)
-- Found rmw_fastrtps_cpp: 6.2.7 (/opt/ros/humble/share/rmw_fastrtps_cpp/cmake)
-- Using RMW implementation 'rmw_fastrtps_cpp' as default
-- Found nlohmann_json: /usr/lib/cmake/nlohmann_json/nlohmann_jsonConfig.cmake (found version "3.10.5") 
-- Configuring done
-- Generating done
-- Build files have been written to: /home/guyi/github/Modified_InMoov/Unity-ros-connection/ros2 nodes/udp converter/build/servo_mediator_cpp
[35m[1mConsolidate compiler generated dependencies of target servo_mediator_node[0m
[ 12%] [32mBuilding CXX object CMakeFiles/combined_node.dir/src/servo_mediator_node.cpp.o[0m
[ 37%] [32mBuilding CXX object CMakeFiles/combined_node.dir/src/udp_receiver_node.cpp.o[0m
[ 37%] [32mBuilding CXX object CMakeFiles/udp_receiver_node.dir/src/udp_receiver_node.cpp.o[0m
[ 50%] [32mBuilding CXX object CMakeFiles/combined_node.dir/src/main.cpp.o[0m
[ 62%] [32mBuilding CXX object CMakeFiles/servo_mediator_node.dir/src/servo_mediator_node.cpp.o[0m
[01m[K/home/guyi/github/Modified_InMoov/Unity-ros-connection/ros2 nodes/udp converter/src/servo_mediator_cpp/src/servo_mediator_node.cpp:8:10:[m[K [01;31m[Kfatal error: [m[Kunistd.h>: 没有那个文件或目录
    8 | #include [01;31m[K<unistd.h>s[m[K
      |          [01;31m[K^~~~~~~~~~~[m[K
compilation terminated.
[01m[K/home/guyi/github/Modified_InMoov/Unity-ros-connection/ros2 nodes/udp converter/src/servo_mediator_cpp/src/servo_mediator_node.cpp:8:10:[m[K [01;31m[Kfatal error: [m[Kunistd.h>: 没有那个文件或目录
    8 | #include [01;31m[K<unistd.h>s[m[K
      |          [01;31m[K^~~~~~~~~~~[m[K
compilation terminated.
gmake[2]: *** [CMakeFiles/servo_mediator_node.dir/build.make:76：CMakeFiles/servo_mediator_node.dir/src/servo_mediator_node.cpp.o] 错误 1
gmake[2]: *** [CMakeFiles/combined_node.dir/build.make:76：CMakeFiles/combined_node.dir/src/servo_mediator_node.cpp.o] 错误 1
gmake[2]: *** 正在等待未完成的任务....
gmake[1]: *** [CMakeFiles/Makefile2:141：CMakeFiles/servo_mediator_node.dir/all] 错误 2
gmake[1]: *** 正在等待未完成的任务....
[01m[K/home/guyi/github/Modified_InMoov/Unity-ros-connection/ros2 nodes/udp converter/src/servo_mediator_cpp/src/main.cpp:[m[K In function ‘[01m[Kint main(int, char**)[m[K’:
[01m[K/home/guyi/github/Modified_InMoov/Unity-ros-connection/ros2 nodes/udp converter/src/servo_mediator_cpp/src/main.cpp:18:22:[m[K [01;31m[Kerror: [m[Kno matching function for call to ‘[01m[Krclcpp::executors::MultiThreadedExecutor::add_node(std::shared_ptr<UdpReceiverNode>&)[m[K’
   18 |     [01;31m[Kexecutor.add_node(udp_node)[m[K;
      |     [01;31m[K~~~~~~~~~~~~~~~~~^~~~~~~~~~[m[K
In file included from [01m[K/opt/ros/humble/include/rclcpp/rclcpp/executors/multi_threaded_executor.hpp:25[m[K,
                 from [01m[K/opt/ros/humble/include/rclcpp/rclcpp/executors.hpp:21[m[K,
                 from [01m[K/opt/ros/humble/include/rclcpp/rclcpp/rclcpp.hpp:155[m[K,
                 from [01m[K/home/guyi/github/Modified_InMoov/Unity-ros-connection/ros2 nodes/udp converter/src/servo_mediator_cpp/src/main.cpp:1[m[K:
[01m[K/opt/ros/humble/include/rclcpp/rclcpp/executor.hpp:201:3:[m[K [01;36m[Knote: [m[Kcandidate: ‘[01m[Kvirtual void rclcpp::Executor::add_node(rclcpp::node_interfaces::NodeBaseInterface::SharedPtr, bool)[m[K’
  201 |   [01;36m[Kadd_node[m[K(rclcpp::node_interfaces::NodeBaseInterface::SharedPtr node_ptr, bool notify = true);
      |   [01;36m[K^~~~~~~~[m[K
[01m[K/opt/ros/humble/include/rclcpp/rclcpp/executor.hpp:201:66:[m[K [01;36m[Knote: [m[K  no known conversion for argument 1 from ‘[01m[Kshared_ptr<[01;32m[KUdpReceiverNode[m[K>[m[K’ to ‘[01m[Kshared_ptr<[01;32m[Krclcpp::node_interfaces::NodeBaseInterface[m[K>[m[K’
  201 |   add_node([01;36m[Krclcpp::node_interfaces::NodeBaseInterface::SharedPtr node_ptr[m[K, bool notify = true);
      |            [01;36m[K~~~~~~~~~~~~~~~~~~~~~~~~~~~~~~~~~~~~~~~~~~~~~~~~~~~~~~^~~~~~~~[m[K
[01m[K/opt/ros/humble/include/rclcpp/rclcpp/executor.hpp:209:3:[m[K [01;36m[Knote: [m[Kcandidate: ‘[01m[Kvirtual void rclcpp::Executor::add_node(std::shared_ptr<rclcpp::Node>, bool)[m[K’
  209 |   [01;36m[Kadd_node[m[K(std::shared_ptr<rclcpp::Node> node_ptr, bool notify = true);
      |   [01;36m[K^~~~~~~~[m[K
[01m[K/opt/ros/humble/include/rclcpp/rclcpp/executor.hpp:209:42:[m[K [01;36m[Knote: [m[K  no known conversion for argument 1 from ‘[01m[Kshared_ptr<[01;32m[KUdpReceiverNode[m[K>[m[K’ to ‘[01m[Kshared_ptr<[01;32m[Krclcpp::Node[m[K>[m[K’
  209 |   add_node([01;36m[Kstd::shared_ptr<rclcpp::Node> node_ptr[m[K, bool notify = true);
      |            [01;36m[K~~~~~~~~~~~~~~~~~~~~~~~~~~~~~~^~~~~~~~[m[K
[01m[K/home/guyi/github/Modified_InMoov/Unity-ros-connection/ros2 nodes/udp converter/src/servo_mediator_cpp/src/main.cpp:19:22:[m[K [01;31m[Kerror: [m[Kno matching function for call to ‘[01m[Krclcpp::executors::MultiThreadedExecutor::add_node(std::shared_ptr<ServoMediatorNode>&)[m[K’
   19 |     [01;31m[Kexecutor.add_node(servo_node)[m[K;
      |     [01;31m[K~~~~~~~~~~~~~~~~~^~~~~~~~~~~~[m[K
In file included from [01m[K/opt/ros/humble/include/rclcpp/rclcpp/executors/multi_threaded_executor.hpp:25[m[K,
                 from [01m[K/opt/ros/humble/include/rclcpp/rclcpp/executors.hpp:21[m[K,
                 from [01m[K/opt/ros/humble/include/rclcpp/rclcpp/rclcpp.hpp:155[m[K,
                 from [01m[K/home/guyi/github/Modified_InMoov/Unity-ros-connection/ros2 nodes/udp converter/src/servo_mediator_cpp/src/main.cpp:1[m[K:
[01m[K/opt/ros/humble/include/rclcpp/rclcpp/executor.hpp:201:3:[m[K [01;36m[Knote: [m[Kcandidate: ‘[01m[Kvirtual void rclcpp::Executor::add_node(rclcpp::node_interfaces::NodeBaseInterface::SharedPtr, bool)[m[K’
  201 |   [01;36m[Kadd_node[m[K(rclcpp::node_interfaces::NodeBaseInterface::SharedPtr node_ptr, bool notify = true);
      |   [01;36m[K^~~~~~~~[m[K
[01m[K/opt/ros/humble/include/rclcpp/rclcpp/executor.hpp:201:66:[m[K [01;36m[Knote: [m[K  no known conversion for argument 1 from ‘[01m[Kshared_ptr<[01;32m[KServoMediatorNode[m[K>[m[K’ to ‘[01m[Kshared_ptr<[01;32m[Krclcpp::node_interfaces::NodeBaseInterface[m[K>[m[K’
  201 |   add_node([01;36m[Krclcpp::node_interfaces::NodeBaseInterface::SharedPtr node_ptr[m[K, bool notify = true);
      |            [01;36m[K~~~~~~~~~~~~~~~~~~~~~~~~~~~~~~~~~~~~~~~~~~~~~~~~~~~~~~^~~~~~~~[m[K
[01m[K/opt/ros/humble/include/rclcpp/rclcpp/executor.hpp:209:3:[m[K [01;36m[Knote: [m[Kcandidate: ‘[01m[Kvirtual void rclcpp::Executor::add_node(std::shared_ptr<rclcpp::Node>, bool)[m[K’
  209 |   [01;36m[Kadd_node[m[K(std::shared_ptr<rclcpp::Node> node_ptr, bool notify = true);
      |   [01;36m[K^~~~~~~~[m[K
[01m[K/opt/ros/humble/include/rclcpp/rclcpp/executor.hpp:209:42:[m[K [01;36m[Knote: [m[K  no known conversion for argument 1 from ‘[01m[Kshared_ptr<[01;32m[KServoMediatorNode[m[K>[m[K’ to ‘[01m[Kshared_ptr<[01;32m[Krclcpp::Node[m[K>[m[K’
  209 |   add_node([01;36m[Kstd::shared_ptr<rclcpp::Node> node_ptr[m[K, bool notify = true);
      |            [01;36m[K~~~~~~~~~~~~~~~~~~~~~~~~~~~~~~^~~~~~~~[m[K
gmake[2]: *** [CMakeFiles/combined_node.dir/build.make:104：CMakeFiles/combined_node.dir/src/main.cpp.o] 错误 1
gmake[1]: *** [CMakeFiles/Makefile2:193：CMakeFiles/combined_node.dir/all] 错误 2
[ 75%] [32m[1mLinking CXX executable udp_receiver_node[0m
/usr/bin/ld: /usr/lib/gcc/x86_64-linux-gnu/11/../../../x86_64-linux-gnu/Scrt1.o: in function `_start':
(.text+0x1b): undefined reference to `main'
collect2: error: ld returned 1 exit status
gmake[2]: *** [CMakeFiles/udp_receiver_node.dir/build.make:159：udp_receiver_node] 错误 1
gmake[1]: *** [CMakeFiles/Makefile2:167：CMakeFiles/udp_receiver_node.dir/all] 错误 2
gmake: *** [Makefile:146：all] 错误 2
