-- Found ament_cmake: 1.3.11 (/opt/ros/humble/share/ament_cmake/cmake)
-- Found rclcpp: 16.0.12 (/opt/ros/humble/share/rclcpp/cmake)
-- Found rosidl_generator_c: 3.1.6 (/opt/ros/humble/share/rosidl_generator_c/cmake)
-- Found rosidl_adapter: 3.1.6 (/opt/ros/humble/share/rosidl_adapter/cmake)
-- Found rosidl_generator_cpp: 3.1.6 (/opt/ros/humble/share/rosidl_generator_cpp/cmake)
-- Using all available rosidl_typesupport_c: rosidl_typesupport_fastrtps_c;rosidl_typesupport_introspection_c
-- Using all available rosidl_typesupport_cpp: rosidl_typesupport_fastrtps_cpp;rosidl_typesupport_introspection_cpp
-- Found rmw_implementation_cmake: 6.1.2 (/opt/ros/humble/share/rmw_implementation_cmake/cmake)
-- Found rmw_fastrtps_cpp: 6.2.7 (/opt/ros/humble/share/rmw_fastrtps_cpp/cmake)
-- Using RMW implementation 'rmw_fastrtps_cpp' as default
-- Found nlohmann_json: /usr/lib/cmake/nlohmann_json/nlohmann_jsonConfig.cmake (found version "3.10.5") 
-- Configuring done
-- Generating done
-- Build files have been written to: /home/guyi/github/Modified_InMoov/Unity-ros-connection/ros2 nodes/udp converter/build/servo_mediator_cpp
[35m[1mConsolidate compiler generated dependencies of target servo_mediator_node[0m
[ 12%] [32mBuilding CXX object CMakeFiles/combined_node.dir/src/servo_mediator_node.cpp.o[0m
[ 37%] [32mBuilding CXX object CMakeFiles/combined_node.dir/src/udp_receiver_node.cpp.o[0m
[ 37%] [32mBuilding CXX object CMakeFiles/udp_receiver_node.dir/src/udp_receiver_node.cpp.o[0m
[ 50%] [32mBuilding CXX object CMakeFiles/combined_node.dir/src/main.cpp.o[0m
[ 62%] [32mBuilding CXX object CMakeFiles/servo_mediator_node.dir/src/servo_mediator_node.cpp.o[0m
[ 75%] [32m[1mLinking CXX executable udp_receiver_node[0m
