running egg_info
writing ../build/arm_system_model/arm_system_model.egg-info/PKG-INFO
writing dependency_links to ../build/arm_system_model/arm_system_model.egg-info/dependency_links.txt
writing entry points to ../build/arm_system_model/arm_system_model.egg-info/entry_points.txt
writing requirements to ../build/arm_system_model/arm_system_model.egg-info/requires.txt
writing top-level names to ../build/arm_system_model/arm_system_model.egg-info/top_level.txt
reading manifest file '../build/arm_system_model/arm_system_model.egg-info/SOURCES.txt'
adding license file 'LICENSE'
writing manifest file '../build/arm_system_model/arm_system_model.egg-info/SOURCES.txt'
running build
running build_py
copying arm_system_model/state_publisher.py -> /home/guyi/github/Modified_InMoov/visualize_ws/build/arm_system_model/build/lib/arm_system_model
running install
running install_lib
copying /home/guyi/github/Modified_InMoov/visualize_ws/build/arm_system_model/build/lib/arm_system_model/state_publisher.py -> /home/guyi/github/Modified_InMoov/visualize_ws/install/arm_system_model/lib/python3.10/site-packages/arm_system_model
byte-compiling /home/guyi/github/Modified_InMoov/visualize_ws/install/arm_system_model/lib/python3.10/site-packages/arm_system_model/state_publisher.py to state_publisher.cpython-310.pyc
running install_data
copying launch/demo.launch.py -> /home/guyi/github/Modified_InMoov/visualize_ws/install/arm_system_model/share/arm_system_model/launch
running install_egg_info
removing '/home/guyi/github/Modified_InMoov/visualize_ws/install/arm_system_model/lib/python3.10/site-packages/arm_system_model-0.0.1-py3.10.egg-info' (and everything under it)
Copying ../build/arm_system_model/arm_system_model.egg-info to /home/guyi/github/Modified_InMoov/visualize_ws/install/arm_system_model/lib/python3.10/site-packages/arm_system_model-0.0.1-py3.10.egg-info
running install_scripts
Installing state_publisher script to /home/guyi/github/Modified_InMoov/visualize_ws/install/arm_system_model/lib/arm_system_model
writing list of installed files to '/home/guyi/github/Modified_InMoov/visualize_ws/build/arm_system_model/install.log'
