[0.385s] Invoking command in '/home/guyi/github/Modified_InMoov/visualize_ws/arm_system_model': CONDA_PROMPT_MODIFIER=(base) PYTHONPATH=/home/guyi/github/Modified_InMoov/visualize_ws/build/arm_system_model/prefix_override:/usr/lib/python3/dist-packages/colcon_core/task/python/colcon_distutils_commands:/home/guyi/github/Modified_InMoov/visualize_ws/install/arm_system_model/lib/python3.10/site-packages:${PYTHONPATH} /usr/bin/python3 -W ignore:setup.py install is deprecated -W ignore:easy_install command is deprecated setup.py egg_info --egg-base ../build/arm_system_model build --build-base /home/guyi/github/Modified_InMoov/visualize_ws/build/arm_system_model/build install --record /home/guyi/github/Modified_InMoov/visualize_ws/build/arm_system_model/install.log --single-version-externally-managed install_data
[0.518s] running egg_info
[0.518s] writing ../build/arm_system_model/arm_system_model.egg-info/PKG-INFO
[0.519s] writing dependency_links to ../build/arm_system_model/arm_system_model.egg-info/dependency_links.txt
[0.519s] writing entry points to ../build/arm_system_model/arm_system_model.egg-info/entry_points.txt
[0.519s] writing requirements to ../build/arm_system_model/arm_system_model.egg-info/requires.txt
[0.519s] writing top-level names to ../build/arm_system_model/arm_system_model.egg-info/top_level.txt
[0.520s] reading manifest file '../build/arm_system_model/arm_system_model.egg-info/SOURCES.txt'
[0.520s] adding license file 'LICENSE'
[0.521s] writing manifest file '../build/arm_system_model/arm_system_model.egg-info/SOURCES.txt'
[0.521s] running build
[0.521s] running build_py
[0.521s] copying arm_system_model/state_publisher.py -> /home/guyi/github/Modified_InMoov/visualize_ws/build/arm_system_model/build/lib/arm_system_model
[0.521s] running install
[0.521s] running install_lib
[0.522s] copying /home/guyi/github/Modified_InMoov/visualize_ws/build/arm_system_model/build/lib/arm_system_model/state_publisher.py -> /home/guyi/github/Modified_InMoov/visualize_ws/install/arm_system_model/lib/python3.10/site-packages/arm_system_model
[0.522s] byte-compiling /home/guyi/github/Modified_InMoov/visualize_ws/install/arm_system_model/lib/python3.10/site-packages/arm_system_model/state_publisher.py to state_publisher.cpython-310.pyc
[0.522s] running install_data
[0.522s] copying launch/demo.launch.py -> /home/guyi/github/Modified_InMoov/visualize_ws/install/arm_system_model/share/arm_system_model/launch
[0.522s] running install_egg_info
[0.523s] removing '/home/guyi/github/Modified_InMoov/visualize_ws/install/arm_system_model/lib/python3.10/site-packages/arm_system_model-0.0.1-py3.10.egg-info' (and everything under it)
[0.524s] Copying ../build/arm_system_model/arm_system_model.egg-info to /home/guyi/github/Modified_InMoov/visualize_ws/install/arm_system_model/lib/python3.10/site-packages/arm_system_model-0.0.1-py3.10.egg-info
[0.524s] running install_scripts
[0.536s] Installing state_publisher script to /home/guyi/github/Modified_InMoov/visualize_ws/install/arm_system_model/lib/arm_system_model
[0.536s] writing list of installed files to '/home/guyi/github/Modified_InMoov/visualize_ws/build/arm_system_model/install.log'
[0.552s] Invoked command in '/home/guyi/github/Modified_InMoov/visualize_ws/arm_system_model' returned '0': CONDA_PROMPT_MODIFIER=(base) PYTHONPATH=/home/guyi/github/Modified_InMoov/visualize_ws/build/arm_system_model/prefix_override:/usr/lib/python3/dist-packages/colcon_core/task/python/colcon_distutils_commands:/home/guyi/github/Modified_InMoov/visualize_ws/install/arm_system_model/lib/python3.10/site-packages:${PYTHONPATH} /usr/bin/python3 -W ignore:setup.py install is deprecated -W ignore:easy_install command is deprecated setup.py egg_info --egg-base ../build/arm_system_model build --build-base /home/guyi/github/Modified_InMoov/visualize_ws/build/arm_system_model/build install --record /home/guyi/github/Modified_InMoov/visualize_ws/build/arm_system_model/install.log --single-version-externally-managed install_data
