[0.201s] Invoking command in '/home/guyi/github/Modified_InMoov/build/arm_system_description': CMAKE_PREFIX_PATH=${CMAKE_PREFIX_PATH}:/home/guyi/github/Modified_InMoov/visualize_ws/install/arm_system_tools:/home/guyi/github/Modified_InMoov/visualize_ws/install/arm_system_model:/opt/ros/humble CONDA_PROMPT_MODIFIER=(base) /usr/local/bin/cmake /home/guyi/github/Modified_InMoov/visualize_ws/arm_system_description -DAMENT_CMAKE_SYMLINK_INSTALL=1 -DCMAKE_INSTALL_PREFIX=/home/guyi/github/Modified_InMoov/install/arm_system_description
[0.985s] -- The C compiler identification is GNU 11.4.0
[0.985s] -- The CXX compiler identification is GNU 11.4.0
[0.985s] -- Detecting C compiler ABI info
[0.985s] -- Detecting C compiler ABI info - done
[0.985s] -- Check for working C compiler: /usr/bin/cc - skipped
[0.985s] -- Detecting C compile features
[0.985s] -- Detecting C compile features - done
[0.985s] -- Detecting CXX compiler ABI info
[0.985s] -- Detecting CXX compiler ABI info - done
[0.985s] -- Check for working CXX compiler: /usr/bin/c++ - skipped
[0.985s] -- Detecting CXX compile features
[0.985s] -- Detecting CXX compile features - done
[0.986s] -- Found ament_cmake: 1.3.11 (/opt/ros/humble/share/ament_cmake/cmake)
[0.986s] -- Found Python3: /home/guyi/anaconda3/bin/python3 (found version "3.12.7") found components: Interpreter 
[0.986s] -- Override CMake install command with custom implementation using symlinks instead of copying resources
[0.986s] -- Found ament_lint_auto: 0.12.12 (/opt/ros/humble/share/ament_lint_auto/cmake)
[0.986s] -- Configuring done
[0.986s] -- Generating done
[0.986s] -- Build files have been written to: /home/guyi/github/Modified_InMoov/build/arm_system_description
[1.000s] Invoked command in '/home/guyi/github/Modified_InMoov/build/arm_system_description' returned '0': CMAKE_PREFIX_PATH=${CMAKE_PREFIX_PATH}:/home/guyi/github/Modified_InMoov/visualize_ws/install/arm_system_tools:/home/guyi/github/Modified_InMoov/visualize_ws/install/arm_system_model:/opt/ros/humble CONDA_PROMPT_MODIFIER=(base) /usr/local/bin/cmake /home/guyi/github/Modified_InMoov/visualize_ws/arm_system_description -DAMENT_CMAKE_SYMLINK_INSTALL=1 -DCMAKE_INSTALL_PREFIX=/home/guyi/github/Modified_InMoov/install/arm_system_description
[1.000s] Invoking command in '/home/guyi/github/Modified_InMoov/build/arm_system_description': CMAKE_PREFIX_PATH=${CMAKE_PREFIX_PATH}:/home/guyi/github/Modified_InMoov/visualize_ws/install/arm_system_tools:/home/guyi/github/Modified_InMoov/visualize_ws/install/arm_system_model:/opt/ros/humble CONDA_PROMPT_MODIFIER=(base) /usr/local/bin/cmake --build /home/guyi/github/Modified_InMoov/build/arm_system_description -- -j16 -l16
