[0.163s] Invoking command in '/home/guyi/github/Modified_InMoov/visualize_ws/build/arm_system_description': CMAKE_PREFIX_PATH=${CMAKE_PREFIX_PATH}:/home/guyi/github/Modified_InMoov/visualize_ws/install/arm_system_tools:/home/guyi/github/Modified_InMoov/visualize_ws/install/arm_system_model:/opt/ros/humble CONDA_PROMPT_MODIFIER=(base) /usr/local/bin/cmake --build /home/guyi/github/Modified_InMoov/visualize_ws/build/arm_system_description -- -j16 -l16
[0.328s] Invoked command in '/home/guyi/github/Modified_InMoov/visualize_ws/build/arm_system_description' returned '0': CMAKE_PREFIX_PATH=${CMAKE_PREFIX_PATH}:/home/guyi/github/Modified_InMoov/visualize_ws/install/arm_system_tools:/home/guyi/github/Modified_InMoov/visualize_ws/install/arm_system_model:/opt/ros/humble CONDA_PROMPT_MODIFIER=(base) /usr/local/bin/cmake --build /home/guyi/github/Modified_InMoov/visualize_ws/build/arm_system_description -- -j16 -l16
[0.332s] Invoking command in '/home/guyi/github/Modified_InMoov/visualize_ws/build/arm_system_description': CMAKE_PREFIX_PATH=${CMAKE_PREFIX_PATH}:/home/guyi/github/Modified_InMoov/visualize_ws/install/arm_system_tools:/home/guyi/github/Modified_InMoov/visualize_ws/install/arm_system_model:/opt/ros/humble CONDA_PROMPT_MODIFIER=(base) /usr/local/bin/cmake --install /home/guyi/github/Modified_InMoov/visualize_ws/build/arm_system_description
[0.333s] -- Install configuration: ""
[0.333s] -- Up-to-date: /home/guyi/github/Modified_InMoov/visualize_ws/install/arm_system_description/share/arm_system_description/launch
[0.334s] -- Up-to-date: /home/guyi/github/Modified_InMoov/visualize_ws/install/arm_system_description/share/arm_system_description/launch/view_robot.launch.py
[0.334s] -- Up-to-date: /home/guyi/github/Modified_InMoov/visualize_ws/install/arm_system_description/share/arm_system_description/urdf
[0.334s] -- Up-to-date: /home/guyi/github/Modified_InMoov/visualize_ws/install/arm_system_description/share/arm_system_description/urdf/arm_system_combined.urdf
[0.334s] -- Up-to-date: /home/guyi/github/Modified_InMoov/visualize_ws/install/arm_system_description/share/arm_system_description/meshes
[0.334s] -- Up-to-date: /home/guyi/github/Modified_InMoov/visualize_ws/install/arm_system_description/share/arm_system_description/meshes/right
[0.334s] -- Up-to-date: /home/guyi/github/Modified_InMoov/visualize_ws/install/arm_system_description/share/arm_system_description/meshes/right/forearm_roll_link.STL
[0.334s] -- Up-to-date: /home/guyi/github/Modified_InMoov/visualize_ws/install/arm_system_description/share/arm_system_description/meshes/right/shoulder_link.STL
[0.334s] -- Up-to-date: /home/guyi/github/Modified_InMoov/visualize_ws/install/arm_system_description/share/arm_system_description/meshes/right/forearm_link.STL
[0.334s] -- Up-to-date: /home/guyi/github/Modified_InMoov/visualize_ws/install/arm_system_description/share/arm_system_description/meshes/right/upper_arm_link.STL
[0.334s] -- Up-to-date: /home/guyi/github/Modified_InMoov/visualize_ws/install/arm_system_description/share/arm_system_description/meshes/left
[0.334s] -- Up-to-date: /home/guyi/github/Modified_InMoov/visualize_ws/install/arm_system_description/share/arm_system_description/meshes/left/forearm_roll_link.STL
[0.334s] -- Up-to-date: /home/guyi/github/Modified_InMoov/visualize_ws/install/arm_system_description/share/arm_system_description/meshes/left/shoulder_link.STL
[0.334s] -- Up-to-date: /home/guyi/github/Modified_InMoov/visualize_ws/install/arm_system_description/share/arm_system_description/meshes/left/forearm_link.STL
[0.334s] -- Up-to-date: /home/guyi/github/Modified_InMoov/visualize_ws/install/arm_system_description/share/arm_system_description/meshes/left/upper_arm_link.STL
[0.334s] -- Up-to-date: /home/guyi/github/Modified_InMoov/visualize_ws/install/arm_system_description/share/ament_index/resource_index/package_run_dependencies/arm_system_description
[0.334s] -- Up-to-date: /home/guyi/github/Modified_InMoov/visualize_ws/install/arm_system_description/share/ament_index/resource_index/parent_prefix_path/arm_system_description
[0.334s] -- Up-to-date: /home/guyi/github/Modified_InMoov/visualize_ws/install/arm_system_description/share/arm_system_description/environment/ament_prefix_path.sh
[0.335s] -- Up-to-date: /home/guyi/github/Modified_InMoov/visualize_ws/install/arm_system_description/share/arm_system_description/environment/ament_prefix_path.dsv
[0.335s] -- Up-to-date: /home/guyi/github/Modified_InMoov/visualize_ws/install/arm_system_description/share/arm_system_description/environment/path.sh
[0.335s] -- Up-to-date: /home/guyi/github/Modified_InMoov/visualize_ws/install/arm_system_description/share/arm_system_description/environment/path.dsv
[0.335s] -- Up-to-date: /home/guyi/github/Modified_InMoov/visualize_ws/install/arm_system_description/share/arm_system_description/local_setup.bash
[0.335s] -- Up-to-date: /home/guyi/github/Modified_InMoov/visualize_ws/install/arm_system_description/share/arm_system_description/local_setup.sh
[0.335s] -- Up-to-date: /home/guyi/github/Modified_InMoov/visualize_ws/install/arm_system_description/share/arm_system_description/local_setup.zsh
[0.335s] -- Up-to-date: /home/guyi/github/Modified_InMoov/visualize_ws/install/arm_system_description/share/arm_system_description/local_setup.dsv
[0.335s] -- Installing: /home/guyi/github/Modified_InMoov/visualize_ws/install/arm_system_description/share/arm_system_description/package.dsv
[0.335s] -- Up-to-date: /home/guyi/github/Modified_InMoov/visualize_ws/install/arm_system_description/share/ament_index/resource_index/packages/arm_system_description
[0.335s] -- Up-to-date: /home/guyi/github/Modified_InMoov/visualize_ws/install/arm_system_description/share/arm_system_description/cmake/arm_system_descriptionConfig.cmake
[0.335s] -- Up-to-date: /home/guyi/github/Modified_InMoov/visualize_ws/install/arm_system_description/share/arm_system_description/cmake/arm_system_descriptionConfig-version.cmake
[0.335s] -- Up-to-date: /home/guyi/github/Modified_InMoov/visualize_ws/install/arm_system_description/share/arm_system_description/package.xml
[0.336s] Invoked command in '/home/guyi/github/Modified_InMoov/visualize_ws/build/arm_system_description' returned '0': CMAKE_PREFIX_PATH=${CMAKE_PREFIX_PATH}:/home/guyi/github/Modified_InMoov/visualize_ws/install/arm_system_tools:/home/guyi/github/Modified_InMoov/visualize_ws/install/arm_system_model:/opt/ros/humble CONDA_PROMPT_MODIFIER=(base) /usr/local/bin/cmake --install /home/guyi/github/Modified_InMoov/visualize_ws/build/arm_system_description
