[0.950s] Invoking command in '/home/guyi/github/Modified_InMoov/build/servo_mediator_cpp': CMAKE_PREFIX_PATH=${CMAKE_PREFIX_PATH}:/home/guyi/github/Modified_InMoov/visualize_ws/install/arm_system_tools:/home/guyi/github/Modified_InMoov/visualize_ws/install/arm_system_model:/opt/ros/humble CONDA_PROMPT_MODIFIER=(base) /usr/local/bin/cmake /home/guyi/github/Modified_InMoov/Unity-ros-connection/ros2 nodes/udp converter/src/servo_mediator_cpp -DAMENT_CMAKE_SYMLINK_INSTALL=1 -DCMAKE_INSTALL_PREFIX=/home/guyi/github/Modified_InMoov/install/servo_mediator_cpp
[0.996s] -- The C compiler identification is GNU 11.4.0
[1.039s] -- The CXX compiler identification is GNU 11.4.0
[1.045s] -- Detecting C compiler ABI info
[1.085s] -- Detecting C compiler ABI info - done
[1.094s] -- Check for working C compiler: /usr/bin/cc - skipped
[1.094s] -- Detecting C compile features
[1.095s] -- Detecting C compile features - done
[1.097s] -- Detecting CXX compiler ABI info
[1.143s] -- Detecting CXX compiler ABI info - done
[1.149s] -- Check for working CXX compiler: /usr/bin/c++ - skipped
[1.149s] -- Detecting CXX compile features
[1.149s] -- Detecting CXX compile features - done
[1.153s] -- Found ament_cmake: 1.3.11 (/opt/ros/humble/share/ament_cmake/cmake)
[1.410s] -- Found Python3: /home/guyi/anaconda3/bin/python3 (found version "3.12.7") found components: Interpreter 
[1.465s] -- Override CMake install command with custom implementation using symlinks instead of copying resources
[1.495s] -- Found rclcpp: 16.0.12 (/opt/ros/humble/share/rclcpp/cmake)
[1.537s] -- Found rosidl_generator_c: 3.1.6 (/opt/ros/humble/share/rosidl_generator_c/cmake)
[1.543s] -- Found rosidl_adapter: 3.1.6 (/opt/ros/humble/share/rosidl_adapter/cmake)
[1.550s] -- Found rosidl_generator_cpp: 3.1.6 (/opt/ros/humble/share/rosidl_generator_cpp/cmake)
[1.560s] -- Using all available rosidl_typesupport_c: rosidl_typesupport_fastrtps_c;rosidl_typesupport_introspection_c
[1.578s] -- Using all available rosidl_typesupport_cpp: rosidl_typesupport_fastrtps_cpp;rosidl_typesupport_introspection_cpp
[1.621s] -- Found rmw_implementation_cmake: 6.1.2 (/opt/ros/humble/share/rmw_implementation_cmake/cmake)
[1.624s] -- Found rmw_fastrtps_cpp: 6.2.7 (/opt/ros/humble/share/rmw_fastrtps_cpp/cmake)
[1.693s] -- Found OpenSSL: /usr/lib/x86_64-linux-gnu/libcrypto.so (found version "3.0.2")  
[1.720s] -- Found FastRTPS: /opt/ros/humble/include  
[1.755s] -- Using RMW implementation 'rmw_fastrtps_cpp' as default
[1.766s] -- Looking for pthread.h
[1.805s] -- Looking for pthread.h - found
[1.805s] -- Performing Test CMAKE_HAVE_LIBC_PTHREAD
[1.843s] -- Performing Test CMAKE_HAVE_LIBC_PTHREAD - Success
[1.844s] -- Found Threads: TRUE  
[1.887s] -- Found nlohmann_json: /usr/lib/cmake/nlohmann_json/nlohmann_jsonConfig.cmake (found version "3.10.5") 
[1.895s] -- Found OpenCV: /usr (found version "4.5.4") 
[1.897s] -- Found cv_bridge: 3.2.1 (/opt/ros/humble/share/cv_bridge/cmake)
[1.987s] -- Configuring done
[2.000s] [33mCMake Warning at CMakeLists.txt:36 (add_executable):
[2.000s]   Cannot generate a safe runtime search path for target combined_node because
[2.000s]   files in some directories may conflict with libraries in implicit
[2.000s]   directories:
[2.000s] 
[2.000s]     runtime library [libcurl.so.4] in /usr/lib/x86_64-linux-gnu may be hidden by files in:
[2.000s]       /home/guyi/anaconda3/lib
[2.000s]     runtime library [libtiff.so.5] in /usr/lib/x86_64-linux-gnu may be hidden by files in:
[2.000s]       /home/guyi/anaconda3/lib
[2.000s] 
[2.000s]   Some of these libraries may not be found correctly.
[2.000s] 
[2.000s] [0m
[2.001s] -- Generating done
[2.005s] -- Build files have been written to: /home/guyi/github/Modified_InMoov/build/servo_mediator_cpp
