[0.493s] Invoking command in '/home/guyi/github/Modified_InMoov/Unity-ros-connection/ros2 nodes/udp converter/src/ce_python': CONDA_PROMPT_MODIFIER=(base) PYTHONPATH=/home/guyi/github/Modified_InMoov/Unity-ros-connection/ros2 nodes/udp converter/build/ce_python/prefix_override:/usr/lib/python3/dist-packages/colcon_core/task/python/colcon_distutils_commands:/home/guyi/github/Modified_InMoov/Unity-ros-connection/ros2 nodes/udp converter/install/ce_python/lib/python3.10/site-packages:${PYTHONPATH} /usr/bin/python3 -W ignore:setup.py install is deprecated -W ignore:easy_install command is deprecated setup.py egg_info --egg-base ../../build/ce_python build --build-base /home/guyi/github/Modified_InMoov/Unity-ros-connection/ros2 nodes/udp converter/build/ce_python/build install --record /home/guyi/github/Modified_InMoov/Unity-ros-connection/ros2 nodes/udp converter/build/ce_python/install.log --single-version-externally-managed install_data
[0.615s] running egg_info
[0.615s] creating ../../build/ce_python/ce_python.egg-info
[0.616s] writing ../../build/ce_python/ce_python.egg-info/PKG-INFO
[0.616s] writing dependency_links to ../../build/ce_python/ce_python.egg-info/dependency_links.txt
[0.616s] writing entry points to ../../build/ce_python/ce_python.egg-info/entry_points.txt
[0.616s] writing requirements to ../../build/ce_python/ce_python.egg-info/requires.txt
[0.616s] writing top-level names to ../../build/ce_python/ce_python.egg-info/top_level.txt
[0.616s] writing manifest file '../../build/ce_python/ce_python.egg-info/SOURCES.txt'
[0.616s] reading manifest file '../../build/ce_python/ce_python.egg-info/SOURCES.txt'
[0.617s] writing manifest file '../../build/ce_python/ce_python.egg-info/SOURCES.txt'
[0.617s] running build
[0.617s] running build_py
[0.617s] creating /home/guyi/github/Modified_InMoov/Unity-ros-connection/ros2 nodes/udp converter/build/ce_python/build
[0.617s] creating /home/guyi/github/Modified_InMoov/Unity-ros-connection/ros2 nodes/udp converter/build/ce_python/build/lib
[0.618s] creating /home/guyi/github/Modified_InMoov/Unity-ros-connection/ros2 nodes/udp converter/build/ce_python/build/lib/ce_python
[0.618s] copying ce_python/__init__.py -> /home/guyi/github/Modified_InMoov/Unity-ros-connection/ros2 nodes/udp converter/build/ce_python/build/lib/ce_python
[0.618s] copying ce_python/angle_forwarder.py -> /home/guyi/github/Modified_InMoov/Unity-ros-connection/ros2 nodes/udp converter/build/ce_python/build/lib/ce_python
[0.618s] running install
[0.618s] running install_lib
[0.618s] creating /home/guyi/github/Modified_InMoov/Unity-ros-connection/ros2 nodes/udp converter/install/ce_python/lib/python3.10/site-packages/ce_python
[0.618s] copying /home/guyi/github/Modified_InMoov/Unity-ros-connection/ros2 nodes/udp converter/build/ce_python/build/lib/ce_python/__init__.py -> /home/guyi/github/Modified_InMoov/Unity-ros-connection/ros2 nodes/udp converter/install/ce_python/lib/python3.10/site-packages/ce_python
[0.618s] copying /home/guyi/github/Modified_InMoov/Unity-ros-connection/ros2 nodes/udp converter/build/ce_python/build/lib/ce_python/angle_forwarder.py -> /home/guyi/github/Modified_InMoov/Unity-ros-connection/ros2 nodes/udp converter/install/ce_python/lib/python3.10/site-packages/ce_python
[0.619s] byte-compiling /home/guyi/github/Modified_InMoov/Unity-ros-connection/ros2 nodes/udp converter/install/ce_python/lib/python3.10/site-packages/ce_python/__init__.py to __init__.cpython-310.pyc
[0.619s] byte-compiling /home/guyi/github/Modified_InMoov/Unity-ros-connection/ros2 nodes/udp converter/install/ce_python/lib/python3.10/site-packages/ce_python/angle_forwarder.py to angle_forwarder.cpython-310.pyc
[0.619s] running install_data
[0.619s] creating /home/guyi/github/Modified_InMoov/Unity-ros-connection/ros2 nodes/udp converter/install/ce_python/share/ament_index
[0.619s] creating /home/guyi/github/Modified_InMoov/Unity-ros-connection/ros2 nodes/udp converter/install/ce_python/share/ament_index/resource_index
[0.619s] creating /home/guyi/github/Modified_InMoov/Unity-ros-connection/ros2 nodes/udp converter/install/ce_python/share/ament_index/resource_index/packages
[0.619s] copying resource/ce_python -> /home/guyi/github/Modified_InMoov/Unity-ros-connection/ros2 nodes/udp converter/install/ce_python/share/ament_index/resource_index/packages
[0.619s] copying package.xml -> /home/guyi/github/Modified_InMoov/Unity-ros-connection/ros2 nodes/udp converter/install/ce_python/share/ce_python
[0.619s] creating /home/guyi/github/Modified_InMoov/Unity-ros-connection/ros2 nodes/udp converter/install/ce_python/share/ce_python/launch
[0.619s] copying launch/angle_udp.launch.py -> /home/guyi/github/Modified_InMoov/Unity-ros-connection/ros2 nodes/udp converter/install/ce_python/share/ce_python/launch
[0.619s] running install_egg_info
[0.620s] Copying ../../build/ce_python/ce_python.egg-info to /home/guyi/github/Modified_InMoov/Unity-ros-connection/ros2 nodes/udp converter/install/ce_python/lib/python3.10/site-packages/ce_python-0.0.0-py3.10.egg-info
[0.621s] running install_scripts
[0.631s] Installing angle_forwarder script to /home/guyi/github/Modified_InMoov/Unity-ros-connection/ros2 nodes/udp converter/install/ce_python/lib/ce_python
[0.631s] writing list of installed files to '/home/guyi/github/Modified_InMoov/Unity-ros-connection/ros2 nodes/udp converter/build/ce_python/install.log'
[0.649s] Invoked command in '/home/guyi/github/Modified_InMoov/Unity-ros-connection/ros2 nodes/udp converter/src/ce_python' returned '0': CONDA_PROMPT_MODIFIER=(base) PYTHONPATH=/home/guyi/github/Modified_InMoov/Unity-ros-connection/ros2 nodes/udp converter/build/ce_python/prefix_override:/usr/lib/python3/dist-packages/colcon_core/task/python/colcon_distutils_commands:/home/guyi/github/Modified_InMoov/Unity-ros-connection/ros2 nodes/udp converter/install/ce_python/lib/python3.10/site-packages:${PYTHONPATH} /usr/bin/python3 -W ignore:setup.py install is deprecated -W ignore:easy_install command is deprecated setup.py egg_info --egg-base ../../build/ce_python build --build-base /home/guyi/github/Modified_InMoov/Unity-ros-connection/ros2 nodes/udp converter/build/ce_python/build install --record /home/guyi/github/Modified_InMoov/Unity-ros-connection/ros2 nodes/udp converter/build/ce_python/install.log --single-version-externally-managed install_data
