-- Install configuration: ""
-- Up-to-date: /home/guyi/github/Modified_InMoov/visualize_ws/install/sup_moveit_model/share/ament_index/resource_index/package_run_dependencies/sup_moveit_model
-- Up-to-date: /home/guyi/github/Modified_InMoov/visualize_ws/install/sup_moveit_model/share/ament_index/resource_index/parent_prefix_path/sup_moveit_model
-- Up-to-date: /home/guyi/github/Modified_InMoov/visualize_ws/install/sup_moveit_model/share/sup_moveit_model/environment/ament_prefix_path.sh
-- Up-to-date: /home/guyi/github/Modified_InMoov/visualize_ws/install/sup_moveit_model/share/sup_moveit_model/environment/ament_prefix_path.dsv
-- Up-to-date: /home/guyi/github/Modified_InMoov/visualize_ws/install/sup_moveit_model/share/sup_moveit_model/environment/path.sh
-- Up-to-date: /home/guyi/github/Modified_InMoov/visualize_ws/install/sup_moveit_model/share/sup_moveit_model/environment/path.dsv
-- Up-to-date: /home/guyi/github/Modified_InMoov/visualize_ws/install/sup_moveit_model/share/sup_moveit_model/local_setup.bash
-- Up-to-date: /home/guyi/github/Modified_InMoov/visualize_ws/install/sup_moveit_model/share/sup_moveit_model/local_setup.sh
-- Up-to-date: /home/guyi/github/Modified_InMoov/visualize_ws/install/sup_moveit_model/share/sup_moveit_model/local_setup.zsh
-- Up-to-date: /home/guyi/github/Modified_InMoov/visualize_ws/install/sup_moveit_model/share/sup_moveit_model/local_setup.dsv
-- Up-to-date: /home/guyi/github/Modified_InMoov/visualize_ws/install/sup_moveit_model/share/sup_moveit_model/package.dsv
-- Up-to-date: /home/guyi/github/Modified_InMoov/visualize_ws/install/sup_moveit_model/share/ament_index/resource_index/packages/sup_moveit_model
-- Up-to-date: /home/guyi/github/Modified_InMoov/visualize_ws/install/sup_moveit_model/share/sup_moveit_model/cmake/sup_moveit_modelConfig.cmake
-- Up-to-date: /home/guyi/github/Modified_InMoov/visualize_ws/install/sup_moveit_model/share/sup_moveit_model/cmake/sup_moveit_modelConfig-version.cmake
-- Up-to-date: /home/guyi/github/Modified_InMoov/visualize_ws/install/sup_moveit_model/share/sup_moveit_model/package.xml
-- Up-to-date: /home/guyi/github/Modified_InMoov/visualize_ws/install/sup_moveit_model/share/sup_moveit_model/launch
-- Up-to-date: /home/guyi/github/Modified_InMoov/visualize_ws/install/sup_moveit_model/share/sup_moveit_model/launch/setup_assistant.launch.py
-- Up-to-date: /home/guyi/github/Modified_InMoov/visualize_ws/install/sup_moveit_model/share/sup_moveit_model/launch/rsp.launch.py
-- Up-to-date: /home/guyi/github/Modified_InMoov/visualize_ws/install/sup_moveit_model/share/sup_moveit_model/launch/spawn_controllers.launch.py
-- Installing: /home/guyi/github/Modified_InMoov/visualize_ws/install/sup_moveit_model/share/sup_moveit_model/launch/demo.launch.py
-- Up-to-date: /home/guyi/github/Modified_InMoov/visualize_ws/install/sup_moveit_model/share/sup_moveit_model/launch/warehouse_db.launch.py
-- Up-to-date: /home/guyi/github/Modified_InMoov/visualize_ws/install/sup_moveit_model/share/sup_moveit_model/launch/static_virtual_joint_tfs.launch.py
-- Up-to-date: /home/guyi/github/Modified_InMoov/visualize_ws/install/sup_moveit_model/share/sup_moveit_model/launch/moveit_rviz.launch.py
-- Up-to-date: /home/guyi/github/Modified_InMoov/visualize_ws/install/sup_moveit_model/share/sup_moveit_model/launch/move_group.launch.py
-- Up-to-date: /home/guyi/github/Modified_InMoov/visualize_ws/install/sup_moveit_model/share/sup_moveit_model/config
-- Up-to-date: /home/guyi/github/Modified_InMoov/visualize_ws/install/sup_moveit_model/share/sup_moveit_model/config/ArmsnHands.ros2_control.xacro
-- Up-to-date: /home/guyi/github/Modified_InMoov/visualize_ws/install/sup_moveit_model/share/sup_moveit_model/config/ros2_controllers.yaml
-- Up-to-date: /home/guyi/github/Modified_InMoov/visualize_ws/install/sup_moveit_model/share/sup_moveit_model/config/pilz_cartesian_limits.yaml
-- Up-to-date: /home/guyi/github/Modified_InMoov/visualize_ws/install/sup_moveit_model/share/sup_moveit_model/config/initial_positions.yaml
-- Up-to-date: /home/guyi/github/Modified_InMoov/visualize_ws/install/sup_moveit_model/share/sup_moveit_model/config/moveit_controllers.yaml
-- Up-to-date: /home/guyi/github/Modified_InMoov/visualize_ws/install/sup_moveit_model/share/sup_moveit_model/config/moveit.rviz
-- Up-to-date: /home/guyi/github/Modified_InMoov/visualize_ws/install/sup_moveit_model/share/sup_moveit_model/config/joint_limits.yaml
-- Up-to-date: /home/guyi/github/Modified_InMoov/visualize_ws/install/sup_moveit_model/share/sup_moveit_model/config/kinematics.yaml
-- Up-to-date: /home/guyi/github/Modified_InMoov/visualize_ws/install/sup_moveit_model/share/sup_moveit_model/config/ArmsnHands.urdf.xacro
-- Installing: /home/guyi/github/Modified_InMoov/visualize_ws/install/sup_moveit_model/share/sup_moveit_model/config/ArmsnHands.srdf
-- Up-to-date: /home/guyi/github/Modified_InMoov/visualize_ws/install/sup_moveit_model/share/sup_moveit_model/.setup_assistant
