[0.056s] DEBUG:colcon:Command line arguments: ['/usr/bin/colcon', 'build']
[0.056s] DEBUG:colcon:Parsed command line arguments: Namespace(log_base=None, log_level=None, verb_name='build', build_base='build', install_base='install', merge_install=False, symlink_install=False, test_result_base=None, continue_on_error=False, executor='parallel', parallel_workers=16, event_handlers=None, ignore_user_meta=False, metas=['./colcon.meta'], base_paths=['.'], packages_ignore=None, packages_ignore_regex=None, paths=None, packages_up_to=None, packages_up_to_regex=None, packages_above=None, packages_above_and_dependencies=None, packages_above_depth=None, packages_select_by_dep=None, packages_skip_by_dep=None, packages_skip_up_to=None, packages_select_build_failed=False, packages_skip_build_finished=False, packages_select_test_failures=False, packages_skip_test_passed=False, packages_select=None, packages_skip=None, packages_select_regex=None, packages_skip_regex=None, packages_start=None, packages_end=None, allow_overriding=[], cmake_args=None, cmake_target=None, cmake_target_skip_unavailable=False, cmake_clean_cache=False, cmake_clean_first=False, cmake_force_configure=False, ament_cmake_args=None, catkin_cmake_args=None, catkin_skip_building_tests=False, verb_parser=<colcon_defaults.argument_parser.defaults.DefaultArgumentsDecorator object at 0x7e9002f4b400>, verb_extension=<colcon_core.verb.build.BuildVerb object at 0x7e9002f4aef0>, main=<bound method BuildVerb.main of <colcon_core.verb.build.BuildVerb object at 0x7e9002f4aef0>>)
[0.144s] Level 1:colcon.colcon_core.package_discovery:discover_packages(colcon_meta) check parameters
[0.144s] Level 1:colcon.colcon_core.package_discovery:discover_packages(recursive) check parameters
[0.144s] Level 1:colcon.colcon_core.package_discovery:discover_packages(ignore) check parameters
[0.144s] Level 1:colcon.colcon_core.package_discovery:discover_packages(path) check parameters
[0.144s] Level 1:colcon.colcon_core.package_discovery:discover_packages(colcon_meta) discover
[0.144s] Level 1:colcon.colcon_core.package_discovery:discover_packages(recursive) discover
[0.144s] INFO:colcon.colcon_core.package_discovery:Crawling recursively for packages in '/home/guyi/github/Modified_InMoov/ros-http/src'
[0.144s] Level 1:colcon.colcon_core.package_identification:_identify(.) by extensions ['ignore', 'ignore_ament_install']
[0.144s] Level 1:colcon.colcon_core.package_identification:_identify(.) by extension 'ignore'
[0.144s] Level 1:colcon.colcon_core.package_identification:_identify(.) by extension 'ignore_ament_install'
[0.144s] Level 1:colcon.colcon_core.package_identification:_identify(.) by extensions ['colcon_pkg']
[0.144s] Level 1:colcon.colcon_core.package_identification:_identify(.) by extension 'colcon_pkg'
[0.144s] Level 1:colcon.colcon_core.package_identification:_identify(.) by extensions ['colcon_meta']
[0.144s] Level 1:colcon.colcon_core.package_identification:_identify(.) by extension 'colcon_meta'
[0.144s] Level 1:colcon.colcon_core.package_identification:_identify(.) by extensions ['ros']
[0.144s] Level 1:colcon.colcon_core.package_identification:_identify(.) by extension 'ros'
[0.150s] Level 1:colcon.colcon_core.package_identification:_identify(.) by extensions ['cmake', 'python']
[0.150s] Level 1:colcon.colcon_core.package_identification:_identify(.) by extension 'cmake'
[0.150s] Level 1:colcon.colcon_core.package_identification:_identify(.) by extension 'python'
[0.150s] Level 1:colcon.colcon_core.package_identification:_identify(.) by extensions ['python_setup_py']
[0.150s] Level 1:colcon.colcon_core.package_identification:_identify(.) by extension 'python_setup_py'
[0.150s] Level 1:colcon.colcon_core.package_identification:_identify(build) by extensions ['ignore', 'ignore_ament_install']
[0.150s] Level 1:colcon.colcon_core.package_identification:_identify(build) by extension 'ignore'
[0.150s] Level 1:colcon.colcon_core.package_identification:_identify(build) ignored
[0.150s] Level 1:colcon.colcon_core.package_identification:_identify(decode_node) by extensions ['ignore', 'ignore_ament_install']
[0.150s] Level 1:colcon.colcon_core.package_identification:_identify(decode_node) by extension 'ignore'
[0.150s] Level 1:colcon.colcon_core.package_identification:_identify(decode_node) by extension 'ignore_ament_install'
[0.150s] Level 1:colcon.colcon_core.package_identification:_identify(decode_node) by extensions ['colcon_pkg']
[0.150s] Level 1:colcon.colcon_core.package_identification:_identify(decode_node) by extension 'colcon_pkg'
[0.150s] Level 1:colcon.colcon_core.package_identification:_identify(decode_node) by extensions ['colcon_meta']
[0.151s] Level 1:colcon.colcon_core.package_identification:_identify(decode_node) by extension 'colcon_meta'
[0.151s] Level 1:colcon.colcon_core.package_identification:_identify(decode_node) by extensions ['ros']
[0.151s] Level 1:colcon.colcon_core.package_identification:_identify(decode_node) by extension 'ros'
[0.152s] DEBUG:colcon.colcon_core.package_identification:Package 'decode_node' with type 'ros.ament_cmake' and name 'decode_node'
[0.152s] Level 1:colcon.colcon_core.package_identification:_identify(http_gateway) by extensions ['ignore', 'ignore_ament_install']
[0.152s] Level 1:colcon.colcon_core.package_identification:_identify(http_gateway) by extension 'ignore'
[0.152s] Level 1:colcon.colcon_core.package_identification:_identify(http_gateway) by extension 'ignore_ament_install'
[0.152s] Level 1:colcon.colcon_core.package_identification:_identify(http_gateway) by extensions ['colcon_pkg']
[0.152s] Level 1:colcon.colcon_core.package_identification:_identify(http_gateway) by extension 'colcon_pkg'
[0.152s] Level 1:colcon.colcon_core.package_identification:_identify(http_gateway) by extensions ['colcon_meta']
[0.152s] Level 1:colcon.colcon_core.package_identification:_identify(http_gateway) by extension 'colcon_meta'
[0.152s] Level 1:colcon.colcon_core.package_identification:_identify(http_gateway) by extensions ['ros']
[0.152s] Level 1:colcon.colcon_core.package_identification:_identify(http_gateway) by extension 'ros'
[0.153s] DEBUG:colcon.colcon_core.package_identification:Package 'http_gateway' with type 'ros.ament_python' and name 'http_gateway'
[0.153s] Level 1:colcon.colcon_core.package_identification:_identify(install) by extensions ['ignore', 'ignore_ament_install']
[0.153s] Level 1:colcon.colcon_core.package_identification:_identify(install) by extension 'ignore'
[0.153s] Level 1:colcon.colcon_core.package_identification:_identify(install) ignored
[0.153s] Level 1:colcon.colcon_core.package_identification:_identify(log) by extensions ['ignore', 'ignore_ament_install']
[0.153s] Level 1:colcon.colcon_core.package_identification:_identify(log) by extension 'ignore'
[0.153s] Level 1:colcon.colcon_core.package_identification:_identify(log) ignored
[0.153s] Level 1:colcon.colcon_core.package_discovery:discover_packages(recursive) using defaults
[0.153s] Level 1:colcon.colcon_core.package_discovery:discover_packages(ignore) discover
[0.153s] Level 1:colcon.colcon_core.package_discovery:discover_packages(ignore) using defaults
[0.153s] Level 1:colcon.colcon_core.package_discovery:discover_packages(path) discover
[0.153s] Level 1:colcon.colcon_core.package_discovery:discover_packages(path) using defaults
[0.171s] Level 1:colcon.colcon_core.package_discovery:discover_packages(prefix_path) check parameters
[0.171s] Level 1:colcon.colcon_core.package_discovery:discover_packages(prefix_path) discover
[0.171s] WARNING:colcon.colcon_ros.prefix_path.ament:The path '/home/guyi/github/Modified_InMoov/ros-http/src/install/http_gateway' in the environment variable AMENT_PREFIX_PATH doesn't exist
[0.172s] DEBUG:colcon.colcon_installed_package_information.package_discovery:Found 1 installed packages in /home/guyi/github/Modified_InMoov/ros-http/src/install
[0.172s] DEBUG:colcon.colcon_installed_package_information.package_discovery:Found 2 installed packages in /home/guyi/github/Modified_InMoov/ros-http/install
[0.173s] DEBUG:colcon.colcon_installed_package_information.package_discovery:Found 4 installed packages in /home/guyi/github/Modified_InMoov/Unity-ros-connection/ros2 nodes/install
[0.173s] DEBUG:colcon.colcon_installed_package_information.package_discovery:Found 2 installed packages in /home/guyi/github/Modified_InMoov/Unity-ros-connection/ros2 nodes/udp converter/install
[0.173s] DEBUG:colcon.colcon_installed_package_information.package_discovery:Found 6 installed packages in /home/guyi/inmoov_ros2/install
[0.175s] DEBUG:colcon.colcon_installed_package_information.package_discovery:Found 360 installed packages in /opt/ros/humble
[0.175s] Level 1:colcon.colcon_core.package_discovery:discover_packages(prefix_path) using defaults
[0.199s] Level 5:colcon.colcon_core.verb:set package 'decode_node' build argument 'cmake_args' from command line to 'None'
[0.199s] Level 5:colcon.colcon_core.verb:set package 'decode_node' build argument 'cmake_target' from command line to 'None'
[0.199s] Level 5:colcon.colcon_core.verb:set package 'decode_node' build argument 'cmake_target_skip_unavailable' from command line to 'False'
[0.199s] Level 5:colcon.colcon_core.verb:set package 'decode_node' build argument 'cmake_clean_cache' from command line to 'False'
[0.199s] Level 5:colcon.colcon_core.verb:set package 'decode_node' build argument 'cmake_clean_first' from command line to 'False'
[0.199s] Level 5:colcon.colcon_core.verb:set package 'decode_node' build argument 'cmake_force_configure' from command line to 'False'
[0.199s] Level 5:colcon.colcon_core.verb:set package 'decode_node' build argument 'ament_cmake_args' from command line to 'None'
[0.199s] Level 5:colcon.colcon_core.verb:set package 'decode_node' build argument 'catkin_cmake_args' from command line to 'None'
[0.199s] Level 5:colcon.colcon_core.verb:set package 'decode_node' build argument 'catkin_skip_building_tests' from command line to 'False'
[0.199s] DEBUG:colcon.colcon_core.verb:Building package 'decode_node' with the following arguments: {'ament_cmake_args': None, 'build_base': '/home/guyi/github/Modified_InMoov/ros-http/src/build/decode_node', 'catkin_cmake_args': None, 'catkin_skip_building_tests': False, 'cmake_args': None, 'cmake_clean_cache': False, 'cmake_clean_first': False, 'cmake_force_configure': False, 'cmake_target': None, 'cmake_target_skip_unavailable': False, 'install_base': '/home/guyi/github/Modified_InMoov/ros-http/src/install/decode_node', 'merge_install': False, 'path': '/home/guyi/github/Modified_InMoov/ros-http/src/decode_node', 'symlink_install': False, 'test_result_base': None}
[0.199s] Level 5:colcon.colcon_core.verb:set package 'http_gateway' build argument 'cmake_args' from command line to 'None'
[0.199s] Level 5:colcon.colcon_core.verb:set package 'http_gateway' build argument 'cmake_target' from command line to 'None'
[0.199s] Level 5:colcon.colcon_core.verb:set package 'http_gateway' build argument 'cmake_target_skip_unavailable' from command line to 'False'
[0.199s] Level 5:colcon.colcon_core.verb:set package 'http_gateway' build argument 'cmake_clean_cache' from command line to 'False'
[0.199s] Level 5:colcon.colcon_core.verb:set package 'http_gateway' build argument 'cmake_clean_first' from command line to 'False'
[0.199s] Level 5:colcon.colcon_core.verb:set package 'http_gateway' build argument 'cmake_force_configure' from command line to 'False'
[0.199s] Level 5:colcon.colcon_core.verb:set package 'http_gateway' build argument 'ament_cmake_args' from command line to 'None'
[0.199s] Level 5:colcon.colcon_core.verb:set package 'http_gateway' build argument 'catkin_cmake_args' from command line to 'None'
[0.199s] Level 5:colcon.colcon_core.verb:set package 'http_gateway' build argument 'catkin_skip_building_tests' from command line to 'False'
[0.199s] DEBUG:colcon.colcon_core.verb:Building package 'http_gateway' with the following arguments: {'ament_cmake_args': None, 'build_base': '/home/guyi/github/Modified_InMoov/ros-http/src/build/http_gateway', 'catkin_cmake_args': None, 'catkin_skip_building_tests': False, 'cmake_args': None, 'cmake_clean_cache': False, 'cmake_clean_first': False, 'cmake_force_configure': False, 'cmake_target': None, 'cmake_target_skip_unavailable': False, 'install_base': '/home/guyi/github/Modified_InMoov/ros-http/src/install/http_gateway', 'merge_install': False, 'path': '/home/guyi/github/Modified_InMoov/ros-http/src/http_gateway', 'symlink_install': False, 'test_result_base': None}
[0.200s] INFO:colcon.colcon_core.executor:Executing jobs using 'parallel' executor
[0.200s] DEBUG:colcon.colcon_parallel_executor.executor.parallel:run_until_complete
[0.200s] INFO:colcon.colcon_ros.task.ament_cmake.build:Building ROS package in '/home/guyi/github/Modified_InMoov/ros-http/src/decode_node' with build type 'ament_cmake'
[0.201s] INFO:colcon.colcon_cmake.task.cmake.build:Building CMake package in '/home/guyi/github/Modified_InMoov/ros-http/src/decode_node'
[0.202s] INFO:colcon.colcon_core.plugin_system:Skipping extension 'colcon_core.shell.bat': Not used on non-Windows systems
[0.202s] INFO:colcon.colcon_core.shell:Skip shell extension 'powershell' for command environment: Not usable outside of PowerShell
[0.202s] DEBUG:colcon.colcon_core.shell:Skip shell extension 'dsv' for command environment
[0.206s] INFO:colcon.colcon_ros.task.ament_python.build:Building ROS package in '/home/guyi/github/Modified_InMoov/ros-http/src/http_gateway' with build type 'ament_python'
[0.206s] Level 1:colcon.colcon_core.shell:create_environment_hook('http_gateway', 'ament_prefix_path')
[0.206s] INFO:colcon.colcon_core.shell:Creating environment hook '/home/guyi/github/Modified_InMoov/ros-http/src/install/http_gateway/share/http_gateway/hook/ament_prefix_path.ps1'
[0.206s] INFO:colcon.colcon_core.shell:Creating environment descriptor '/home/guyi/github/Modified_InMoov/ros-http/src/install/http_gateway/share/http_gateway/hook/ament_prefix_path.dsv'
[0.207s] INFO:colcon.colcon_core.shell:Creating environment hook '/home/guyi/github/Modified_InMoov/ros-http/src/install/http_gateway/share/http_gateway/hook/ament_prefix_path.sh'
[0.207s] INFO:colcon.colcon_core.shell:Skip shell extension 'powershell' for command environment: Not usable outside of PowerShell
[0.207s] DEBUG:colcon.colcon_core.shell:Skip shell extension 'dsv' for command environment
[0.215s] DEBUG:colcon.colcon_core.event_handler.log_command:Invoking command in '/home/guyi/github/Modified_InMoov/ros-http/src/build/decode_node': CMAKE_PREFIX_PATH=/home/guyi/github/Modified_InMoov/ros-http/src/install/decode_node:/home/guyi/github/Modified_InMoov/ros-http/src/install/http_gateway:/home/guyi/github/Modified_InMoov/ros-http/install/http_gateway:/home/guyi/github/Modified_InMoov/Unity-ros-connection/ros2 nodes/install/ros_tcp_endpoint:/home/guyi/github/Modified_InMoov/Unity-ros-connection/ros2 nodes/install/ce_python:/home/guyi/github/Modified_InMoov/Unity-ros-connection/ros2 nodes/udp converter/install/ce_python:/opt/ros/humble:/home/guyi/github/Modified_InMoov/ros-http/install/decode_node:/home/guyi/github/Modified_InMoov/Unity-ros-connection/ros2 nodes/install/servo_mediator_cpp:/home/guyi/github/Modified_InMoov/Unity-ros-connection/ros2 nodes/install/inmoov_description:/home/guyi/github/Modified_InMoov/Unity-ros-connection/ros2 nodes/udp converter/install/servo_mediator_cpp:/home/guyi/inmoov_ros2/install/inmoov_tools:/home/guyi/inmoov_ros2/install/inmoov_bringup:/home/guyi/inmoov_ros2/install/inmoov_msgs:/home/guyi/inmoov_ros2/install/inmoov_meshes:/home/guyi/inmoov_ros2/install/inmoov_config_test:/home/guyi/inmoov_ros2/install/inmoov_description /usr/local/bin/cmake /home/guyi/github/Modified_InMoov/ros-http/src/decode_node -DCMAKE_INSTALL_PREFIX=/home/guyi/github/Modified_InMoov/ros-http/src/install/decode_node
[0.362s] INFO:colcon.colcon_core.task.python.build:Building Python package in '/home/guyi/github/Modified_InMoov/ros-http/src/http_gateway'
[0.362s] INFO:colcon.colcon_core.shell:Skip shell extension 'powershell' for command environment: Not usable outside of PowerShell
[0.362s] DEBUG:colcon.colcon_core.shell:Skip shell extension 'dsv' for command environment
[0.521s] DEBUG:colcon.colcon_core.event_handler.log_command:Invoked command in '/home/guyi/github/Modified_InMoov/ros-http/src/build/decode_node' returned '0': CMAKE_PREFIX_PATH=/home/guyi/github/Modified_InMoov/ros-http/src/install/decode_node:/home/guyi/github/Modified_InMoov/ros-http/src/install/http_gateway:/home/guyi/github/Modified_InMoov/ros-http/install/http_gateway:/home/guyi/github/Modified_InMoov/Unity-ros-connection/ros2 nodes/install/ros_tcp_endpoint:/home/guyi/github/Modified_InMoov/Unity-ros-connection/ros2 nodes/install/ce_python:/home/guyi/github/Modified_InMoov/Unity-ros-connection/ros2 nodes/udp converter/install/ce_python:/opt/ros/humble:/home/guyi/github/Modified_InMoov/ros-http/install/decode_node:/home/guyi/github/Modified_InMoov/Unity-ros-connection/ros2 nodes/install/servo_mediator_cpp:/home/guyi/github/Modified_InMoov/Unity-ros-connection/ros2 nodes/install/inmoov_description:/home/guyi/github/Modified_InMoov/Unity-ros-connection/ros2 nodes/udp converter/install/servo_mediator_cpp:/home/guyi/inmoov_ros2/install/inmoov_tools:/home/guyi/inmoov_ros2/install/inmoov_bringup:/home/guyi/inmoov_ros2/install/inmoov_msgs:/home/guyi/inmoov_ros2/install/inmoov_meshes:/home/guyi/inmoov_ros2/install/inmoov_config_test:/home/guyi/inmoov_ros2/install/inmoov_description /usr/local/bin/cmake /home/guyi/github/Modified_InMoov/ros-http/src/decode_node -DCMAKE_INSTALL_PREFIX=/home/guyi/github/Modified_InMoov/ros-http/src/install/decode_node
[0.522s] DEBUG:colcon.colcon_core.event_handler.log_command:Invoking command in '/home/guyi/github/Modified_InMoov/ros-http/src/build/decode_node': CMAKE_PREFIX_PATH=/home/guyi/github/Modified_InMoov/ros-http/src/install/decode_node:/home/guyi/github/Modified_InMoov/ros-http/src/install/http_gateway:/home/guyi/github/Modified_InMoov/ros-http/install/http_gateway:/home/guyi/github/Modified_InMoov/Unity-ros-connection/ros2 nodes/install/ros_tcp_endpoint:/home/guyi/github/Modified_InMoov/Unity-ros-connection/ros2 nodes/install/ce_python:/home/guyi/github/Modified_InMoov/Unity-ros-connection/ros2 nodes/udp converter/install/ce_python:/opt/ros/humble:/home/guyi/github/Modified_InMoov/ros-http/install/decode_node:/home/guyi/github/Modified_InMoov/Unity-ros-connection/ros2 nodes/install/servo_mediator_cpp:/home/guyi/github/Modified_InMoov/Unity-ros-connection/ros2 nodes/install/inmoov_description:/home/guyi/github/Modified_InMoov/Unity-ros-connection/ros2 nodes/udp converter/install/servo_mediator_cpp:/home/guyi/inmoov_ros2/install/inmoov_tools:/home/guyi/inmoov_ros2/install/inmoov_bringup:/home/guyi/inmoov_ros2/install/inmoov_msgs:/home/guyi/inmoov_ros2/install/inmoov_meshes:/home/guyi/inmoov_ros2/install/inmoov_config_test:/home/guyi/inmoov_ros2/install/inmoov_description /usr/local/bin/cmake --build /home/guyi/github/Modified_InMoov/ros-http/src/build/decode_node -- -j16 -l16
[0.553s] DEBUG:colcon.colcon_core.event_handler.log_command:Invoked command in '/home/guyi/github/Modified_InMoov/ros-http/src/build/decode_node' returned '0': CMAKE_PREFIX_PATH=/home/guyi/github/Modified_InMoov/ros-http/src/install/decode_node:/home/guyi/github/Modified_InMoov/ros-http/src/install/http_gateway:/home/guyi/github/Modified_InMoov/ros-http/install/http_gateway:/home/guyi/github/Modified_InMoov/Unity-ros-connection/ros2 nodes/install/ros_tcp_endpoint:/home/guyi/github/Modified_InMoov/Unity-ros-connection/ros2 nodes/install/ce_python:/home/guyi/github/Modified_InMoov/Unity-ros-connection/ros2 nodes/udp converter/install/ce_python:/opt/ros/humble:/home/guyi/github/Modified_InMoov/ros-http/install/decode_node:/home/guyi/github/Modified_InMoov/Unity-ros-connection/ros2 nodes/install/servo_mediator_cpp:/home/guyi/github/Modified_InMoov/Unity-ros-connection/ros2 nodes/install/inmoov_description:/home/guyi/github/Modified_InMoov/Unity-ros-connection/ros2 nodes/udp converter/install/servo_mediator_cpp:/home/guyi/inmoov_ros2/install/inmoov_tools:/home/guyi/inmoov_ros2/install/inmoov_bringup:/home/guyi/inmoov_ros2/install/inmoov_msgs:/home/guyi/inmoov_ros2/install/inmoov_meshes:/home/guyi/inmoov_ros2/install/inmoov_config_test:/home/guyi/inmoov_ros2/install/inmoov_description /usr/local/bin/cmake --build /home/guyi/github/Modified_InMoov/ros-http/src/build/decode_node -- -j16 -l16
[0.556s] DEBUG:colcon.colcon_core.event_handler.log_command:Invoking command in '/home/guyi/github/Modified_InMoov/ros-http/src/build/decode_node': CMAKE_PREFIX_PATH=/home/guyi/github/Modified_InMoov/ros-http/src/install/decode_node:/home/guyi/github/Modified_InMoov/ros-http/src/install/http_gateway:/home/guyi/github/Modified_InMoov/ros-http/install/http_gateway:/home/guyi/github/Modified_InMoov/Unity-ros-connection/ros2 nodes/install/ros_tcp_endpoint:/home/guyi/github/Modified_InMoov/Unity-ros-connection/ros2 nodes/install/ce_python:/home/guyi/github/Modified_InMoov/Unity-ros-connection/ros2 nodes/udp converter/install/ce_python:/opt/ros/humble:/home/guyi/github/Modified_InMoov/ros-http/install/decode_node:/home/guyi/github/Modified_InMoov/Unity-ros-connection/ros2 nodes/install/servo_mediator_cpp:/home/guyi/github/Modified_InMoov/Unity-ros-connection/ros2 nodes/install/inmoov_description:/home/guyi/github/Modified_InMoov/Unity-ros-connection/ros2 nodes/udp converter/install/servo_mediator_cpp:/home/guyi/inmoov_ros2/install/inmoov_tools:/home/guyi/inmoov_ros2/install/inmoov_bringup:/home/guyi/inmoov_ros2/install/inmoov_msgs:/home/guyi/inmoov_ros2/install/inmoov_meshes:/home/guyi/inmoov_ros2/install/inmoov_config_test:/home/guyi/inmoov_ros2/install/inmoov_description /usr/local/bin/cmake --install /home/guyi/github/Modified_InMoov/ros-http/src/build/decode_node
[0.561s] Level 1:colcon.colcon_core.environment:create_environment_scripts_only(decode_node)
[0.561s] DEBUG:colcon.colcon_core.event_handler.log_command:Invoked command in '/home/guyi/github/Modified_InMoov/ros-http/src/build/decode_node' returned '0': CMAKE_PREFIX_PATH=/home/guyi/github/Modified_InMoov/ros-http/src/install/decode_node:/home/guyi/github/Modified_InMoov/ros-http/src/install/http_gateway:/home/guyi/github/Modified_InMoov/ros-http/install/http_gateway:/home/guyi/github/Modified_InMoov/Unity-ros-connection/ros2 nodes/install/ros_tcp_endpoint:/home/guyi/github/Modified_InMoov/Unity-ros-connection/ros2 nodes/install/ce_python:/home/guyi/github/Modified_InMoov/Unity-ros-connection/ros2 nodes/udp converter/install/ce_python:/opt/ros/humble:/home/guyi/github/Modified_InMoov/ros-http/install/decode_node:/home/guyi/github/Modified_InMoov/Unity-ros-connection/ros2 nodes/install/servo_mediator_cpp:/home/guyi/github/Modified_InMoov/Unity-ros-connection/ros2 nodes/install/inmoov_description:/home/guyi/github/Modified_InMoov/Unity-ros-connection/ros2 nodes/udp converter/install/servo_mediator_cpp:/home/guyi/inmoov_ros2/install/inmoov_tools:/home/guyi/inmoov_ros2/install/inmoov_bringup:/home/guyi/inmoov_ros2/install/inmoov_msgs:/home/guyi/inmoov_ros2/install/inmoov_meshes:/home/guyi/inmoov_ros2/install/inmoov_config_test:/home/guyi/inmoov_ros2/install/inmoov_description /usr/local/bin/cmake --install /home/guyi/github/Modified_InMoov/ros-http/src/build/decode_node
[0.563s] Level 1:colcon.colcon_core.environment:checking '/home/guyi/github/Modified_InMoov/ros-http/src/install/decode_node' for CMake module files
[0.563s] Level 1:colcon.colcon_core.environment:checking '/home/guyi/github/Modified_InMoov/ros-http/src/install/decode_node' for CMake config files
[0.563s] Level 1:colcon.colcon_core.shell:create_environment_hook('decode_node', 'cmake_prefix_path')
[0.563s] INFO:colcon.colcon_core.shell:Creating environment hook '/home/guyi/github/Modified_InMoov/ros-http/src/install/decode_node/share/decode_node/hook/cmake_prefix_path.ps1'
[0.564s] INFO:colcon.colcon_core.shell:Creating environment descriptor '/home/guyi/github/Modified_InMoov/ros-http/src/install/decode_node/share/decode_node/hook/cmake_prefix_path.dsv'
[0.564s] INFO:colcon.colcon_core.shell:Creating environment hook '/home/guyi/github/Modified_InMoov/ros-http/src/install/decode_node/share/decode_node/hook/cmake_prefix_path.sh'
[0.564s] Level 1:colcon.colcon_core.environment:checking '/home/guyi/github/Modified_InMoov/ros-http/src/install/decode_node/lib'
[0.564s] Level 1:colcon.colcon_core.environment:checking '/home/guyi/github/Modified_InMoov/ros-http/src/install/decode_node/bin'
[0.564s] Level 1:colcon.colcon_core.environment:checking '/home/guyi/github/Modified_InMoov/ros-http/src/install/decode_node/lib/pkgconfig/decode_node.pc'
[0.564s] Level 1:colcon.colcon_core.environment:checking '/home/guyi/github/Modified_InMoov/ros-http/src/install/decode_node/lib/python3.10/site-packages'
[0.565s] Level 1:colcon.colcon_core.environment:checking '/home/guyi/github/Modified_InMoov/ros-http/src/install/decode_node/bin'
[0.565s] INFO:colcon.colcon_core.shell:Creating package script '/home/guyi/github/Modified_InMoov/ros-http/src/install/decode_node/share/decode_node/package.ps1'
[0.565s] INFO:colcon.colcon_core.shell:Creating package descriptor '/home/guyi/github/Modified_InMoov/ros-http/src/install/decode_node/share/decode_node/package.dsv'
[0.566s] INFO:colcon.colcon_core.shell:Creating package script '/home/guyi/github/Modified_InMoov/ros-http/src/install/decode_node/share/decode_node/package.sh'
[0.566s] INFO:colcon.colcon_core.shell:Creating package script '/home/guyi/github/Modified_InMoov/ros-http/src/install/decode_node/share/decode_node/package.bash'
[0.566s] INFO:colcon.colcon_core.shell:Creating package script '/home/guyi/github/Modified_InMoov/ros-http/src/install/decode_node/share/decode_node/package.zsh'
[0.567s] Level 1:colcon.colcon_core.environment:create_file_with_runtime_dependencies(/home/guyi/github/Modified_InMoov/ros-http/src/install/decode_node/share/colcon-core/packages/decode_node)
[0.567s] Level 1:colcon.colcon_core.environment:create_environment_scripts_only(decode_node)
[0.567s] Level 1:colcon.colcon_core.environment:checking '/home/guyi/github/Modified_InMoov/ros-http/src/install/decode_node' for CMake module files
[0.567s] Level 1:colcon.colcon_core.environment:checking '/home/guyi/github/Modified_InMoov/ros-http/src/install/decode_node' for CMake config files
[0.567s] Level 1:colcon.colcon_core.shell:create_environment_hook('decode_node', 'cmake_prefix_path')
[0.568s] INFO:colcon.colcon_core.shell:Creating environment hook '/home/guyi/github/Modified_InMoov/ros-http/src/install/decode_node/share/decode_node/hook/cmake_prefix_path.ps1'
[0.568s] INFO:colcon.colcon_core.shell:Creating environment descriptor '/home/guyi/github/Modified_InMoov/ros-http/src/install/decode_node/share/decode_node/hook/cmake_prefix_path.dsv'
[0.568s] INFO:colcon.colcon_core.shell:Creating environment hook '/home/guyi/github/Modified_InMoov/ros-http/src/install/decode_node/share/decode_node/hook/cmake_prefix_path.sh'
[0.568s] Level 1:colcon.colcon_core.environment:checking '/home/guyi/github/Modified_InMoov/ros-http/src/install/decode_node/lib'
[0.568s] Level 1:colcon.colcon_core.environment:checking '/home/guyi/github/Modified_InMoov/ros-http/src/install/decode_node/bin'
[0.568s] Level 1:colcon.colcon_core.environment:checking '/home/guyi/github/Modified_InMoov/ros-http/src/install/decode_node/lib/pkgconfig/decode_node.pc'
[0.569s] Level 1:colcon.colcon_core.environment:checking '/home/guyi/github/Modified_InMoov/ros-http/src/install/decode_node/lib/python3.10/site-packages'
[0.569s] Level 1:colcon.colcon_core.environment:checking '/home/guyi/github/Modified_InMoov/ros-http/src/install/decode_node/bin'
[0.569s] INFO:colcon.colcon_core.shell:Creating package script '/home/guyi/github/Modified_InMoov/ros-http/src/install/decode_node/share/decode_node/package.ps1'
[0.569s] INFO:colcon.colcon_core.shell:Creating package descriptor '/home/guyi/github/Modified_InMoov/ros-http/src/install/decode_node/share/decode_node/package.dsv'
[0.569s] INFO:colcon.colcon_core.shell:Creating package script '/home/guyi/github/Modified_InMoov/ros-http/src/install/decode_node/share/decode_node/package.sh'
[0.570s] INFO:colcon.colcon_core.shell:Creating package script '/home/guyi/github/Modified_InMoov/ros-http/src/install/decode_node/share/decode_node/package.bash'
[0.570s] INFO:colcon.colcon_core.shell:Creating package script '/home/guyi/github/Modified_InMoov/ros-http/src/install/decode_node/share/decode_node/package.zsh'
[0.570s] Level 1:colcon.colcon_core.environment:create_file_with_runtime_dependencies(/home/guyi/github/Modified_InMoov/ros-http/src/install/decode_node/share/colcon-core/packages/decode_node)
[0.582s] DEBUG:colcon.colcon_core.event_handler.log_command:Invoking command in '/home/guyi/github/Modified_InMoov/ros-http/src/http_gateway': PYTHONPATH=/home/guyi/github/Modified_InMoov/ros-http/src/build/http_gateway/prefix_override:/usr/lib/python3/dist-packages/colcon_core/task/python/colcon_distutils_commands:/home/guyi/github/Modified_InMoov/ros-http/src/install/http_gateway/lib/python3.10/site-packages:${PYTHONPATH} /usr/bin/python3 -W ignore:setup.py install is deprecated -W ignore:easy_install command is deprecated setup.py egg_info --egg-base ../build/http_gateway build --build-base /home/guyi/github/Modified_InMoov/ros-http/src/build/http_gateway/build install --record /home/guyi/github/Modified_InMoov/ros-http/src/build/http_gateway/install.log --single-version-externally-managed install_data
[0.762s] Level 1:colcon.colcon_core.environment:checking '/home/guyi/github/Modified_InMoov/ros-http/src/install/http_gateway' for CMake module files
[0.763s] DEBUG:colcon.colcon_core.event_handler.log_command:Invoked command in '/home/guyi/github/Modified_InMoov/ros-http/src/http_gateway' returned '0': PYTHONPATH=/home/guyi/github/Modified_InMoov/ros-http/src/build/http_gateway/prefix_override:/usr/lib/python3/dist-packages/colcon_core/task/python/colcon_distutils_commands:/home/guyi/github/Modified_InMoov/ros-http/src/install/http_gateway/lib/python3.10/site-packages:${PYTHONPATH} /usr/bin/python3 -W ignore:setup.py install is deprecated -W ignore:easy_install command is deprecated setup.py egg_info --egg-base ../build/http_gateway build --build-base /home/guyi/github/Modified_InMoov/ros-http/src/build/http_gateway/build install --record /home/guyi/github/Modified_InMoov/ros-http/src/build/http_gateway/install.log --single-version-externally-managed install_data
[0.763s] Level 1:colcon.colcon_core.environment:checking '/home/guyi/github/Modified_InMoov/ros-http/src/install/http_gateway' for CMake config files
[0.763s] Level 1:colcon.colcon_core.environment:checking '/home/guyi/github/Modified_InMoov/ros-http/src/install/http_gateway/lib'
[0.763s] Level 1:colcon.colcon_core.environment:checking '/home/guyi/github/Modified_InMoov/ros-http/src/install/http_gateway/bin'
[0.763s] Level 1:colcon.colcon_core.environment:checking '/home/guyi/github/Modified_InMoov/ros-http/src/install/http_gateway/lib/pkgconfig/http_gateway.pc'
[0.763s] Level 1:colcon.colcon_core.environment:checking '/home/guyi/github/Modified_InMoov/ros-http/src/install/http_gateway/lib/python3.10/site-packages'
[0.763s] Level 1:colcon.colcon_core.shell:create_environment_hook('http_gateway', 'pythonpath')
[0.763s] INFO:colcon.colcon_core.shell:Creating environment hook '/home/guyi/github/Modified_InMoov/ros-http/src/install/http_gateway/share/http_gateway/hook/pythonpath.ps1'
[0.764s] INFO:colcon.colcon_core.shell:Creating environment descriptor '/home/guyi/github/Modified_InMoov/ros-http/src/install/http_gateway/share/http_gateway/hook/pythonpath.dsv'
[0.764s] INFO:colcon.colcon_core.shell:Creating environment hook '/home/guyi/github/Modified_InMoov/ros-http/src/install/http_gateway/share/http_gateway/hook/pythonpath.sh'
[0.764s] Level 1:colcon.colcon_core.environment:checking '/home/guyi/github/Modified_InMoov/ros-http/src/install/http_gateway/bin'
[0.764s] Level 1:colcon.colcon_core.environment:create_environment_scripts_only(http_gateway)
[0.764s] INFO:colcon.colcon_core.shell:Creating package script '/home/guyi/github/Modified_InMoov/ros-http/src/install/http_gateway/share/http_gateway/package.ps1'
[0.765s] INFO:colcon.colcon_core.shell:Creating package descriptor '/home/guyi/github/Modified_InMoov/ros-http/src/install/http_gateway/share/http_gateway/package.dsv'
[0.765s] INFO:colcon.colcon_core.shell:Creating package script '/home/guyi/github/Modified_InMoov/ros-http/src/install/http_gateway/share/http_gateway/package.sh'
[0.765s] INFO:colcon.colcon_core.shell:Creating package script '/home/guyi/github/Modified_InMoov/ros-http/src/install/http_gateway/share/http_gateway/package.bash'
[0.765s] INFO:colcon.colcon_core.shell:Creating package script '/home/guyi/github/Modified_InMoov/ros-http/src/install/http_gateway/share/http_gateway/package.zsh'
[0.765s] Level 1:colcon.colcon_core.environment:create_file_with_runtime_dependencies(/home/guyi/github/Modified_InMoov/ros-http/src/install/http_gateway/share/colcon-core/packages/http_gateway)
[0.766s] DEBUG:colcon.colcon_parallel_executor.executor.parallel:closing loop
[0.766s] DEBUG:colcon.colcon_parallel_executor.executor.parallel:loop closed
[0.766s] DEBUG:colcon.colcon_parallel_executor.executor.parallel:run_until_complete finished with '0'
[0.766s] DEBUG:colcon.colcon_core.event_reactor:joining thread
[0.769s] INFO:colcon.colcon_core.plugin_system:Skipping extension 'colcon_notification.desktop_notification.terminal_notifier': Not used on non-Darwin systems
[0.769s] INFO:colcon.colcon_core.plugin_system:Skipping extension 'colcon_notification.desktop_notification.win32': Not used on non-Windows systems
[0.769s] INFO:colcon.colcon_notification.desktop_notification:Sending desktop notification using 'notify2'
[0.776s] DEBUG:colcon.colcon_core.event_reactor:joined thread
[0.776s] INFO:colcon.colcon_core.shell:Creating prefix script '/home/guyi/github/Modified_InMoov/ros-http/src/install/local_setup.ps1'
[0.777s] INFO:colcon.colcon_core.shell:Creating prefix util module '/home/guyi/github/Modified_InMoov/ros-http/src/install/_local_setup_util_ps1.py'
[0.778s] INFO:colcon.colcon_core.shell:Creating prefix chain script '/home/guyi/github/Modified_InMoov/ros-http/src/install/setup.ps1'
[0.779s] INFO:colcon.colcon_core.shell:Creating prefix script '/home/guyi/github/Modified_InMoov/ros-http/src/install/local_setup.sh'
[0.780s] INFO:colcon.colcon_core.shell:Creating prefix util module '/home/guyi/github/Modified_InMoov/ros-http/src/install/_local_setup_util_sh.py'
[0.780s] INFO:colcon.colcon_core.shell:Creating prefix chain script '/home/guyi/github/Modified_InMoov/ros-http/src/install/setup.sh'
[0.781s] INFO:colcon.colcon_core.shell:Creating prefix script '/home/guyi/github/Modified_InMoov/ros-http/src/install/local_setup.bash'
[0.781s] INFO:colcon.colcon_core.shell:Creating prefix chain script '/home/guyi/github/Modified_InMoov/ros-http/src/install/setup.bash'
[0.782s] INFO:colcon.colcon_core.shell:Creating prefix script '/home/guyi/github/Modified_InMoov/ros-http/src/install/local_setup.zsh'
[0.782s] INFO:colcon.colcon_core.shell:Creating prefix chain script '/home/guyi/github/Modified_InMoov/ros-http/src/install/setup.zsh'
