[0.014s] Invoking command in '/home/guyi/ros2_ws/build/inmoov_description': CONDA_PROMPT_MODIFIER=(base) /usr/local/bin/cmake /home/guyi/ros2_ws/src/inmoov_description -DCATKIN_INSTALL_INTO_PREFIX_ROOT=0 -DCATKIN_SYMLINK_INSTALL=ON -DCMAKE_INSTALL_PREFIX=/home/guyi/ros2_ws/install/inmoov_description
[0.036s] -- Found ament_cmake: 1.3.11 (/opt/ros/humble/share/ament_cmake/cmake)
[0.143s] -- Found rclcpp: 16.0.12 (/opt/ros/humble/share/rclcpp/cmake)
[0.179s] -- Found rosidl_generator_c: 3.1.6 (/opt/ros/humble/share/rosidl_generator_c/cmake)
[0.182s] -- Found rosidl_adapter: 3.1.6 (/opt/ros/humble/share/rosidl_adapter/cmake)
[0.189s] -- Found rosidl_generator_cpp: 3.1.6 (/opt/ros/humble/share/rosidl_generator_cpp/cmake)
[0.201s] -- Using all available rosidl_typesupport_c: rosidl_typesupport_fastrtps_c;rosidl_typesupport_introspection_c
[0.215s] -- Using all available rosidl_typesupport_cpp: rosidl_typesupport_fastrtps_cpp;rosidl_typesupport_introspection_cpp
[0.256s] -- Found rmw_implementation_cmake: 6.1.2 (/opt/ros/humble/share/rmw_implementation_cmake/cmake)
[0.257s] -- Found rmw_fastrtps_cpp: 6.2.7 (/opt/ros/humble/share/rmw_fastrtps_cpp/cmake)
[0.379s] -- Using RMW implementation 'rmw_fastrtps_cpp' as default
[0.417s] -- Found gazebo_ros: 3.9.0 (/opt/ros/humble/share/gazebo_ros/cmake)
[0.450s] -- Found DART: /usr/include (Required is at least version "6.6") found components: dart 
[0.483s] [33mCMake Warning at /usr/local/share/cmake-3.22/Modules/FindProtobuf.cmake:524 (message):
[0.483s]   Protobuf compiler version 25.3 doesn't match library version 3.12.4
[0.483s] Call Stack (most recent call first):
[0.483s]   /usr/lib/x86_64-linux-gnu/cmake/gazebo/gazebo-config.cmake:203 (find_package)
[0.483s]   /opt/ros/humble/share/gazebo_dev/cmake/gazebo_dev-extras.cmake:3 (find_package)
[0.483s]   /opt/ros/humble/share/gazebo_dev/cmake/gazebo_devConfig.cmake:41 (include)
[0.483s]   /opt/ros/humble/share/gazebo_ros/cmake/ament_cmake_export_dependencies-extras.cmake:21 (find_package)
[0.484s]   /opt/ros/humble/share/gazebo_ros/cmake/gazebo_rosConfig.cmake:41 (include)
[0.484s]   CMakeLists.txt:7 (find_package)
[0.484s] 
[0.484s] [0m
[0.484s] -- Found Protobuf: /usr/lib/x86_64-linux-gnu/libprotobuf.so (found version "3.12.4") 
[0.486s] -- Looking for ignition-math6 -- found version 6.15.1
[0.490s] -- Searching for dependencies of ignition-math6
[0.491s] -- Looking for OGRE...
[0.496s] -- Found Ogre Ghadamon (1.9.0)
[0.496s] -- Found OGRE: optimized;/usr/lib/x86_64-linux-gnu/libOgreMain.so;debug;/usr/lib/x86_64-linux-gnu/libOgreMain.so
[0.503s] -- Looking for OGRE_Paging...
[0.503s] -- Found OGRE_Paging: optimized;/usr/lib/x86_64-linux-gnu/libOgrePaging.so;debug;/usr/lib/x86_64-linux-gnu/libOgrePaging.so
[0.503s] -- Looking for OGRE_Terrain...
[0.503s] -- Found OGRE_Terrain: optimized;/usr/lib/x86_64-linux-gnu/libOgreTerrain.so;debug;/usr/lib/x86_64-linux-gnu/libOgreTerrain.so
[0.503s] -- Looking for OGRE_Property...
[0.503s] -- Found OGRE_Property: optimized;/usr/lib/x86_64-linux-gnu/libOgreProperty.so;debug;/usr/lib/x86_64-linux-gnu/libOgreProperty.so
[0.503s] -- Looking for OGRE_RTShaderSystem...
[0.503s] -- Found OGRE_RTShaderSystem: optimized;/usr/lib/x86_64-linux-gnu/libOgreRTShaderSystem.so;debug;/usr/lib/x86_64-linux-gnu/libOgreRTShaderSystem.so
[0.503s] -- Looking for OGRE_Volume...
[0.503s] -- Found OGRE_Volume: optimized;/usr/lib/x86_64-linux-gnu/libOgreVolume.so;debug;/usr/lib/x86_64-linux-gnu/libOgreVolume.so
[0.503s] -- Looking for OGRE_Overlay...
[0.503s] -- Found OGRE_Overlay: optimized;/usr/lib/x86_64-linux-gnu/libOgreOverlay.so;debug;/usr/lib/x86_64-linux-gnu/libOgreOverlay.so
[0.572s] -- Looking for ignition-math6 -- found version 6.15.1
[0.572s] -- Looking for ignition-transport8 -- found version 8.2.1
[0.573s] -- Searching for dependencies of ignition-transport8
[0.590s] [33mCMake Warning at /usr/local/share/cmake-3.22/Modules/FindProtobuf.cmake:524 (message):
[0.590s]   Protobuf compiler version 25.3 doesn't match library version 3.12.4
[0.590s] Call Stack (most recent call first):
[0.590s]   /usr/share/cmake/ignition-cmake2/cmake2/FindIgnProtobuf.cmake:34 (find_package)
[0.590s]   /usr/lib/x86_64-linux-gnu/cmake/ignition-transport8/ignition-transport8-config.cmake:92 (find_package)
[0.590s]   /usr/lib/x86_64-linux-gnu/cmake/gazebo/gazebo-config.cmake:235 (find_package)
[0.590s]   /opt/ros/humble/share/gazebo_dev/cmake/gazebo_dev-extras.cmake:3 (find_package)
[0.590s]   /opt/ros/humble/share/gazebo_dev/cmake/gazebo_devConfig.cmake:41 (include)
[0.590s]   /opt/ros/humble/share/gazebo_ros/cmake/ament_cmake_export_dependencies-extras.cmake:21 (find_package)
[0.590s]   /opt/ros/humble/share/gazebo_ros/cmake/gazebo_rosConfig.cmake:41 (include)
[0.590s]   CMakeLists.txt:7 (find_package)
[0.590s] 
[0.590s] [0m
[0.591s] -- Found Protobuf: /usr/lib/x86_64-linux-gnu/libprotobuf.so (found suitable version "3.12.4", minimum required is "3") 
[0.596s] -- Checking for module 'uuid'
[0.605s] --   Found uuid, version 2.37.2
[0.637s] -- Looking for ignition-msgs5 -- found version 5.8.1
[0.637s] -- Searching for dependencies of ignition-msgs5
[0.653s] [33mCMake Warning at /usr/local/share/cmake-3.22/Modules/FindProtobuf.cmake:524 (message):
[0.653s]   Protobuf compiler version 25.3 doesn't match library version 3.12.4
[0.653s] Call Stack (most recent call first):
[0.653s]   /usr/share/cmake/ignition-cmake2/cmake2/FindIgnProtobuf.cmake:34 (find_package)
[0.653s]   /usr/lib/x86_64-linux-gnu/cmake/ignition-msgs5/ignition-msgs5-config.cmake:92 (find_package)
[0.653s]   /usr/lib/x86_64-linux-gnu/cmake/ignition-transport8/ignition-transport8-config.cmake:96 (find_package)
[0.653s]   /usr/lib/x86_64-linux-gnu/cmake/gazebo/gazebo-config.cmake:235 (find_package)
[0.653s]   /opt/ros/humble/share/gazebo_dev/cmake/gazebo_dev-extras.cmake:3 (find_package)
[0.653s]   /opt/ros/humble/share/gazebo_dev/cmake/gazebo_devConfig.cmake:41 (include)
[0.653s]   /opt/ros/humble/share/gazebo_ros/cmake/ament_cmake_export_dependencies-extras.cmake:21 (find_package)
[0.653s]   /opt/ros/humble/share/gazebo_ros/cmake/gazebo_rosConfig.cmake:41 (include)
[0.654s]   CMakeLists.txt:7 (find_package)
[0.654s] 
[0.654s] [0m
[0.655s] -- Looking for ignition-math6 -- found version 6.15.1
[0.659s] -- Checking for module 'tinyxml2'
[0.668s] --   Found tinyxml2, version 9.0.0
[0.699s] -- Looking for ignition-msgs5 -- found version 5.8.1
[0.699s] -- Looking for ignition-common3 -- found version 3.14.0
[0.700s] -- Searching for dependencies of ignition-common3
[0.700s] -- Looking for dlfcn.h - found
[0.700s] -- Looking for libdl - found
[0.709s] -- Searching for <ignition-common3> component [graphics]
[0.709s] -- Looking for ignition-common3-graphics -- found version 3.14.0
[0.710s] -- Searching for dependencies of ignition-common3-graphics
[0.710s] -- Looking for ignition-math6 -- found version 6.15.1
[0.711s] -- Looking for ignition-fuel_tools4 -- found version 4.4.0
[0.711s] -- Searching for dependencies of ignition-fuel_tools4
[0.743s] -- Checking for module 'jsoncpp'
[0.753s] --   Found jsoncpp, version 1.9.5
[0.783s] -- Checking for module 'libzip'
[0.793s] --   Found libzip, version 1.7.3
[0.818s] -- Looking for ignition-common3 -- found version 3.14.0
[0.818s] -- Looking for ignition-math6 -- found version 6.15.1
[0.819s] -- Looking for ignition-msgs5 -- found version 5.8.1
[0.820s] -- Gazebo version: 11.10
[0.821s] -- Found sensor_msgs: 4.9.0 (/opt/ros/humble/share/sensor_msgs/cmake)
[0.903s] -- Configuring done
[0.907s] -- Generating done
[0.908s] [33mCMake Warning:
[0.908s]   Manually-specified variables were not used by the project:
[0.908s] 
[0.908s]     CATKIN_SYMLINK_INSTALL
[0.908s] 
[0.909s] [0m
[0.909s] -- Build files have been written to: /home/guyi/ros2_ws/build/inmoov_description
[0.916s] Invoked command in '/home/guyi/ros2_ws/build/inmoov_description' returned '0': CONDA_PROMPT_MODIFIER=(base) /usr/local/bin/cmake /home/guyi/ros2_ws/src/inmoov_description -DCATKIN_INSTALL_INTO_PREFIX_ROOT=0 -DCATKIN_SYMLINK_INSTALL=ON -DCMAKE_INSTALL_PREFIX=/home/guyi/ros2_ws/install/inmoov_description
[0.918s] Invoking command in '/home/guyi/ros2_ws/build/inmoov_description': CONDA_PROMPT_MODIFIER=(base) /usr/local/bin/cmake --build /home/guyi/ros2_ws/build/inmoov_description -- -j16 -l16
[0.935s] Invoked command in '/home/guyi/ros2_ws/build/inmoov_description' returned '0': CONDA_PROMPT_MODIFIER=(base) /usr/local/bin/cmake --build /home/guyi/ros2_ws/build/inmoov_description -- -j16 -l16
[0.939s] Invoking command in '/home/guyi/ros2_ws/build/inmoov_description': CONDA_PROMPT_MODIFIER=(base) /usr/local/bin/cmake --install /home/guyi/ros2_ws/build/inmoov_description
[0.940s] -- Install configuration: ""
[0.940s] -- Up-to-date: /home/guyi/ros2_ws/install/inmoov_description/share/inmoov_description/urdf/urdf
[0.941s] -- Up-to-date: /home/guyi/ros2_ws/install/inmoov_description/share/inmoov_description/urdf/urdf/config.joints.urdf.xacro
[0.941s] -- Up-to-date: /home/guyi/ros2_ws/install/inmoov_description/share/inmoov_description/urdf/urdf/asmHead.urdf.xacro
[0.941s] -- Up-to-date: /home/guyi/ros2_ws/install/inmoov_description/share/inmoov_description/urdf/urdf/materials.urdf.xacro
[0.941s] -- Up-to-date: /home/guyi/ros2_ws/install/inmoov_description/share/inmoov_description/urdf/urdf/asmArm.urdf.xacro
[0.941s] -- Up-to-date: /home/guyi/ros2_ws/install/inmoov_description/share/inmoov_description/urdf/urdf/asmBicepServo.urdf.xacro
[0.941s] -- Up-to-date: /home/guyi/ros2_ws/install/inmoov_description/share/inmoov_description/urdf/urdf/asmTorsoServo.urdf.xacro
[0.941s] -- Up-to-date: /home/guyi/ros2_ws/install/inmoov_description/share/inmoov_description/urdf/urdf/asmBase.urdf.xacro
[0.941s] -- Up-to-date: /home/guyi/ros2_ws/install/inmoov_description/share/inmoov_description/urdf/urdf/asmHand.urdf.xacro
[0.941s] -- Up-to-date: /home/guyi/ros2_ws/install/inmoov_description/share/inmoov_description/urdf/urdf/asmNeckSideServo.urdf.xacro
[0.941s] -- Up-to-date: /home/guyi/ros2_ws/install/inmoov_description/share/inmoov_description/urdf/urdf/config.inertial.urdf.xacro
[0.941s] -- Up-to-date: /home/guyi/ros2_ws/install/inmoov_description/share/inmoov_description/urdf/urdf/inmoov.gazebo
[0.941s] -- Up-to-date: /home/guyi/ros2_ws/install/inmoov_description/share/inmoov_description/urdf/urdf/asmTorso.urdf.xacro
[0.942s] -- Up-to-date: /home/guyi/ros2_ws/install/inmoov_description/share/inmoov_description/urdf/urdf/asmNeckFrontServo.urdf.xacro
[0.942s] -- Up-to-date: /home/guyi/ros2_ws/install/inmoov_description/share/inmoov_description/urdf/urdf/asmEye.urdf.xacro
[0.942s] -- Up-to-date: /home/guyi/ros2_ws/install/inmoov_description/share/inmoov_description/urdf/urdf/asmFace.urdf.xacro
[0.942s] -- Up-to-date: /home/guyi/ros2_ws/install/inmoov_description/share/ament_index/resource_index/package_run_dependencies/inmoov_description
[0.942s] -- Up-to-date: /home/guyi/ros2_ws/install/inmoov_description/share/ament_index/resource_index/parent_prefix_path/inmoov_description
[0.942s] -- Up-to-date: /home/guyi/ros2_ws/install/inmoov_description/share/inmoov_description/environment/ament_prefix_path.sh
[0.942s] -- Installing: /home/guyi/ros2_ws/install/inmoov_description/share/inmoov_description/environment/ament_prefix_path.dsv
[0.942s] -- Up-to-date: /home/guyi/ros2_ws/install/inmoov_description/share/inmoov_description/environment/path.sh
[0.942s] -- Installing: /home/guyi/ros2_ws/install/inmoov_description/share/inmoov_description/environment/path.dsv
[0.942s] -- Up-to-date: /home/guyi/ros2_ws/install/inmoov_description/share/inmoov_description/local_setup.bash
[0.942s] -- Up-to-date: /home/guyi/ros2_ws/install/inmoov_description/share/inmoov_description/local_setup.sh
[0.942s] -- Up-to-date: /home/guyi/ros2_ws/install/inmoov_description/share/inmoov_description/local_setup.zsh
[0.942s] -- Installing: /home/guyi/ros2_ws/install/inmoov_description/share/inmoov_description/local_setup.dsv
[0.942s] -- Installing: /home/guyi/ros2_ws/install/inmoov_description/share/inmoov_description/package.dsv
[0.943s] -- Up-to-date: /home/guyi/ros2_ws/install/inmoov_description/share/ament_index/resource_index/packages/inmoov_description
[0.943s] -- Up-to-date: /home/guyi/ros2_ws/install/inmoov_description/share/inmoov_description/cmake/inmoov_descriptionConfig.cmake
[0.943s] -- Up-to-date: /home/guyi/ros2_ws/install/inmoov_description/share/inmoov_description/cmake/inmoov_descriptionConfig-version.cmake
[0.943s] -- Up-to-date: /home/guyi/ros2_ws/install/inmoov_description/share/inmoov_description/package.xml
[0.943s] Invoked command in '/home/guyi/ros2_ws/build/inmoov_description' returned '0': CONDA_PROMPT_MODIFIER=(base) /usr/local/bin/cmake --install /home/guyi/ros2_ws/build/inmoov_description
