[0.011s] Invoking command in '/home/guyi/github/Modified_InMoov/ros-http/build/decode_node': CONDA_PROMPT_MODIFIER=(base) /usr/local/bin/cmake /home/guyi/github/Modified_InMoov/ros-http/src/decode_node -DCMAKE_INSTALL_PREFIX=/home/guyi/github/Modified_InMoov/ros-http/install/decode_node
[0.016s] -- Found ament_cmake: 1.3.11 (/opt/ros/humble/share/ament_cmake/cmake)
[0.074s] -- Override CMake install command with custom implementation using symlinks instead of copying resources
[0.078s] -- Found rclcpp: 16.0.12 (/opt/ros/humble/share/rclcpp/cmake)
[0.096s] -- Found rosidl_generator_c: 3.1.6 (/opt/ros/humble/share/rosidl_generator_c/cmake)
[0.098s] -- Found rosidl_adapter: 3.1.6 (/opt/ros/humble/share/rosidl_adapter/cmake)
[0.101s] -- Found rosidl_generator_cpp: 3.1.6 (/opt/ros/humble/share/rosidl_generator_cpp/cmake)
[0.107s] -- Using all available rosidl_typesupport_c: rosidl_typesupport_fastrtps_c;rosidl_typesupport_introspection_c
[0.116s] -- Using all available rosidl_typesupport_cpp: rosidl_typesupport_fastrtps_cpp;rosidl_typesupport_introspection_cpp
[0.140s] -- Found rmw_implementation_cmake: 6.1.2 (/opt/ros/humble/share/rmw_implementation_cmake/cmake)
[0.141s] -- Found rmw_fastrtps_cpp: 6.2.7 (/opt/ros/humble/share/rmw_fastrtps_cpp/cmake)
[0.225s] -- Using RMW implementation 'rmw_fastrtps_cpp' as default
[0.262s] -- Found sensor_msgs: 4.9.0 (/opt/ros/humble/share/sensor_msgs/cmake)
[0.320s] Error parsing '/home/guyi/github/Modified_InMoov/ros-http/src/decode_node/package.xml':
[0.352s] Traceback (most recent call last):
[0.352s]   File "/opt/ros/humble/share/ament_cmake_core/cmake/core/package_xml_2_cmake.py", line 150, in <module>
[0.352s]     main()
[0.353s]   File "/opt/ros/humble/share/ament_cmake_core/cmake/core/package_xml_2_cmake.py", line 53, in main
[0.353s]     raise e
[0.353s]   File "/opt/ros/humble/share/ament_cmake_core/cmake/core/package_xml_2_cmake.py", line 49, in main
[0.353s]     package = parse_package_string(
[0.353s]   File "/usr/lib/python3/dist-packages/catkin_pkg/package.py", line 786, in parse_package_string
[0.359s]     raise InvalidPackage('Error(s):%s' % (''.join(['\n- %s' % e for e in errors])), filename)
[0.359s] catkin_pkg.package.InvalidPackage: Error(s) in package '/home/guyi/github/Modified_InMoov/ros-http/src/decode_node/package.xml':
[0.359s] Error(s):
[0.359s] - The generic dependency on 'rclcpp' is redundant with: build_depend, build_export_depend, exec_depend
[0.359s] - The generic dependency on 'sensor_msgs' is redundant with: build_depend, build_export_depend, exec_depend
[0.370s] [31mCMake Error at /opt/ros/humble/share/ament_cmake_core/cmake/core/ament_package_xml.cmake:95 (message):
[0.371s]   execute_process(/usr/bin/python3
[0.371s]   /opt/ros/humble/share/ament_cmake_core/cmake/core/package_xml_2_cmake.py
[0.371s]   /home/guyi/github/Modified_InMoov/ros-http/src/decode_node/package.xml
[0.371s]   /home/guyi/github/Modified_InMoov/ros-http/build/decode_node/ament_cmake_core/package.cmake)
[0.371s]   returned error code 1
[0.371s] Call Stack (most recent call first):
[0.371s]   /opt/ros/humble/share/ament_cmake_core/cmake/core/ament_package_xml.cmake:49 (_ament_package_xml)
[0.371s]   /opt/ros/humble/share/ament_cmake_core/cmake/core/ament_package.cmake:63 (ament_package_xml)
[0.371s]   CMakeLists.txt:46 (ament_package)
[0.371s] 
[0.371s] [0m
[0.371s] -- Configuring incomplete, errors occurred!
[0.372s] See also "/home/guyi/github/Modified_InMoov/ros-http/build/decode_node/CMakeFiles/CMakeOutput.log".
[0.377s] Invoked command in '/home/guyi/github/Modified_InMoov/ros-http/build/decode_node' returned '1': CONDA_PROMPT_MODIFIER=(base) /usr/local/bin/cmake /home/guyi/github/Modified_InMoov/ros-http/src/decode_node -DCMAKE_INSTALL_PREFIX=/home/guyi/github/Modified_InMoov/ros-http/install/decode_node
