[0.008s] Invoking command in '/home/guyi/github/Modified_InMoov/visualize_ws/build/suP_moveit_config': AMENT_PREFIX_PATH=/home/guyi/github/Modified_InMoov/visualize_ws/install/arm_system_model:${AMENT_PREFIX_PATH} CMAKE_PREFIX_PATH=/home/guyi/inmoov_ros2/install/inmoov_config_test:/home/guyi/inmoov_ros2/install/inmoov_tools:/home/guyi/inmoov_ros2/install/inmoov_bringup:/home/guyi/inmoov_ros2/install/inmoov_meshes:/home/guyi/inmoov_ros2/install/inmoov_msgs:/home/guyi/inmoov_ros2/install/inmoov_description:/opt/ros/humble CONDA_PROMPT_MODIFIER=(base) PYTHONPATH=/home/guyi/github/Modified_InMoov/visualize_ws/install/arm_system_model/lib/python3.10/site-packages:${PYTHONPATH} /usr/local/bin/cmake /home/guyi/github/Modified_InMoov/visualize_ws/sup_moveit_config -DCMAKE_INSTALL_PREFIX=/home/guyi/github/Modified_InMoov/visualize_ws/install/suP_moveit_config
[0.044s] -- The C compiler identification is GNU 11.4.0
[0.084s] -- The CXX compiler identification is GNU 11.4.0
[0.090s] -- Detecting C compiler ABI info
[0.133s] -- Detecting C compiler ABI info - done
[0.137s] -- Check for working C compiler: /usr/bin/cc - skipped
[0.137s] -- Detecting C compile features
[0.138s] -- Detecting C compile features - done
[0.140s] -- Detecting CXX compiler ABI info
[0.185s] -- Detecting CXX compiler ABI info - done
[0.191s] -- Check for working CXX compiler: /usr/bin/c++ - skipped
[0.191s] -- Detecting CXX compile features
[0.191s] -- Detecting CXX compile features - done
[0.194s] -- Found ament_cmake: 1.3.11 (/opt/ros/humble/share/ament_cmake/cmake)
[0.409s] -- Found Python3: /home/guyi/anaconda3/bin/python3 (found version "3.12.7") found components: Interpreter 
[0.531s] WARNING: Package name "suP_moveit_config" does not follow the naming conventions. It should start with a lower case letter and only contain lower case letters, digits, underscores, and dashes.
[0.542s] -- Configuring done
[0.544s] -- Generating done
[0.546s] -- Build files have been written to: /home/guyi/github/Modified_InMoov/visualize_ws/build/suP_moveit_config
[0.548s] Invoked command in '/home/guyi/github/Modified_InMoov/visualize_ws/build/suP_moveit_config' returned '0': AMENT_PREFIX_PATH=/home/guyi/github/Modified_InMoov/visualize_ws/install/arm_system_model:${AMENT_PREFIX_PATH} CMAKE_PREFIX_PATH=/home/guyi/inmoov_ros2/install/inmoov_config_test:/home/guyi/inmoov_ros2/install/inmoov_tools:/home/guyi/inmoov_ros2/install/inmoov_bringup:/home/guyi/inmoov_ros2/install/inmoov_meshes:/home/guyi/inmoov_ros2/install/inmoov_msgs:/home/guyi/inmoov_ros2/install/inmoov_description:/opt/ros/humble CONDA_PROMPT_MODIFIER=(base) PYTHONPATH=/home/guyi/github/Modified_InMoov/visualize_ws/install/arm_system_model/lib/python3.10/site-packages:${PYTHONPATH} /usr/local/bin/cmake /home/guyi/github/Modified_InMoov/visualize_ws/sup_moveit_config -DCMAKE_INSTALL_PREFIX=/home/guyi/github/Modified_InMoov/visualize_ws/install/suP_moveit_config
[0.549s] Invoking command in '/home/guyi/github/Modified_InMoov/visualize_ws/build/suP_moveit_config': AMENT_PREFIX_PATH=/home/guyi/github/Modified_InMoov/visualize_ws/install/arm_system_model:${AMENT_PREFIX_PATH} CMAKE_PREFIX_PATH=/home/guyi/inmoov_ros2/install/inmoov_config_test:/home/guyi/inmoov_ros2/install/inmoov_tools:/home/guyi/inmoov_ros2/install/inmoov_bringup:/home/guyi/inmoov_ros2/install/inmoov_meshes:/home/guyi/inmoov_ros2/install/inmoov_msgs:/home/guyi/inmoov_ros2/install/inmoov_description:/opt/ros/humble CONDA_PROMPT_MODIFIER=(base) PYTHONPATH=/home/guyi/github/Modified_InMoov/visualize_ws/install/arm_system_model/lib/python3.10/site-packages:${PYTHONPATH} /usr/local/bin/cmake --build /home/guyi/github/Modified_InMoov/visualize_ws/build/suP_moveit_config -- -j16 -l16
[0.562s] Invoked command in '/home/guyi/github/Modified_InMoov/visualize_ws/build/suP_moveit_config' returned '0': AMENT_PREFIX_PATH=/home/guyi/github/Modified_InMoov/visualize_ws/install/arm_system_model:${AMENT_PREFIX_PATH} CMAKE_PREFIX_PATH=/home/guyi/inmoov_ros2/install/inmoov_config_test:/home/guyi/inmoov_ros2/install/inmoov_tools:/home/guyi/inmoov_ros2/install/inmoov_bringup:/home/guyi/inmoov_ros2/install/inmoov_meshes:/home/guyi/inmoov_ros2/install/inmoov_msgs:/home/guyi/inmoov_ros2/install/inmoov_description:/opt/ros/humble CONDA_PROMPT_MODIFIER=(base) PYTHONPATH=/home/guyi/github/Modified_InMoov/visualize_ws/install/arm_system_model/lib/python3.10/site-packages:${PYTHONPATH} /usr/local/bin/cmake --build /home/guyi/github/Modified_InMoov/visualize_ws/build/suP_moveit_config -- -j16 -l16
[0.563s] Invoking command in '/home/guyi/github/Modified_InMoov/visualize_ws/build/suP_moveit_config': AMENT_PREFIX_PATH=/home/guyi/github/Modified_InMoov/visualize_ws/install/arm_system_model:${AMENT_PREFIX_PATH} CMAKE_PREFIX_PATH=/home/guyi/inmoov_ros2/install/inmoov_config_test:/home/guyi/inmoov_ros2/install/inmoov_tools:/home/guyi/inmoov_ros2/install/inmoov_bringup:/home/guyi/inmoov_ros2/install/inmoov_meshes:/home/guyi/inmoov_ros2/install/inmoov_msgs:/home/guyi/inmoov_ros2/install/inmoov_description:/opt/ros/humble CONDA_PROMPT_MODIFIER=(base) PYTHONPATH=/home/guyi/github/Modified_InMoov/visualize_ws/install/arm_system_model/lib/python3.10/site-packages:${PYTHONPATH} /usr/local/bin/cmake --install /home/guyi/github/Modified_InMoov/visualize_ws/build/suP_moveit_config
[0.565s] -- Install configuration: ""
[0.565s] -- Installing: /home/guyi/github/Modified_InMoov/visualize_ws/install/suP_moveit_config/share/ament_index/resource_index/package_run_dependencies/suP_moveit_config
[0.565s] -- Installing: /home/guyi/github/Modified_InMoov/visualize_ws/install/suP_moveit_config/share/ament_index/resource_index/parent_prefix_path/suP_moveit_config
[0.565s] -- Installing: /home/guyi/github/Modified_InMoov/visualize_ws/install/suP_moveit_config/share/suP_moveit_config/environment/ament_prefix_path.sh
[0.565s] -- Installing: /home/guyi/github/Modified_InMoov/visualize_ws/install/suP_moveit_config/share/suP_moveit_config/environment/ament_prefix_path.dsv
[0.565s] -- Installing: /home/guyi/github/Modified_InMoov/visualize_ws/install/suP_moveit_config/share/suP_moveit_config/environment/path.sh
[0.565s] -- Installing: /home/guyi/github/Modified_InMoov/visualize_ws/install/suP_moveit_config/share/suP_moveit_config/environment/path.dsv
[0.565s] -- Installing: /home/guyi/github/Modified_InMoov/visualize_ws/install/suP_moveit_config/share/suP_moveit_config/local_setup.bash
[0.565s] -- Installing: /home/guyi/github/Modified_InMoov/visualize_ws/install/suP_moveit_config/share/suP_moveit_config/local_setup.sh
[0.565s] -- Installing: /home/guyi/github/Modified_InMoov/visualize_ws/install/suP_moveit_config/share/suP_moveit_config/local_setup.zsh
[0.566s] -- Installing: /home/guyi/github/Modified_InMoov/visualize_ws/install/suP_moveit_config/share/suP_moveit_config/local_setup.dsv
[0.566s] -- Installing: /home/guyi/github/Modified_InMoov/visualize_ws/install/suP_moveit_config/share/suP_moveit_config/package.dsv
[0.566s] -- Installing: /home/guyi/github/Modified_InMoov/visualize_ws/install/suP_moveit_config/share/ament_index/resource_index/packages/suP_moveit_config
[0.566s] -- Installing: /home/guyi/github/Modified_InMoov/visualize_ws/install/suP_moveit_config/share/suP_moveit_config/cmake/suP_moveit_configConfig.cmake
[0.566s] -- Installing: /home/guyi/github/Modified_InMoov/visualize_ws/install/suP_moveit_config/share/suP_moveit_config/cmake/suP_moveit_configConfig-version.cmake
[0.566s] -- Installing: /home/guyi/github/Modified_InMoov/visualize_ws/install/suP_moveit_config/share/suP_moveit_config/package.xml
[0.566s] -- Installing: /home/guyi/github/Modified_InMoov/visualize_ws/install/suP_moveit_config/share/suP_moveit_config/launch
[0.566s] -- Installing: /home/guyi/github/Modified_InMoov/visualize_ws/install/suP_moveit_config/share/suP_moveit_config/launch/setup_assistant.launch.py
[0.566s] -- Installing: /home/guyi/github/Modified_InMoov/visualize_ws/install/suP_moveit_config/share/suP_moveit_config/launch/rsp.launch.py
[0.566s] -- Installing: /home/guyi/github/Modified_InMoov/visualize_ws/install/suP_moveit_config/share/suP_moveit_config/launch/spawn_controllers.launch.py
[0.566s] -- Installing: /home/guyi/github/Modified_InMoov/visualize_ws/install/suP_moveit_config/share/suP_moveit_config/launch/demo.launch.py
[0.566s] -- Installing: /home/guyi/github/Modified_InMoov/visualize_ws/install/suP_moveit_config/share/suP_moveit_config/launch/warehouse_db.launch.py
[0.566s] -- Installing: /home/guyi/github/Modified_InMoov/visualize_ws/install/suP_moveit_config/share/suP_moveit_config/launch/static_virtual_joint_tfs.launch.py
[0.566s] -- Installing: /home/guyi/github/Modified_InMoov/visualize_ws/install/suP_moveit_config/share/suP_moveit_config/launch/moveit_rviz.launch.py
[0.567s] -- Installing: /home/guyi/github/Modified_InMoov/visualize_ws/install/suP_moveit_config/share/suP_moveit_config/launch/move_group.launch.py
[0.567s] -- Installing: /home/guyi/github/Modified_InMoov/visualize_ws/install/suP_moveit_config/share/suP_moveit_config/config
[0.567s] -- Installing: /home/guyi/github/Modified_InMoov/visualize_ws/install/suP_moveit_config/share/suP_moveit_config/config/ArmsnHands.ros2_control.xacro
[0.567s] -- Installing: /home/guyi/github/Modified_InMoov/visualize_ws/install/suP_moveit_config/share/suP_moveit_config/config/ros2_controllers.yaml
[0.567s] -- Installing: /home/guyi/github/Modified_InMoov/visualize_ws/install/suP_moveit_config/share/suP_moveit_config/config/pilz_cartesian_limits.yaml
[0.567s] -- Installing: /home/guyi/github/Modified_InMoov/visualize_ws/install/suP_moveit_config/share/suP_moveit_config/config/initial_positions.yaml
[0.567s] -- Installing: /home/guyi/github/Modified_InMoov/visualize_ws/install/suP_moveit_config/share/suP_moveit_config/config/moveit.rviz
[0.567s] -- Installing: /home/guyi/github/Modified_InMoov/visualize_ws/install/suP_moveit_config/share/suP_moveit_config/config/joint_limits.yaml
[0.567s] -- Installing: /home/guyi/github/Modified_InMoov/visualize_ws/install/suP_moveit_config/share/suP_moveit_config/config/kinematics.yaml
[0.567s] -- Installing: /home/guyi/github/Modified_InMoov/visualize_ws/install/suP_moveit_config/share/suP_moveit_config/config/ArmsnHands.urdf.xacro
[0.567s] -- Installing: /home/guyi/github/Modified_InMoov/visualize_ws/install/suP_moveit_config/share/suP_moveit_config/config/ArmsnHands.srdf
[0.567s] -- Installing: /home/guyi/github/Modified_InMoov/visualize_ws/install/suP_moveit_config/share/suP_moveit_config/.setup_assistant
[0.568s] Invoked command in '/home/guyi/github/Modified_InMoov/visualize_ws/build/suP_moveit_config' returned '0': AMENT_PREFIX_PATH=/home/guyi/github/Modified_InMoov/visualize_ws/install/arm_system_model:${AMENT_PREFIX_PATH} CMAKE_PREFIX_PATH=/home/guyi/inmoov_ros2/install/inmoov_config_test:/home/guyi/inmoov_ros2/install/inmoov_tools:/home/guyi/inmoov_ros2/install/inmoov_bringup:/home/guyi/inmoov_ros2/install/inmoov_meshes:/home/guyi/inmoov_ros2/install/inmoov_msgs:/home/guyi/inmoov_ros2/install/inmoov_description:/opt/ros/humble CONDA_PROMPT_MODIFIER=(base) PYTHONPATH=/home/guyi/github/Modified_InMoov/visualize_ws/install/arm_system_model/lib/python3.10/site-packages:${PYTHONPATH} /usr/local/bin/cmake --install /home/guyi/github/Modified_InMoov/visualize_ws/build/suP_moveit_config
