[0.013s] Invoking command in '/home/guyi/github/Modified_InMoov/ros-http/build/decode_node': /usr/local/bin/cmake /home/guyi/github/Modified_InMoov/ros-http/src/decode_node -DCATKIN_INSTALL_INTO_PREFIX_ROOT=0 -DCATKIN_SYMLINK_INSTALL=ON -DCMAKE_INSTALL_PREFIX=/home/guyi/github/Modified_InMoov/ros-http/install/decode_node
[0.050s] -- The C compiler identification is GNU 11.4.0
[0.089s] -- The CXX compiler identification is GNU 11.4.0
[0.094s] -- Detecting C compiler ABI info
[0.136s] -- Detecting C compiler ABI info - done
[0.141s] -- Check for working C compiler: /usr/bin/cc - skipped
[0.141s] -- Detecting C compile features
[0.141s] -- Detecting C compile features - done
[0.143s] -- Detecting CXX compiler ABI info
[0.190s] -- Detecting CXX compiler ABI info - done
[0.195s] -- Check for working CXX compiler: /usr/bin/c++ - skipped
[0.195s] -- Detecting CXX compile features
[0.195s] -- Detecting CXX compile features - done
[0.198s] -- Found ament_cmake: 1.3.11 (/opt/ros/humble/share/ament_cmake/cmake)
[0.281s] -- Found Python3: /usr/bin/python3 (found version "3.10.12") found components: Interpreter 
[0.352s] -- Found rclcpp: 16.0.12 (/opt/ros/humble/share/rclcpp/cmake)
[0.391s] -- Found rosidl_generator_c: 3.1.6 (/opt/ros/humble/share/rosidl_generator_c/cmake)
[0.396s] -- Found rosidl_adapter: 3.1.6 (/opt/ros/humble/share/rosidl_adapter/cmake)
[0.403s] -- Found rosidl_generator_cpp: 3.1.6 (/opt/ros/humble/share/rosidl_generator_cpp/cmake)
[0.412s] -- Using all available rosidl_typesupport_c: rosidl_typesupport_fastrtps_c;rosidl_typesupport_introspection_c
[0.426s] -- Using all available rosidl_typesupport_cpp: rosidl_typesupport_fastrtps_cpp;rosidl_typesupport_introspection_cpp
[0.466s] -- Found rmw_implementation_cmake: 6.1.2 (/opt/ros/humble/share/rmw_implementation_cmake/cmake)
[0.469s] -- Found rmw_fastrtps_cpp: 6.2.7 (/opt/ros/humble/share/rmw_fastrtps_cpp/cmake)
[0.542s] -- Found OpenSSL: /usr/lib/x86_64-linux-gnu/libcrypto.so (found version "3.0.2")  
[0.566s] -- Found FastRTPS: /opt/ros/humble/include  
[0.600s] -- Using RMW implementation 'rmw_fastrtps_cpp' as default
[0.608s] -- Looking for pthread.h
[0.655s] -- Looking for pthread.h - found
[0.655s] -- Performing Test CMAKE_HAVE_LIBC_PTHREAD
[0.698s] -- Performing Test CMAKE_HAVE_LIBC_PTHREAD - Success
[0.699s] -- Found Threads: TRUE  
[0.737s] -- Found sensor_msgs: 4.9.0 (/opt/ros/humble/share/sensor_msgs/cmake)
[0.764s] -- Found OpenCV: /usr (found version "4.5.4") 
[0.765s] -- Found cv_bridge: 3.2.1 (/opt/ros/humble/share/cv_bridge/cmake)
[0.812s] -- Configuring done
[0.821s] -- Generating done
[0.821s] [33mCMake Warning:
[0.821s]   Manually-specified variables were not used by the project:
[0.821s] 
[0.821s]     CATKIN_INSTALL_INTO_PREFIX_ROOT
[0.821s]     CATKIN_SYMLINK_INSTALL
[0.821s] 
[0.821s] [0m
[0.823s] -- Build files have been written to: /home/guyi/github/Modified_InMoov/ros-http/build/decode_node
[0.834s] Invoked command in '/home/guyi/github/Modified_InMoov/ros-http/build/decode_node' returned '0': /usr/local/bin/cmake /home/guyi/github/Modified_InMoov/ros-http/src/decode_node -DCATKIN_INSTALL_INTO_PREFIX_ROOT=0 -DCATKIN_SYMLINK_INSTALL=ON -DCMAKE_INSTALL_PREFIX=/home/guyi/github/Modified_InMoov/ros-http/install/decode_node
[0.835s] Invoking command in '/home/guyi/github/Modified_InMoov/ros-http/build/decode_node': /usr/local/bin/cmake --build /home/guyi/github/Modified_InMoov/ros-http/build/decode_node -- -j16 -l16
[0.854s] [ 50%] [32mBuilding CXX object CMakeFiles/image_decoder_node.dir/src/image_decoder_node.cpp.o[0m
[6.208s] [100%] [32m[1mLinking CXX executable image_decoder_node[0m
[6.374s] /usr/bin/ld: CMakeFiles/image_decoder_node.dir/src/image_decoder_node.cpp.o: undefined reference to symbol 'BIO_read@@OPENSSL_3.0.0'
[6.374s] /usr/bin/ld: /lib/x86_64-linux-gnu/libcrypto.so.3: error adding symbols: DSO missing from command line
[6.378s] collect2: error: ld returned 1 exit status
[6.379s] gmake[2]: *** [CMakeFiles/image_decoder_node.dir/build.make:230：image_decoder_node] 错误 1
[6.380s] gmake[1]: *** [CMakeFiles/Makefile2:137：CMakeFiles/image_decoder_node.dir/all] 错误 2
[6.380s] gmake: *** [Makefile:146：all] 错误 2
[6.382s] Invoked command in '/home/guyi/github/Modified_InMoov/ros-http/build/decode_node' returned '2': /usr/local/bin/cmake --build /home/guyi/github/Modified_InMoov/ros-http/build/decode_node -- -j16 -l16
