[0.060s] DEBUG:colcon:Command line arguments: ['/usr/bin/colcon', 'build']
[0.060s] DEBUG:colcon:Parsed command line arguments: Namespace(log_base=None, log_level=None, verb_name='build', build_base='build', install_base='install', merge_install=False, symlink_install=False, test_result_base=None, continue_on_error=False, executor='parallel', parallel_workers=16, event_handlers=None, ignore_user_meta=False, metas=['./colcon.meta'], base_paths=['.'], packages_ignore=None, packages_ignore_regex=None, paths=None, packages_up_to=None, packages_up_to_regex=None, packages_above=None, packages_above_and_dependencies=None, packages_above_depth=None, packages_select_by_dep=None, packages_skip_by_dep=None, packages_skip_up_to=None, packages_select_build_failed=False, packages_skip_build_finished=False, packages_select_test_failures=False, packages_skip_test_passed=False, packages_select=None, packages_skip=None, packages_select_regex=None, packages_skip_regex=None, packages_start=None, packages_end=None, allow_overriding=[], cmake_args=None, cmake_target=None, cmake_target_skip_unavailable=False, cmake_clean_cache=False, cmake_clean_first=False, cmake_force_configure=False, ament_cmake_args=None, catkin_cmake_args=None, catkin_skip_building_tests=False, verb_parser=<colcon_defaults.argument_parser.defaults.DefaultArgumentsDecorator object at 0x70f074efe3b0>, verb_extension=<colcon_core.verb.build.BuildVerb object at 0x70f074efdea0>, main=<bound method BuildVerb.main of <colcon_core.verb.build.BuildVerb object at 0x70f074efdea0>>)
[0.156s] Level 1:colcon.colcon_core.package_discovery:discover_packages(colcon_meta) check parameters
[0.157s] Level 1:colcon.colcon_core.package_discovery:discover_packages(recursive) check parameters
[0.157s] Level 1:colcon.colcon_core.package_discovery:discover_packages(ignore) check parameters
[0.157s] Level 1:colcon.colcon_core.package_discovery:discover_packages(path) check parameters
[0.157s] Level 1:colcon.colcon_core.package_discovery:discover_packages(colcon_meta) discover
[0.157s] Level 1:colcon.colcon_core.package_discovery:discover_packages(recursive) discover
[0.157s] INFO:colcon.colcon_core.package_discovery:Crawling recursively for packages in '/home/guyi/github/Modified_InMoov/visualize_ws'
[0.157s] Level 1:colcon.colcon_core.package_identification:_identify(.) by extensions ['ignore', 'ignore_ament_install']
[0.157s] Level 1:colcon.colcon_core.package_identification:_identify(.) by extension 'ignore'
[0.157s] Level 1:colcon.colcon_core.package_identification:_identify(.) by extension 'ignore_ament_install'
[0.157s] Level 1:colcon.colcon_core.package_identification:_identify(.) by extensions ['colcon_pkg']
[0.157s] Level 1:colcon.colcon_core.package_identification:_identify(.) by extension 'colcon_pkg'
[0.157s] Level 1:colcon.colcon_core.package_identification:_identify(.) by extensions ['colcon_meta']
[0.157s] Level 1:colcon.colcon_core.package_identification:_identify(.) by extension 'colcon_meta'
[0.157s] Level 1:colcon.colcon_core.package_identification:_identify(.) by extensions ['ros']
[0.157s] Level 1:colcon.colcon_core.package_identification:_identify(.) by extension 'ros'
[0.163s] Level 1:colcon.colcon_core.package_identification:_identify(.) by extensions ['cmake', 'python']
[0.163s] Level 1:colcon.colcon_core.package_identification:_identify(.) by extension 'cmake'
[0.163s] Level 1:colcon.colcon_core.package_identification:_identify(.) by extension 'python'
[0.163s] Level 1:colcon.colcon_core.package_identification:_identify(.) by extensions ['python_setup_py']
[0.163s] Level 1:colcon.colcon_core.package_identification:_identify(.) by extension 'python_setup_py'
[0.163s] Level 1:colcon.colcon_core.package_identification:_identify(arm_system_description) by extensions ['ignore', 'ignore_ament_install']
[0.163s] Level 1:colcon.colcon_core.package_identification:_identify(arm_system_description) by extension 'ignore'
[0.163s] Level 1:colcon.colcon_core.package_identification:_identify(arm_system_description) by extension 'ignore_ament_install'
[0.163s] Level 1:colcon.colcon_core.package_identification:_identify(arm_system_description) by extensions ['colcon_pkg']
[0.163s] Level 1:colcon.colcon_core.package_identification:_identify(arm_system_description) by extension 'colcon_pkg'
[0.163s] Level 1:colcon.colcon_core.package_identification:_identify(arm_system_description) by extensions ['colcon_meta']
[0.163s] Level 1:colcon.colcon_core.package_identification:_identify(arm_system_description) by extension 'colcon_meta'
[0.163s] Level 1:colcon.colcon_core.package_identification:_identify(arm_system_description) by extensions ['ros']
[0.163s] Level 1:colcon.colcon_core.package_identification:_identify(arm_system_description) by extension 'ros'
[0.164s] DEBUG:colcon.colcon_core.package_identification:Package 'arm_system_description' with type 'ros.ament_cmake' and name 'arm_system_description'
[0.165s] Level 1:colcon.colcon_core.package_identification:_identify(arm_system_model) by extensions ['ignore', 'ignore_ament_install']
[0.165s] Level 1:colcon.colcon_core.package_identification:_identify(arm_system_model) by extension 'ignore'
[0.165s] Level 1:colcon.colcon_core.package_identification:_identify(arm_system_model) by extension 'ignore_ament_install'
[0.165s] Level 1:colcon.colcon_core.package_identification:_identify(arm_system_model) by extensions ['colcon_pkg']
[0.165s] Level 1:colcon.colcon_core.package_identification:_identify(arm_system_model) by extension 'colcon_pkg'
[0.165s] Level 1:colcon.colcon_core.package_identification:_identify(arm_system_model) by extensions ['colcon_meta']
[0.165s] Level 1:colcon.colcon_core.package_identification:_identify(arm_system_model) by extension 'colcon_meta'
[0.165s] Level 1:colcon.colcon_core.package_identification:_identify(arm_system_model) by extensions ['ros']
[0.165s] Level 1:colcon.colcon_core.package_identification:_identify(arm_system_model) by extension 'ros'
[0.165s] DEBUG:colcon.colcon_core.package_identification:Package 'arm_system_model' with type 'ros.ament_python' and name 'arm_system_model'
[0.165s] Level 1:colcon.colcon_core.package_identification:_identify(arm_system_tools) by extensions ['ignore', 'ignore_ament_install']
[0.165s] Level 1:colcon.colcon_core.package_identification:_identify(arm_system_tools) by extension 'ignore'
[0.165s] Level 1:colcon.colcon_core.package_identification:_identify(arm_system_tools) by extension 'ignore_ament_install'
[0.165s] Level 1:colcon.colcon_core.package_identification:_identify(arm_system_tools) by extensions ['colcon_pkg']
[0.165s] Level 1:colcon.colcon_core.package_identification:_identify(arm_system_tools) by extension 'colcon_pkg'
[0.165s] Level 1:colcon.colcon_core.package_identification:_identify(arm_system_tools) by extensions ['colcon_meta']
[0.165s] Level 1:colcon.colcon_core.package_identification:_identify(arm_system_tools) by extension 'colcon_meta'
[0.165s] Level 1:colcon.colcon_core.package_identification:_identify(arm_system_tools) by extensions ['ros']
[0.165s] Level 1:colcon.colcon_core.package_identification:_identify(arm_system_tools) by extension 'ros'
[0.166s] DEBUG:colcon.colcon_core.package_identification:Package 'arm_system_tools' with type 'ros.ament_python' and name 'arm_system_tools'
[0.166s] Level 1:colcon.colcon_core.package_identification:_identify(build) by extensions ['ignore', 'ignore_ament_install']
[0.166s] Level 1:colcon.colcon_core.package_identification:_identify(build) by extension 'ignore'
[0.166s] Level 1:colcon.colcon_core.package_identification:_identify(build) ignored
[0.166s] Level 1:colcon.colcon_core.package_identification:_identify(install) by extensions ['ignore', 'ignore_ament_install']
[0.166s] Level 1:colcon.colcon_core.package_identification:_identify(install) by extension 'ignore'
[0.166s] Level 1:colcon.colcon_core.package_identification:_identify(install) ignored
[0.167s] Level 1:colcon.colcon_core.package_identification:_identify(log) by extensions ['ignore', 'ignore_ament_install']
[0.167s] Level 1:colcon.colcon_core.package_identification:_identify(log) by extension 'ignore'
[0.167s] Level 1:colcon.colcon_core.package_identification:_identify(log) ignored
[0.167s] Level 1:colcon.colcon_core.package_identification:_identify(meshes) by extensions ['ignore', 'ignore_ament_install']
[0.167s] Level 1:colcon.colcon_core.package_identification:_identify(meshes) by extension 'ignore'
[0.167s] Level 1:colcon.colcon_core.package_identification:_identify(meshes) by extension 'ignore_ament_install'
[0.167s] Level 1:colcon.colcon_core.package_identification:_identify(meshes) by extensions ['colcon_pkg']
[0.167s] Level 1:colcon.colcon_core.package_identification:_identify(meshes) by extension 'colcon_pkg'
[0.167s] Level 1:colcon.colcon_core.package_identification:_identify(meshes) by extensions ['colcon_meta']
[0.167s] Level 1:colcon.colcon_core.package_identification:_identify(meshes) by extension 'colcon_meta'
[0.167s] Level 1:colcon.colcon_core.package_identification:_identify(meshes) by extensions ['ros']
[0.167s] Level 1:colcon.colcon_core.package_identification:_identify(meshes) by extension 'ros'
[0.167s] Level 1:colcon.colcon_core.package_identification:_identify(meshes) by extensions ['cmake', 'python']
[0.167s] Level 1:colcon.colcon_core.package_identification:_identify(meshes) by extension 'cmake'
[0.167s] Level 1:colcon.colcon_core.package_identification:_identify(meshes) by extension 'python'
[0.167s] Level 1:colcon.colcon_core.package_identification:_identify(meshes) by extensions ['python_setup_py']
[0.167s] Level 1:colcon.colcon_core.package_identification:_identify(meshes) by extension 'python_setup_py'
[0.167s] Level 1:colcon.colcon_core.package_identification:_identify(meshes/left) by extensions ['ignore', 'ignore_ament_install']
[0.167s] Level 1:colcon.colcon_core.package_identification:_identify(meshes/left) by extension 'ignore'
[0.167s] Level 1:colcon.colcon_core.package_identification:_identify(meshes/left) by extension 'ignore_ament_install'
[0.167s] Level 1:colcon.colcon_core.package_identification:_identify(meshes/left) by extensions ['colcon_pkg']
[0.167s] Level 1:colcon.colcon_core.package_identification:_identify(meshes/left) by extension 'colcon_pkg'
[0.167s] Level 1:colcon.colcon_core.package_identification:_identify(meshes/left) by extensions ['colcon_meta']
[0.167s] Level 1:colcon.colcon_core.package_identification:_identify(meshes/left) by extension 'colcon_meta'
[0.167s] Level 1:colcon.colcon_core.package_identification:_identify(meshes/left) by extensions ['ros']
[0.167s] Level 1:colcon.colcon_core.package_identification:_identify(meshes/left) by extension 'ros'
[0.167s] Level 1:colcon.colcon_core.package_identification:_identify(meshes/left) by extensions ['cmake', 'python']
[0.167s] Level 1:colcon.colcon_core.package_identification:_identify(meshes/left) by extension 'cmake'
[0.167s] Level 1:colcon.colcon_core.package_identification:_identify(meshes/left) by extension 'python'
[0.167s] Level 1:colcon.colcon_core.package_identification:_identify(meshes/left) by extensions ['python_setup_py']
[0.167s] Level 1:colcon.colcon_core.package_identification:_identify(meshes/left) by extension 'python_setup_py'
[0.167s] Level 1:colcon.colcon_core.package_identification:_identify(meshes/right) by extensions ['ignore', 'ignore_ament_install']
[0.167s] Level 1:colcon.colcon_core.package_identification:_identify(meshes/right) by extension 'ignore'
[0.167s] Level 1:colcon.colcon_core.package_identification:_identify(meshes/right) by extension 'ignore_ament_install'
[0.167s] Level 1:colcon.colcon_core.package_identification:_identify(meshes/right) by extensions ['colcon_pkg']
[0.167s] Level 1:colcon.colcon_core.package_identification:_identify(meshes/right) by extension 'colcon_pkg'
[0.167s] Level 1:colcon.colcon_core.package_identification:_identify(meshes/right) by extensions ['colcon_meta']
[0.167s] Level 1:colcon.colcon_core.package_identification:_identify(meshes/right) by extension 'colcon_meta'
[0.167s] Level 1:colcon.colcon_core.package_identification:_identify(meshes/right) by extensions ['ros']
[0.167s] Level 1:colcon.colcon_core.package_identification:_identify(meshes/right) by extension 'ros'
[0.167s] Level 1:colcon.colcon_core.package_identification:_identify(meshes/right) by extensions ['cmake', 'python']
[0.167s] Level 1:colcon.colcon_core.package_identification:_identify(meshes/right) by extension 'cmake'
[0.167s] Level 1:colcon.colcon_core.package_identification:_identify(meshes/right) by extension 'python'
[0.167s] Level 1:colcon.colcon_core.package_identification:_identify(meshes/right) by extensions ['python_setup_py']
[0.167s] Level 1:colcon.colcon_core.package_identification:_identify(meshes/right) by extension 'python_setup_py'
[0.168s] Level 1:colcon.colcon_core.package_identification:_identify(sup_moveit_config) by extensions ['ignore', 'ignore_ament_install']
[0.168s] Level 1:colcon.colcon_core.package_identification:_identify(sup_moveit_config) by extension 'ignore'
[0.168s] Level 1:colcon.colcon_core.package_identification:_identify(sup_moveit_config) by extension 'ignore_ament_install'
[0.168s] Level 1:colcon.colcon_core.package_identification:_identify(sup_moveit_config) by extensions ['colcon_pkg']
[0.168s] Level 1:colcon.colcon_core.package_identification:_identify(sup_moveit_config) by extension 'colcon_pkg'
[0.168s] Level 1:colcon.colcon_core.package_identification:_identify(sup_moveit_config) by extensions ['colcon_meta']
[0.168s] Level 1:colcon.colcon_core.package_identification:_identify(sup_moveit_config) by extension 'colcon_meta'
[0.168s] Level 1:colcon.colcon_core.package_identification:_identify(sup_moveit_config) by extensions ['ros']
[0.168s] Level 1:colcon.colcon_core.package_identification:_identify(sup_moveit_config) by extension 'ros'
[0.168s] DEBUG:colcon.colcon_core.package_identification:Package 'sup_moveit_config' with type 'ros.ament_cmake' and name 'sup_moveit_config'
[0.168s] Level 1:colcon.colcon_core.package_identification:_identify(sup_moveit_config_2) by extensions ['ignore', 'ignore_ament_install']
[0.168s] Level 1:colcon.colcon_core.package_identification:_identify(sup_moveit_config_2) by extension 'ignore'
[0.168s] Level 1:colcon.colcon_core.package_identification:_identify(sup_moveit_config_2) by extension 'ignore_ament_install'
[0.168s] Level 1:colcon.colcon_core.package_identification:_identify(sup_moveit_config_2) by extensions ['colcon_pkg']
[0.168s] Level 1:colcon.colcon_core.package_identification:_identify(sup_moveit_config_2) by extension 'colcon_pkg'
[0.168s] Level 1:colcon.colcon_core.package_identification:_identify(sup_moveit_config_2) by extensions ['colcon_meta']
[0.168s] Level 1:colcon.colcon_core.package_identification:_identify(sup_moveit_config_2) by extension 'colcon_meta'
[0.168s] Level 1:colcon.colcon_core.package_identification:_identify(sup_moveit_config_2) by extensions ['ros']
[0.168s] Level 1:colcon.colcon_core.package_identification:_identify(sup_moveit_config_2) by extension 'ros'
[0.169s] DEBUG:colcon.colcon_core.package_identification:Package 'sup_moveit_config_2' with type 'ros.ament_cmake' and name 'sup_moveit_config_2'
[0.169s] Level 1:colcon.colcon_core.package_identification:_identify(urdf) by extensions ['ignore', 'ignore_ament_install']
[0.169s] Level 1:colcon.colcon_core.package_identification:_identify(urdf) by extension 'ignore'
[0.169s] Level 1:colcon.colcon_core.package_identification:_identify(urdf) by extension 'ignore_ament_install'
[0.169s] Level 1:colcon.colcon_core.package_identification:_identify(urdf) by extensions ['colcon_pkg']
[0.169s] Level 1:colcon.colcon_core.package_identification:_identify(urdf) by extension 'colcon_pkg'
[0.169s] Level 1:colcon.colcon_core.package_identification:_identify(urdf) by extensions ['colcon_meta']
[0.169s] Level 1:colcon.colcon_core.package_identification:_identify(urdf) by extension 'colcon_meta'
[0.169s] Level 1:colcon.colcon_core.package_identification:_identify(urdf) by extensions ['ros']
[0.169s] Level 1:colcon.colcon_core.package_identification:_identify(urdf) by extension 'ros'
[0.169s] Level 1:colcon.colcon_core.package_identification:_identify(urdf) by extensions ['cmake', 'python']
[0.169s] Level 1:colcon.colcon_core.package_identification:_identify(urdf) by extension 'cmake'
[0.169s] Level 1:colcon.colcon_core.package_identification:_identify(urdf) by extension 'python'
[0.169s] Level 1:colcon.colcon_core.package_identification:_identify(urdf) by extensions ['python_setup_py']
[0.169s] Level 1:colcon.colcon_core.package_identification:_identify(urdf) by extension 'python_setup_py'
[0.169s] Level 1:colcon.colcon_core.package_discovery:discover_packages(recursive) using defaults
[0.169s] Level 1:colcon.colcon_core.package_discovery:discover_packages(ignore) discover
[0.169s] Level 1:colcon.colcon_core.package_discovery:discover_packages(ignore) using defaults
[0.169s] Level 1:colcon.colcon_core.package_discovery:discover_packages(path) discover
[0.169s] Level 1:colcon.colcon_core.package_discovery:discover_packages(path) using defaults
[0.188s] Level 1:colcon.colcon_core.package_discovery:discover_packages(prefix_path) check parameters
[0.188s] Level 1:colcon.colcon_core.package_discovery:discover_packages(prefix_path) discover
[0.189s] DEBUG:colcon.colcon_installed_package_information.package_discovery:Found 6 installed packages in /home/guyi/github/Modified_InMoov/visualize_ws/install
[0.190s] DEBUG:colcon.colcon_installed_package_information.package_discovery:Found 6 installed packages in /home/guyi/inmoov_ros2/install
[0.191s] DEBUG:colcon.colcon_installed_package_information.package_discovery:Found 369 installed packages in /opt/ros/humble
[0.192s] Level 1:colcon.colcon_core.package_discovery:discover_packages(prefix_path) using defaults
[0.216s] WARNING:colcon.colcon_core.package_selection:Some selected packages are already built in one or more underlay workspaces:
	'arm_system_model' is in: /home/guyi/github/Modified_InMoov/visualize_ws/install/arm_system_model
If a package in a merged underlay workspace is overridden and it installs headers, then all packages in the overlay must sort their include directories by workspace order. Failure to do so may result in build failures or undefined behavior at run time.
If the overridden package is used by another package in any underlay, then the overriding package in the overlay must be API and ABI compatible or undefined behavior at run time may occur.

If you understand the risks and want to override a package anyways, add the following to the command line:
	--allow-overriding arm_system_model

This may be promoted to an error in a future release of colcon-override-check.
[0.217s] Level 5:colcon.colcon_core.verb:set package 'arm_system_description' build argument 'cmake_args' from command line to 'None'
[0.217s] Level 5:colcon.colcon_core.verb:set package 'arm_system_description' build argument 'cmake_target' from command line to 'None'
[0.217s] Level 5:colcon.colcon_core.verb:set package 'arm_system_description' build argument 'cmake_target_skip_unavailable' from command line to 'False'
[0.217s] Level 5:colcon.colcon_core.verb:set package 'arm_system_description' build argument 'cmake_clean_cache' from command line to 'False'
[0.217s] Level 5:colcon.colcon_core.verb:set package 'arm_system_description' build argument 'cmake_clean_first' from command line to 'False'
[0.217s] Level 5:colcon.colcon_core.verb:set package 'arm_system_description' build argument 'cmake_force_configure' from command line to 'False'
[0.217s] Level 5:colcon.colcon_core.verb:set package 'arm_system_description' build argument 'ament_cmake_args' from command line to 'None'
[0.217s] Level 5:colcon.colcon_core.verb:set package 'arm_system_description' build argument 'catkin_cmake_args' from command line to 'None'
[0.217s] Level 5:colcon.colcon_core.verb:set package 'arm_system_description' build argument 'catkin_skip_building_tests' from command line to 'False'
[0.217s] DEBUG:colcon.colcon_core.verb:Building package 'arm_system_description' with the following arguments: {'ament_cmake_args': None, 'build_base': '/home/guyi/github/Modified_InMoov/visualize_ws/build/arm_system_description', 'catkin_cmake_args': None, 'catkin_skip_building_tests': False, 'cmake_args': None, 'cmake_clean_cache': False, 'cmake_clean_first': False, 'cmake_force_configure': False, 'cmake_target': None, 'cmake_target_skip_unavailable': False, 'install_base': '/home/guyi/github/Modified_InMoov/visualize_ws/install/arm_system_description', 'merge_install': False, 'path': '/home/guyi/github/Modified_InMoov/visualize_ws/arm_system_description', 'symlink_install': False, 'test_result_base': None}
[0.218s] Level 5:colcon.colcon_core.verb:set package 'arm_system_model' build argument 'cmake_args' from command line to 'None'
[0.218s] Level 5:colcon.colcon_core.verb:set package 'arm_system_model' build argument 'cmake_target' from command line to 'None'
[0.218s] Level 5:colcon.colcon_core.verb:set package 'arm_system_model' build argument 'cmake_target_skip_unavailable' from command line to 'False'
[0.218s] Level 5:colcon.colcon_core.verb:set package 'arm_system_model' build argument 'cmake_clean_cache' from command line to 'False'
[0.218s] Level 5:colcon.colcon_core.verb:set package 'arm_system_model' build argument 'cmake_clean_first' from command line to 'False'
[0.218s] Level 5:colcon.colcon_core.verb:set package 'arm_system_model' build argument 'cmake_force_configure' from command line to 'False'
[0.218s] Level 5:colcon.colcon_core.verb:set package 'arm_system_model' build argument 'ament_cmake_args' from command line to 'None'
[0.218s] Level 5:colcon.colcon_core.verb:set package 'arm_system_model' build argument 'catkin_cmake_args' from command line to 'None'
[0.218s] Level 5:colcon.colcon_core.verb:set package 'arm_system_model' build argument 'catkin_skip_building_tests' from command line to 'False'
[0.218s] DEBUG:colcon.colcon_core.verb:Building package 'arm_system_model' with the following arguments: {'ament_cmake_args': None, 'build_base': '/home/guyi/github/Modified_InMoov/visualize_ws/build/arm_system_model', 'catkin_cmake_args': None, 'catkin_skip_building_tests': False, 'cmake_args': None, 'cmake_clean_cache': False, 'cmake_clean_first': False, 'cmake_force_configure': False, 'cmake_target': None, 'cmake_target_skip_unavailable': False, 'install_base': '/home/guyi/github/Modified_InMoov/visualize_ws/install/arm_system_model', 'merge_install': False, 'path': '/home/guyi/github/Modified_InMoov/visualize_ws/arm_system_model', 'symlink_install': False, 'test_result_base': None}
[0.218s] Level 5:colcon.colcon_core.verb:set package 'arm_system_tools' build argument 'cmake_args' from command line to 'None'
[0.218s] Level 5:colcon.colcon_core.verb:set package 'arm_system_tools' build argument 'cmake_target' from command line to 'None'
[0.218s] Level 5:colcon.colcon_core.verb:set package 'arm_system_tools' build argument 'cmake_target_skip_unavailable' from command line to 'False'
[0.218s] Level 5:colcon.colcon_core.verb:set package 'arm_system_tools' build argument 'cmake_clean_cache' from command line to 'False'
[0.218s] Level 5:colcon.colcon_core.verb:set package 'arm_system_tools' build argument 'cmake_clean_first' from command line to 'False'
[0.218s] Level 5:colcon.colcon_core.verb:set package 'arm_system_tools' build argument 'cmake_force_configure' from command line to 'False'
[0.218s] Level 5:colcon.colcon_core.verb:set package 'arm_system_tools' build argument 'ament_cmake_args' from command line to 'None'
[0.218s] Level 5:colcon.colcon_core.verb:set package 'arm_system_tools' build argument 'catkin_cmake_args' from command line to 'None'
[0.218s] Level 5:colcon.colcon_core.verb:set package 'arm_system_tools' build argument 'catkin_skip_building_tests' from command line to 'False'
[0.218s] DEBUG:colcon.colcon_core.verb:Building package 'arm_system_tools' with the following arguments: {'ament_cmake_args': None, 'build_base': '/home/guyi/github/Modified_InMoov/visualize_ws/build/arm_system_tools', 'catkin_cmake_args': None, 'catkin_skip_building_tests': False, 'cmake_args': None, 'cmake_clean_cache': False, 'cmake_clean_first': False, 'cmake_force_configure': False, 'cmake_target': None, 'cmake_target_skip_unavailable': False, 'install_base': '/home/guyi/github/Modified_InMoov/visualize_ws/install/arm_system_tools', 'merge_install': False, 'path': '/home/guyi/github/Modified_InMoov/visualize_ws/arm_system_tools', 'symlink_install': False, 'test_result_base': None}
[0.218s] Level 5:colcon.colcon_core.verb:set package 'sup_moveit_config' build argument 'cmake_args' from command line to 'None'
[0.218s] Level 5:colcon.colcon_core.verb:set package 'sup_moveit_config' build argument 'cmake_target' from command line to 'None'
[0.218s] Level 5:colcon.colcon_core.verb:set package 'sup_moveit_config' build argument 'cmake_target_skip_unavailable' from command line to 'False'
[0.218s] Level 5:colcon.colcon_core.verb:set package 'sup_moveit_config' build argument 'cmake_clean_cache' from command line to 'False'
[0.218s] Level 5:colcon.colcon_core.verb:set package 'sup_moveit_config' build argument 'cmake_clean_first' from command line to 'False'
[0.218s] Level 5:colcon.colcon_core.verb:set package 'sup_moveit_config' build argument 'cmake_force_configure' from command line to 'False'
[0.218s] Level 5:colcon.colcon_core.verb:set package 'sup_moveit_config' build argument 'ament_cmake_args' from command line to 'None'
[0.218s] Level 5:colcon.colcon_core.verb:set package 'sup_moveit_config' build argument 'catkin_cmake_args' from command line to 'None'
[0.218s] Level 5:colcon.colcon_core.verb:set package 'sup_moveit_config' build argument 'catkin_skip_building_tests' from command line to 'False'
[0.218s] DEBUG:colcon.colcon_core.verb:Building package 'sup_moveit_config' with the following arguments: {'ament_cmake_args': None, 'build_base': '/home/guyi/github/Modified_InMoov/visualize_ws/build/sup_moveit_config', 'catkin_cmake_args': None, 'catkin_skip_building_tests': False, 'cmake_args': None, 'cmake_clean_cache': False, 'cmake_clean_first': False, 'cmake_force_configure': False, 'cmake_target': None, 'cmake_target_skip_unavailable': False, 'install_base': '/home/guyi/github/Modified_InMoov/visualize_ws/install/sup_moveit_config', 'merge_install': False, 'path': '/home/guyi/github/Modified_InMoov/visualize_ws/sup_moveit_config', 'symlink_install': False, 'test_result_base': None}
[0.218s] Level 5:colcon.colcon_core.verb:set package 'sup_moveit_config_2' build argument 'cmake_args' from command line to 'None'
[0.218s] Level 5:colcon.colcon_core.verb:set package 'sup_moveit_config_2' build argument 'cmake_target' from command line to 'None'
[0.218s] Level 5:colcon.colcon_core.verb:set package 'sup_moveit_config_2' build argument 'cmake_target_skip_unavailable' from command line to 'False'
[0.218s] Level 5:colcon.colcon_core.verb:set package 'sup_moveit_config_2' build argument 'cmake_clean_cache' from command line to 'False'
[0.218s] Level 5:colcon.colcon_core.verb:set package 'sup_moveit_config_2' build argument 'cmake_clean_first' from command line to 'False'
[0.218s] Level 5:colcon.colcon_core.verb:set package 'sup_moveit_config_2' build argument 'cmake_force_configure' from command line to 'False'
[0.218s] Level 5:colcon.colcon_core.verb:set package 'sup_moveit_config_2' build argument 'ament_cmake_args' from command line to 'None'
[0.218s] Level 5:colcon.colcon_core.verb:set package 'sup_moveit_config_2' build argument 'catkin_cmake_args' from command line to 'None'
[0.218s] Level 5:colcon.colcon_core.verb:set package 'sup_moveit_config_2' build argument 'catkin_skip_building_tests' from command line to 'False'
[0.218s] DEBUG:colcon.colcon_core.verb:Building package 'sup_moveit_config_2' with the following arguments: {'ament_cmake_args': None, 'build_base': '/home/guyi/github/Modified_InMoov/visualize_ws/build/sup_moveit_config_2', 'catkin_cmake_args': None, 'catkin_skip_building_tests': False, 'cmake_args': None, 'cmake_clean_cache': False, 'cmake_clean_first': False, 'cmake_force_configure': False, 'cmake_target': None, 'cmake_target_skip_unavailable': False, 'install_base': '/home/guyi/github/Modified_InMoov/visualize_ws/install/sup_moveit_config_2', 'merge_install': False, 'path': '/home/guyi/github/Modified_InMoov/visualize_ws/sup_moveit_config_2', 'symlink_install': False, 'test_result_base': None}
[0.219s] INFO:colcon.colcon_core.executor:Executing jobs using 'parallel' executor
[0.219s] DEBUG:colcon.colcon_parallel_executor.executor.parallel:run_until_complete
[0.219s] INFO:colcon.colcon_ros.task.ament_python.build:Building ROS package in '/home/guyi/github/Modified_InMoov/visualize_ws/arm_system_model' with build type 'ament_python'
[0.219s] Level 1:colcon.colcon_core.shell:create_environment_hook('arm_system_model', 'ament_prefix_path')
[0.221s] INFO:colcon.colcon_core.plugin_system:Skipping extension 'colcon_core.shell.bat': Not used on non-Windows systems
[0.221s] INFO:colcon.colcon_core.shell:Creating environment hook '/home/guyi/github/Modified_InMoov/visualize_ws/install/arm_system_model/share/arm_system_model/hook/ament_prefix_path.ps1'
[0.221s] INFO:colcon.colcon_core.shell:Creating environment descriptor '/home/guyi/github/Modified_InMoov/visualize_ws/install/arm_system_model/share/arm_system_model/hook/ament_prefix_path.dsv'
[0.221s] INFO:colcon.colcon_core.shell:Creating environment hook '/home/guyi/github/Modified_InMoov/visualize_ws/install/arm_system_model/share/arm_system_model/hook/ament_prefix_path.sh'
[0.222s] INFO:colcon.colcon_core.shell:Skip shell extension 'powershell' for command environment: Not usable outside of PowerShell
[0.222s] DEBUG:colcon.colcon_core.shell:Skip shell extension 'dsv' for command environment
[0.225s] INFO:colcon.colcon_ros.task.ament_cmake.build:Building ROS package in '/home/guyi/github/Modified_InMoov/visualize_ws/arm_system_description' with build type 'ament_cmake'
[0.225s] INFO:colcon.colcon_cmake.task.cmake.build:Building CMake package in '/home/guyi/github/Modified_InMoov/visualize_ws/arm_system_description'
[0.225s] INFO:colcon.colcon_core.shell:Skip shell extension 'powershell' for command environment: Not usable outside of PowerShell
[0.225s] DEBUG:colcon.colcon_core.shell:Skip shell extension 'dsv' for command environment
[0.228s] INFO:colcon.colcon_ros.task.ament_python.build:Building ROS package in '/home/guyi/github/Modified_InMoov/visualize_ws/arm_system_tools' with build type 'ament_python'
[0.229s] Level 1:colcon.colcon_core.shell:create_environment_hook('arm_system_tools', 'ament_prefix_path')
[0.229s] INFO:colcon.colcon_core.shell:Creating environment hook '/home/guyi/github/Modified_InMoov/visualize_ws/install/arm_system_tools/share/arm_system_tools/hook/ament_prefix_path.ps1'
[0.230s] INFO:colcon.colcon_core.shell:Creating environment descriptor '/home/guyi/github/Modified_InMoov/visualize_ws/install/arm_system_tools/share/arm_system_tools/hook/ament_prefix_path.dsv'
[0.230s] INFO:colcon.colcon_core.shell:Creating environment hook '/home/guyi/github/Modified_InMoov/visualize_ws/install/arm_system_tools/share/arm_system_tools/hook/ament_prefix_path.sh'
[0.230s] INFO:colcon.colcon_core.shell:Skip shell extension 'powershell' for command environment: Not usable outside of PowerShell
[0.230s] DEBUG:colcon.colcon_core.shell:Skip shell extension 'dsv' for command environment
[0.390s] WARNING:colcon.colcon_ros.task.ament_python.build:Package 'arm_system_model' doesn't explicitly install a marker in the package index (colcon-ros currently does it implicitly but that fallback will be removed in the future)
[0.390s] INFO:colcon.colcon_core.task.python.build:Building Python package in '/home/guyi/github/Modified_InMoov/visualize_ws/arm_system_model'
[0.391s] INFO:colcon.colcon_core.shell:Skip shell extension 'powershell' for command environment: Not usable outside of PowerShell
[0.391s] DEBUG:colcon.colcon_core.shell:Skip shell extension 'dsv' for command environment
[0.396s] DEBUG:colcon.colcon_core.event_handler.log_command:Invoking command in '/home/guyi/github/Modified_InMoov/visualize_ws/build/arm_system_description': CMAKE_PREFIX_PATH=${CMAKE_PREFIX_PATH}:/home/guyi/github/Modified_InMoov/visualize_ws/install/arm_system_tools:/home/guyi/github/Modified_InMoov/visualize_ws/install/arm_system_model:/opt/ros/humble CONDA_PROMPT_MODIFIER=(base) /usr/local/bin/cmake --build /home/guyi/github/Modified_InMoov/visualize_ws/build/arm_system_description -- -j16 -l16
[0.551s] INFO:colcon.colcon_core.task.python.build:Building Python package in '/home/guyi/github/Modified_InMoov/visualize_ws/arm_system_tools'
[0.552s] INFO:colcon.colcon_core.shell:Skip shell extension 'powershell' for command environment: Not usable outside of PowerShell
[0.552s] DEBUG:colcon.colcon_core.shell:Skip shell extension 'dsv' for command environment
[0.558s] DEBUG:colcon.colcon_core.event_handler.log_command:Invoked command in '/home/guyi/github/Modified_InMoov/visualize_ws/build/arm_system_description' returned '0': CMAKE_PREFIX_PATH=${CMAKE_PREFIX_PATH}:/home/guyi/github/Modified_InMoov/visualize_ws/install/arm_system_tools:/home/guyi/github/Modified_InMoov/visualize_ws/install/arm_system_model:/opt/ros/humble CONDA_PROMPT_MODIFIER=(base) /usr/local/bin/cmake --build /home/guyi/github/Modified_InMoov/visualize_ws/build/arm_system_description -- -j16 -l16
[0.560s] DEBUG:colcon.colcon_core.event_handler.log_command:Invoking command in '/home/guyi/github/Modified_InMoov/visualize_ws/build/arm_system_description': CMAKE_PREFIX_PATH=${CMAKE_PREFIX_PATH}:/home/guyi/github/Modified_InMoov/visualize_ws/install/arm_system_tools:/home/guyi/github/Modified_InMoov/visualize_ws/install/arm_system_model:/opt/ros/humble CONDA_PROMPT_MODIFIER=(base) /usr/local/bin/cmake --install /home/guyi/github/Modified_InMoov/visualize_ws/build/arm_system_description
[0.563s] Level 1:colcon.colcon_core.environment:create_environment_scripts_only(arm_system_description)
[0.564s] DEBUG:colcon.colcon_core.event_handler.log_command:Invoked command in '/home/guyi/github/Modified_InMoov/visualize_ws/build/arm_system_description' returned '0': CMAKE_PREFIX_PATH=${CMAKE_PREFIX_PATH}:/home/guyi/github/Modified_InMoov/visualize_ws/install/arm_system_tools:/home/guyi/github/Modified_InMoov/visualize_ws/install/arm_system_model:/opt/ros/humble CONDA_PROMPT_MODIFIER=(base) /usr/local/bin/cmake --install /home/guyi/github/Modified_InMoov/visualize_ws/build/arm_system_description
[0.565s] Level 1:colcon.colcon_core.environment:checking '/home/guyi/github/Modified_InMoov/visualize_ws/install/arm_system_description' for CMake module files
[0.565s] Level 1:colcon.colcon_core.environment:checking '/home/guyi/github/Modified_InMoov/visualize_ws/install/arm_system_description' for CMake config files
[0.565s] Level 1:colcon.colcon_core.shell:create_environment_hook('arm_system_description', 'cmake_prefix_path')
[0.565s] INFO:colcon.colcon_core.shell:Creating environment hook '/home/guyi/github/Modified_InMoov/visualize_ws/install/arm_system_description/share/arm_system_description/hook/cmake_prefix_path.ps1'
[0.566s] INFO:colcon.colcon_core.shell:Creating environment descriptor '/home/guyi/github/Modified_InMoov/visualize_ws/install/arm_system_description/share/arm_system_description/hook/cmake_prefix_path.dsv'
[0.566s] INFO:colcon.colcon_core.shell:Creating environment hook '/home/guyi/github/Modified_InMoov/visualize_ws/install/arm_system_description/share/arm_system_description/hook/cmake_prefix_path.sh'
[0.566s] Level 1:colcon.colcon_core.environment:checking '/home/guyi/github/Modified_InMoov/visualize_ws/install/arm_system_description/bin'
[0.566s] Level 1:colcon.colcon_core.environment:checking '/home/guyi/github/Modified_InMoov/visualize_ws/install/arm_system_description/lib/pkgconfig/arm_system_description.pc'
[0.567s] Level 1:colcon.colcon_core.environment:checking '/home/guyi/github/Modified_InMoov/visualize_ws/install/arm_system_description/lib/python3.10/site-packages'
[0.567s] Level 1:colcon.colcon_core.environment:checking '/home/guyi/github/Modified_InMoov/visualize_ws/install/arm_system_description/bin'
[0.567s] INFO:colcon.colcon_core.shell:Creating package script '/home/guyi/github/Modified_InMoov/visualize_ws/install/arm_system_description/share/arm_system_description/package.ps1'
[0.567s] INFO:colcon.colcon_core.shell:Creating package descriptor '/home/guyi/github/Modified_InMoov/visualize_ws/install/arm_system_description/share/arm_system_description/package.dsv'
[0.568s] INFO:colcon.colcon_core.shell:Creating package script '/home/guyi/github/Modified_InMoov/visualize_ws/install/arm_system_description/share/arm_system_description/package.sh'
[0.568s] INFO:colcon.colcon_core.shell:Creating package script '/home/guyi/github/Modified_InMoov/visualize_ws/install/arm_system_description/share/arm_system_description/package.bash'
[0.569s] INFO:colcon.colcon_core.shell:Creating package script '/home/guyi/github/Modified_InMoov/visualize_ws/install/arm_system_description/share/arm_system_description/package.zsh'
[0.569s] Level 1:colcon.colcon_core.environment:create_file_with_runtime_dependencies(/home/guyi/github/Modified_InMoov/visualize_ws/install/arm_system_description/share/colcon-core/packages/arm_system_description)
[0.569s] Level 1:colcon.colcon_core.environment:create_environment_scripts_only(arm_system_description)
[0.570s] Level 1:colcon.colcon_core.environment:checking '/home/guyi/github/Modified_InMoov/visualize_ws/install/arm_system_description' for CMake module files
[0.570s] Level 1:colcon.colcon_core.environment:checking '/home/guyi/github/Modified_InMoov/visualize_ws/install/arm_system_description' for CMake config files
[0.570s] Level 1:colcon.colcon_core.shell:create_environment_hook('arm_system_description', 'cmake_prefix_path')
[0.570s] INFO:colcon.colcon_core.shell:Creating environment hook '/home/guyi/github/Modified_InMoov/visualize_ws/install/arm_system_description/share/arm_system_description/hook/cmake_prefix_path.ps1'
[0.570s] INFO:colcon.colcon_core.shell:Creating environment descriptor '/home/guyi/github/Modified_InMoov/visualize_ws/install/arm_system_description/share/arm_system_description/hook/cmake_prefix_path.dsv'
[0.571s] INFO:colcon.colcon_core.shell:Creating environment hook '/home/guyi/github/Modified_InMoov/visualize_ws/install/arm_system_description/share/arm_system_description/hook/cmake_prefix_path.sh'
[0.571s] Level 1:colcon.colcon_core.environment:checking '/home/guyi/github/Modified_InMoov/visualize_ws/install/arm_system_description/bin'
[0.571s] Level 1:colcon.colcon_core.environment:checking '/home/guyi/github/Modified_InMoov/visualize_ws/install/arm_system_description/lib/pkgconfig/arm_system_description.pc'
[0.571s] Level 1:colcon.colcon_core.environment:checking '/home/guyi/github/Modified_InMoov/visualize_ws/install/arm_system_description/lib/python3.10/site-packages'
[0.571s] Level 1:colcon.colcon_core.environment:checking '/home/guyi/github/Modified_InMoov/visualize_ws/install/arm_system_description/bin'
[0.571s] INFO:colcon.colcon_core.shell:Creating package script '/home/guyi/github/Modified_InMoov/visualize_ws/install/arm_system_description/share/arm_system_description/package.ps1'
[0.572s] INFO:colcon.colcon_core.shell:Creating package descriptor '/home/guyi/github/Modified_InMoov/visualize_ws/install/arm_system_description/share/arm_system_description/package.dsv'
[0.572s] INFO:colcon.colcon_core.shell:Creating package script '/home/guyi/github/Modified_InMoov/visualize_ws/install/arm_system_description/share/arm_system_description/package.sh'
[0.572s] INFO:colcon.colcon_core.shell:Creating package script '/home/guyi/github/Modified_InMoov/visualize_ws/install/arm_system_description/share/arm_system_description/package.bash'
[0.572s] INFO:colcon.colcon_core.shell:Creating package script '/home/guyi/github/Modified_InMoov/visualize_ws/install/arm_system_description/share/arm_system_description/package.zsh'
[0.573s] Level 1:colcon.colcon_core.environment:create_file_with_runtime_dependencies(/home/guyi/github/Modified_InMoov/visualize_ws/install/arm_system_description/share/colcon-core/packages/arm_system_description)
[0.800s] DEBUG:colcon.colcon_core.event_handler.log_command:Invoking command in '/home/guyi/github/Modified_InMoov/visualize_ws/arm_system_tools': CONDA_PROMPT_MODIFIER=(base) PYTHONPATH=/home/guyi/github/Modified_InMoov/visualize_ws/build/arm_system_tools/prefix_override:/usr/lib/python3/dist-packages/colcon_core/task/python/colcon_distutils_commands:/home/guyi/github/Modified_InMoov/visualize_ws/install/arm_system_tools/lib/python3.10/site-packages:${PYTHONPATH} /usr/bin/python3 -W ignore:setup.py install is deprecated -W ignore:easy_install command is deprecated setup.py egg_info --egg-base ../build/arm_system_tools build --build-base /home/guyi/github/Modified_InMoov/visualize_ws/build/arm_system_tools/build install --record /home/guyi/github/Modified_InMoov/visualize_ws/build/arm_system_tools/install.log --single-version-externally-managed install_data
[0.806s] DEBUG:colcon.colcon_core.event_handler.log_command:Invoking command in '/home/guyi/github/Modified_InMoov/visualize_ws/arm_system_model': CONDA_PROMPT_MODIFIER=(base) PYTHONPATH=/home/guyi/github/Modified_InMoov/visualize_ws/build/arm_system_model/prefix_override:/usr/lib/python3/dist-packages/colcon_core/task/python/colcon_distutils_commands:/home/guyi/github/Modified_InMoov/visualize_ws/install/arm_system_model/lib/python3.10/site-packages:${PYTHONPATH} /usr/bin/python3 -W ignore:setup.py install is deprecated -W ignore:easy_install command is deprecated setup.py egg_info --egg-base ../build/arm_system_model build --build-base /home/guyi/github/Modified_InMoov/visualize_ws/build/arm_system_model/build install --record /home/guyi/github/Modified_InMoov/visualize_ws/build/arm_system_model/install.log --single-version-externally-managed install_data
[0.985s] Level 1:colcon.colcon_core.environment:checking '/home/guyi/github/Modified_InMoov/visualize_ws/install/arm_system_tools' for CMake module files
[0.986s] DEBUG:colcon.colcon_core.event_handler.log_command:Invoked command in '/home/guyi/github/Modified_InMoov/visualize_ws/arm_system_tools' returned '0': CONDA_PROMPT_MODIFIER=(base) PYTHONPATH=/home/guyi/github/Modified_InMoov/visualize_ws/build/arm_system_tools/prefix_override:/usr/lib/python3/dist-packages/colcon_core/task/python/colcon_distutils_commands:/home/guyi/github/Modified_InMoov/visualize_ws/install/arm_system_tools/lib/python3.10/site-packages:${PYTHONPATH} /usr/bin/python3 -W ignore:setup.py install is deprecated -W ignore:easy_install command is deprecated setup.py egg_info --egg-base ../build/arm_system_tools build --build-base /home/guyi/github/Modified_InMoov/visualize_ws/build/arm_system_tools/build install --record /home/guyi/github/Modified_InMoov/visualize_ws/build/arm_system_tools/install.log --single-version-externally-managed install_data
[0.986s] Level 1:colcon.colcon_core.environment:checking '/home/guyi/github/Modified_InMoov/visualize_ws/install/arm_system_tools' for CMake config files
[0.987s] Level 1:colcon.colcon_core.environment:checking '/home/guyi/github/Modified_InMoov/visualize_ws/install/arm_system_tools/lib'
[0.988s] Level 1:colcon.colcon_core.environment:checking '/home/guyi/github/Modified_InMoov/visualize_ws/install/arm_system_tools/bin'
[0.988s] Level 1:colcon.colcon_core.environment:checking '/home/guyi/github/Modified_InMoov/visualize_ws/install/arm_system_tools/lib/pkgconfig/arm_system_tools.pc'
[0.988s] Level 1:colcon.colcon_core.environment:checking '/home/guyi/github/Modified_InMoov/visualize_ws/install/arm_system_tools/lib/python3.10/site-packages'
[0.988s] Level 1:colcon.colcon_core.shell:create_environment_hook('arm_system_tools', 'pythonpath')
[0.988s] INFO:colcon.colcon_core.shell:Creating environment hook '/home/guyi/github/Modified_InMoov/visualize_ws/install/arm_system_tools/share/arm_system_tools/hook/pythonpath.ps1'
[0.988s] INFO:colcon.colcon_core.shell:Creating environment descriptor '/home/guyi/github/Modified_InMoov/visualize_ws/install/arm_system_tools/share/arm_system_tools/hook/pythonpath.dsv'
[0.988s] INFO:colcon.colcon_core.shell:Creating environment hook '/home/guyi/github/Modified_InMoov/visualize_ws/install/arm_system_tools/share/arm_system_tools/hook/pythonpath.sh'
[0.989s] Level 1:colcon.colcon_core.environment:checking '/home/guyi/github/Modified_InMoov/visualize_ws/install/arm_system_tools/bin'
[0.989s] Level 1:colcon.colcon_core.environment:create_environment_scripts_only(arm_system_tools)
[0.989s] INFO:colcon.colcon_core.shell:Creating package script '/home/guyi/github/Modified_InMoov/visualize_ws/install/arm_system_tools/share/arm_system_tools/package.ps1'
[0.989s] INFO:colcon.colcon_core.shell:Creating package descriptor '/home/guyi/github/Modified_InMoov/visualize_ws/install/arm_system_tools/share/arm_system_tools/package.dsv'
[0.990s] INFO:colcon.colcon_core.shell:Creating package script '/home/guyi/github/Modified_InMoov/visualize_ws/install/arm_system_tools/share/arm_system_tools/package.sh'
[0.990s] INFO:colcon.colcon_core.shell:Creating package script '/home/guyi/github/Modified_InMoov/visualize_ws/install/arm_system_tools/share/arm_system_tools/package.bash'
[0.990s] INFO:colcon.colcon_core.shell:Creating package script '/home/guyi/github/Modified_InMoov/visualize_ws/install/arm_system_tools/share/arm_system_tools/package.zsh'
[0.991s] Level 1:colcon.colcon_core.environment:create_file_with_runtime_dependencies(/home/guyi/github/Modified_InMoov/visualize_ws/install/arm_system_tools/share/colcon-core/packages/arm_system_tools)
[1.005s] Level 1:colcon.colcon_core.environment:checking '/home/guyi/github/Modified_InMoov/visualize_ws/install/arm_system_model' for CMake module files
[1.006s] DEBUG:colcon.colcon_core.event_handler.log_command:Invoked command in '/home/guyi/github/Modified_InMoov/visualize_ws/arm_system_model' returned '0': CONDA_PROMPT_MODIFIER=(base) PYTHONPATH=/home/guyi/github/Modified_InMoov/visualize_ws/build/arm_system_model/prefix_override:/usr/lib/python3/dist-packages/colcon_core/task/python/colcon_distutils_commands:/home/guyi/github/Modified_InMoov/visualize_ws/install/arm_system_model/lib/python3.10/site-packages:${PYTHONPATH} /usr/bin/python3 -W ignore:setup.py install is deprecated -W ignore:easy_install command is deprecated setup.py egg_info --egg-base ../build/arm_system_model build --build-base /home/guyi/github/Modified_InMoov/visualize_ws/build/arm_system_model/build install --record /home/guyi/github/Modified_InMoov/visualize_ws/build/arm_system_model/install.log --single-version-externally-managed install_data
[1.006s] Level 1:colcon.colcon_core.environment:checking '/home/guyi/github/Modified_InMoov/visualize_ws/install/arm_system_model' for CMake config files
[1.006s] Level 1:colcon.colcon_core.environment:checking '/home/guyi/github/Modified_InMoov/visualize_ws/install/arm_system_model/lib'
[1.006s] Level 1:colcon.colcon_core.environment:checking '/home/guyi/github/Modified_InMoov/visualize_ws/install/arm_system_model/bin'
[1.006s] Level 1:colcon.colcon_core.environment:checking '/home/guyi/github/Modified_InMoov/visualize_ws/install/arm_system_model/lib/pkgconfig/arm_system_model.pc'
[1.006s] Level 1:colcon.colcon_core.environment:checking '/home/guyi/github/Modified_InMoov/visualize_ws/install/arm_system_model/lib/python3.10/site-packages'
[1.006s] Level 1:colcon.colcon_core.shell:create_environment_hook('arm_system_model', 'pythonpath')
[1.007s] INFO:colcon.colcon_core.shell:Creating environment hook '/home/guyi/github/Modified_InMoov/visualize_ws/install/arm_system_model/share/arm_system_model/hook/pythonpath.ps1'
[1.007s] INFO:colcon.colcon_core.shell:Creating environment descriptor '/home/guyi/github/Modified_InMoov/visualize_ws/install/arm_system_model/share/arm_system_model/hook/pythonpath.dsv'
[1.007s] INFO:colcon.colcon_core.shell:Creating environment hook '/home/guyi/github/Modified_InMoov/visualize_ws/install/arm_system_model/share/arm_system_model/hook/pythonpath.sh'
[1.007s] Level 1:colcon.colcon_core.environment:checking '/home/guyi/github/Modified_InMoov/visualize_ws/install/arm_system_model/bin'
[1.007s] Level 1:colcon.colcon_core.environment:create_environment_scripts_only(arm_system_model)
[1.008s] INFO:colcon.colcon_core.shell:Creating package script '/home/guyi/github/Modified_InMoov/visualize_ws/install/arm_system_model/share/arm_system_model/package.ps1'
[1.008s] INFO:colcon.colcon_core.shell:Creating package descriptor '/home/guyi/github/Modified_InMoov/visualize_ws/install/arm_system_model/share/arm_system_model/package.dsv'
[1.009s] INFO:colcon.colcon_core.shell:Creating package script '/home/guyi/github/Modified_InMoov/visualize_ws/install/arm_system_model/share/arm_system_model/package.sh'
[1.009s] INFO:colcon.colcon_core.shell:Creating package script '/home/guyi/github/Modified_InMoov/visualize_ws/install/arm_system_model/share/arm_system_model/package.bash'
[1.009s] INFO:colcon.colcon_core.shell:Creating package script '/home/guyi/github/Modified_InMoov/visualize_ws/install/arm_system_model/share/arm_system_model/package.zsh'
[1.009s] Level 1:colcon.colcon_core.environment:create_file_with_runtime_dependencies(/home/guyi/github/Modified_InMoov/visualize_ws/install/arm_system_model/share/colcon-core/packages/arm_system_model)
[1.009s] INFO:colcon.colcon_ros.task.ament_cmake.build:Building ROS package in '/home/guyi/github/Modified_InMoov/visualize_ws/sup_moveit_config' with build type 'ament_cmake'
[1.009s] INFO:colcon.colcon_cmake.task.cmake.build:Building CMake package in '/home/guyi/github/Modified_InMoov/visualize_ws/sup_moveit_config'
[1.010s] INFO:colcon.colcon_core.shell:Skip shell extension 'powershell' for command environment: Not usable outside of PowerShell
[1.010s] DEBUG:colcon.colcon_core.shell:Skip shell extension 'dsv' for command environment
[1.013s] INFO:colcon.colcon_ros.task.ament_cmake.build:Building ROS package in '/home/guyi/github/Modified_InMoov/visualize_ws/sup_moveit_config_2' with build type 'ament_cmake'
[1.013s] INFO:colcon.colcon_cmake.task.cmake.build:Building CMake package in '/home/guyi/github/Modified_InMoov/visualize_ws/sup_moveit_config_2'
[1.013s] INFO:colcon.colcon_core.shell:Skip shell extension 'powershell' for command environment: Not usable outside of PowerShell
[1.013s] DEBUG:colcon.colcon_core.shell:Skip shell extension 'dsv' for command environment
[1.018s] DEBUG:colcon.colcon_core.event_handler.log_command:Invoking command in '/home/guyi/github/Modified_InMoov/visualize_ws/build/sup_moveit_config': AMENT_PREFIX_PATH=/home/guyi/github/Modified_InMoov/visualize_ws/install/arm_system_model:/home/guyi/github/Modified_InMoov/visualize_ws/install/sup_moveit_config_2:/home/guyi/github/Modified_InMoov/visualize_ws/install/sup_moveit_config:/home/guyi/github/Modified_InMoov/visualize_ws/install/suP_moveit_config:/home/guyi/github/Modified_InMoov/visualize_ws/install/arm_system_tools:/home/guyi/github/Modified_InMoov/visualize_ws/install/arm_system_description:/home/guyi/inmoov_ros2/install/inmoov_config_test:/home/guyi/inmoov_ros2/install/inmoov_tools:/home/guyi/inmoov_ros2/install/inmoov_bringup:/home/guyi/inmoov_ros2/install/inmoov_meshes:/home/guyi/inmoov_ros2/install/inmoov_msgs:/home/guyi/inmoov_ros2/install/inmoov_description:/opt/ros/humble CMAKE_PREFIX_PATH=${CMAKE_PREFIX_PATH}:/home/guyi/github/Modified_InMoov/visualize_ws/install/arm_system_tools:/home/guyi/github/Modified_InMoov/visualize_ws/install/arm_system_model:/opt/ros/humble CONDA_PROMPT_MODIFIER=(base) PYTHONPATH=/home/guyi/github/Modified_InMoov/visualize_ws/install/arm_system_model/lib/python3.10/site-packages:/home/guyi/github/Modified_InMoov/visualize_ws/install/arm_system_tools/lib/python3.10/site-packages:/home/guyi/inmoov_ros2/install/inmoov_msgs/local/lib/python3.10/dist-packages:/opt/ros/humble/lib/python3.10/site-packages:/opt/ros/humble/local/lib/python3.10/dist-packages /usr/local/bin/cmake --build /home/guyi/github/Modified_InMoov/visualize_ws/build/sup_moveit_config -- -j16 -l16
[1.020s] DEBUG:colcon.colcon_core.event_handler.log_command:Invoking command in '/home/guyi/github/Modified_InMoov/visualize_ws/build/sup_moveit_config_2': AMENT_PREFIX_PATH=/home/guyi/github/Modified_InMoov/visualize_ws/install/arm_system_model:/home/guyi/github/Modified_InMoov/visualize_ws/install/sup_moveit_config_2:/home/guyi/github/Modified_InMoov/visualize_ws/install/sup_moveit_config:/home/guyi/github/Modified_InMoov/visualize_ws/install/suP_moveit_config:/home/guyi/github/Modified_InMoov/visualize_ws/install/arm_system_tools:/home/guyi/github/Modified_InMoov/visualize_ws/install/arm_system_description:/home/guyi/inmoov_ros2/install/inmoov_config_test:/home/guyi/inmoov_ros2/install/inmoov_tools:/home/guyi/inmoov_ros2/install/inmoov_bringup:/home/guyi/inmoov_ros2/install/inmoov_meshes:/home/guyi/inmoov_ros2/install/inmoov_msgs:/home/guyi/inmoov_ros2/install/inmoov_description:/opt/ros/humble CMAKE_PREFIX_PATH=${CMAKE_PREFIX_PATH}:/home/guyi/github/Modified_InMoov/visualize_ws/install/arm_system_tools:/home/guyi/github/Modified_InMoov/visualize_ws/install/arm_system_model:/opt/ros/humble CONDA_PROMPT_MODIFIER=(base) PYTHONPATH=/home/guyi/github/Modified_InMoov/visualize_ws/install/arm_system_model/lib/python3.10/site-packages:/home/guyi/github/Modified_InMoov/visualize_ws/install/arm_system_tools/lib/python3.10/site-packages:/home/guyi/inmoov_ros2/install/inmoov_msgs/local/lib/python3.10/dist-packages:/opt/ros/humble/lib/python3.10/site-packages:/opt/ros/humble/local/lib/python3.10/dist-packages /usr/local/bin/cmake --build /home/guyi/github/Modified_InMoov/visualize_ws/build/sup_moveit_config_2 -- -j16 -l16
[1.030s] DEBUG:colcon.colcon_core.event_handler.log_command:Invoked command in '/home/guyi/github/Modified_InMoov/visualize_ws/build/sup_moveit_config' returned '0': AMENT_PREFIX_PATH=/home/guyi/github/Modified_InMoov/visualize_ws/install/arm_system_model:/home/guyi/github/Modified_InMoov/visualize_ws/install/sup_moveit_config_2:/home/guyi/github/Modified_InMoov/visualize_ws/install/sup_moveit_config:/home/guyi/github/Modified_InMoov/visualize_ws/install/suP_moveit_config:/home/guyi/github/Modified_InMoov/visualize_ws/install/arm_system_tools:/home/guyi/github/Modified_InMoov/visualize_ws/install/arm_system_description:/home/guyi/inmoov_ros2/install/inmoov_config_test:/home/guyi/inmoov_ros2/install/inmoov_tools:/home/guyi/inmoov_ros2/install/inmoov_bringup:/home/guyi/inmoov_ros2/install/inmoov_meshes:/home/guyi/inmoov_ros2/install/inmoov_msgs:/home/guyi/inmoov_ros2/install/inmoov_description:/opt/ros/humble CMAKE_PREFIX_PATH=${CMAKE_PREFIX_PATH}:/home/guyi/github/Modified_InMoov/visualize_ws/install/arm_system_tools:/home/guyi/github/Modified_InMoov/visualize_ws/install/arm_system_model:/opt/ros/humble CONDA_PROMPT_MODIFIER=(base) PYTHONPATH=/home/guyi/github/Modified_InMoov/visualize_ws/install/arm_system_model/lib/python3.10/site-packages:/home/guyi/github/Modified_InMoov/visualize_ws/install/arm_system_tools/lib/python3.10/site-packages:/home/guyi/inmoov_ros2/install/inmoov_msgs/local/lib/python3.10/dist-packages:/opt/ros/humble/lib/python3.10/site-packages:/opt/ros/humble/local/lib/python3.10/dist-packages /usr/local/bin/cmake --build /home/guyi/github/Modified_InMoov/visualize_ws/build/sup_moveit_config -- -j16 -l16
[1.032s] DEBUG:colcon.colcon_core.event_handler.log_command:Invoking command in '/home/guyi/github/Modified_InMoov/visualize_ws/build/sup_moveit_config': AMENT_PREFIX_PATH=/home/guyi/github/Modified_InMoov/visualize_ws/install/arm_system_model:/home/guyi/github/Modified_InMoov/visualize_ws/install/sup_moveit_config_2:/home/guyi/github/Modified_InMoov/visualize_ws/install/sup_moveit_config:/home/guyi/github/Modified_InMoov/visualize_ws/install/suP_moveit_config:/home/guyi/github/Modified_InMoov/visualize_ws/install/arm_system_tools:/home/guyi/github/Modified_InMoov/visualize_ws/install/arm_system_description:/home/guyi/inmoov_ros2/install/inmoov_config_test:/home/guyi/inmoov_ros2/install/inmoov_tools:/home/guyi/inmoov_ros2/install/inmoov_bringup:/home/guyi/inmoov_ros2/install/inmoov_meshes:/home/guyi/inmoov_ros2/install/inmoov_msgs:/home/guyi/inmoov_ros2/install/inmoov_description:/opt/ros/humble CMAKE_PREFIX_PATH=${CMAKE_PREFIX_PATH}:/home/guyi/github/Modified_InMoov/visualize_ws/install/arm_system_tools:/home/guyi/github/Modified_InMoov/visualize_ws/install/arm_system_model:/opt/ros/humble CONDA_PROMPT_MODIFIER=(base) PYTHONPATH=/home/guyi/github/Modified_InMoov/visualize_ws/install/arm_system_model/lib/python3.10/site-packages:/home/guyi/github/Modified_InMoov/visualize_ws/install/arm_system_tools/lib/python3.10/site-packages:/home/guyi/inmoov_ros2/install/inmoov_msgs/local/lib/python3.10/dist-packages:/opt/ros/humble/lib/python3.10/site-packages:/opt/ros/humble/local/lib/python3.10/dist-packages /usr/local/bin/cmake --install /home/guyi/github/Modified_InMoov/visualize_ws/build/sup_moveit_config
[1.032s] DEBUG:colcon.colcon_core.event_handler.log_command:Invoked command in '/home/guyi/github/Modified_InMoov/visualize_ws/build/sup_moveit_config_2' returned '0': AMENT_PREFIX_PATH=/home/guyi/github/Modified_InMoov/visualize_ws/install/arm_system_model:/home/guyi/github/Modified_InMoov/visualize_ws/install/sup_moveit_config_2:/home/guyi/github/Modified_InMoov/visualize_ws/install/sup_moveit_config:/home/guyi/github/Modified_InMoov/visualize_ws/install/suP_moveit_config:/home/guyi/github/Modified_InMoov/visualize_ws/install/arm_system_tools:/home/guyi/github/Modified_InMoov/visualize_ws/install/arm_system_description:/home/guyi/inmoov_ros2/install/inmoov_config_test:/home/guyi/inmoov_ros2/install/inmoov_tools:/home/guyi/inmoov_ros2/install/inmoov_bringup:/home/guyi/inmoov_ros2/install/inmoov_meshes:/home/guyi/inmoov_ros2/install/inmoov_msgs:/home/guyi/inmoov_ros2/install/inmoov_description:/opt/ros/humble CMAKE_PREFIX_PATH=${CMAKE_PREFIX_PATH}:/home/guyi/github/Modified_InMoov/visualize_ws/install/arm_system_tools:/home/guyi/github/Modified_InMoov/visualize_ws/install/arm_system_model:/opt/ros/humble CONDA_PROMPT_MODIFIER=(base) PYTHONPATH=/home/guyi/github/Modified_InMoov/visualize_ws/install/arm_system_model/lib/python3.10/site-packages:/home/guyi/github/Modified_InMoov/visualize_ws/install/arm_system_tools/lib/python3.10/site-packages:/home/guyi/inmoov_ros2/install/inmoov_msgs/local/lib/python3.10/dist-packages:/opt/ros/humble/lib/python3.10/site-packages:/opt/ros/humble/local/lib/python3.10/dist-packages /usr/local/bin/cmake --build /home/guyi/github/Modified_InMoov/visualize_ws/build/sup_moveit_config_2 -- -j16 -l16
[1.033s] DEBUG:colcon.colcon_core.event_handler.log_command:Invoking command in '/home/guyi/github/Modified_InMoov/visualize_ws/build/sup_moveit_config_2': AMENT_PREFIX_PATH=/home/guyi/github/Modified_InMoov/visualize_ws/install/arm_system_model:/home/guyi/github/Modified_InMoov/visualize_ws/install/sup_moveit_config_2:/home/guyi/github/Modified_InMoov/visualize_ws/install/sup_moveit_config:/home/guyi/github/Modified_InMoov/visualize_ws/install/suP_moveit_config:/home/guyi/github/Modified_InMoov/visualize_ws/install/arm_system_tools:/home/guyi/github/Modified_InMoov/visualize_ws/install/arm_system_description:/home/guyi/inmoov_ros2/install/inmoov_config_test:/home/guyi/inmoov_ros2/install/inmoov_tools:/home/guyi/inmoov_ros2/install/inmoov_bringup:/home/guyi/inmoov_ros2/install/inmoov_meshes:/home/guyi/inmoov_ros2/install/inmoov_msgs:/home/guyi/inmoov_ros2/install/inmoov_description:/opt/ros/humble CMAKE_PREFIX_PATH=${CMAKE_PREFIX_PATH}:/home/guyi/github/Modified_InMoov/visualize_ws/install/arm_system_tools:/home/guyi/github/Modified_InMoov/visualize_ws/install/arm_system_model:/opt/ros/humble CONDA_PROMPT_MODIFIER=(base) PYTHONPATH=/home/guyi/github/Modified_InMoov/visualize_ws/install/arm_system_model/lib/python3.10/site-packages:/home/guyi/github/Modified_InMoov/visualize_ws/install/arm_system_tools/lib/python3.10/site-packages:/home/guyi/inmoov_ros2/install/inmoov_msgs/local/lib/python3.10/dist-packages:/opt/ros/humble/lib/python3.10/site-packages:/opt/ros/humble/local/lib/python3.10/dist-packages /usr/local/bin/cmake --install /home/guyi/github/Modified_InMoov/visualize_ws/build/sup_moveit_config_2
[1.035s] Level 1:colcon.colcon_core.environment:create_environment_scripts_only(sup_moveit_config)
[1.036s] Level 1:colcon.colcon_core.environment:checking '/home/guyi/github/Modified_InMoov/visualize_ws/install/sup_moveit_config' for CMake module files
[1.037s] DEBUG:colcon.colcon_core.event_handler.log_command:Invoked command in '/home/guyi/github/Modified_InMoov/visualize_ws/build/sup_moveit_config' returned '0': AMENT_PREFIX_PATH=/home/guyi/github/Modified_InMoov/visualize_ws/install/arm_system_model:/home/guyi/github/Modified_InMoov/visualize_ws/install/sup_moveit_config_2:/home/guyi/github/Modified_InMoov/visualize_ws/install/sup_moveit_config:/home/guyi/github/Modified_InMoov/visualize_ws/install/suP_moveit_config:/home/guyi/github/Modified_InMoov/visualize_ws/install/arm_system_tools:/home/guyi/github/Modified_InMoov/visualize_ws/install/arm_system_description:/home/guyi/inmoov_ros2/install/inmoov_config_test:/home/guyi/inmoov_ros2/install/inmoov_tools:/home/guyi/inmoov_ros2/install/inmoov_bringup:/home/guyi/inmoov_ros2/install/inmoov_meshes:/home/guyi/inmoov_ros2/install/inmoov_msgs:/home/guyi/inmoov_ros2/install/inmoov_description:/opt/ros/humble CMAKE_PREFIX_PATH=${CMAKE_PREFIX_PATH}:/home/guyi/github/Modified_InMoov/visualize_ws/install/arm_system_tools:/home/guyi/github/Modified_InMoov/visualize_ws/install/arm_system_model:/opt/ros/humble CONDA_PROMPT_MODIFIER=(base) PYTHONPATH=/home/guyi/github/Modified_InMoov/visualize_ws/install/arm_system_model/lib/python3.10/site-packages:/home/guyi/github/Modified_InMoov/visualize_ws/install/arm_system_tools/lib/python3.10/site-packages:/home/guyi/inmoov_ros2/install/inmoov_msgs/local/lib/python3.10/dist-packages:/opt/ros/humble/lib/python3.10/site-packages:/opt/ros/humble/local/lib/python3.10/dist-packages /usr/local/bin/cmake --install /home/guyi/github/Modified_InMoov/visualize_ws/build/sup_moveit_config
[1.037s] Level 1:colcon.colcon_core.environment:checking '/home/guyi/github/Modified_InMoov/visualize_ws/install/sup_moveit_config' for CMake config files
[1.038s] Level 1:colcon.colcon_core.shell:create_environment_hook('sup_moveit_config', 'cmake_prefix_path')
[1.038s] INFO:colcon.colcon_core.shell:Creating environment hook '/home/guyi/github/Modified_InMoov/visualize_ws/install/sup_moveit_config/share/sup_moveit_config/hook/cmake_prefix_path.ps1'
[1.039s] INFO:colcon.colcon_core.shell:Creating environment descriptor '/home/guyi/github/Modified_InMoov/visualize_ws/install/sup_moveit_config/share/sup_moveit_config/hook/cmake_prefix_path.dsv'
[1.039s] INFO:colcon.colcon_core.shell:Creating environment hook '/home/guyi/github/Modified_InMoov/visualize_ws/install/sup_moveit_config/share/sup_moveit_config/hook/cmake_prefix_path.sh'
[1.039s] Level 1:colcon.colcon_core.environment:checking '/home/guyi/github/Modified_InMoov/visualize_ws/install/sup_moveit_config/bin'
[1.039s] Level 1:colcon.colcon_core.environment:checking '/home/guyi/github/Modified_InMoov/visualize_ws/install/sup_moveit_config/lib/pkgconfig/sup_moveit_config.pc'
[1.039s] Level 1:colcon.colcon_core.environment:checking '/home/guyi/github/Modified_InMoov/visualize_ws/install/sup_moveit_config/lib/python3.10/site-packages'
[1.040s] Level 1:colcon.colcon_core.environment:checking '/home/guyi/github/Modified_InMoov/visualize_ws/install/sup_moveit_config/bin'
[1.040s] INFO:colcon.colcon_core.shell:Creating package script '/home/guyi/github/Modified_InMoov/visualize_ws/install/sup_moveit_config/share/sup_moveit_config/package.ps1'
[1.040s] INFO:colcon.colcon_core.shell:Creating package descriptor '/home/guyi/github/Modified_InMoov/visualize_ws/install/sup_moveit_config/share/sup_moveit_config/package.dsv'
[1.040s] INFO:colcon.colcon_core.shell:Creating package script '/home/guyi/github/Modified_InMoov/visualize_ws/install/sup_moveit_config/share/sup_moveit_config/package.sh'
[1.041s] INFO:colcon.colcon_core.shell:Creating package script '/home/guyi/github/Modified_InMoov/visualize_ws/install/sup_moveit_config/share/sup_moveit_config/package.bash'
[1.041s] INFO:colcon.colcon_core.shell:Creating package script '/home/guyi/github/Modified_InMoov/visualize_ws/install/sup_moveit_config/share/sup_moveit_config/package.zsh'
[1.041s] Level 1:colcon.colcon_core.environment:create_file_with_runtime_dependencies(/home/guyi/github/Modified_InMoov/visualize_ws/install/sup_moveit_config/share/colcon-core/packages/sup_moveit_config)
[1.041s] Level 1:colcon.colcon_core.environment:create_environment_scripts_only(sup_moveit_config)
[1.042s] Level 1:colcon.colcon_core.environment:checking '/home/guyi/github/Modified_InMoov/visualize_ws/install/sup_moveit_config' for CMake module files
[1.042s] Level 1:colcon.colcon_core.environment:checking '/home/guyi/github/Modified_InMoov/visualize_ws/install/sup_moveit_config' for CMake config files
[1.042s] Level 1:colcon.colcon_core.shell:create_environment_hook('sup_moveit_config', 'cmake_prefix_path')
[1.042s] INFO:colcon.colcon_core.shell:Creating environment hook '/home/guyi/github/Modified_InMoov/visualize_ws/install/sup_moveit_config/share/sup_moveit_config/hook/cmake_prefix_path.ps1'
[1.042s] INFO:colcon.colcon_core.shell:Creating environment descriptor '/home/guyi/github/Modified_InMoov/visualize_ws/install/sup_moveit_config/share/sup_moveit_config/hook/cmake_prefix_path.dsv'
[1.043s] INFO:colcon.colcon_core.shell:Creating environment hook '/home/guyi/github/Modified_InMoov/visualize_ws/install/sup_moveit_config/share/sup_moveit_config/hook/cmake_prefix_path.sh'
[1.043s] Level 1:colcon.colcon_core.environment:checking '/home/guyi/github/Modified_InMoov/visualize_ws/install/sup_moveit_config/bin'
[1.043s] Level 1:colcon.colcon_core.environment:checking '/home/guyi/github/Modified_InMoov/visualize_ws/install/sup_moveit_config/lib/pkgconfig/sup_moveit_config.pc'
[1.043s] Level 1:colcon.colcon_core.environment:checking '/home/guyi/github/Modified_InMoov/visualize_ws/install/sup_moveit_config/lib/python3.10/site-packages'
[1.043s] Level 1:colcon.colcon_core.environment:checking '/home/guyi/github/Modified_InMoov/visualize_ws/install/sup_moveit_config/bin'
[1.044s] INFO:colcon.colcon_core.shell:Creating package script '/home/guyi/github/Modified_InMoov/visualize_ws/install/sup_moveit_config/share/sup_moveit_config/package.ps1'
[1.044s] INFO:colcon.colcon_core.shell:Creating package descriptor '/home/guyi/github/Modified_InMoov/visualize_ws/install/sup_moveit_config/share/sup_moveit_config/package.dsv'
[1.044s] INFO:colcon.colcon_core.shell:Creating package script '/home/guyi/github/Modified_InMoov/visualize_ws/install/sup_moveit_config/share/sup_moveit_config/package.sh'
[1.044s] INFO:colcon.colcon_core.shell:Creating package script '/home/guyi/github/Modified_InMoov/visualize_ws/install/sup_moveit_config/share/sup_moveit_config/package.bash'
[1.045s] INFO:colcon.colcon_core.shell:Creating package script '/home/guyi/github/Modified_InMoov/visualize_ws/install/sup_moveit_config/share/sup_moveit_config/package.zsh'
[1.045s] Level 1:colcon.colcon_core.environment:create_file_with_runtime_dependencies(/home/guyi/github/Modified_InMoov/visualize_ws/install/sup_moveit_config/share/colcon-core/packages/sup_moveit_config)
[1.046s] Level 1:colcon.colcon_core.environment:create_environment_scripts_only(sup_moveit_config_2)
[1.046s] Level 1:colcon.colcon_core.environment:checking '/home/guyi/github/Modified_InMoov/visualize_ws/install/sup_moveit_config_2' for CMake module files
[1.046s] DEBUG:colcon.colcon_core.event_handler.log_command:Invoked command in '/home/guyi/github/Modified_InMoov/visualize_ws/build/sup_moveit_config_2' returned '0': AMENT_PREFIX_PATH=/home/guyi/github/Modified_InMoov/visualize_ws/install/arm_system_model:/home/guyi/github/Modified_InMoov/visualize_ws/install/sup_moveit_config_2:/home/guyi/github/Modified_InMoov/visualize_ws/install/sup_moveit_config:/home/guyi/github/Modified_InMoov/visualize_ws/install/suP_moveit_config:/home/guyi/github/Modified_InMoov/visualize_ws/install/arm_system_tools:/home/guyi/github/Modified_InMoov/visualize_ws/install/arm_system_description:/home/guyi/inmoov_ros2/install/inmoov_config_test:/home/guyi/inmoov_ros2/install/inmoov_tools:/home/guyi/inmoov_ros2/install/inmoov_bringup:/home/guyi/inmoov_ros2/install/inmoov_meshes:/home/guyi/inmoov_ros2/install/inmoov_msgs:/home/guyi/inmoov_ros2/install/inmoov_description:/opt/ros/humble CMAKE_PREFIX_PATH=${CMAKE_PREFIX_PATH}:/home/guyi/github/Modified_InMoov/visualize_ws/install/arm_system_tools:/home/guyi/github/Modified_InMoov/visualize_ws/install/arm_system_model:/opt/ros/humble CONDA_PROMPT_MODIFIER=(base) PYTHONPATH=/home/guyi/github/Modified_InMoov/visualize_ws/install/arm_system_model/lib/python3.10/site-packages:/home/guyi/github/Modified_InMoov/visualize_ws/install/arm_system_tools/lib/python3.10/site-packages:/home/guyi/inmoov_ros2/install/inmoov_msgs/local/lib/python3.10/dist-packages:/opt/ros/humble/lib/python3.10/site-packages:/opt/ros/humble/local/lib/python3.10/dist-packages /usr/local/bin/cmake --install /home/guyi/github/Modified_InMoov/visualize_ws/build/sup_moveit_config_2
[1.047s] Level 1:colcon.colcon_core.environment:checking '/home/guyi/github/Modified_InMoov/visualize_ws/install/sup_moveit_config_2' for CMake config files
[1.047s] Level 1:colcon.colcon_core.shell:create_environment_hook('sup_moveit_config_2', 'cmake_prefix_path')
[1.047s] INFO:colcon.colcon_core.shell:Creating environment hook '/home/guyi/github/Modified_InMoov/visualize_ws/install/sup_moveit_config_2/share/sup_moveit_config_2/hook/cmake_prefix_path.ps1'
[1.047s] INFO:colcon.colcon_core.shell:Creating environment descriptor '/home/guyi/github/Modified_InMoov/visualize_ws/install/sup_moveit_config_2/share/sup_moveit_config_2/hook/cmake_prefix_path.dsv'
[1.047s] INFO:colcon.colcon_core.shell:Creating environment hook '/home/guyi/github/Modified_InMoov/visualize_ws/install/sup_moveit_config_2/share/sup_moveit_config_2/hook/cmake_prefix_path.sh'
[1.048s] Level 1:colcon.colcon_core.environment:checking '/home/guyi/github/Modified_InMoov/visualize_ws/install/sup_moveit_config_2/bin'
[1.048s] Level 1:colcon.colcon_core.environment:checking '/home/guyi/github/Modified_InMoov/visualize_ws/install/sup_moveit_config_2/lib/pkgconfig/sup_moveit_config_2.pc'
[1.048s] Level 1:colcon.colcon_core.environment:checking '/home/guyi/github/Modified_InMoov/visualize_ws/install/sup_moveit_config_2/lib/python3.10/site-packages'
[1.048s] Level 1:colcon.colcon_core.environment:checking '/home/guyi/github/Modified_InMoov/visualize_ws/install/sup_moveit_config_2/bin'
[1.048s] INFO:colcon.colcon_core.shell:Creating package script '/home/guyi/github/Modified_InMoov/visualize_ws/install/sup_moveit_config_2/share/sup_moveit_config_2/package.ps1'
[1.048s] INFO:colcon.colcon_core.shell:Creating package descriptor '/home/guyi/github/Modified_InMoov/visualize_ws/install/sup_moveit_config_2/share/sup_moveit_config_2/package.dsv'
[1.049s] INFO:colcon.colcon_core.shell:Creating package script '/home/guyi/github/Modified_InMoov/visualize_ws/install/sup_moveit_config_2/share/sup_moveit_config_2/package.sh'
[1.049s] INFO:colcon.colcon_core.shell:Creating package script '/home/guyi/github/Modified_InMoov/visualize_ws/install/sup_moveit_config_2/share/sup_moveit_config_2/package.bash'
[1.049s] INFO:colcon.colcon_core.shell:Creating package script '/home/guyi/github/Modified_InMoov/visualize_ws/install/sup_moveit_config_2/share/sup_moveit_config_2/package.zsh'
[1.049s] Level 1:colcon.colcon_core.environment:create_file_with_runtime_dependencies(/home/guyi/github/Modified_InMoov/visualize_ws/install/sup_moveit_config_2/share/colcon-core/packages/sup_moveit_config_2)
[1.050s] Level 1:colcon.colcon_core.environment:create_environment_scripts_only(sup_moveit_config_2)
[1.050s] Level 1:colcon.colcon_core.environment:checking '/home/guyi/github/Modified_InMoov/visualize_ws/install/sup_moveit_config_2' for CMake module files
[1.050s] Level 1:colcon.colcon_core.environment:checking '/home/guyi/github/Modified_InMoov/visualize_ws/install/sup_moveit_config_2' for CMake config files
[1.051s] Level 1:colcon.colcon_core.shell:create_environment_hook('sup_moveit_config_2', 'cmake_prefix_path')
[1.051s] INFO:colcon.colcon_core.shell:Creating environment hook '/home/guyi/github/Modified_InMoov/visualize_ws/install/sup_moveit_config_2/share/sup_moveit_config_2/hook/cmake_prefix_path.ps1'
[1.051s] INFO:colcon.colcon_core.shell:Creating environment descriptor '/home/guyi/github/Modified_InMoov/visualize_ws/install/sup_moveit_config_2/share/sup_moveit_config_2/hook/cmake_prefix_path.dsv'
[1.051s] INFO:colcon.colcon_core.shell:Creating environment hook '/home/guyi/github/Modified_InMoov/visualize_ws/install/sup_moveit_config_2/share/sup_moveit_config_2/hook/cmake_prefix_path.sh'
[1.052s] Level 1:colcon.colcon_core.environment:checking '/home/guyi/github/Modified_InMoov/visualize_ws/install/sup_moveit_config_2/bin'
[1.052s] Level 1:colcon.colcon_core.environment:checking '/home/guyi/github/Modified_InMoov/visualize_ws/install/sup_moveit_config_2/lib/pkgconfig/sup_moveit_config_2.pc'
[1.052s] Level 1:colcon.colcon_core.environment:checking '/home/guyi/github/Modified_InMoov/visualize_ws/install/sup_moveit_config_2/lib/python3.10/site-packages'
[1.052s] Level 1:colcon.colcon_core.environment:checking '/home/guyi/github/Modified_InMoov/visualize_ws/install/sup_moveit_config_2/bin'
[1.052s] INFO:colcon.colcon_core.shell:Creating package script '/home/guyi/github/Modified_InMoov/visualize_ws/install/sup_moveit_config_2/share/sup_moveit_config_2/package.ps1'
[1.052s] INFO:colcon.colcon_core.shell:Creating package descriptor '/home/guyi/github/Modified_InMoov/visualize_ws/install/sup_moveit_config_2/share/sup_moveit_config_2/package.dsv'
[1.053s] INFO:colcon.colcon_core.shell:Creating package script '/home/guyi/github/Modified_InMoov/visualize_ws/install/sup_moveit_config_2/share/sup_moveit_config_2/package.sh'
[1.053s] INFO:colcon.colcon_core.shell:Creating package script '/home/guyi/github/Modified_InMoov/visualize_ws/install/sup_moveit_config_2/share/sup_moveit_config_2/package.bash'
[1.053s] INFO:colcon.colcon_core.shell:Creating package script '/home/guyi/github/Modified_InMoov/visualize_ws/install/sup_moveit_config_2/share/sup_moveit_config_2/package.zsh'
[1.054s] Level 1:colcon.colcon_core.environment:create_file_with_runtime_dependencies(/home/guyi/github/Modified_InMoov/visualize_ws/install/sup_moveit_config_2/share/colcon-core/packages/sup_moveit_config_2)
[1.054s] DEBUG:colcon.colcon_parallel_executor.executor.parallel:closing loop
[1.054s] DEBUG:colcon.colcon_parallel_executor.executor.parallel:loop closed
[1.054s] DEBUG:colcon.colcon_parallel_executor.executor.parallel:run_until_complete finished with '0'
[1.054s] DEBUG:colcon.colcon_core.event_reactor:joining thread
[1.058s] INFO:colcon.colcon_core.plugin_system:Skipping extension 'colcon_notification.desktop_notification.terminal_notifier': Not used on non-Darwin systems
[1.058s] INFO:colcon.colcon_core.plugin_system:Skipping extension 'colcon_notification.desktop_notification.win32': Not used on non-Windows systems
[1.058s] INFO:colcon.colcon_notification.desktop_notification:Sending desktop notification using 'notify2'
[1.066s] DEBUG:colcon.colcon_core.event_reactor:joined thread
[1.066s] INFO:colcon.colcon_core.shell:Creating prefix script '/home/guyi/github/Modified_InMoov/visualize_ws/install/local_setup.ps1'
[1.067s] INFO:colcon.colcon_core.shell:Creating prefix util module '/home/guyi/github/Modified_InMoov/visualize_ws/install/_local_setup_util_ps1.py'
[1.068s] INFO:colcon.colcon_core.shell:Creating prefix chain script '/home/guyi/github/Modified_InMoov/visualize_ws/install/setup.ps1'
[1.069s] INFO:colcon.colcon_core.shell:Creating prefix script '/home/guyi/github/Modified_InMoov/visualize_ws/install/local_setup.sh'
[1.069s] INFO:colcon.colcon_core.shell:Creating prefix util module '/home/guyi/github/Modified_InMoov/visualize_ws/install/_local_setup_util_sh.py'
[1.069s] INFO:colcon.colcon_core.shell:Creating prefix chain script '/home/guyi/github/Modified_InMoov/visualize_ws/install/setup.sh'
[1.070s] INFO:colcon.colcon_core.shell:Creating prefix script '/home/guyi/github/Modified_InMoov/visualize_ws/install/local_setup.bash'
[1.071s] INFO:colcon.colcon_core.shell:Creating prefix chain script '/home/guyi/github/Modified_InMoov/visualize_ws/install/setup.bash'
[1.071s] INFO:colcon.colcon_core.shell:Creating prefix script '/home/guyi/github/Modified_InMoov/visualize_ws/install/local_setup.zsh'
[1.071s] INFO:colcon.colcon_core.shell:Creating prefix chain script '/home/guyi/github/Modified_InMoov/visualize_ws/install/setup.zsh'
