[0.006s] Invoking command in '/home/guyi/github/Modified_InMoov/visualize_ws/build/sup_moveit_config_2': AMENT_PREFIX_PATH=/home/guyi/github/Modified_InMoov/visualize_ws/install/arm_system_model:/home/guyi/github/Modified_InMoov/visualize_ws/install/sup_moveit_config:/home/guyi/github/Modified_InMoov/visualize_ws/install/suP_moveit_config:/home/guyi/github/Modified_InMoov/visualize_ws/install/arm_system_tools:/home/guyi/github/Modified_InMoov/visualize_ws/install/arm_system_description:/home/guyi/inmoov_ros2/install/inmoov_config_test:/home/guyi/inmoov_ros2/install/inmoov_tools:/home/guyi/inmoov_ros2/install/inmoov_bringup:/home/guyi/inmoov_ros2/install/inmoov_meshes:/home/guyi/inmoov_ros2/install/inmoov_msgs:/home/guyi/inmoov_ros2/install/inmoov_description:/opt/ros/humble CMAKE_PREFIX_PATH=${CMAKE_PREFIX_PATH}:/home/guyi/github/Modified_InMoov/visualize_ws/install/arm_system_tools:/home/guyi/github/Modified_InMoov/visualize_ws/install/arm_system_model:/opt/ros/humble CONDA_PROMPT_MODIFIER=(base) PYTHONPATH=/home/guyi/github/Modified_InMoov/visualize_ws/install/arm_system_model/lib/python3.10/site-packages:/home/guyi/github/Modified_InMoov/visualize_ws/install/arm_system_tools/lib/python3.10/site-packages:/home/guyi/inmoov_ros2/install/inmoov_msgs/local/lib/python3.10/dist-packages:/opt/ros/humble/lib/python3.10/site-packages:/opt/ros/humble/local/lib/python3.10/dist-packages /usr/local/bin/cmake /home/guyi/github/Modified_InMoov/visualize_ws/sup_moveit_config_2 -DCMAKE_INSTALL_PREFIX=/home/guyi/github/Modified_InMoov/visualize_ws/install/sup_moveit_config_2
[0.040s] -- The C compiler identification is GNU 11.4.0
[0.079s] -- The CXX compiler identification is GNU 11.4.0
[0.084s] -- Detecting C compiler ABI info
[0.124s] -- Detecting C compiler ABI info - done
[0.129s] -- Check for working C compiler: /usr/bin/cc - skipped
[0.129s] -- Detecting C compile features
[0.129s] -- Detecting C compile features - done
[0.131s] -- Detecting CXX compiler ABI info
[0.178s] -- Detecting CXX compiler ABI info - done
[0.183s] -- Check for working CXX compiler: /usr/bin/c++ - skipped
[0.183s] -- Detecting CXX compile features
[0.183s] -- Detecting CXX compile features - done
[0.186s] -- Found ament_cmake: 1.3.11 (/opt/ros/humble/share/ament_cmake/cmake)
[0.386s] -- Found Python3: /home/guyi/anaconda3/bin/python3 (found version "3.12.7") found components: Interpreter 
[0.509s] -- Configuring done
[0.511s] -- Generating done
[0.512s] -- Build files have been written to: /home/guyi/github/Modified_InMoov/visualize_ws/build/sup_moveit_config_2
[0.516s] Invoked command in '/home/guyi/github/Modified_InMoov/visualize_ws/build/sup_moveit_config_2' returned '0': AMENT_PREFIX_PATH=/home/guyi/github/Modified_InMoov/visualize_ws/install/arm_system_model:/home/guyi/github/Modified_InMoov/visualize_ws/install/sup_moveit_config:/home/guyi/github/Modified_InMoov/visualize_ws/install/suP_moveit_config:/home/guyi/github/Modified_InMoov/visualize_ws/install/arm_system_tools:/home/guyi/github/Modified_InMoov/visualize_ws/install/arm_system_description:/home/guyi/inmoov_ros2/install/inmoov_config_test:/home/guyi/inmoov_ros2/install/inmoov_tools:/home/guyi/inmoov_ros2/install/inmoov_bringup:/home/guyi/inmoov_ros2/install/inmoov_meshes:/home/guyi/inmoov_ros2/install/inmoov_msgs:/home/guyi/inmoov_ros2/install/inmoov_description:/opt/ros/humble CMAKE_PREFIX_PATH=${CMAKE_PREFIX_PATH}:/home/guyi/github/Modified_InMoov/visualize_ws/install/arm_system_tools:/home/guyi/github/Modified_InMoov/visualize_ws/install/arm_system_model:/opt/ros/humble CONDA_PROMPT_MODIFIER=(base) PYTHONPATH=/home/guyi/github/Modified_InMoov/visualize_ws/install/arm_system_model/lib/python3.10/site-packages:/home/guyi/github/Modified_InMoov/visualize_ws/install/arm_system_tools/lib/python3.10/site-packages:/home/guyi/inmoov_ros2/install/inmoov_msgs/local/lib/python3.10/dist-packages:/opt/ros/humble/lib/python3.10/site-packages:/opt/ros/humble/local/lib/python3.10/dist-packages /usr/local/bin/cmake /home/guyi/github/Modified_InMoov/visualize_ws/sup_moveit_config_2 -DCMAKE_INSTALL_PREFIX=/home/guyi/github/Modified_InMoov/visualize_ws/install/sup_moveit_config_2
[0.516s] Invoking command in '/home/guyi/github/Modified_InMoov/visualize_ws/build/sup_moveit_config_2': AMENT_PREFIX_PATH=/home/guyi/github/Modified_InMoov/visualize_ws/install/arm_system_model:/home/guyi/github/Modified_InMoov/visualize_ws/install/sup_moveit_config:/home/guyi/github/Modified_InMoov/visualize_ws/install/suP_moveit_config:/home/guyi/github/Modified_InMoov/visualize_ws/install/arm_system_tools:/home/guyi/github/Modified_InMoov/visualize_ws/install/arm_system_description:/home/guyi/inmoov_ros2/install/inmoov_config_test:/home/guyi/inmoov_ros2/install/inmoov_tools:/home/guyi/inmoov_ros2/install/inmoov_bringup:/home/guyi/inmoov_ros2/install/inmoov_meshes:/home/guyi/inmoov_ros2/install/inmoov_msgs:/home/guyi/inmoov_ros2/install/inmoov_description:/opt/ros/humble CMAKE_PREFIX_PATH=${CMAKE_PREFIX_PATH}:/home/guyi/github/Modified_InMoov/visualize_ws/install/arm_system_tools:/home/guyi/github/Modified_InMoov/visualize_ws/install/arm_system_model:/opt/ros/humble CONDA_PROMPT_MODIFIER=(base) PYTHONPATH=/home/guyi/github/Modified_InMoov/visualize_ws/install/arm_system_model/lib/python3.10/site-packages:/home/guyi/github/Modified_InMoov/visualize_ws/install/arm_system_tools/lib/python3.10/site-packages:/home/guyi/inmoov_ros2/install/inmoov_msgs/local/lib/python3.10/dist-packages:/opt/ros/humble/lib/python3.10/site-packages:/opt/ros/humble/local/lib/python3.10/dist-packages /usr/local/bin/cmake --build /home/guyi/github/Modified_InMoov/visualize_ws/build/sup_moveit_config_2 -- -j16 -l16
[0.529s] Invoked command in '/home/guyi/github/Modified_InMoov/visualize_ws/build/sup_moveit_config_2' returned '0': AMENT_PREFIX_PATH=/home/guyi/github/Modified_InMoov/visualize_ws/install/arm_system_model:/home/guyi/github/Modified_InMoov/visualize_ws/install/sup_moveit_config:/home/guyi/github/Modified_InMoov/visualize_ws/install/suP_moveit_config:/home/guyi/github/Modified_InMoov/visualize_ws/install/arm_system_tools:/home/guyi/github/Modified_InMoov/visualize_ws/install/arm_system_description:/home/guyi/inmoov_ros2/install/inmoov_config_test:/home/guyi/inmoov_ros2/install/inmoov_tools:/home/guyi/inmoov_ros2/install/inmoov_bringup:/home/guyi/inmoov_ros2/install/inmoov_meshes:/home/guyi/inmoov_ros2/install/inmoov_msgs:/home/guyi/inmoov_ros2/install/inmoov_description:/opt/ros/humble CMAKE_PREFIX_PATH=${CMAKE_PREFIX_PATH}:/home/guyi/github/Modified_InMoov/visualize_ws/install/arm_system_tools:/home/guyi/github/Modified_InMoov/visualize_ws/install/arm_system_model:/opt/ros/humble CONDA_PROMPT_MODIFIER=(base) PYTHONPATH=/home/guyi/github/Modified_InMoov/visualize_ws/install/arm_system_model/lib/python3.10/site-packages:/home/guyi/github/Modified_InMoov/visualize_ws/install/arm_system_tools/lib/python3.10/site-packages:/home/guyi/inmoov_ros2/install/inmoov_msgs/local/lib/python3.10/dist-packages:/opt/ros/humble/lib/python3.10/site-packages:/opt/ros/humble/local/lib/python3.10/dist-packages /usr/local/bin/cmake --build /home/guyi/github/Modified_InMoov/visualize_ws/build/sup_moveit_config_2 -- -j16 -l16
[0.530s] Invoking command in '/home/guyi/github/Modified_InMoov/visualize_ws/build/sup_moveit_config_2': AMENT_PREFIX_PATH=/home/guyi/github/Modified_InMoov/visualize_ws/install/arm_system_model:/home/guyi/github/Modified_InMoov/visualize_ws/install/sup_moveit_config:/home/guyi/github/Modified_InMoov/visualize_ws/install/suP_moveit_config:/home/guyi/github/Modified_InMoov/visualize_ws/install/arm_system_tools:/home/guyi/github/Modified_InMoov/visualize_ws/install/arm_system_description:/home/guyi/inmoov_ros2/install/inmoov_config_test:/home/guyi/inmoov_ros2/install/inmoov_tools:/home/guyi/inmoov_ros2/install/inmoov_bringup:/home/guyi/inmoov_ros2/install/inmoov_meshes:/home/guyi/inmoov_ros2/install/inmoov_msgs:/home/guyi/inmoov_ros2/install/inmoov_description:/opt/ros/humble CMAKE_PREFIX_PATH=${CMAKE_PREFIX_PATH}:/home/guyi/github/Modified_InMoov/visualize_ws/install/arm_system_tools:/home/guyi/github/Modified_InMoov/visualize_ws/install/arm_system_model:/opt/ros/humble CONDA_PROMPT_MODIFIER=(base) PYTHONPATH=/home/guyi/github/Modified_InMoov/visualize_ws/install/arm_system_model/lib/python3.10/site-packages:/home/guyi/github/Modified_InMoov/visualize_ws/install/arm_system_tools/lib/python3.10/site-packages:/home/guyi/inmoov_ros2/install/inmoov_msgs/local/lib/python3.10/dist-packages:/opt/ros/humble/lib/python3.10/site-packages:/opt/ros/humble/local/lib/python3.10/dist-packages /usr/local/bin/cmake --install /home/guyi/github/Modified_InMoov/visualize_ws/build/sup_moveit_config_2
[0.531s] -- Install configuration: ""
[0.531s] -- Installing: /home/guyi/github/Modified_InMoov/visualize_ws/install/sup_moveit_config_2/share/ament_index/resource_index/package_run_dependencies/sup_moveit_config_2
[0.531s] -- Installing: /home/guyi/github/Modified_InMoov/visualize_ws/install/sup_moveit_config_2/share/ament_index/resource_index/parent_prefix_path/sup_moveit_config_2
[0.531s] -- Installing: /home/guyi/github/Modified_InMoov/visualize_ws/install/sup_moveit_config_2/share/sup_moveit_config_2/environment/ament_prefix_path.sh
[0.532s] -- Installing: /home/guyi/github/Modified_InMoov/visualize_ws/install/sup_moveit_config_2/share/sup_moveit_config_2/environment/ament_prefix_path.dsv
[0.532s] -- Installing: /home/guyi/github/Modified_InMoov/visualize_ws/install/sup_moveit_config_2/share/sup_moveit_config_2/environment/path.sh
[0.532s] -- Installing: /home/guyi/github/Modified_InMoov/visualize_ws/install/sup_moveit_config_2/share/sup_moveit_config_2/environment/path.dsv
[0.532s] -- Installing: /home/guyi/github/Modified_InMoov/visualize_ws/install/sup_moveit_config_2/share/sup_moveit_config_2/local_setup.bash
[0.532s] -- Installing: /home/guyi/github/Modified_InMoov/visualize_ws/install/sup_moveit_config_2/share/sup_moveit_config_2/local_setup.sh
[0.532s] -- Installing: /home/guyi/github/Modified_InMoov/visualize_ws/install/sup_moveit_config_2/share/sup_moveit_config_2/local_setup.zsh
[0.532s] -- Installing: /home/guyi/github/Modified_InMoov/visualize_ws/install/sup_moveit_config_2/share/sup_moveit_config_2/local_setup.dsv
[0.532s] -- Installing: /home/guyi/github/Modified_InMoov/visualize_ws/install/sup_moveit_config_2/share/sup_moveit_config_2/package.dsv
[0.532s] -- Installing: /home/guyi/github/Modified_InMoov/visualize_ws/install/sup_moveit_config_2/share/ament_index/resource_index/packages/sup_moveit_config_2
[0.532s] -- Installing: /home/guyi/github/Modified_InMoov/visualize_ws/install/sup_moveit_config_2/share/sup_moveit_config_2/cmake/sup_moveit_config_2Config.cmake
[0.532s] -- Installing: /home/guyi/github/Modified_InMoov/visualize_ws/install/sup_moveit_config_2/share/sup_moveit_config_2/cmake/sup_moveit_config_2Config-version.cmake
[0.532s] -- Installing: /home/guyi/github/Modified_InMoov/visualize_ws/install/sup_moveit_config_2/share/sup_moveit_config_2/package.xml
[0.532s] -- Installing: /home/guyi/github/Modified_InMoov/visualize_ws/install/sup_moveit_config_2/share/sup_moveit_config_2/launch
[0.532s] -- Installing: /home/guyi/github/Modified_InMoov/visualize_ws/install/sup_moveit_config_2/share/sup_moveit_config_2/launch/setup_assistant.launch.py
[0.533s] -- Installing: /home/guyi/github/Modified_InMoov/visualize_ws/install/sup_moveit_config_2/share/sup_moveit_config_2/launch/rsp.launch.py
[0.533s] -- Installing: /home/guyi/github/Modified_InMoov/visualize_ws/install/sup_moveit_config_2/share/sup_moveit_config_2/launch/spawn_controllers.launch.py
[0.533s] -- Installing: /home/guyi/github/Modified_InMoov/visualize_ws/install/sup_moveit_config_2/share/sup_moveit_config_2/launch/demo.launch.py
[0.533s] -- Installing: /home/guyi/github/Modified_InMoov/visualize_ws/install/sup_moveit_config_2/share/sup_moveit_config_2/launch/warehouse_db.launch.py
[0.533s] -- Installing: /home/guyi/github/Modified_InMoov/visualize_ws/install/sup_moveit_config_2/share/sup_moveit_config_2/launch/static_virtual_joint_tfs.launch.py
[0.533s] -- Installing: /home/guyi/github/Modified_InMoov/visualize_ws/install/sup_moveit_config_2/share/sup_moveit_config_2/launch/moveit_rviz.launch.py
[0.533s] -- Installing: /home/guyi/github/Modified_InMoov/visualize_ws/install/sup_moveit_config_2/share/sup_moveit_config_2/launch/move_group.launch.py
[0.533s] -- Installing: /home/guyi/github/Modified_InMoov/visualize_ws/install/sup_moveit_config_2/share/sup_moveit_config_2/config
[0.533s] -- Installing: /home/guyi/github/Modified_InMoov/visualize_ws/install/sup_moveit_config_2/share/sup_moveit_config_2/config/ArmsnHands.ros2_control.xacro
[0.533s] -- Installing: /home/guyi/github/Modified_InMoov/visualize_ws/install/sup_moveit_config_2/share/sup_moveit_config_2/config/ros2_controllers.yaml
[0.533s] -- Installing: /home/guyi/github/Modified_InMoov/visualize_ws/install/sup_moveit_config_2/share/sup_moveit_config_2/config/pilz_cartesian_limits.yaml
[0.533s] -- Installing: /home/guyi/github/Modified_InMoov/visualize_ws/install/sup_moveit_config_2/share/sup_moveit_config_2/config/initial_positions.yaml
[0.533s] -- Installing: /home/guyi/github/Modified_InMoov/visualize_ws/install/sup_moveit_config_2/share/sup_moveit_config_2/config/moveit_controllers.yaml
[0.533s] -- Installing: /home/guyi/github/Modified_InMoov/visualize_ws/install/sup_moveit_config_2/share/sup_moveit_config_2/config/moveit.rviz
[0.533s] -- Installing: /home/guyi/github/Modified_InMoov/visualize_ws/install/sup_moveit_config_2/share/sup_moveit_config_2/config/joint_limits.yaml
[0.533s] -- Installing: /home/guyi/github/Modified_InMoov/visualize_ws/install/sup_moveit_config_2/share/sup_moveit_config_2/config/kinematics.yaml
[0.533s] -- Installing: /home/guyi/github/Modified_InMoov/visualize_ws/install/sup_moveit_config_2/share/sup_moveit_config_2/config/ArmsnHands.urdf.xacro
[0.534s] -- Installing: /home/guyi/github/Modified_InMoov/visualize_ws/install/sup_moveit_config_2/share/sup_moveit_config_2/config/ArmsnHands.srdf
[0.534s] -- Installing: /home/guyi/github/Modified_InMoov/visualize_ws/install/sup_moveit_config_2/share/sup_moveit_config_2/.setup_assistant
[0.535s] Invoked command in '/home/guyi/github/Modified_InMoov/visualize_ws/build/sup_moveit_config_2' returned '0': AMENT_PREFIX_PATH=/home/guyi/github/Modified_InMoov/visualize_ws/install/arm_system_model:/home/guyi/github/Modified_InMoov/visualize_ws/install/sup_moveit_config:/home/guyi/github/Modified_InMoov/visualize_ws/install/suP_moveit_config:/home/guyi/github/Modified_InMoov/visualize_ws/install/arm_system_tools:/home/guyi/github/Modified_InMoov/visualize_ws/install/arm_system_description:/home/guyi/inmoov_ros2/install/inmoov_config_test:/home/guyi/inmoov_ros2/install/inmoov_tools:/home/guyi/inmoov_ros2/install/inmoov_bringup:/home/guyi/inmoov_ros2/install/inmoov_meshes:/home/guyi/inmoov_ros2/install/inmoov_msgs:/home/guyi/inmoov_ros2/install/inmoov_description:/opt/ros/humble CMAKE_PREFIX_PATH=${CMAKE_PREFIX_PATH}:/home/guyi/github/Modified_InMoov/visualize_ws/install/arm_system_tools:/home/guyi/github/Modified_InMoov/visualize_ws/install/arm_system_model:/opt/ros/humble CONDA_PROMPT_MODIFIER=(base) PYTHONPATH=/home/guyi/github/Modified_InMoov/visualize_ws/install/arm_system_model/lib/python3.10/site-packages:/home/guyi/github/Modified_InMoov/visualize_ws/install/arm_system_tools/lib/python3.10/site-packages:/home/guyi/inmoov_ros2/install/inmoov_msgs/local/lib/python3.10/dist-packages:/opt/ros/humble/lib/python3.10/site-packages:/opt/ros/humble/local/lib/python3.10/dist-packages /usr/local/bin/cmake --install /home/guyi/github/Modified_InMoov/visualize_ws/build/sup_moveit_config_2
