[0.361s] Invoking command in '/home/guyi/ros2_ws/src/pyqt_ros_gui': CONDA_PROMPT_MODIFIER=(base) PYTHONPATH=/home/guyi/ros2_ws/build/pyqt_ros_gui/prefix_override:/usr/lib/python3/dist-packages/colcon_core/task/python/colcon_distutils_commands:/home/guyi/ros2_ws/install/pyqt_ros_gui/lib/python3.10/site-packages:${PYTHONPATH} /usr/bin/python3 -W ignore:setup.py install is deprecated -W ignore:easy_install command is deprecated setup.py egg_info --egg-base ../../build/pyqt_ros_gui build --build-base /home/guyi/ros2_ws/build/pyqt_ros_gui/build install --record /home/guyi/ros2_ws/build/pyqt_ros_gui/install.log --single-version-externally-managed install_data
[0.489s] running egg_info
[0.489s] writing ../../build/pyqt_ros_gui/pyqt_ros_gui.egg-info/PKG-INFO
[0.489s] writing dependency_links to ../../build/pyqt_ros_gui/pyqt_ros_gui.egg-info/dependency_links.txt
[0.489s] writing entry points to ../../build/pyqt_ros_gui/pyqt_ros_gui.egg-info/entry_points.txt
[0.489s] writing requirements to ../../build/pyqt_ros_gui/pyqt_ros_gui.egg-info/requires.txt
[0.489s] writing top-level names to ../../build/pyqt_ros_gui/pyqt_ros_gui.egg-info/top_level.txt
[0.491s] reading manifest file '../../build/pyqt_ros_gui/pyqt_ros_gui.egg-info/SOURCES.txt'
[0.492s] writing manifest file '../../build/pyqt_ros_gui/pyqt_ros_gui.egg-info/SOURCES.txt'
[0.492s] running build
[0.492s] running build_py
[0.492s] copying pyqt_ros_gui/ui/joint_gui.py -> /home/guyi/ros2_ws/build/pyqt_ros_gui/build/lib/pyqt_ros_gui/ui
[0.493s] running install
[0.493s] running install_lib
[0.494s] copying /home/guyi/ros2_ws/build/pyqt_ros_gui/build/lib/pyqt_ros_gui/ui/joint_gui.py -> /home/guyi/ros2_ws/install/pyqt_ros_gui/lib/python3.10/site-packages/pyqt_ros_gui/ui
[0.494s] byte-compiling /home/guyi/ros2_ws/install/pyqt_ros_gui/lib/python3.10/site-packages/pyqt_ros_gui/ui/joint_gui.py to joint_gui.cpython-310.pyc
[0.496s] running install_data
[0.496s] running install_egg_info
[0.498s] removing '/home/guyi/ros2_ws/install/pyqt_ros_gui/lib/python3.10/site-packages/pyqt_ros_gui-0.0.0-py3.10.egg-info' (and everything under it)
[0.498s] Copying ../../build/pyqt_ros_gui/pyqt_ros_gui.egg-info to /home/guyi/ros2_ws/install/pyqt_ros_gui/lib/python3.10/site-packages/pyqt_ros_gui-0.0.0-py3.10.egg-info
[0.499s] running install_scripts
[0.511s] Installing gui_node script to /home/guyi/ros2_ws/install/pyqt_ros_gui/lib/pyqt_ros_gui
[0.511s] Installing joint_node_publish script to /home/guyi/ros2_ws/install/pyqt_ros_gui/lib/pyqt_ros_gui
[0.511s] Installing joint_node_receive script to /home/guyi/ros2_ws/install/pyqt_ros_gui/lib/pyqt_ros_gui
[0.511s] writing list of installed files to '/home/guyi/ros2_ws/build/pyqt_ros_gui/install.log'
[0.530s] Invoked command in '/home/guyi/ros2_ws/src/pyqt_ros_gui' returned '0': CONDA_PROMPT_MODIFIER=(base) PYTHONPATH=/home/guyi/ros2_ws/build/pyqt_ros_gui/prefix_override:/usr/lib/python3/dist-packages/colcon_core/task/python/colcon_distutils_commands:/home/guyi/ros2_ws/install/pyqt_ros_gui/lib/python3.10/site-packages:${PYTHONPATH} /usr/bin/python3 -W ignore:setup.py install is deprecated -W ignore:easy_install command is deprecated setup.py egg_info --egg-base ../../build/pyqt_ros_gui build --build-base /home/guyi/ros2_ws/build/pyqt_ros_gui/build install --record /home/guyi/ros2_ws/build/pyqt_ros_gui/install.log --single-version-externally-managed install_data
