[0.009s] Invoking command in '/home/guyi/github/Modified_InMoov/visualize_ws/build/sup_moveit_config': AMENT_PREFIX_PATH=/home/guyi/github/Modified_InMoov/visualize_ws/install/arm_system_model:${AMENT_PREFIX_PATH} CMAKE_PREFIX_PATH=/home/guyi/inmoov_ros2/install/inmoov_config_test:/home/guyi/inmoov_ros2/install/inmoov_tools:/home/guyi/inmoov_ros2/install/inmoov_bringup:/home/guyi/inmoov_ros2/install/inmoov_meshes:/home/guyi/inmoov_ros2/install/inmoov_msgs:/home/guyi/inmoov_ros2/install/inmoov_description:/opt/ros/humble CONDA_PROMPT_MODIFIER=(base) PYTHONPATH=/home/guyi/github/Modified_InMoov/visualize_ws/install/arm_system_model/lib/python3.10/site-packages:${PYTHONPATH} /usr/local/bin/cmake /home/guyi/github/Modified_InMoov/visualize_ws/sup_moveit_config -DCMAKE_INSTALL_PREFIX=/home/guyi/github/Modified_InMoov/visualize_ws/install/sup_moveit_config
[0.047s] -- The C compiler identification is GNU 11.4.0
[0.087s] -- The CXX compiler identification is GNU 11.4.0
[0.092s] -- Detecting C compiler ABI info
[0.133s] -- Detecting C compiler ABI info - done
[0.139s] -- Check for working C compiler: /usr/bin/cc - skipped
[0.139s] -- Detecting C compile features
[0.139s] -- Detecting C compile features - done
[0.141s] -- Detecting CXX compiler ABI info
[0.186s] -- Detecting CXX compiler ABI info - done
[0.191s] -- Check for working CXX compiler: /usr/bin/c++ - skipped
[0.191s] -- Detecting CXX compile features
[0.191s] -- Detecting CXX compile features - done
[0.193s] -- Found ament_cmake: 1.3.11 (/opt/ros/humble/share/ament_cmake/cmake)
[0.406s] -- Found Python3: /home/guyi/anaconda3/bin/python3 (found version "3.12.7") found components: Interpreter 
[0.536s] -- Configuring done
[0.537s] -- Generating done
[0.539s] -- Build files have been written to: /home/guyi/github/Modified_InMoov/visualize_ws/build/sup_moveit_config
[0.542s] Invoked command in '/home/guyi/github/Modified_InMoov/visualize_ws/build/sup_moveit_config' returned '0': AMENT_PREFIX_PATH=/home/guyi/github/Modified_InMoov/visualize_ws/install/arm_system_model:${AMENT_PREFIX_PATH} CMAKE_PREFIX_PATH=/home/guyi/inmoov_ros2/install/inmoov_config_test:/home/guyi/inmoov_ros2/install/inmoov_tools:/home/guyi/inmoov_ros2/install/inmoov_bringup:/home/guyi/inmoov_ros2/install/inmoov_meshes:/home/guyi/inmoov_ros2/install/inmoov_msgs:/home/guyi/inmoov_ros2/install/inmoov_description:/opt/ros/humble CONDA_PROMPT_MODIFIER=(base) PYTHONPATH=/home/guyi/github/Modified_InMoov/visualize_ws/install/arm_system_model/lib/python3.10/site-packages:${PYTHONPATH} /usr/local/bin/cmake /home/guyi/github/Modified_InMoov/visualize_ws/sup_moveit_config -DCMAKE_INSTALL_PREFIX=/home/guyi/github/Modified_InMoov/visualize_ws/install/sup_moveit_config
[0.543s] Invoking command in '/home/guyi/github/Modified_InMoov/visualize_ws/build/sup_moveit_config': AMENT_PREFIX_PATH=/home/guyi/github/Modified_InMoov/visualize_ws/install/arm_system_model:${AMENT_PREFIX_PATH} CMAKE_PREFIX_PATH=/home/guyi/inmoov_ros2/install/inmoov_config_test:/home/guyi/inmoov_ros2/install/inmoov_tools:/home/guyi/inmoov_ros2/install/inmoov_bringup:/home/guyi/inmoov_ros2/install/inmoov_meshes:/home/guyi/inmoov_ros2/install/inmoov_msgs:/home/guyi/inmoov_ros2/install/inmoov_description:/opt/ros/humble CONDA_PROMPT_MODIFIER=(base) PYTHONPATH=/home/guyi/github/Modified_InMoov/visualize_ws/install/arm_system_model/lib/python3.10/site-packages:${PYTHONPATH} /usr/local/bin/cmake --build /home/guyi/github/Modified_InMoov/visualize_ws/build/sup_moveit_config -- -j16 -l16
[0.554s] Invoked command in '/home/guyi/github/Modified_InMoov/visualize_ws/build/sup_moveit_config' returned '0': AMENT_PREFIX_PATH=/home/guyi/github/Modified_InMoov/visualize_ws/install/arm_system_model:${AMENT_PREFIX_PATH} CMAKE_PREFIX_PATH=/home/guyi/inmoov_ros2/install/inmoov_config_test:/home/guyi/inmoov_ros2/install/inmoov_tools:/home/guyi/inmoov_ros2/install/inmoov_bringup:/home/guyi/inmoov_ros2/install/inmoov_meshes:/home/guyi/inmoov_ros2/install/inmoov_msgs:/home/guyi/inmoov_ros2/install/inmoov_description:/opt/ros/humble CONDA_PROMPT_MODIFIER=(base) PYTHONPATH=/home/guyi/github/Modified_InMoov/visualize_ws/install/arm_system_model/lib/python3.10/site-packages:${PYTHONPATH} /usr/local/bin/cmake --build /home/guyi/github/Modified_InMoov/visualize_ws/build/sup_moveit_config -- -j16 -l16
[0.555s] Invoking command in '/home/guyi/github/Modified_InMoov/visualize_ws/build/sup_moveit_config': AMENT_PREFIX_PATH=/home/guyi/github/Modified_InMoov/visualize_ws/install/arm_system_model:${AMENT_PREFIX_PATH} CMAKE_PREFIX_PATH=/home/guyi/inmoov_ros2/install/inmoov_config_test:/home/guyi/inmoov_ros2/install/inmoov_tools:/home/guyi/inmoov_ros2/install/inmoov_bringup:/home/guyi/inmoov_ros2/install/inmoov_meshes:/home/guyi/inmoov_ros2/install/inmoov_msgs:/home/guyi/inmoov_ros2/install/inmoov_description:/opt/ros/humble CONDA_PROMPT_MODIFIER=(base) PYTHONPATH=/home/guyi/github/Modified_InMoov/visualize_ws/install/arm_system_model/lib/python3.10/site-packages:${PYTHONPATH} /usr/local/bin/cmake --install /home/guyi/github/Modified_InMoov/visualize_ws/build/sup_moveit_config
[0.557s] -- Install configuration: ""
[0.557s] -- Installing: /home/guyi/github/Modified_InMoov/visualize_ws/install/sup_moveit_config/share/ament_index/resource_index/package_run_dependencies/sup_moveit_config
[0.557s] -- Installing: /home/guyi/github/Modified_InMoov/visualize_ws/install/sup_moveit_config/share/ament_index/resource_index/parent_prefix_path/sup_moveit_config
[0.557s] -- Installing: /home/guyi/github/Modified_InMoov/visualize_ws/install/sup_moveit_config/share/sup_moveit_config/environment/ament_prefix_path.sh
[0.557s] -- Installing: /home/guyi/github/Modified_InMoov/visualize_ws/install/sup_moveit_config/share/sup_moveit_config/environment/ament_prefix_path.dsv
[0.558s] -- Installing: /home/guyi/github/Modified_InMoov/visualize_ws/install/sup_moveit_config/share/sup_moveit_config/environment/path.sh
[0.558s] -- Installing: /home/guyi/github/Modified_InMoov/visualize_ws/install/sup_moveit_config/share/sup_moveit_config/environment/path.dsv
[0.558s] -- Installing: /home/guyi/github/Modified_InMoov/visualize_ws/install/sup_moveit_config/share/sup_moveit_config/local_setup.bash
[0.558s] -- Installing: /home/guyi/github/Modified_InMoov/visualize_ws/install/sup_moveit_config/share/sup_moveit_config/local_setup.sh
[0.558s] -- Installing: /home/guyi/github/Modified_InMoov/visualize_ws/install/sup_moveit_config/share/sup_moveit_config/local_setup.zsh
[0.558s] -- Installing: /home/guyi/github/Modified_InMoov/visualize_ws/install/sup_moveit_config/share/sup_moveit_config/local_setup.dsv
[0.558s] -- Installing: /home/guyi/github/Modified_InMoov/visualize_ws/install/sup_moveit_config/share/sup_moveit_config/package.dsv
[0.558s] -- Installing: /home/guyi/github/Modified_InMoov/visualize_ws/install/sup_moveit_config/share/ament_index/resource_index/packages/sup_moveit_config
[0.558s] -- Installing: /home/guyi/github/Modified_InMoov/visualize_ws/install/sup_moveit_config/share/sup_moveit_config/cmake/sup_moveit_configConfig.cmake
[0.558s] -- Installing: /home/guyi/github/Modified_InMoov/visualize_ws/install/sup_moveit_config/share/sup_moveit_config/cmake/sup_moveit_configConfig-version.cmake
[0.558s] -- Installing: /home/guyi/github/Modified_InMoov/visualize_ws/install/sup_moveit_config/share/sup_moveit_config/package.xml
[0.558s] -- Installing: /home/guyi/github/Modified_InMoov/visualize_ws/install/sup_moveit_config/share/sup_moveit_config/launch
[0.558s] -- Installing: /home/guyi/github/Modified_InMoov/visualize_ws/install/sup_moveit_config/share/sup_moveit_config/launch/setup_assistant.launch.py
[0.559s] -- Installing: /home/guyi/github/Modified_InMoov/visualize_ws/install/sup_moveit_config/share/sup_moveit_config/launch/rsp.launch.py
[0.559s] -- Installing: /home/guyi/github/Modified_InMoov/visualize_ws/install/sup_moveit_config/share/sup_moveit_config/launch/spawn_controllers.launch.py
[0.559s] -- Installing: /home/guyi/github/Modified_InMoov/visualize_ws/install/sup_moveit_config/share/sup_moveit_config/launch/demo.launch.py
[0.559s] -- Installing: /home/guyi/github/Modified_InMoov/visualize_ws/install/sup_moveit_config/share/sup_moveit_config/launch/warehouse_db.launch.py
[0.559s] -- Installing: /home/guyi/github/Modified_InMoov/visualize_ws/install/sup_moveit_config/share/sup_moveit_config/launch/static_virtual_joint_tfs.launch.py
[0.559s] -- Installing: /home/guyi/github/Modified_InMoov/visualize_ws/install/sup_moveit_config/share/sup_moveit_config/launch/moveit_rviz.launch.py
[0.559s] -- Installing: /home/guyi/github/Modified_InMoov/visualize_ws/install/sup_moveit_config/share/sup_moveit_config/launch/move_group.launch.py
[0.559s] -- Installing: /home/guyi/github/Modified_InMoov/visualize_ws/install/sup_moveit_config/share/sup_moveit_config/config
[0.559s] -- Installing: /home/guyi/github/Modified_InMoov/visualize_ws/install/sup_moveit_config/share/sup_moveit_config/config/ArmsnHands.ros2_control.xacro
[0.559s] -- Installing: /home/guyi/github/Modified_InMoov/visualize_ws/install/sup_moveit_config/share/sup_moveit_config/config/ros2_controllers.yaml
[0.559s] -- Installing: /home/guyi/github/Modified_InMoov/visualize_ws/install/sup_moveit_config/share/sup_moveit_config/config/pilz_cartesian_limits.yaml
[0.559s] -- Installing: /home/guyi/github/Modified_InMoov/visualize_ws/install/sup_moveit_config/share/sup_moveit_config/config/initial_positions.yaml
[0.559s] -- Installing: /home/guyi/github/Modified_InMoov/visualize_ws/install/sup_moveit_config/share/sup_moveit_config/config/moveit.rviz
[0.559s] -- Installing: /home/guyi/github/Modified_InMoov/visualize_ws/install/sup_moveit_config/share/sup_moveit_config/config/joint_limits.yaml
[0.559s] -- Installing: /home/guyi/github/Modified_InMoov/visualize_ws/install/sup_moveit_config/share/sup_moveit_config/config/kinematics.yaml
[0.559s] -- Installing: /home/guyi/github/Modified_InMoov/visualize_ws/install/sup_moveit_config/share/sup_moveit_config/config/ArmsnHands.urdf.xacro
[0.560s] -- Installing: /home/guyi/github/Modified_InMoov/visualize_ws/install/sup_moveit_config/share/sup_moveit_config/config/ArmsnHands.srdf
[0.560s] -- Installing: /home/guyi/github/Modified_InMoov/visualize_ws/install/sup_moveit_config/share/sup_moveit_config/.setup_assistant
[0.561s] Invoked command in '/home/guyi/github/Modified_InMoov/visualize_ws/build/sup_moveit_config' returned '0': AMENT_PREFIX_PATH=/home/guyi/github/Modified_InMoov/visualize_ws/install/arm_system_model:${AMENT_PREFIX_PATH} CMAKE_PREFIX_PATH=/home/guyi/inmoov_ros2/install/inmoov_config_test:/home/guyi/inmoov_ros2/install/inmoov_tools:/home/guyi/inmoov_ros2/install/inmoov_bringup:/home/guyi/inmoov_ros2/install/inmoov_meshes:/home/guyi/inmoov_ros2/install/inmoov_msgs:/home/guyi/inmoov_ros2/install/inmoov_description:/opt/ros/humble CONDA_PROMPT_MODIFIER=(base) PYTHONPATH=/home/guyi/github/Modified_InMoov/visualize_ws/install/arm_system_model/lib/python3.10/site-packages:${PYTHONPATH} /usr/local/bin/cmake --install /home/guyi/github/Modified_InMoov/visualize_ws/build/sup_moveit_config
