[0.471s] Invoking command in '/home/guyi/cececeCeESP/ros2_ws/src/ce_python': CONDA_PROMPT_MODIFIER=(base) PYTHONPATH=/home/guyi/cececeCeESP/ros2_ws/build/ce_python/prefix_override:/usr/lib/python3/dist-packages/colcon_core/task/python/colcon_distutils_commands:/home/guyi/cececeCeESP/ros2_ws/install/ce_python/lib/python3.10/site-packages:${PYTHONPATH} /usr/bin/python3 -W ignore:setup.py install is deprecated -W ignore:easy_install command is deprecated setup.py egg_info --egg-base ../../build/ce_python build --build-base /home/guyi/cececeCeESP/ros2_ws/build/ce_python/build install --record /home/guyi/cececeCeESP/ros2_ws/build/ce_python/install.log --single-version-externally-managed install_data
[0.593s] running egg_info
[0.593s] writing ../../build/ce_python/ce_python.egg-info/PKG-INFO
[0.593s] writing dependency_links to ../../build/ce_python/ce_python.egg-info/dependency_links.txt
[0.593s] writing entry points to ../../build/ce_python/ce_python.egg-info/entry_points.txt
[0.594s] writing requirements to ../../build/ce_python/ce_python.egg-info/requires.txt
[0.594s] writing top-level names to ../../build/ce_python/ce_python.egg-info/top_level.txt
[0.594s] reading manifest file '../../build/ce_python/ce_python.egg-info/SOURCES.txt'
[0.595s] writing manifest file '../../build/ce_python/ce_python.egg-info/SOURCES.txt'
[0.595s] running build
[0.595s] running build_py
[0.595s] running install
[0.595s] running install_lib
[0.596s] running install_data
[0.596s] copying launch/angle_udp.launch.py -> /home/guyi/cececeCeESP/ros2_ws/install/ce_python/share/ce_python/launch
[0.596s] running install_egg_info
[0.597s] removing '/home/guyi/cececeCeESP/ros2_ws/install/ce_python/lib/python3.10/site-packages/ce_python-0.0.0-py3.10.egg-info' (and everything under it)
[0.597s] Copying ../../build/ce_python/ce_python.egg-info to /home/guyi/cececeCeESP/ros2_ws/install/ce_python/lib/python3.10/site-packages/ce_python-0.0.0-py3.10.egg-info
[0.598s] running install_scripts
[0.608s] Installing angle_forwarder script to /home/guyi/cececeCeESP/ros2_ws/install/ce_python/lib/ce_python
[0.608s] writing list of installed files to '/home/guyi/cececeCeESP/ros2_ws/build/ce_python/install.log'
[0.623s] Invoked command in '/home/guyi/cececeCeESP/ros2_ws/src/ce_python' returned '0': CONDA_PROMPT_MODIFIER=(base) PYTHONPATH=/home/guyi/cececeCeESP/ros2_ws/build/ce_python/prefix_override:/usr/lib/python3/dist-packages/colcon_core/task/python/colcon_distutils_commands:/home/guyi/cececeCeESP/ros2_ws/install/ce_python/lib/python3.10/site-packages:${PYTHONPATH} /usr/bin/python3 -W ignore:setup.py install is deprecated -W ignore:easy_install command is deprecated setup.py egg_info --egg-base ../../build/ce_python build --build-base /home/guyi/cececeCeESP/ros2_ws/build/ce_python/build install --record /home/guyi/cececeCeESP/ros2_ws/build/ce_python/install.log --single-version-externally-managed install_data
