[0.580s] Invoking command in '/home/guyi/github/Modified_InMoov/build/decode_node': CMAKE_PREFIX_PATH=${CMAKE_PREFIX_PATH}:/home/guyi/github/Modified_InMoov/visualize_ws/install/arm_system_tools:/home/guyi/github/Modified_InMoov/visualize_ws/install/arm_system_model:/opt/ros/humble CONDA_PROMPT_MODIFIER=(base) /usr/local/bin/cmake /home/guyi/github/Modified_InMoov/ros-http/src/decode_node -DAMENT_CMAKE_SYMLINK_INSTALL=1 -DCMAKE_INSTALL_PREFIX=/home/guyi/github/Modified_InMoov/install/decode_node
[0.973s] -- The C compiler identification is GNU 11.4.0
[0.973s] -- The CXX compiler identification is GNU 11.4.0
[0.973s] -- Detecting C compiler ABI info
[0.973s] -- Detecting C compiler ABI info - done
[0.974s] -- Check for working C compiler: /usr/bin/cc - skipped
[0.974s] -- Detecting C compile features
[0.974s] -- Detecting C compile features - done
[0.974s] -- Detecting CXX compiler ABI info
[0.974s] -- Detecting CXX compiler ABI info - done
[0.974s] -- Check for working CXX compiler: /usr/bin/c++ - skipped
[0.974s] -- Detecting CXX compile features
[0.974s] -- Detecting CXX compile features - done
[0.974s] -- Found ament_cmake: 1.3.11 (/opt/ros/humble/share/ament_cmake/cmake)
[1.041s] -- Found Python3: /home/guyi/anaconda3/bin/python3 (found version "3.12.7") found components: Interpreter 
[1.110s] -- Override CMake install command with custom implementation using symlinks instead of copying resources
[1.147s] -- Found rclcpp: 16.0.12 (/opt/ros/humble/share/rclcpp/cmake)
[1.193s] -- Found rosidl_generator_c: 3.1.6 (/opt/ros/humble/share/rosidl_generator_c/cmake)
[1.199s] -- Found rosidl_adapter: 3.1.6 (/opt/ros/humble/share/rosidl_adapter/cmake)
[1.208s] -- Found rosidl_generator_cpp: 3.1.6 (/opt/ros/humble/share/rosidl_generator_cpp/cmake)
[1.219s] -- Using all available rosidl_typesupport_c: rosidl_typesupport_fastrtps_c;rosidl_typesupport_introspection_c
[1.235s] -- Using all available rosidl_typesupport_cpp: rosidl_typesupport_fastrtps_cpp;rosidl_typesupport_introspection_cpp
[1.277s] -- Found rmw_implementation_cmake: 6.1.2 (/opt/ros/humble/share/rmw_implementation_cmake/cmake)
[1.280s] -- Found rmw_fastrtps_cpp: 6.2.7 (/opt/ros/humble/share/rmw_fastrtps_cpp/cmake)
[1.368s] -- Found OpenSSL: /usr/lib/x86_64-linux-gnu/libcrypto.so (found version "3.0.2")  
[1.396s] -- Found FastRTPS: /opt/ros/humble/include  
[1.435s] -- Using RMW implementation 'rmw_fastrtps_cpp' as default
[1.444s] -- Looking for pthread.h
[1.482s] -- Looking for pthread.h - found
[1.483s] -- Performing Test CMAKE_HAVE_LIBC_PTHREAD
[1.520s] -- Performing Test CMAKE_HAVE_LIBC_PTHREAD - Success
[1.521s] -- Found Threads: TRUE  
[1.564s] -- Found sensor_msgs: 4.9.0 (/opt/ros/humble/share/sensor_msgs/cmake)
[1.595s] -- Found OpenCV: /usr (found version "4.5.4") 
[1.671s] -- Configuring done
[1.681s] [33mCMake Warning at CMakeLists.txt:22 (add_executable):
[1.681s]   Cannot generate a safe runtime search path for target image_decoder_node
[1.681s]   because files in some directories may conflict with libraries in implicit
[1.681s]   directories:
[1.681s] 
[1.681s]     runtime library [libssl.so.3] in /usr/lib/x86_64-linux-gnu may be hidden by files in:
[1.681s]       /home/guyi/anaconda3/lib
[1.681s]     runtime library [libcrypto.so.3] in /usr/lib/x86_64-linux-gnu may be hidden by files in:
[1.681s]       /home/guyi/anaconda3/lib
[1.681s] 
[1.681s]   Some of these libraries may not be found correctly.
[1.681s] 
[1.681s] [0m
[1.682s] -- Generating done
[1.686s] -- Build files have been written to: /home/guyi/github/Modified_InMoov/build/decode_node
