[0.549s] Invoking command in '/home/guyi/github/Modified_InMoov/Unity-ros-connection/ros2 nodes/udp converter/src/ce_python': CONDA_PROMPT_MODIFIER=(base) PYTHONPATH=/home/guyi/github/Modified_InMoov/Unity-ros-connection/ros2 nodes/build/ce_python/prefix_override:/usr/lib/python3/dist-packages/colcon_core/task/python/colcon_distutils_commands:/home/guyi/github/Modified_InMoov/Unity-ros-connection/ros2 nodes/install/ce_python/lib/python3.10/site-packages:${PYTHONPATH} /usr/bin/python3 -W ignore:setup.py install is deprecated -W ignore:easy_install command is deprecated setup.py egg_info --egg-base ../../../build/ce_python build --build-base /home/guyi/github/Modified_InMoov/Unity-ros-connection/ros2 nodes/build/ce_python/build install --record /home/guyi/github/Modified_InMoov/Unity-ros-connection/ros2 nodes/build/ce_python/install.log --single-version-externally-managed install_data
[0.682s] running egg_info
[0.682s] creating ../../../build/ce_python/ce_python.egg-info
[0.682s] writing ../../../build/ce_python/ce_python.egg-info/PKG-INFO
[0.682s] writing dependency_links to ../../../build/ce_python/ce_python.egg-info/dependency_links.txt
[0.682s] writing entry points to ../../../build/ce_python/ce_python.egg-info/entry_points.txt
[0.682s] writing requirements to ../../../build/ce_python/ce_python.egg-info/requires.txt
[0.682s] writing top-level names to ../../../build/ce_python/ce_python.egg-info/top_level.txt
[0.683s] writing manifest file '../../../build/ce_python/ce_python.egg-info/SOURCES.txt'
[0.683s] reading manifest file '../../../build/ce_python/ce_python.egg-info/SOURCES.txt'
[0.683s] writing manifest file '../../../build/ce_python/ce_python.egg-info/SOURCES.txt'
[0.683s] running build
[0.683s] running build_py
[0.684s] creating /home/guyi/github/Modified_InMoov/Unity-ros-connection/ros2 nodes/build/ce_python/build
[0.684s] creating /home/guyi/github/Modified_InMoov/Unity-ros-connection/ros2 nodes/build/ce_python/build/lib
[0.684s] creating /home/guyi/github/Modified_InMoov/Unity-ros-connection/ros2 nodes/build/ce_python/build/lib/ce_python
[0.684s] copying ce_python/__init__.py -> /home/guyi/github/Modified_InMoov/Unity-ros-connection/ros2 nodes/build/ce_python/build/lib/ce_python
[0.684s] copying ce_python/angle_forwarder.py -> /home/guyi/github/Modified_InMoov/Unity-ros-connection/ros2 nodes/build/ce_python/build/lib/ce_python
[0.684s] copying ce_python/hand_detection_node.py -> /home/guyi/github/Modified_InMoov/Unity-ros-connection/ros2 nodes/build/ce_python/build/lib/ce_python
[0.685s] copying ce_python/image_publish_node.py -> /home/guyi/github/Modified_InMoov/Unity-ros-connection/ros2 nodes/build/ce_python/build/lib/ce_python
[0.685s] running install
[0.685s] running install_lib
[0.685s] creating /home/guyi/github/Modified_InMoov/Unity-ros-connection/ros2 nodes/install/ce_python/lib/python3.10/site-packages/ce_python
[0.685s] copying /home/guyi/github/Modified_InMoov/Unity-ros-connection/ros2 nodes/build/ce_python/build/lib/ce_python/__init__.py -> /home/guyi/github/Modified_InMoov/Unity-ros-connection/ros2 nodes/install/ce_python/lib/python3.10/site-packages/ce_python
[0.685s] copying /home/guyi/github/Modified_InMoov/Unity-ros-connection/ros2 nodes/build/ce_python/build/lib/ce_python/angle_forwarder.py -> /home/guyi/github/Modified_InMoov/Unity-ros-connection/ros2 nodes/install/ce_python/lib/python3.10/site-packages/ce_python
[0.685s] copying /home/guyi/github/Modified_InMoov/Unity-ros-connection/ros2 nodes/build/ce_python/build/lib/ce_python/hand_detection_node.py -> /home/guyi/github/Modified_InMoov/Unity-ros-connection/ros2 nodes/install/ce_python/lib/python3.10/site-packages/ce_python
[0.686s] copying /home/guyi/github/Modified_InMoov/Unity-ros-connection/ros2 nodes/build/ce_python/build/lib/ce_python/image_publish_node.py -> /home/guyi/github/Modified_InMoov/Unity-ros-connection/ros2 nodes/install/ce_python/lib/python3.10/site-packages/ce_python
[0.686s] byte-compiling /home/guyi/github/Modified_InMoov/Unity-ros-connection/ros2 nodes/install/ce_python/lib/python3.10/site-packages/ce_python/__init__.py to __init__.cpython-310.pyc
[0.686s] byte-compiling /home/guyi/github/Modified_InMoov/Unity-ros-connection/ros2 nodes/install/ce_python/lib/python3.10/site-packages/ce_python/angle_forwarder.py to angle_forwarder.cpython-310.pyc
[0.686s] byte-compiling /home/guyi/github/Modified_InMoov/Unity-ros-connection/ros2 nodes/install/ce_python/lib/python3.10/site-packages/ce_python/hand_detection_node.py to hand_detection_node.cpython-310.pyc
[0.687s] byte-compiling /home/guyi/github/Modified_InMoov/Unity-ros-connection/ros2 nodes/install/ce_python/lib/python3.10/site-packages/ce_python/image_publish_node.py to image_publish_node.cpython-310.pyc
[0.687s] running install_data
[0.687s] creating /home/guyi/github/Modified_InMoov/Unity-ros-connection/ros2 nodes/install/ce_python/share/ament_index
[0.687s] creating /home/guyi/github/Modified_InMoov/Unity-ros-connection/ros2 nodes/install/ce_python/share/ament_index/resource_index
[0.687s] creating /home/guyi/github/Modified_InMoov/Unity-ros-connection/ros2 nodes/install/ce_python/share/ament_index/resource_index/packages
[0.687s] copying resource/ce_python -> /home/guyi/github/Modified_InMoov/Unity-ros-connection/ros2 nodes/install/ce_python/share/ament_index/resource_index/packages
[0.687s] copying package.xml -> /home/guyi/github/Modified_InMoov/Unity-ros-connection/ros2 nodes/install/ce_python/share/ce_python
[0.687s] creating /home/guyi/github/Modified_InMoov/Unity-ros-connection/ros2 nodes/install/ce_python/share/ce_python/launch
[0.687s] copying launch/all_nodes.launch.py -> /home/guyi/github/Modified_InMoov/Unity-ros-connection/ros2 nodes/install/ce_python/share/ce_python/launch
[0.687s] running install_egg_info
[0.688s] Copying ../../../build/ce_python/ce_python.egg-info to /home/guyi/github/Modified_InMoov/Unity-ros-connection/ros2 nodes/install/ce_python/lib/python3.10/site-packages/ce_python-0.0.0-py3.10.egg-info
[0.689s] running install_scripts
[0.701s] Installing angle_forwarder script to /home/guyi/github/Modified_InMoov/Unity-ros-connection/ros2 nodes/install/ce_python/lib/ce_python
[0.702s] Installing hand_gesture_node script to /home/guyi/github/Modified_InMoov/Unity-ros-connection/ros2 nodes/install/ce_python/lib/ce_python
[0.702s] Installing image_publish_node script to /home/guyi/github/Modified_InMoov/Unity-ros-connection/ros2 nodes/install/ce_python/lib/ce_python
[0.702s] writing list of installed files to '/home/guyi/github/Modified_InMoov/Unity-ros-connection/ros2 nodes/build/ce_python/install.log'
[0.723s] Invoked command in '/home/guyi/github/Modified_InMoov/Unity-ros-connection/ros2 nodes/udp converter/src/ce_python' returned '0': CONDA_PROMPT_MODIFIER=(base) PYTHONPATH=/home/guyi/github/Modified_InMoov/Unity-ros-connection/ros2 nodes/build/ce_python/prefix_override:/usr/lib/python3/dist-packages/colcon_core/task/python/colcon_distutils_commands:/home/guyi/github/Modified_InMoov/Unity-ros-connection/ros2 nodes/install/ce_python/lib/python3.10/site-packages:${PYTHONPATH} /usr/bin/python3 -W ignore:setup.py install is deprecated -W ignore:easy_install command is deprecated setup.py egg_info --egg-base ../../../build/ce_python build --build-base /home/guyi/github/Modified_InMoov/Unity-ros-connection/ros2 nodes/build/ce_python/build install --record /home/guyi/github/Modified_InMoov/Unity-ros-connection/ros2 nodes/build/ce_python/install.log --single-version-externally-managed install_data
