[0.540s] Invoking command in '/home/guyi/github/Modified_InMoov/Unity-ros-connection/ros2 nodes/ros-bridge/src/ros_tcp_endpoint': CONDA_PROMPT_MODIFIER=(base) PYTHONPATH=/home/guyi/github/Modified_InMoov/Unity-ros-connection/ros2 nodes/build/ros_tcp_endpoint/prefix_override:/usr/lib/python3/dist-packages/colcon_core/task/python/colcon_distutils_commands:/home/guyi/github/Modified_InMoov/Unity-ros-connection/ros2 nodes/install/ros_tcp_endpoint/lib/python3.10/site-packages:${PYTHONPATH} /usr/bin/python3 -W ignore:setup.py install is deprecated -W ignore:easy_install command is deprecated setup.py egg_info --egg-base ../../../build/ros_tcp_endpoint build --build-base /home/guyi/github/Modified_InMoov/Unity-ros-connection/ros2 nodes/build/ros_tcp_endpoint/build install --record /home/guyi/github/Modified_InMoov/Unity-ros-connection/ros2 nodes/build/ros_tcp_endpoint/install.log --install-scripts $base/lib/ros_tcp_endpoint --single-version-externally-managed install_data
[0.669s] /usr/lib/python3/dist-packages/setuptools/dist.py:723: UserWarning: Usage of dash-separated 'script-dir' will not be supported in future versions. Please use the underscore name 'script_dir' instead
[0.670s]   warnings.warn(
[0.674s] running egg_info
[0.674s] creating ../../../build/ros_tcp_endpoint/ros_tcp_endpoint.egg-info
[0.674s] writing ../../../build/ros_tcp_endpoint/ros_tcp_endpoint.egg-info/PKG-INFO
[0.675s] writing dependency_links to ../../../build/ros_tcp_endpoint/ros_tcp_endpoint.egg-info/dependency_links.txt
[0.675s] writing entry points to ../../../build/ros_tcp_endpoint/ros_tcp_endpoint.egg-info/entry_points.txt
[0.675s] writing requirements to ../../../build/ros_tcp_endpoint/ros_tcp_endpoint.egg-info/requires.txt
[0.675s] writing top-level names to ../../../build/ros_tcp_endpoint/ros_tcp_endpoint.egg-info/top_level.txt
[0.675s] writing manifest file '../../../build/ros_tcp_endpoint/ros_tcp_endpoint.egg-info/SOURCES.txt'
[0.675s] reading manifest file '../../../build/ros_tcp_endpoint/ros_tcp_endpoint.egg-info/SOURCES.txt'
[0.675s] adding license file 'LICENSE'
[0.676s] writing manifest file '../../../build/ros_tcp_endpoint/ros_tcp_endpoint.egg-info/SOURCES.txt'
[0.676s] running build
[0.676s] running build_py
[0.676s] creating /home/guyi/github/Modified_InMoov/Unity-ros-connection/ros2 nodes/build/ros_tcp_endpoint/build
[0.676s] creating /home/guyi/github/Modified_InMoov/Unity-ros-connection/ros2 nodes/build/ros_tcp_endpoint/build/lib
[0.676s] creating /home/guyi/github/Modified_InMoov/Unity-ros-connection/ros2 nodes/build/ros_tcp_endpoint/build/lib/ros_tcp_endpoint
[0.676s] copying ros_tcp_endpoint/publisher.py -> /home/guyi/github/Modified_InMoov/Unity-ros-connection/ros2 nodes/build/ros_tcp_endpoint/build/lib/ros_tcp_endpoint
[0.676s] copying ros_tcp_endpoint/client.py -> /home/guyi/github/Modified_InMoov/Unity-ros-connection/ros2 nodes/build/ros_tcp_endpoint/build/lib/ros_tcp_endpoint
[0.676s] copying ros_tcp_endpoint/__init__.py -> /home/guyi/github/Modified_InMoov/Unity-ros-connection/ros2 nodes/build/ros_tcp_endpoint/build/lib/ros_tcp_endpoint
[0.676s] copying ros_tcp_endpoint/server.py -> /home/guyi/github/Modified_InMoov/Unity-ros-connection/ros2 nodes/build/ros_tcp_endpoint/build/lib/ros_tcp_endpoint
[0.676s] copying ros_tcp_endpoint/tcp_sender.py -> /home/guyi/github/Modified_InMoov/Unity-ros-connection/ros2 nodes/build/ros_tcp_endpoint/build/lib/ros_tcp_endpoint
[0.677s] copying ros_tcp_endpoint/service.py -> /home/guyi/github/Modified_InMoov/Unity-ros-connection/ros2 nodes/build/ros_tcp_endpoint/build/lib/ros_tcp_endpoint
[0.677s] copying ros_tcp_endpoint/thread_pauser.py -> /home/guyi/github/Modified_InMoov/Unity-ros-connection/ros2 nodes/build/ros_tcp_endpoint/build/lib/ros_tcp_endpoint
[0.677s] copying ros_tcp_endpoint/default_server_endpoint.py -> /home/guyi/github/Modified_InMoov/Unity-ros-connection/ros2 nodes/build/ros_tcp_endpoint/build/lib/ros_tcp_endpoint
[0.677s] copying ros_tcp_endpoint/exceptions.py -> /home/guyi/github/Modified_InMoov/Unity-ros-connection/ros2 nodes/build/ros_tcp_endpoint/build/lib/ros_tcp_endpoint
[0.677s] copying ros_tcp_endpoint/communication.py -> /home/guyi/github/Modified_InMoov/Unity-ros-connection/ros2 nodes/build/ros_tcp_endpoint/build/lib/ros_tcp_endpoint
[0.677s] copying ros_tcp_endpoint/unity_service.py -> /home/guyi/github/Modified_InMoov/Unity-ros-connection/ros2 nodes/build/ros_tcp_endpoint/build/lib/ros_tcp_endpoint
[0.677s] copying ros_tcp_endpoint/subscriber.py -> /home/guyi/github/Modified_InMoov/Unity-ros-connection/ros2 nodes/build/ros_tcp_endpoint/build/lib/ros_tcp_endpoint
[0.677s] running install
[0.677s] running install_lib
[0.678s] creating /home/guyi/github/Modified_InMoov/Unity-ros-connection/ros2 nodes/install/ros_tcp_endpoint/lib/python3.10/site-packages/ros_tcp_endpoint
[0.678s] copying /home/guyi/github/Modified_InMoov/Unity-ros-connection/ros2 nodes/build/ros_tcp_endpoint/build/lib/ros_tcp_endpoint/publisher.py -> /home/guyi/github/Modified_InMoov/Unity-ros-connection/ros2 nodes/install/ros_tcp_endpoint/lib/python3.10/site-packages/ros_tcp_endpoint
[0.678s] copying /home/guyi/github/Modified_InMoov/Unity-ros-connection/ros2 nodes/build/ros_tcp_endpoint/build/lib/ros_tcp_endpoint/client.py -> /home/guyi/github/Modified_InMoov/Unity-ros-connection/ros2 nodes/install/ros_tcp_endpoint/lib/python3.10/site-packages/ros_tcp_endpoint
[0.678s] copying /home/guyi/github/Modified_InMoov/Unity-ros-connection/ros2 nodes/build/ros_tcp_endpoint/build/lib/ros_tcp_endpoint/__init__.py -> /home/guyi/github/Modified_InMoov/Unity-ros-connection/ros2 nodes/install/ros_tcp_endpoint/lib/python3.10/site-packages/ros_tcp_endpoint
[0.678s] copying /home/guyi/github/Modified_InMoov/Unity-ros-connection/ros2 nodes/build/ros_tcp_endpoint/build/lib/ros_tcp_endpoint/server.py -> /home/guyi/github/Modified_InMoov/Unity-ros-connection/ros2 nodes/install/ros_tcp_endpoint/lib/python3.10/site-packages/ros_tcp_endpoint
[0.678s] copying /home/guyi/github/Modified_InMoov/Unity-ros-connection/ros2 nodes/build/ros_tcp_endpoint/build/lib/ros_tcp_endpoint/tcp_sender.py -> /home/guyi/github/Modified_InMoov/Unity-ros-connection/ros2 nodes/install/ros_tcp_endpoint/lib/python3.10/site-packages/ros_tcp_endpoint
[0.678s] copying /home/guyi/github/Modified_InMoov/Unity-ros-connection/ros2 nodes/build/ros_tcp_endpoint/build/lib/ros_tcp_endpoint/service.py -> /home/guyi/github/Modified_InMoov/Unity-ros-connection/ros2 nodes/install/ros_tcp_endpoint/lib/python3.10/site-packages/ros_tcp_endpoint
[0.678s] copying /home/guyi/github/Modified_InMoov/Unity-ros-connection/ros2 nodes/build/ros_tcp_endpoint/build/lib/ros_tcp_endpoint/thread_pauser.py -> /home/guyi/github/Modified_InMoov/Unity-ros-connection/ros2 nodes/install/ros_tcp_endpoint/lib/python3.10/site-packages/ros_tcp_endpoint
[0.678s] copying /home/guyi/github/Modified_InMoov/Unity-ros-connection/ros2 nodes/build/ros_tcp_endpoint/build/lib/ros_tcp_endpoint/default_server_endpoint.py -> /home/guyi/github/Modified_InMoov/Unity-ros-connection/ros2 nodes/install/ros_tcp_endpoint/lib/python3.10/site-packages/ros_tcp_endpoint
[0.678s] copying /home/guyi/github/Modified_InMoov/Unity-ros-connection/ros2 nodes/build/ros_tcp_endpoint/build/lib/ros_tcp_endpoint/exceptions.py -> /home/guyi/github/Modified_InMoov/Unity-ros-connection/ros2 nodes/install/ros_tcp_endpoint/lib/python3.10/site-packages/ros_tcp_endpoint
[0.678s] copying /home/guyi/github/Modified_InMoov/Unity-ros-connection/ros2 nodes/build/ros_tcp_endpoint/build/lib/ros_tcp_endpoint/communication.py -> /home/guyi/github/Modified_InMoov/Unity-ros-connection/ros2 nodes/install/ros_tcp_endpoint/lib/python3.10/site-packages/ros_tcp_endpoint
[0.678s] copying /home/guyi/github/Modified_InMoov/Unity-ros-connection/ros2 nodes/build/ros_tcp_endpoint/build/lib/ros_tcp_endpoint/unity_service.py -> /home/guyi/github/Modified_InMoov/Unity-ros-connection/ros2 nodes/install/ros_tcp_endpoint/lib/python3.10/site-packages/ros_tcp_endpoint
[0.678s] copying /home/guyi/github/Modified_InMoov/Unity-ros-connection/ros2 nodes/build/ros_tcp_endpoint/build/lib/ros_tcp_endpoint/subscriber.py -> /home/guyi/github/Modified_InMoov/Unity-ros-connection/ros2 nodes/install/ros_tcp_endpoint/lib/python3.10/site-packages/ros_tcp_endpoint
[0.678s] byte-compiling /home/guyi/github/Modified_InMoov/Unity-ros-connection/ros2 nodes/install/ros_tcp_endpoint/lib/python3.10/site-packages/ros_tcp_endpoint/publisher.py to publisher.cpython-310.pyc
[0.679s] byte-compiling /home/guyi/github/Modified_InMoov/Unity-ros-connection/ros2 nodes/install/ros_tcp_endpoint/lib/python3.10/site-packages/ros_tcp_endpoint/client.py to client.cpython-310.pyc
[0.680s] byte-compiling /home/guyi/github/Modified_InMoov/Unity-ros-connection/ros2 nodes/install/ros_tcp_endpoint/lib/python3.10/site-packages/ros_tcp_endpoint/__init__.py to __init__.cpython-310.pyc
[0.680s] byte-compiling /home/guyi/github/Modified_InMoov/Unity-ros-connection/ros2 nodes/install/ros_tcp_endpoint/lib/python3.10/site-packages/ros_tcp_endpoint/server.py to server.cpython-310.pyc
[0.681s] byte-compiling /home/guyi/github/Modified_InMoov/Unity-ros-connection/ros2 nodes/install/ros_tcp_endpoint/lib/python3.10/site-packages/ros_tcp_endpoint/tcp_sender.py to tcp_sender.cpython-310.pyc
[0.682s] byte-compiling /home/guyi/github/Modified_InMoov/Unity-ros-connection/ros2 nodes/install/ros_tcp_endpoint/lib/python3.10/site-packages/ros_tcp_endpoint/service.py to service.cpython-310.pyc
[0.682s] byte-compiling /home/guyi/github/Modified_InMoov/Unity-ros-connection/ros2 nodes/install/ros_tcp_endpoint/lib/python3.10/site-packages/ros_tcp_endpoint/thread_pauser.py to thread_pauser.cpython-310.pyc
[0.682s] byte-compiling /home/guyi/github/Modified_InMoov/Unity-ros-connection/ros2 nodes/install/ros_tcp_endpoint/lib/python3.10/site-packages/ros_tcp_endpoint/default_server_endpoint.py to default_server_endpoint.cpython-310.pyc
[0.682s] byte-compiling /home/guyi/github/Modified_InMoov/Unity-ros-connection/ros2 nodes/install/ros_tcp_endpoint/lib/python3.10/site-packages/ros_tcp_endpoint/exceptions.py to exceptions.cpython-310.pyc
[0.683s] byte-compiling /home/guyi/github/Modified_InMoov/Unity-ros-connection/ros2 nodes/install/ros_tcp_endpoint/lib/python3.10/site-packages/ros_tcp_endpoint/communication.py to communication.cpython-310.pyc
[0.683s] byte-compiling /home/guyi/github/Modified_InMoov/Unity-ros-connection/ros2 nodes/install/ros_tcp_endpoint/lib/python3.10/site-packages/ros_tcp_endpoint/unity_service.py to unity_service.cpython-310.pyc
[0.683s] byte-compiling /home/guyi/github/Modified_InMoov/Unity-ros-connection/ros2 nodes/install/ros_tcp_endpoint/lib/python3.10/site-packages/ros_tcp_endpoint/subscriber.py to subscriber.cpython-310.pyc
[0.683s] running install_data
[0.683s] creating /home/guyi/github/Modified_InMoov/Unity-ros-connection/ros2 nodes/install/ros_tcp_endpoint/share/ament_index
[0.683s] creating /home/guyi/github/Modified_InMoov/Unity-ros-connection/ros2 nodes/install/ros_tcp_endpoint/share/ament_index/resource_index
[0.683s] creating /home/guyi/github/Modified_InMoov/Unity-ros-connection/ros2 nodes/install/ros_tcp_endpoint/share/ament_index/resource_index/packages
[0.683s] copying resource/ros_tcp_endpoint -> /home/guyi/github/Modified_InMoov/Unity-ros-connection/ros2 nodes/install/ros_tcp_endpoint/share/ament_index/resource_index/packages
[0.683s] copying package.xml -> /home/guyi/github/Modified_InMoov/Unity-ros-connection/ros2 nodes/install/ros_tcp_endpoint/share/ros_tcp_endpoint
[0.683s] creating /home/guyi/github/Modified_InMoov/Unity-ros-connection/ros2 nodes/install/ros_tcp_endpoint/share/ros_tcp_endpoint/launch
[0.683s] copying launch/endpoint.py -> /home/guyi/github/Modified_InMoov/Unity-ros-connection/ros2 nodes/install/ros_tcp_endpoint/share/ros_tcp_endpoint/launch
[0.683s] running install_egg_info
[0.685s] Copying ../../../build/ros_tcp_endpoint/ros_tcp_endpoint.egg-info to /home/guyi/github/Modified_InMoov/Unity-ros-connection/ros2 nodes/install/ros_tcp_endpoint/lib/python3.10/site-packages/ros_tcp_endpoint-0.0.1-py3.10.egg-info
[0.685s] running install_scripts
[0.698s] Installing default_server_endpoint script to /home/guyi/github/Modified_InMoov/Unity-ros-connection/ros2 nodes/install/ros_tcp_endpoint/lib/ros_tcp_endpoint
[0.698s] writing list of installed files to '/home/guyi/github/Modified_InMoov/Unity-ros-connection/ros2 nodes/build/ros_tcp_endpoint/install.log'
[0.722s] Invoked command in '/home/guyi/github/Modified_InMoov/Unity-ros-connection/ros2 nodes/ros-bridge/src/ros_tcp_endpoint' returned '0': CONDA_PROMPT_MODIFIER=(base) PYTHONPATH=/home/guyi/github/Modified_InMoov/Unity-ros-connection/ros2 nodes/build/ros_tcp_endpoint/prefix_override:/usr/lib/python3/dist-packages/colcon_core/task/python/colcon_distutils_commands:/home/guyi/github/Modified_InMoov/Unity-ros-connection/ros2 nodes/install/ros_tcp_endpoint/lib/python3.10/site-packages:${PYTHONPATH} /usr/bin/python3 -W ignore:setup.py install is deprecated -W ignore:easy_install command is deprecated setup.py egg_info --egg-base ../../../build/ros_tcp_endpoint build --build-base /home/guyi/github/Modified_InMoov/Unity-ros-connection/ros2 nodes/build/ros_tcp_endpoint/build install --record /home/guyi/github/Modified_InMoov/Unity-ros-connection/ros2 nodes/build/ros_tcp_endpoint/install.log --install-scripts $base/lib/ros_tcp_endpoint --single-version-externally-managed install_data
