running egg_info
writing ../../../build/ce_python/ce_python.egg-info/PKG-INFO
writing dependency_links to ../../../build/ce_python/ce_python.egg-info/dependency_links.txt
writing entry points to ../../../build/ce_python/ce_python.egg-info/entry_points.txt
writing requirements to ../../../build/ce_python/ce_python.egg-info/requires.txt
writing top-level names to ../../../build/ce_python/ce_python.egg-info/top_level.txt
reading manifest file '../../../build/ce_python/ce_python.egg-info/SOURCES.txt'
writing manifest file '../../../build/ce_python/ce_python.egg-info/SOURCES.txt'
running build
running build_py
running install
running install_lib
running install_data
running install_egg_info
removing '/home/guyi/github/Modified_InMoov/Unity-ros-connection/ros2 nodes/install/ce_python/lib/python3.10/site-packages/ce_python-0.0.0-py3.10.egg-info' (and everything under it)
Copying ../../../build/ce_python/ce_python.egg-info to /home/guyi/github/Modified_InMoov/Unity-ros-connection/ros2 nodes/install/ce_python/lib/python3.10/site-packages/ce_python-0.0.0-py3.10.egg-info
running install_scripts
Installing angle_forwarder script to /home/guyi/github/Modified_InMoov/Unity-ros-connection/ros2 nodes/install/ce_python/lib/ce_python
Installing hand_gesture_node script to /home/guyi/github/Modified_InMoov/Unity-ros-connection/ros2 nodes/install/ce_python/lib/ce_python
Installing image_publish_node script to /home/guyi/github/Modified_InMoov/Unity-ros-connection/ros2 nodes/install/ce_python/lib/ce_python
writing list of installed files to '/home/guyi/github/Modified_InMoov/Unity-ros-connection/ros2 nodes/build/ce_python/install.log'
