[0.533s] Invoking command in '/home/guyi/github/Modified_InMoov/Unity-ros-connection/ros2 nodes/ros-bridge/src/ros_tcp_endpoint': CONDA_PROMPT_MODIFIER=(base) PYTHONPATH=/home/guyi/github/Modified_InMoov/Unity-ros-connection/ros2 nodes/build/ros_tcp_endpoint/prefix_override:/usr/lib/python3/dist-packages/colcon_core/task/python/colcon_distutils_commands:/home/guyi/github/Modified_InMoov/Unity-ros-connection/ros2 nodes/install/ros_tcp_endpoint/lib/python3.10/site-packages:${PYTHONPATH} /usr/bin/python3 -W ignore:setup.py install is deprecated -W ignore:easy_install command is deprecated setup.py egg_info --egg-base ../../../build/ros_tcp_endpoint build --build-base /home/guyi/github/Modified_InMoov/Unity-ros-connection/ros2 nodes/build/ros_tcp_endpoint/build install --record /home/guyi/github/Modified_InMoov/Unity-ros-connection/ros2 nodes/build/ros_tcp_endpoint/install.log --install-scripts $base/lib/ros_tcp_endpoint --single-version-externally-managed install_data
[0.658s] /usr/lib/python3/dist-packages/setuptools/dist.py:723: UserWarning: Usage of dash-separated 'script-dir' will not be supported in future versions. Please use the underscore name 'script_dir' instead
[0.658s]   warnings.warn(
[0.663s] running egg_info
[0.664s] writing ../../../build/ros_tcp_endpoint/ros_tcp_endpoint.egg-info/PKG-INFO
[0.664s] writing dependency_links to ../../../build/ros_tcp_endpoint/ros_tcp_endpoint.egg-info/dependency_links.txt
[0.664s] writing entry points to ../../../build/ros_tcp_endpoint/ros_tcp_endpoint.egg-info/entry_points.txt
[0.664s] writing requirements to ../../../build/ros_tcp_endpoint/ros_tcp_endpoint.egg-info/requires.txt
[0.664s] writing top-level names to ../../../build/ros_tcp_endpoint/ros_tcp_endpoint.egg-info/top_level.txt
[0.665s] reading manifest file '../../../build/ros_tcp_endpoint/ros_tcp_endpoint.egg-info/SOURCES.txt'
[0.666s] adding license file 'LICENSE'
[0.666s] writing manifest file '../../../build/ros_tcp_endpoint/ros_tcp_endpoint.egg-info/SOURCES.txt'
[0.666s] running build
[0.666s] running build_py
[0.667s] running install
[0.667s] running install_lib
[0.668s] running install_data
[0.668s] running install_egg_info
[0.669s] removing '/home/guyi/github/Modified_InMoov/Unity-ros-connection/ros2 nodes/install/ros_tcp_endpoint/lib/python3.10/site-packages/ros_tcp_endpoint-0.0.1-py3.10.egg-info' (and everything under it)
[0.669s] Copying ../../../build/ros_tcp_endpoint/ros_tcp_endpoint.egg-info to /home/guyi/github/Modified_InMoov/Unity-ros-connection/ros2 nodes/install/ros_tcp_endpoint/lib/python3.10/site-packages/ros_tcp_endpoint-0.0.1-py3.10.egg-info
[0.670s] running install_scripts
[0.682s] Installing default_server_endpoint script to /home/guyi/github/Modified_InMoov/Unity-ros-connection/ros2 nodes/install/ros_tcp_endpoint/lib/ros_tcp_endpoint
[0.682s] writing list of installed files to '/home/guyi/github/Modified_InMoov/Unity-ros-connection/ros2 nodes/build/ros_tcp_endpoint/install.log'
[0.705s] Invoked command in '/home/guyi/github/Modified_InMoov/Unity-ros-connection/ros2 nodes/ros-bridge/src/ros_tcp_endpoint' returned '0': CONDA_PROMPT_MODIFIER=(base) PYTHONPATH=/home/guyi/github/Modified_InMoov/Unity-ros-connection/ros2 nodes/build/ros_tcp_endpoint/prefix_override:/usr/lib/python3/dist-packages/colcon_core/task/python/colcon_distutils_commands:/home/guyi/github/Modified_InMoov/Unity-ros-connection/ros2 nodes/install/ros_tcp_endpoint/lib/python3.10/site-packages:${PYTHONPATH} /usr/bin/python3 -W ignore:setup.py install is deprecated -W ignore:easy_install command is deprecated setup.py egg_info --egg-base ../../../build/ros_tcp_endpoint build --build-base /home/guyi/github/Modified_InMoov/Unity-ros-connection/ros2 nodes/build/ros_tcp_endpoint/build install --record /home/guyi/github/Modified_InMoov/Unity-ros-connection/ros2 nodes/build/ros_tcp_endpoint/install.log --install-scripts $base/lib/ros_tcp_endpoint --single-version-externally-managed install_data
