[0.144s] Invoking command in '/home/guyi/github/Modified_InMoov/Unity-ros-connection/ros2 nodes/udp converter/build/servo_mediator_cpp': CMAKE_PREFIX_PATH=/home/guyi/inmoov_ros2/install/inmoov_config_test:/home/guyi/inmoov_ros2/install/inmoov_tools:/home/guyi/inmoov_ros2/install/inmoov_bringup:/home/guyi/inmoov_ros2/install/inmoov_meshes:/home/guyi/inmoov_ros2/install/inmoov_msgs:/home/guyi/inmoov_ros2/install/inmoov_description:/opt/ros/humble CONDA_PROMPT_MODIFIER=(base) /usr/local/bin/cmake --build /home/guyi/github/Modified_InMoov/Unity-ros-connection/ros2 nodes/udp converter/build/servo_mediator_cpp -- -j16 -l16
[0.161s] [35m[1mConsolidate compiler generated dependencies of target combined_node[0m
[0.175s] [100%] Built target combined_node
[0.180s] Invoked command in '/home/guyi/github/Modified_InMoov/Unity-ros-connection/ros2 nodes/udp converter/build/servo_mediator_cpp' returned '0': CMAKE_PREFIX_PATH=/home/guyi/inmoov_ros2/install/inmoov_config_test:/home/guyi/inmoov_ros2/install/inmoov_tools:/home/guyi/inmoov_ros2/install/inmoov_bringup:/home/guyi/inmoov_ros2/install/inmoov_meshes:/home/guyi/inmoov_ros2/install/inmoov_msgs:/home/guyi/inmoov_ros2/install/inmoov_description:/opt/ros/humble CONDA_PROMPT_MODIFIER=(base) /usr/local/bin/cmake --build /home/guyi/github/Modified_InMoov/Unity-ros-connection/ros2 nodes/udp converter/build/servo_mediator_cpp -- -j16 -l16
[0.183s] Invoking command in '/home/guyi/github/Modified_InMoov/Unity-ros-connection/ros2 nodes/udp converter/build/servo_mediator_cpp': CMAKE_PREFIX_PATH=/home/guyi/inmoov_ros2/install/inmoov_config_test:/home/guyi/inmoov_ros2/install/inmoov_tools:/home/guyi/inmoov_ros2/install/inmoov_bringup:/home/guyi/inmoov_ros2/install/inmoov_meshes:/home/guyi/inmoov_ros2/install/inmoov_msgs:/home/guyi/inmoov_ros2/install/inmoov_description:/opt/ros/humble CONDA_PROMPT_MODIFIER=(base) /usr/local/bin/cmake --install /home/guyi/github/Modified_InMoov/Unity-ros-connection/ros2 nodes/udp converter/build/servo_mediator_cpp
[0.184s] -- Install configuration: ""
[0.184s] -- Up-to-date: /home/guyi/github/Modified_InMoov/Unity-ros-connection/ros2 nodes/udp converter/install/servo_mediator_cpp/lib/servo_mediator_cpp/combined_node
[0.184s] -- Up-to-date: /home/guyi/github/Modified_InMoov/Unity-ros-connection/ros2 nodes/udp converter/install/servo_mediator_cpp/share/ament_index/resource_index/package_run_dependencies/servo_mediator_cpp
[0.184s] -- Up-to-date: /home/guyi/github/Modified_InMoov/Unity-ros-connection/ros2 nodes/udp converter/install/servo_mediator_cpp/share/ament_index/resource_index/parent_prefix_path/servo_mediator_cpp
[0.184s] -- Up-to-date: /home/guyi/github/Modified_InMoov/Unity-ros-connection/ros2 nodes/udp converter/install/servo_mediator_cpp/share/servo_mediator_cpp/environment/ament_prefix_path.sh
[0.184s] -- Up-to-date: /home/guyi/github/Modified_InMoov/Unity-ros-connection/ros2 nodes/udp converter/install/servo_mediator_cpp/share/servo_mediator_cpp/environment/ament_prefix_path.dsv
[0.184s] -- Up-to-date: /home/guyi/github/Modified_InMoov/Unity-ros-connection/ros2 nodes/udp converter/install/servo_mediator_cpp/share/servo_mediator_cpp/environment/path.sh
[0.184s] -- Up-to-date: /home/guyi/github/Modified_InMoov/Unity-ros-connection/ros2 nodes/udp converter/install/servo_mediator_cpp/share/servo_mediator_cpp/environment/path.dsv
[0.184s] -- Up-to-date: /home/guyi/github/Modified_InMoov/Unity-ros-connection/ros2 nodes/udp converter/install/servo_mediator_cpp/share/servo_mediator_cpp/local_setup.bash
[0.184s] -- Up-to-date: /home/guyi/github/Modified_InMoov/Unity-ros-connection/ros2 nodes/udp converter/install/servo_mediator_cpp/share/servo_mediator_cpp/local_setup.sh
[0.184s] -- Up-to-date: /home/guyi/github/Modified_InMoov/Unity-ros-connection/ros2 nodes/udp converter/install/servo_mediator_cpp/share/servo_mediator_cpp/local_setup.zsh
[0.185s] -- Up-to-date: /home/guyi/github/Modified_InMoov/Unity-ros-connection/ros2 nodes/udp converter/install/servo_mediator_cpp/share/servo_mediator_cpp/local_setup.dsv
[0.185s] -- Installing: /home/guyi/github/Modified_InMoov/Unity-ros-connection/ros2 nodes/udp converter/install/servo_mediator_cpp/share/servo_mediator_cpp/package.dsv
[0.185s] -- Up-to-date: /home/guyi/github/Modified_InMoov/Unity-ros-connection/ros2 nodes/udp converter/install/servo_mediator_cpp/share/ament_index/resource_index/packages/servo_mediator_cpp
[0.185s] -- Up-to-date: /home/guyi/github/Modified_InMoov/Unity-ros-connection/ros2 nodes/udp converter/install/servo_mediator_cpp/share/servo_mediator_cpp/cmake/servo_mediator_cppConfig.cmake
[0.185s] -- Up-to-date: /home/guyi/github/Modified_InMoov/Unity-ros-connection/ros2 nodes/udp converter/install/servo_mediator_cpp/share/servo_mediator_cpp/cmake/servo_mediator_cppConfig-version.cmake
[0.185s] -- Up-to-date: /home/guyi/github/Modified_InMoov/Unity-ros-connection/ros2 nodes/udp converter/install/servo_mediator_cpp/share/servo_mediator_cpp/package.xml
[0.186s] Invoked command in '/home/guyi/github/Modified_InMoov/Unity-ros-connection/ros2 nodes/udp converter/build/servo_mediator_cpp' returned '0': CMAKE_PREFIX_PATH=/home/guyi/inmoov_ros2/install/inmoov_config_test:/home/guyi/inmoov_ros2/install/inmoov_tools:/home/guyi/inmoov_ros2/install/inmoov_bringup:/home/guyi/inmoov_ros2/install/inmoov_meshes:/home/guyi/inmoov_ros2/install/inmoov_msgs:/home/guyi/inmoov_ros2/install/inmoov_description:/opt/ros/humble CONDA_PROMPT_MODIFIER=(base) /usr/local/bin/cmake --install /home/guyi/github/Modified_InMoov/Unity-ros-connection/ros2 nodes/udp converter/build/servo_mediator_cpp
