-- Install configuration: ""
-- Up-to-date: /home/guyi/ros2_ws/install/inmoov_description/share/inmoov_description/urdf/urdf
-- Up-to-date: /home/guyi/ros2_ws/install/inmoov_description/share/inmoov_description/urdf/urdf/config.joints.urdf.xacro
-- Up-to-date: /home/guyi/ros2_ws/install/inmoov_description/share/inmoov_description/urdf/urdf/asmHead.urdf.xacro
-- Up-to-date: /home/guyi/ros2_ws/install/inmoov_description/share/inmoov_description/urdf/urdf/materials.urdf.xacro
-- Up-to-date: /home/guyi/ros2_ws/install/inmoov_description/share/inmoov_description/urdf/urdf/asmArm.urdf.xacro
-- Up-to-date: /home/guyi/ros2_ws/install/inmoov_description/share/inmoov_description/urdf/urdf/asmBicepServo.urdf.xacro
-- Up-to-date: /home/guyi/ros2_ws/install/inmoov_description/share/inmoov_description/urdf/urdf/asmTorsoServo.urdf.xacro
-- Up-to-date: /home/guyi/ros2_ws/install/inmoov_description/share/inmoov_description/urdf/urdf/asmBase.urdf.xacro
-- Up-to-date: /home/guyi/ros2_ws/install/inmoov_description/share/inmoov_description/urdf/urdf/asmHand.urdf.xacro
-- Up-to-date: /home/guyi/ros2_ws/install/inmoov_description/share/inmoov_description/urdf/urdf/asmNeckSideServo.urdf.xacro
-- Up-to-date: /home/guyi/ros2_ws/install/inmoov_description/share/inmoov_description/urdf/urdf/config.inertial.urdf.xacro
-- Up-to-date: /home/guyi/ros2_ws/install/inmoov_description/share/inmoov_description/urdf/urdf/inmoov.gazebo
-- Up-to-date: /home/guyi/ros2_ws/install/inmoov_description/share/inmoov_description/urdf/urdf/asmTorso.urdf.xacro
-- Up-to-date: /home/guyi/ros2_ws/install/inmoov_description/share/inmoov_description/urdf/urdf/asmNeckFrontServo.urdf.xacro
-- Up-to-date: /home/guyi/ros2_ws/install/inmoov_description/share/inmoov_description/urdf/urdf/asmEye.urdf.xacro
-- Up-to-date: /home/guyi/ros2_ws/install/inmoov_description/share/inmoov_description/urdf/urdf/asmFace.urdf.xacro
-- Up-to-date: /home/guyi/ros2_ws/install/inmoov_description/share/ament_index/resource_index/package_run_dependencies/inmoov_description
-- Up-to-date: /home/guyi/ros2_ws/install/inmoov_description/share/ament_index/resource_index/parent_prefix_path/inmoov_description
-- Up-to-date: /home/guyi/ros2_ws/install/inmoov_description/share/inmoov_description/environment/ament_prefix_path.sh
-- Up-to-date: /home/guyi/ros2_ws/install/inmoov_description/share/inmoov_description/environment/ament_prefix_path.dsv
-- Up-to-date: /home/guyi/ros2_ws/install/inmoov_description/share/inmoov_description/environment/path.sh
-- Up-to-date: /home/guyi/ros2_ws/install/inmoov_description/share/inmoov_description/environment/path.dsv
-- Up-to-date: /home/guyi/ros2_ws/install/inmoov_description/share/inmoov_description/local_setup.bash
-- Up-to-date: /home/guyi/ros2_ws/install/inmoov_description/share/inmoov_description/local_setup.sh
-- Up-to-date: /home/guyi/ros2_ws/install/inmoov_description/share/inmoov_description/local_setup.zsh
-- Up-to-date: /home/guyi/ros2_ws/install/inmoov_description/share/inmoov_description/local_setup.dsv
-- Installing: /home/guyi/ros2_ws/install/inmoov_description/share/inmoov_description/package.dsv
-- Up-to-date: /home/guyi/ros2_ws/install/inmoov_description/share/ament_index/resource_index/packages/inmoov_description
-- Up-to-date: /home/guyi/ros2_ws/install/inmoov_description/share/inmoov_description/cmake/inmoov_descriptionConfig.cmake
-- Up-to-date: /home/guyi/ros2_ws/install/inmoov_description/share/inmoov_description/cmake/inmoov_descriptionConfig-version.cmake
-- Up-to-date: /home/guyi/ros2_ws/install/inmoov_description/share/inmoov_description/package.xml
