/home/guyi/github/Modified_InMoov/visualize_ws/install/arm_system_tools/lib/python3.10/site-packages/arm_system_tools/state_publisher.py
/home/guyi/github/Modified_InMoov/visualize_ws/install/arm_system_tools/lib/python3.10/site-packages/arm_system_tools/__init__.py
/home/guyi/github/Modified_InMoov/visualize_ws/install/arm_system_tools/lib/python3.10/site-packages/arm_system_tools/__pycache__/state_publisher.cpython-310.pyc
/home/guyi/github/Modified_InMoov/visualize_ws/install/arm_system_tools/lib/python3.10/site-packages/arm_system_tools/__pycache__/__init__.cpython-310.pyc
/home/guyi/github/Modified_InMoov/visualize_ws/install/arm_system_tools/share/ament_index/resource_index/packages/arm_system_tools
/home/guyi/github/Modified_InMoov/visualize_ws/install/arm_system_tools/share/arm_system_tools/package.xml
/home/guyi/github/Modified_InMoov/visualize_ws/install/arm_system_tools/share/arm_system_tools/launch/demo.launch.py
/home/guyi/github/Modified_InMoov/visualize_ws/install/arm_system_tools/share/arm_system_tools/urdf/arm_system.urdf.xml
/home/guyi/github/Modified_InMoov/visualize_ws/install/arm_system_tools/share/arm_system_tools/meshes/forearm_roll_link.STL
/home/guyi/github/Modified_InMoov/visualize_ws/install/arm_system_tools/share/arm_system_tools/meshes/shoulder_link.STL
/home/guyi/github/Modified_InMoov/visualize_ws/install/arm_system_tools/share/arm_system_tools/meshes/forearm_link.STL
/home/guyi/github/Modified_InMoov/visualize_ws/install/arm_system_tools/share/arm_system_tools/meshes/upper_arm_link.STL
/home/guyi/github/Modified_InMoov/visualize_ws/install/arm_system_tools/lib/python3.10/site-packages/arm_system_tools-0.1.0-py3.10.egg-info/top_level.txt
/home/guyi/github/Modified_InMoov/visualize_ws/install/arm_system_tools/lib/python3.10/site-packages/arm_system_tools-0.1.0-py3.10.egg-info/requires.txt
/home/guyi/github/Modified_InMoov/visualize_ws/install/arm_system_tools/lib/python3.10/site-packages/arm_system_tools-0.1.0-py3.10.egg-info/zip-safe
/home/guyi/github/Modified_InMoov/visualize_ws/install/arm_system_tools/lib/python3.10/site-packages/arm_system_tools-0.1.0-py3.10.egg-info/entry_points.txt
/home/guyi/github/Modified_InMoov/visualize_ws/install/arm_system_tools/lib/python3.10/site-packages/arm_system_tools-0.1.0-py3.10.egg-info/PKG-INFO
/home/guyi/github/Modified_InMoov/visualize_ws/install/arm_system_tools/lib/python3.10/site-packages/arm_system_tools-0.1.0-py3.10.egg-info/SOURCES.txt
/home/guyi/github/Modified_InMoov/visualize_ws/install/arm_system_tools/lib/python3.10/site-packages/arm_system_tools-0.1.0-py3.10.egg-info/dependency_links.txt
/home/guyi/github/Modified_InMoov/visualize_ws/install/arm_system_tools/lib/arm_system_tools/state_publisher
