[35m[1mConsolidate compiler generated dependencies of target servo_mediator_node[0m
[ 50%] [32mBuilding CXX object CMakeFiles/servo_mediator_node.dir/src/servo_mediator_node.cpp.o[0m
[100%] [32m[1mLinking CXX executable servo_mediator_node[0m
[100%] Built target servo_mediator_node
-- Install configuration: ""
-- Installing: /home/guyi/github/Modified_InMoov/Unity-ros-connection/ros2 nodes/udp converter/install/servo_mediator_cpp/lib/servo_mediator_cpp/servo_mediator_node
-- Set runtime path of "/home/guyi/github/Modified_InMoov/Unity-ros-connection/ros2 nodes/udp converter/install/servo_mediator_cpp/lib/servo_mediator_cpp/servo_mediator_node" to ""
-- Installing: /home/guyi/github/Modified_InMoov/Unity-ros-connection/ros2 nodes/udp converter/install/servo_mediator_cpp/share/ament_index/resource_index/package_run_dependencies/servo_mediator_cpp
-- Installing: /home/guyi/github/Modified_InMoov/Unity-ros-connection/ros2 nodes/udp converter/install/servo_mediator_cpp/share/ament_index/resource_index/parent_prefix_path/servo_mediator_cpp
-- Installing: /home/guyi/github/Modified_InMoov/Unity-ros-connection/ros2 nodes/udp converter/install/servo_mediator_cpp/share/servo_mediator_cpp/environment/ament_prefix_path.sh
-- Installing: /home/guyi/github/Modified_InMoov/Unity-ros-connection/ros2 nodes/udp converter/install/servo_mediator_cpp/share/servo_mediator_cpp/environment/ament_prefix_path.dsv
-- Installing: /home/guyi/github/Modified_InMoov/Unity-ros-connection/ros2 nodes/udp converter/install/servo_mediator_cpp/share/servo_mediator_cpp/environment/path.sh
-- Installing: /home/guyi/github/Modified_InMoov/Unity-ros-connection/ros2 nodes/udp converter/install/servo_mediator_cpp/share/servo_mediator_cpp/environment/path.dsv
-- Installing: /home/guyi/github/Modified_InMoov/Unity-ros-connection/ros2 nodes/udp converter/install/servo_mediator_cpp/share/servo_mediator_cpp/local_setup.bash
-- Installing: /home/guyi/github/Modified_InMoov/Unity-ros-connection/ros2 nodes/udp converter/install/servo_mediator_cpp/share/servo_mediator_cpp/local_setup.sh
-- Installing: /home/guyi/github/Modified_InMoov/Unity-ros-connection/ros2 nodes/udp converter/install/servo_mediator_cpp/share/servo_mediator_cpp/local_setup.zsh
-- Installing: /home/guyi/github/Modified_InMoov/Unity-ros-connection/ros2 nodes/udp converter/install/servo_mediator_cpp/share/servo_mediator_cpp/local_setup.dsv
-- Installing: /home/guyi/github/Modified_InMoov/Unity-ros-connection/ros2 nodes/udp converter/install/servo_mediator_cpp/share/servo_mediator_cpp/package.dsv
-- Installing: /home/guyi/github/Modified_InMoov/Unity-ros-connection/ros2 nodes/udp converter/install/servo_mediator_cpp/share/ament_index/resource_index/packages/servo_mediator_cpp
-- Installing: /home/guyi/github/Modified_InMoov/Unity-ros-connection/ros2 nodes/udp converter/install/servo_mediator_cpp/share/servo_mediator_cpp/cmake/servo_mediator_cppConfig.cmake
-- Installing: /home/guyi/github/Modified_InMoov/Unity-ros-connection/ros2 nodes/udp converter/install/servo_mediator_cpp/share/servo_mediator_cpp/cmake/servo_mediator_cppConfig-version.cmake
-- Installing: /home/guyi/github/Modified_InMoov/Unity-ros-connection/ros2 nodes/udp converter/install/servo_mediator_cpp/share/servo_mediator_cpp/package.xml
