/home/guyi/github/Modified_InMoov/Unity-ros-connection/ros2 nodes/install/ce_python/lib/python3.10/site-packages/ce_python/__init__.py
/home/guyi/github/Modified_InMoov/Unity-ros-connection/ros2 nodes/install/ce_python/lib/python3.10/site-packages/ce_python/angle_forwarder.py
/home/guyi/github/Modified_InMoov/Unity-ros-connection/ros2 nodes/install/ce_python/lib/python3.10/site-packages/ce_python/hand_detection_node.py
/home/guyi/github/Modified_InMoov/Unity-ros-connection/ros2 nodes/install/ce_python/lib/python3.10/site-packages/ce_python/image_publish_node.py
/home/guyi/github/Modified_InMoov/Unity-ros-connection/ros2 nodes/install/ce_python/lib/python3.10/site-packages/ce_python/__pycache__/__init__.cpython-310.pyc
/home/guyi/github/Modified_InMoov/Unity-ros-connection/ros2 nodes/install/ce_python/lib/python3.10/site-packages/ce_python/__pycache__/angle_forwarder.cpython-310.pyc
/home/guyi/github/Modified_InMoov/Unity-ros-connection/ros2 nodes/install/ce_python/lib/python3.10/site-packages/ce_python/__pycache__/hand_detection_node.cpython-310.pyc
/home/guyi/github/Modified_InMoov/Unity-ros-connection/ros2 nodes/install/ce_python/lib/python3.10/site-packages/ce_python/__pycache__/image_publish_node.cpython-310.pyc
/home/guyi/github/Modified_InMoov/Unity-ros-connection/ros2 nodes/install/ce_python/share/ament_index/resource_index/packages/ce_python
/home/guyi/github/Modified_InMoov/Unity-ros-connection/ros2 nodes/install/ce_python/share/ce_python/package.xml
/home/guyi/github/Modified_InMoov/Unity-ros-connection/ros2 nodes/install/ce_python/share/ce_python/launch/all_nodes.launch.py
/home/guyi/github/Modified_InMoov/Unity-ros-connection/ros2 nodes/install/ce_python/lib/python3.10/site-packages/ce_python-0.0.0-py3.10.egg-info/top_level.txt
/home/guyi/github/Modified_InMoov/Unity-ros-connection/ros2 nodes/install/ce_python/lib/python3.10/site-packages/ce_python-0.0.0-py3.10.egg-info/requires.txt
/home/guyi/github/Modified_InMoov/Unity-ros-connection/ros2 nodes/install/ce_python/lib/python3.10/site-packages/ce_python-0.0.0-py3.10.egg-info/zip-safe
/home/guyi/github/Modified_InMoov/Unity-ros-connection/ros2 nodes/install/ce_python/lib/python3.10/site-packages/ce_python-0.0.0-py3.10.egg-info/entry_points.txt
/home/guyi/github/Modified_InMoov/Unity-ros-connection/ros2 nodes/install/ce_python/lib/python3.10/site-packages/ce_python-0.0.0-py3.10.egg-info/PKG-INFO
/home/guyi/github/Modified_InMoov/Unity-ros-connection/ros2 nodes/install/ce_python/lib/python3.10/site-packages/ce_python-0.0.0-py3.10.egg-info/SOURCES.txt
/home/guyi/github/Modified_InMoov/Unity-ros-connection/ros2 nodes/install/ce_python/lib/python3.10/site-packages/ce_python-0.0.0-py3.10.egg-info/dependency_links.txt
/home/guyi/github/Modified_InMoov/Unity-ros-connection/ros2 nodes/install/ce_python/lib/ce_python/angle_forwarder
/home/guyi/github/Modified_InMoov/Unity-ros-connection/ros2 nodes/install/ce_python/lib/ce_python/hand_gesture_node
/home/guyi/github/Modified_InMoov/Unity-ros-connection/ros2 nodes/install/ce_python/lib/ce_python/image_publish_node
