[0.010s] Invoking command in '/home/guyi/github/Modified_InMoov/visualize_ws/build/sup_moveit_config': AMENT_PREFIX_PATH=/home/guyi/github/Modified_InMoov/visualize_ws/install/arm_system_model:/home/guyi/github/Modified_InMoov/visualize_ws/install/sup_moveit_config:/home/guyi/github/Modified_InMoov/visualize_ws/install/suP_moveit_config:/home/guyi/github/Modified_InMoov/visualize_ws/install/arm_system_tools:/home/guyi/github/Modified_InMoov/visualize_ws/install/arm_system_description:/home/guyi/inmoov_ros2/install/inmoov_config_test:/home/guyi/inmoov_ros2/install/inmoov_tools:/home/guyi/inmoov_ros2/install/inmoov_bringup:/home/guyi/inmoov_ros2/install/inmoov_meshes:/home/guyi/inmoov_ros2/install/inmoov_msgs:/home/guyi/inmoov_ros2/install/inmoov_description:/opt/ros/humble CMAKE_PREFIX_PATH=${CMAKE_PREFIX_PATH}:/home/guyi/github/Modified_InMoov/visualize_ws/install/arm_system_tools:/home/guyi/github/Modified_InMoov/visualize_ws/install/arm_system_model:/opt/ros/humble CONDA_PROMPT_MODIFIER=(base) PYTHONPATH=/home/guyi/github/Modified_InMoov/visualize_ws/install/arm_system_model/lib/python3.10/site-packages:/home/guyi/github/Modified_InMoov/visualize_ws/install/arm_system_tools/lib/python3.10/site-packages:/home/guyi/inmoov_ros2/install/inmoov_msgs/local/lib/python3.10/dist-packages:/opt/ros/humble/lib/python3.10/site-packages:/opt/ros/humble/local/lib/python3.10/dist-packages /usr/local/bin/cmake --build /home/guyi/github/Modified_InMoov/visualize_ws/build/sup_moveit_config -- -j16 -l16
[0.022s] Invoked command in '/home/guyi/github/Modified_InMoov/visualize_ws/build/sup_moveit_config' returned '0': AMENT_PREFIX_PATH=/home/guyi/github/Modified_InMoov/visualize_ws/install/arm_system_model:/home/guyi/github/Modified_InMoov/visualize_ws/install/sup_moveit_config:/home/guyi/github/Modified_InMoov/visualize_ws/install/suP_moveit_config:/home/guyi/github/Modified_InMoov/visualize_ws/install/arm_system_tools:/home/guyi/github/Modified_InMoov/visualize_ws/install/arm_system_description:/home/guyi/inmoov_ros2/install/inmoov_config_test:/home/guyi/inmoov_ros2/install/inmoov_tools:/home/guyi/inmoov_ros2/install/inmoov_bringup:/home/guyi/inmoov_ros2/install/inmoov_meshes:/home/guyi/inmoov_ros2/install/inmoov_msgs:/home/guyi/inmoov_ros2/install/inmoov_description:/opt/ros/humble CMAKE_PREFIX_PATH=${CMAKE_PREFIX_PATH}:/home/guyi/github/Modified_InMoov/visualize_ws/install/arm_system_tools:/home/guyi/github/Modified_InMoov/visualize_ws/install/arm_system_model:/opt/ros/humble CONDA_PROMPT_MODIFIER=(base) PYTHONPATH=/home/guyi/github/Modified_InMoov/visualize_ws/install/arm_system_model/lib/python3.10/site-packages:/home/guyi/github/Modified_InMoov/visualize_ws/install/arm_system_tools/lib/python3.10/site-packages:/home/guyi/inmoov_ros2/install/inmoov_msgs/local/lib/python3.10/dist-packages:/opt/ros/humble/lib/python3.10/site-packages:/opt/ros/humble/local/lib/python3.10/dist-packages /usr/local/bin/cmake --build /home/guyi/github/Modified_InMoov/visualize_ws/build/sup_moveit_config -- -j16 -l16
[0.023s] Invoking command in '/home/guyi/github/Modified_InMoov/visualize_ws/build/sup_moveit_config': AMENT_PREFIX_PATH=/home/guyi/github/Modified_InMoov/visualize_ws/install/arm_system_model:/home/guyi/github/Modified_InMoov/visualize_ws/install/sup_moveit_config:/home/guyi/github/Modified_InMoov/visualize_ws/install/suP_moveit_config:/home/guyi/github/Modified_InMoov/visualize_ws/install/arm_system_tools:/home/guyi/github/Modified_InMoov/visualize_ws/install/arm_system_description:/home/guyi/inmoov_ros2/install/inmoov_config_test:/home/guyi/inmoov_ros2/install/inmoov_tools:/home/guyi/inmoov_ros2/install/inmoov_bringup:/home/guyi/inmoov_ros2/install/inmoov_meshes:/home/guyi/inmoov_ros2/install/inmoov_msgs:/home/guyi/inmoov_ros2/install/inmoov_description:/opt/ros/humble CMAKE_PREFIX_PATH=${CMAKE_PREFIX_PATH}:/home/guyi/github/Modified_InMoov/visualize_ws/install/arm_system_tools:/home/guyi/github/Modified_InMoov/visualize_ws/install/arm_system_model:/opt/ros/humble CONDA_PROMPT_MODIFIER=(base) PYTHONPATH=/home/guyi/github/Modified_InMoov/visualize_ws/install/arm_system_model/lib/python3.10/site-packages:/home/guyi/github/Modified_InMoov/visualize_ws/install/arm_system_tools/lib/python3.10/site-packages:/home/guyi/inmoov_ros2/install/inmoov_msgs/local/lib/python3.10/dist-packages:/opt/ros/humble/lib/python3.10/site-packages:/opt/ros/humble/local/lib/python3.10/dist-packages /usr/local/bin/cmake --install /home/guyi/github/Modified_InMoov/visualize_ws/build/sup_moveit_config
[0.025s] -- Install configuration: ""
[0.025s] -- Up-to-date: /home/guyi/github/Modified_InMoov/visualize_ws/install/sup_moveit_config/share/ament_index/resource_index/package_run_dependencies/sup_moveit_config
[0.025s] -- Up-to-date: /home/guyi/github/Modified_InMoov/visualize_ws/install/sup_moveit_config/share/ament_index/resource_index/parent_prefix_path/sup_moveit_config
[0.025s] -- Up-to-date: /home/guyi/github/Modified_InMoov/visualize_ws/install/sup_moveit_config/share/sup_moveit_config/environment/ament_prefix_path.sh
[0.025s] -- Up-to-date: /home/guyi/github/Modified_InMoov/visualize_ws/install/sup_moveit_config/share/sup_moveit_config/environment/ament_prefix_path.dsv
[0.025s] -- Up-to-date: /home/guyi/github/Modified_InMoov/visualize_ws/install/sup_moveit_config/share/sup_moveit_config/environment/path.sh
[0.025s] -- Up-to-date: /home/guyi/github/Modified_InMoov/visualize_ws/install/sup_moveit_config/share/sup_moveit_config/environment/path.dsv
[0.025s] -- Up-to-date: /home/guyi/github/Modified_InMoov/visualize_ws/install/sup_moveit_config/share/sup_moveit_config/local_setup.bash
[0.025s] -- Up-to-date: /home/guyi/github/Modified_InMoov/visualize_ws/install/sup_moveit_config/share/sup_moveit_config/local_setup.sh
[0.025s] -- Up-to-date: /home/guyi/github/Modified_InMoov/visualize_ws/install/sup_moveit_config/share/sup_moveit_config/local_setup.zsh
[0.025s] -- Up-to-date: /home/guyi/github/Modified_InMoov/visualize_ws/install/sup_moveit_config/share/sup_moveit_config/local_setup.dsv
[0.025s] -- Installing: /home/guyi/github/Modified_InMoov/visualize_ws/install/sup_moveit_config/share/sup_moveit_config/package.dsv
[0.026s] -- Up-to-date: /home/guyi/github/Modified_InMoov/visualize_ws/install/sup_moveit_config/share/ament_index/resource_index/packages/sup_moveit_config
[0.026s] -- Up-to-date: /home/guyi/github/Modified_InMoov/visualize_ws/install/sup_moveit_config/share/sup_moveit_config/cmake/sup_moveit_configConfig.cmake
[0.026s] -- Up-to-date: /home/guyi/github/Modified_InMoov/visualize_ws/install/sup_moveit_config/share/sup_moveit_config/cmake/sup_moveit_configConfig-version.cmake
[0.026s] -- Up-to-date: /home/guyi/github/Modified_InMoov/visualize_ws/install/sup_moveit_config/share/sup_moveit_config/package.xml
[0.026s] -- Up-to-date: /home/guyi/github/Modified_InMoov/visualize_ws/install/sup_moveit_config/share/sup_moveit_config/launch
[0.026s] -- Up-to-date: /home/guyi/github/Modified_InMoov/visualize_ws/install/sup_moveit_config/share/sup_moveit_config/launch/setup_assistant.launch.py
[0.026s] -- Up-to-date: /home/guyi/github/Modified_InMoov/visualize_ws/install/sup_moveit_config/share/sup_moveit_config/launch/rsp.launch.py
[0.026s] -- Up-to-date: /home/guyi/github/Modified_InMoov/visualize_ws/install/sup_moveit_config/share/sup_moveit_config/launch/spawn_controllers.launch.py
[0.026s] -- Up-to-date: /home/guyi/github/Modified_InMoov/visualize_ws/install/sup_moveit_config/share/sup_moveit_config/launch/demo.launch.py
[0.026s] -- Up-to-date: /home/guyi/github/Modified_InMoov/visualize_ws/install/sup_moveit_config/share/sup_moveit_config/launch/warehouse_db.launch.py
[0.026s] -- Up-to-date: /home/guyi/github/Modified_InMoov/visualize_ws/install/sup_moveit_config/share/sup_moveit_config/launch/static_virtual_joint_tfs.launch.py
[0.026s] -- Up-to-date: /home/guyi/github/Modified_InMoov/visualize_ws/install/sup_moveit_config/share/sup_moveit_config/launch/moveit_rviz.launch.py
[0.026s] -- Up-to-date: /home/guyi/github/Modified_InMoov/visualize_ws/install/sup_moveit_config/share/sup_moveit_config/launch/move_group.launch.py
[0.026s] -- Up-to-date: /home/guyi/github/Modified_InMoov/visualize_ws/install/sup_moveit_config/share/sup_moveit_config/config
[0.026s] -- Up-to-date: /home/guyi/github/Modified_InMoov/visualize_ws/install/sup_moveit_config/share/sup_moveit_config/config/ArmsnHands.ros2_control.xacro
[0.026s] -- Up-to-date: /home/guyi/github/Modified_InMoov/visualize_ws/install/sup_moveit_config/share/sup_moveit_config/config/ros2_controllers.yaml
[0.026s] -- Up-to-date: /home/guyi/github/Modified_InMoov/visualize_ws/install/sup_moveit_config/share/sup_moveit_config/config/pilz_cartesian_limits.yaml
[0.026s] -- Up-to-date: /home/guyi/github/Modified_InMoov/visualize_ws/install/sup_moveit_config/share/sup_moveit_config/config/initial_positions.yaml
[0.026s] -- Up-to-date: /home/guyi/github/Modified_InMoov/visualize_ws/install/sup_moveit_config/share/sup_moveit_config/config/moveit.rviz
[0.026s] -- Installing: /home/guyi/github/Modified_InMoov/visualize_ws/install/sup_moveit_config/share/sup_moveit_config/config/joint_limits.yaml
[0.026s] -- Up-to-date: /home/guyi/github/Modified_InMoov/visualize_ws/install/sup_moveit_config/share/sup_moveit_config/config/kinematics.yaml
[0.026s] -- Up-to-date: /home/guyi/github/Modified_InMoov/visualize_ws/install/sup_moveit_config/share/sup_moveit_config/config/ArmsnHands.urdf.xacro
[0.027s] -- Up-to-date: /home/guyi/github/Modified_InMoov/visualize_ws/install/sup_moveit_config/share/sup_moveit_config/config/ArmsnHands.srdf
[0.027s] -- Up-to-date: /home/guyi/github/Modified_InMoov/visualize_ws/install/sup_moveit_config/share/sup_moveit_config/.setup_assistant
[0.028s] Invoked command in '/home/guyi/github/Modified_InMoov/visualize_ws/build/sup_moveit_config' returned '0': AMENT_PREFIX_PATH=/home/guyi/github/Modified_InMoov/visualize_ws/install/arm_system_model:/home/guyi/github/Modified_InMoov/visualize_ws/install/sup_moveit_config:/home/guyi/github/Modified_InMoov/visualize_ws/install/suP_moveit_config:/home/guyi/github/Modified_InMoov/visualize_ws/install/arm_system_tools:/home/guyi/github/Modified_InMoov/visualize_ws/install/arm_system_description:/home/guyi/inmoov_ros2/install/inmoov_config_test:/home/guyi/inmoov_ros2/install/inmoov_tools:/home/guyi/inmoov_ros2/install/inmoov_bringup:/home/guyi/inmoov_ros2/install/inmoov_meshes:/home/guyi/inmoov_ros2/install/inmoov_msgs:/home/guyi/inmoov_ros2/install/inmoov_description:/opt/ros/humble CMAKE_PREFIX_PATH=${CMAKE_PREFIX_PATH}:/home/guyi/github/Modified_InMoov/visualize_ws/install/arm_system_tools:/home/guyi/github/Modified_InMoov/visualize_ws/install/arm_system_model:/opt/ros/humble CONDA_PROMPT_MODIFIER=(base) PYTHONPATH=/home/guyi/github/Modified_InMoov/visualize_ws/install/arm_system_model/lib/python3.10/site-packages:/home/guyi/github/Modified_InMoov/visualize_ws/install/arm_system_tools/lib/python3.10/site-packages:/home/guyi/inmoov_ros2/install/inmoov_msgs/local/lib/python3.10/dist-packages:/opt/ros/humble/lib/python3.10/site-packages:/opt/ros/humble/local/lib/python3.10/dist-packages /usr/local/bin/cmake --install /home/guyi/github/Modified_InMoov/visualize_ws/build/sup_moveit_config
