[0.052s] DEBUG:colcon:Command line arguments: ['/usr/bin/colcon', 'build', '--symlink-install']
[0.053s] DEBUG:colcon:Parsed command line arguments: Namespace(log_base=None, log_level=None, verb_name='build', build_base='build', install_base='install', merge_install=False, symlink_install=True, test_result_base=None, continue_on_error=False, executor='parallel', parallel_workers=16, event_handlers=None, ignore_user_meta=False, metas=['./colcon.meta'], base_paths=['.'], packages_ignore=None, packages_ignore_regex=None, paths=None, packages_up_to=None, packages_up_to_regex=None, packages_above=None, packages_above_and_dependencies=None, packages_above_depth=None, packages_select_by_dep=None, packages_skip_by_dep=None, packages_skip_up_to=None, packages_select_build_failed=False, packages_skip_build_finished=False, packages_select_test_failures=False, packages_skip_test_passed=False, packages_select=None, packages_skip=None, packages_select_regex=None, packages_skip_regex=None, packages_start=None, packages_end=None, allow_overriding=[], cmake_args=None, cmake_target=None, cmake_target_skip_unavailable=False, cmake_clean_cache=False, cmake_clean_first=False, cmake_force_configure=False, ament_cmake_args=None, catkin_cmake_args=None, catkin_skip_building_tests=False, verb_parser=<colcon_defaults.argument_parser.defaults.DefaultArgumentsDecorator object at 0x7d61c4f12e90>, verb_extension=<colcon_core.verb.build.BuildVerb object at 0x7d61c4f12980>, main=<bound method BuildVerb.main of <colcon_core.verb.build.BuildVerb object at 0x7d61c4f12980>>)
[0.138s] Level 1:colcon.colcon_core.package_discovery:discover_packages(colcon_meta) check parameters
[0.138s] Level 1:colcon.colcon_core.package_discovery:discover_packages(recursive) check parameters
[0.138s] Level 1:colcon.colcon_core.package_discovery:discover_packages(ignore) check parameters
[0.138s] Level 1:colcon.colcon_core.package_discovery:discover_packages(path) check parameters
[0.138s] Level 1:colcon.colcon_core.package_discovery:discover_packages(colcon_meta) discover
[0.138s] Level 1:colcon.colcon_core.package_discovery:discover_packages(recursive) discover
[0.138s] INFO:colcon.colcon_core.package_discovery:Crawling recursively for packages in '/home/guyi/github/Modified_InMoov/ros-http'
[0.138s] Level 1:colcon.colcon_core.package_identification:_identify(.) by extensions ['ignore', 'ignore_ament_install']
[0.138s] Level 1:colcon.colcon_core.package_identification:_identify(.) by extension 'ignore'
[0.138s] Level 1:colcon.colcon_core.package_identification:_identify(.) by extension 'ignore_ament_install'
[0.138s] Level 1:colcon.colcon_core.package_identification:_identify(.) by extensions ['colcon_pkg']
[0.138s] Level 1:colcon.colcon_core.package_identification:_identify(.) by extension 'colcon_pkg'
[0.138s] Level 1:colcon.colcon_core.package_identification:_identify(.) by extensions ['colcon_meta']
[0.138s] Level 1:colcon.colcon_core.package_identification:_identify(.) by extension 'colcon_meta'
[0.138s] Level 1:colcon.colcon_core.package_identification:_identify(.) by extensions ['ros']
[0.138s] Level 1:colcon.colcon_core.package_identification:_identify(.) by extension 'ros'
[0.144s] Level 1:colcon.colcon_core.package_identification:_identify(.) by extensions ['cmake', 'python']
[0.144s] Level 1:colcon.colcon_core.package_identification:_identify(.) by extension 'cmake'
[0.144s] Level 1:colcon.colcon_core.package_identification:_identify(.) by extension 'python'
[0.144s] Level 1:colcon.colcon_core.package_identification:_identify(.) by extensions ['python_setup_py']
[0.144s] Level 1:colcon.colcon_core.package_identification:_identify(.) by extension 'python_setup_py'
[0.144s] Level 1:colcon.colcon_core.package_identification:_identify(build) by extensions ['ignore', 'ignore_ament_install']
[0.144s] Level 1:colcon.colcon_core.package_identification:_identify(build) by extension 'ignore'
[0.144s] Level 1:colcon.colcon_core.package_identification:_identify(build) ignored
[0.144s] Level 1:colcon.colcon_core.package_identification:_identify(install) by extensions ['ignore', 'ignore_ament_install']
[0.144s] Level 1:colcon.colcon_core.package_identification:_identify(install) by extension 'ignore'
[0.144s] Level 1:colcon.colcon_core.package_identification:_identify(install) ignored
[0.144s] Level 1:colcon.colcon_core.package_identification:_identify(log) by extensions ['ignore', 'ignore_ament_install']
[0.144s] Level 1:colcon.colcon_core.package_identification:_identify(log) by extension 'ignore'
[0.144s] Level 1:colcon.colcon_core.package_identification:_identify(log) ignored
[0.145s] Level 1:colcon.colcon_core.package_identification:_identify(src) by extensions ['ignore', 'ignore_ament_install']
[0.145s] Level 1:colcon.colcon_core.package_identification:_identify(src) by extension 'ignore'
[0.145s] Level 1:colcon.colcon_core.package_identification:_identify(src) by extension 'ignore_ament_install'
[0.145s] Level 1:colcon.colcon_core.package_identification:_identify(src) by extensions ['colcon_pkg']
[0.145s] Level 1:colcon.colcon_core.package_identification:_identify(src) by extension 'colcon_pkg'
[0.145s] Level 1:colcon.colcon_core.package_identification:_identify(src) by extensions ['colcon_meta']
[0.145s] Level 1:colcon.colcon_core.package_identification:_identify(src) by extension 'colcon_meta'
[0.145s] Level 1:colcon.colcon_core.package_identification:_identify(src) by extensions ['ros']
[0.145s] Level 1:colcon.colcon_core.package_identification:_identify(src) by extension 'ros'
[0.145s] Level 1:colcon.colcon_core.package_identification:_identify(src) by extensions ['cmake', 'python']
[0.145s] Level 1:colcon.colcon_core.package_identification:_identify(src) by extension 'cmake'
[0.145s] Level 1:colcon.colcon_core.package_identification:_identify(src) by extension 'python'
[0.145s] Level 1:colcon.colcon_core.package_identification:_identify(src) by extensions ['python_setup_py']
[0.145s] Level 1:colcon.colcon_core.package_identification:_identify(src) by extension 'python_setup_py'
[0.145s] Level 1:colcon.colcon_core.package_identification:_identify(src/decode_node) by extensions ['ignore', 'ignore_ament_install']
[0.145s] Level 1:colcon.colcon_core.package_identification:_identify(src/decode_node) by extension 'ignore'
[0.145s] Level 1:colcon.colcon_core.package_identification:_identify(src/decode_node) by extension 'ignore_ament_install'
[0.145s] Level 1:colcon.colcon_core.package_identification:_identify(src/decode_node) by extensions ['colcon_pkg']
[0.145s] Level 1:colcon.colcon_core.package_identification:_identify(src/decode_node) by extension 'colcon_pkg'
[0.145s] Level 1:colcon.colcon_core.package_identification:_identify(src/decode_node) by extensions ['colcon_meta']
[0.145s] Level 1:colcon.colcon_core.package_identification:_identify(src/decode_node) by extension 'colcon_meta'
[0.145s] Level 1:colcon.colcon_core.package_identification:_identify(src/decode_node) by extensions ['ros']
[0.145s] Level 1:colcon.colcon_core.package_identification:_identify(src/decode_node) by extension 'ros'
[0.146s] DEBUG:colcon.colcon_core.package_identification:Package 'src/decode_node' with type 'ros.catkin' and name 'decode_node'
[0.146s] Level 1:colcon.colcon_core.package_identification:_identify(src/http_gateway) by extensions ['ignore', 'ignore_ament_install']
[0.146s] Level 1:colcon.colcon_core.package_identification:_identify(src/http_gateway) by extension 'ignore'
[0.146s] Level 1:colcon.colcon_core.package_identification:_identify(src/http_gateway) by extension 'ignore_ament_install'
[0.146s] Level 1:colcon.colcon_core.package_identification:_identify(src/http_gateway) by extensions ['colcon_pkg']
[0.146s] Level 1:colcon.colcon_core.package_identification:_identify(src/http_gateway) by extension 'colcon_pkg'
[0.146s] Level 1:colcon.colcon_core.package_identification:_identify(src/http_gateway) by extensions ['colcon_meta']
[0.146s] Level 1:colcon.colcon_core.package_identification:_identify(src/http_gateway) by extension 'colcon_meta'
[0.146s] Level 1:colcon.colcon_core.package_identification:_identify(src/http_gateway) by extensions ['ros']
[0.146s] Level 1:colcon.colcon_core.package_identification:_identify(src/http_gateway) by extension 'ros'
[0.147s] DEBUG:colcon.colcon_core.package_identification:Package 'src/http_gateway' with type 'ros.ament_python' and name 'http_gateway'
[0.147s] Level 1:colcon.colcon_core.package_discovery:discover_packages(recursive) using defaults
[0.147s] Level 1:colcon.colcon_core.package_discovery:discover_packages(ignore) discover
[0.147s] Level 1:colcon.colcon_core.package_discovery:discover_packages(ignore) using defaults
[0.147s] Level 1:colcon.colcon_core.package_discovery:discover_packages(path) discover
[0.147s] Level 1:colcon.colcon_core.package_discovery:discover_packages(path) using defaults
[0.163s] Level 1:colcon.colcon_core.package_discovery:discover_packages(prefix_path) check parameters
[0.163s] Level 1:colcon.colcon_core.package_discovery:discover_packages(prefix_path) discover
[0.164s] WARNING:colcon.colcon_ros.prefix_path.ament:The path '/home/guyi/github/Modified_InMoov/ros-http/install/http_gateway' in the environment variable AMENT_PREFIX_PATH doesn't exist
[0.164s] WARNING:colcon.colcon_ros.prefix_path.catkin:The path '/home/guyi/github/Modified_InMoov/ros-http/install/decode_node' in the environment variable CMAKE_PREFIX_PATH doesn't exist
[0.165s] DEBUG:colcon.colcon_installed_package_information.package_discovery:Found 0 installed packages in /home/guyi/github/Modified_InMoov/ros-http/install
[0.165s] DEBUG:colcon.colcon_installed_package_information.package_discovery:Found 4 installed packages in /home/guyi/github/Modified_InMoov/Unity-ros-connection/ros2 nodes/install
[0.165s] DEBUG:colcon.colcon_installed_package_information.package_discovery:Found 2 installed packages in /home/guyi/github/Modified_InMoov/Unity-ros-connection/ros2 nodes/udp converter/install
[0.165s] DEBUG:colcon.colcon_installed_package_information.package_discovery:Found 6 installed packages in /home/guyi/inmoov_ros2/install
[0.167s] DEBUG:colcon.colcon_installed_package_information.package_discovery:Found 360 installed packages in /opt/ros/humble
[0.167s] Level 1:colcon.colcon_core.package_discovery:discover_packages(prefix_path) using defaults
[0.189s] Level 5:colcon.colcon_core.verb:set package 'decode_node' build argument 'cmake_args' from command line to 'None'
[0.189s] Level 5:colcon.colcon_core.verb:set package 'decode_node' build argument 'cmake_target' from command line to 'None'
[0.190s] Level 5:colcon.colcon_core.verb:set package 'decode_node' build argument 'cmake_target_skip_unavailable' from command line to 'False'
[0.190s] Level 5:colcon.colcon_core.verb:set package 'decode_node' build argument 'cmake_clean_cache' from command line to 'False'
[0.190s] Level 5:colcon.colcon_core.verb:set package 'decode_node' build argument 'cmake_clean_first' from command line to 'False'
[0.190s] Level 5:colcon.colcon_core.verb:set package 'decode_node' build argument 'cmake_force_configure' from command line to 'False'
[0.190s] Level 5:colcon.colcon_core.verb:set package 'decode_node' build argument 'ament_cmake_args' from command line to 'None'
[0.190s] Level 5:colcon.colcon_core.verb:set package 'decode_node' build argument 'catkin_cmake_args' from command line to 'None'
[0.190s] Level 5:colcon.colcon_core.verb:set package 'decode_node' build argument 'catkin_skip_building_tests' from command line to 'False'
[0.190s] DEBUG:colcon.colcon_core.verb:Building package 'decode_node' with the following arguments: {'ament_cmake_args': None, 'build_base': '/home/guyi/github/Modified_InMoov/ros-http/build/decode_node', 'catkin_cmake_args': None, 'catkin_skip_building_tests': False, 'cmake_args': None, 'cmake_clean_cache': False, 'cmake_clean_first': False, 'cmake_force_configure': False, 'cmake_target': None, 'cmake_target_skip_unavailable': False, 'install_base': '/home/guyi/github/Modified_InMoov/ros-http/install/decode_node', 'merge_install': False, 'path': '/home/guyi/github/Modified_InMoov/ros-http/src/decode_node', 'symlink_install': True, 'test_result_base': None}
[0.190s] Level 5:colcon.colcon_core.verb:set package 'http_gateway' build argument 'cmake_args' from command line to 'None'
[0.190s] Level 5:colcon.colcon_core.verb:set package 'http_gateway' build argument 'cmake_target' from command line to 'None'
[0.190s] Level 5:colcon.colcon_core.verb:set package 'http_gateway' build argument 'cmake_target_skip_unavailable' from command line to 'False'
[0.190s] Level 5:colcon.colcon_core.verb:set package 'http_gateway' build argument 'cmake_clean_cache' from command line to 'False'
[0.190s] Level 5:colcon.colcon_core.verb:set package 'http_gateway' build argument 'cmake_clean_first' from command line to 'False'
[0.190s] Level 5:colcon.colcon_core.verb:set package 'http_gateway' build argument 'cmake_force_configure' from command line to 'False'
[0.190s] Level 5:colcon.colcon_core.verb:set package 'http_gateway' build argument 'ament_cmake_args' from command line to 'None'
[0.190s] Level 5:colcon.colcon_core.verb:set package 'http_gateway' build argument 'catkin_cmake_args' from command line to 'None'
[0.190s] Level 5:colcon.colcon_core.verb:set package 'http_gateway' build argument 'catkin_skip_building_tests' from command line to 'False'
[0.190s] DEBUG:colcon.colcon_core.verb:Building package 'http_gateway' with the following arguments: {'ament_cmake_args': None, 'build_base': '/home/guyi/github/Modified_InMoov/ros-http/build/http_gateway', 'catkin_cmake_args': None, 'catkin_skip_building_tests': False, 'cmake_args': None, 'cmake_clean_cache': False, 'cmake_clean_first': False, 'cmake_force_configure': False, 'cmake_target': None, 'cmake_target_skip_unavailable': False, 'install_base': '/home/guyi/github/Modified_InMoov/ros-http/install/http_gateway', 'merge_install': False, 'path': '/home/guyi/github/Modified_InMoov/ros-http/src/http_gateway', 'symlink_install': True, 'test_result_base': None}
[0.190s] INFO:colcon.colcon_core.executor:Executing jobs using 'parallel' executor
[0.191s] DEBUG:colcon.colcon_parallel_executor.executor.parallel:run_until_complete
[0.191s] INFO:colcon.colcon_ros.task.catkin.build:Building ROS package in '/home/guyi/github/Modified_InMoov/ros-http/src/decode_node' with build type 'catkin'
[0.191s] INFO:colcon.colcon_cmake.task.cmake.build:Building CMake package in '/home/guyi/github/Modified_InMoov/ros-http/src/decode_node'
[0.192s] INFO:colcon.colcon_core.plugin_system:Skipping extension 'colcon_core.shell.bat': Not used on non-Windows systems
[0.192s] INFO:colcon.colcon_core.shell:Skip shell extension 'powershell' for command environment: Not usable outside of PowerShell
[0.192s] DEBUG:colcon.colcon_core.shell:Skip shell extension 'dsv' for command environment
[0.198s] INFO:colcon.colcon_ros.task.ament_python.build:Building ROS package in '/home/guyi/github/Modified_InMoov/ros-http/src/http_gateway' with build type 'ament_python'
[0.198s] Level 1:colcon.colcon_core.shell:create_environment_hook('http_gateway', 'ament_prefix_path')
[0.198s] INFO:colcon.colcon_core.shell:Creating environment hook '/home/guyi/github/Modified_InMoov/ros-http/install/http_gateway/share/http_gateway/hook/ament_prefix_path.ps1'
[0.199s] INFO:colcon.colcon_core.shell:Creating environment descriptor '/home/guyi/github/Modified_InMoov/ros-http/install/http_gateway/share/http_gateway/hook/ament_prefix_path.dsv'
[0.199s] INFO:colcon.colcon_core.shell:Creating environment hook '/home/guyi/github/Modified_InMoov/ros-http/install/http_gateway/share/http_gateway/hook/ament_prefix_path.sh'
[0.199s] INFO:colcon.colcon_core.shell:Skip shell extension 'powershell' for command environment: Not usable outside of PowerShell
[0.199s] DEBUG:colcon.colcon_core.shell:Skip shell extension 'dsv' for command environment
[0.204s] DEBUG:colcon.colcon_core.event_handler.log_command:Invoking command in '/home/guyi/github/Modified_InMoov/ros-http/build/decode_node': /usr/local/bin/cmake /home/guyi/github/Modified_InMoov/ros-http/src/decode_node -DCATKIN_INSTALL_INTO_PREFIX_ROOT=0 -DCATKIN_SYMLINK_INSTALL=ON -DCMAKE_INSTALL_PREFIX=/home/guyi/github/Modified_InMoov/ros-http/install/decode_node
[0.346s] INFO:colcon.colcon_core.task.python.build:Building Python package in '/home/guyi/github/Modified_InMoov/ros-http/src/http_gateway'
[0.346s] INFO:colcon.colcon_core.shell:Skip shell extension 'powershell' for command environment: Not usable outside of PowerShell
[0.346s] DEBUG:colcon.colcon_core.shell:Skip shell extension 'dsv' for command environment
[0.570s] DEBUG:colcon.colcon_core.event_handler.log_command:Invoking command in '/home/guyi/github/Modified_InMoov/ros-http/build/http_gateway': PYTHONPATH=/home/guyi/github/Modified_InMoov/ros-http/build/http_gateway/prefix_override:/usr/lib/python3/dist-packages/colcon_core/task/python/colcon_distutils_commands:/home/guyi/github/Modified_InMoov/ros-http/install/http_gateway/lib/python3.10/site-packages:${PYTHONPATH} /usr/bin/python3 -W ignore:setup.py install is deprecated -W ignore:easy_install command is deprecated setup.py develop --editable --build-directory /home/guyi/github/Modified_InMoov/ros-http/build/http_gateway/build --no-deps symlink_data
[0.828s] Level 1:colcon.colcon_core.shell:create_environment_hook('http_gateway', 'pythonpath_develop')
[0.829s] INFO:colcon.colcon_core.shell:Creating environment hook '/home/guyi/github/Modified_InMoov/ros-http/build/http_gateway/share/http_gateway/hook/pythonpath_develop.ps1'
[0.829s] DEBUG:colcon.colcon_core.event_handler.log_command:Invoked command in '/home/guyi/github/Modified_InMoov/ros-http/build/http_gateway' returned '0': PYTHONPATH=/home/guyi/github/Modified_InMoov/ros-http/build/http_gateway/prefix_override:/usr/lib/python3/dist-packages/colcon_core/task/python/colcon_distutils_commands:/home/guyi/github/Modified_InMoov/ros-http/install/http_gateway/lib/python3.10/site-packages:${PYTHONPATH} /usr/bin/python3 -W ignore:setup.py install is deprecated -W ignore:easy_install command is deprecated setup.py develop --editable --build-directory /home/guyi/github/Modified_InMoov/ros-http/build/http_gateway/build --no-deps symlink_data
[0.829s] INFO:colcon.colcon_core.shell:Creating environment descriptor '/home/guyi/github/Modified_InMoov/ros-http/build/http_gateway/share/http_gateway/hook/pythonpath_develop.dsv'
[0.829s] INFO:colcon.colcon_core.shell:Creating environment hook '/home/guyi/github/Modified_InMoov/ros-http/build/http_gateway/share/http_gateway/hook/pythonpath_develop.sh'
[0.831s] Level 1:colcon.colcon_core.environment:checking '/home/guyi/github/Modified_InMoov/ros-http/install/http_gateway' for CMake module files
[0.831s] Level 1:colcon.colcon_core.environment:checking '/home/guyi/github/Modified_InMoov/ros-http/install/http_gateway' for CMake config files
[0.831s] Level 1:colcon.colcon_core.environment:checking '/home/guyi/github/Modified_InMoov/ros-http/install/http_gateway/lib'
[0.831s] Level 1:colcon.colcon_core.environment:checking '/home/guyi/github/Modified_InMoov/ros-http/install/http_gateway/bin'
[0.831s] Level 1:colcon.colcon_core.environment:checking '/home/guyi/github/Modified_InMoov/ros-http/install/http_gateway/lib/pkgconfig/http_gateway.pc'
[0.832s] Level 1:colcon.colcon_core.environment:checking '/home/guyi/github/Modified_InMoov/ros-http/install/http_gateway/lib/python3.10/site-packages'
[0.832s] Level 1:colcon.colcon_core.shell:create_environment_hook('http_gateway', 'pythonpath')
[0.832s] INFO:colcon.colcon_core.shell:Creating environment hook '/home/guyi/github/Modified_InMoov/ros-http/install/http_gateway/share/http_gateway/hook/pythonpath.ps1'
[0.832s] INFO:colcon.colcon_core.shell:Creating environment descriptor '/home/guyi/github/Modified_InMoov/ros-http/install/http_gateway/share/http_gateway/hook/pythonpath.dsv'
[0.832s] INFO:colcon.colcon_core.shell:Creating environment hook '/home/guyi/github/Modified_InMoov/ros-http/install/http_gateway/share/http_gateway/hook/pythonpath.sh'
[0.832s] Level 1:colcon.colcon_core.environment:checking '/home/guyi/github/Modified_InMoov/ros-http/install/http_gateway/bin'
[0.832s] Level 1:colcon.colcon_core.environment:create_environment_scripts_only(http_gateway)
[0.833s] INFO:colcon.colcon_core.shell:Creating package script '/home/guyi/github/Modified_InMoov/ros-http/install/http_gateway/share/http_gateway/package.ps1'
[0.833s] INFO:colcon.colcon_core.shell:Creating package descriptor '/home/guyi/github/Modified_InMoov/ros-http/install/http_gateway/share/http_gateway/package.dsv'
[0.833s] INFO:colcon.colcon_core.shell:Creating package script '/home/guyi/github/Modified_InMoov/ros-http/install/http_gateway/share/http_gateway/package.sh'
[0.834s] INFO:colcon.colcon_core.shell:Creating package script '/home/guyi/github/Modified_InMoov/ros-http/install/http_gateway/share/http_gateway/package.bash'
[0.834s] INFO:colcon.colcon_core.shell:Creating package script '/home/guyi/github/Modified_InMoov/ros-http/install/http_gateway/share/http_gateway/package.zsh'
[0.834s] Level 1:colcon.colcon_core.environment:create_file_with_runtime_dependencies(/home/guyi/github/Modified_InMoov/ros-http/install/http_gateway/share/colcon-core/packages/http_gateway)
[1.025s] DEBUG:colcon.colcon_core.event_handler.log_command:Invoked command in '/home/guyi/github/Modified_InMoov/ros-http/build/decode_node' returned '0': /usr/local/bin/cmake /home/guyi/github/Modified_InMoov/ros-http/src/decode_node -DCATKIN_INSTALL_INTO_PREFIX_ROOT=0 -DCATKIN_SYMLINK_INSTALL=ON -DCMAKE_INSTALL_PREFIX=/home/guyi/github/Modified_InMoov/ros-http/install/decode_node
[1.026s] DEBUG:colcon.colcon_core.event_handler.log_command:Invoking command in '/home/guyi/github/Modified_InMoov/ros-http/build/decode_node': /usr/local/bin/cmake --build /home/guyi/github/Modified_InMoov/ros-http/build/decode_node -- -j16 -l16
[6.573s] Level 1:colcon.colcon_core.shell:create_environment_hook('decode_node', 'ros_package_path')
[6.573s] INFO:colcon.colcon_core.shell:Creating environment hook '/home/guyi/github/Modified_InMoov/ros-http/install/decode_node/share/decode_node/hook/ros_package_path.ps1'
[6.573s] DEBUG:colcon.colcon_core.event_handler.log_command:Invoked command in '/home/guyi/github/Modified_InMoov/ros-http/build/decode_node' returned '2': /usr/local/bin/cmake --build /home/guyi/github/Modified_InMoov/ros-http/build/decode_node -- -j16 -l16
[6.574s] INFO:colcon.colcon_core.shell:Creating environment descriptor '/home/guyi/github/Modified_InMoov/ros-http/install/decode_node/share/decode_node/hook/ros_package_path.dsv'
[6.574s] INFO:colcon.colcon_core.shell:Creating environment hook '/home/guyi/github/Modified_InMoov/ros-http/install/decode_node/share/decode_node/hook/ros_package_path.sh'
[6.574s] Level 1:colcon.colcon_core.shell:create_environment_hook('decode_node', 'pkg_config_path')
[6.574s] INFO:colcon.colcon_core.shell:Creating environment hook '/home/guyi/github/Modified_InMoov/ros-http/install/decode_node/share/decode_node/hook/pkg_config_path.ps1'
[6.574s] INFO:colcon.colcon_core.shell:Creating environment descriptor '/home/guyi/github/Modified_InMoov/ros-http/install/decode_node/share/decode_node/hook/pkg_config_path.dsv'
[6.574s] INFO:colcon.colcon_core.shell:Creating environment hook '/home/guyi/github/Modified_InMoov/ros-http/install/decode_node/share/decode_node/hook/pkg_config_path.sh'
[6.576s] Level 1:colcon.colcon_core.shell:create_environment_hook('decode_node', 'pkg_config_path_multiarch')
[6.576s] INFO:colcon.colcon_core.shell:Creating environment hook '/home/guyi/github/Modified_InMoov/ros-http/install/decode_node/share/decode_node/hook/pkg_config_path_multiarch.ps1'
[6.576s] INFO:colcon.colcon_core.shell:Creating environment descriptor '/home/guyi/github/Modified_InMoov/ros-http/install/decode_node/share/decode_node/hook/pkg_config_path_multiarch.dsv'
[6.577s] INFO:colcon.colcon_core.shell:Creating environment hook '/home/guyi/github/Modified_InMoov/ros-http/install/decode_node/share/decode_node/hook/pkg_config_path_multiarch.sh'
[6.577s] Level 1:colcon.colcon_core.environment:create_environment_scripts_only(decode_node)
[6.577s] Level 1:colcon.colcon_core.environment:checking '/home/guyi/github/Modified_InMoov/ros-http/install/decode_node' for CMake module files
[6.577s] Level 1:colcon.colcon_core.environment:checking '/home/guyi/github/Modified_InMoov/ros-http/install/decode_node' for CMake config files
[6.577s] Level 1:colcon.colcon_core.environment:checking '/home/guyi/github/Modified_InMoov/ros-http/install/decode_node/bin'
[6.577s] Level 1:colcon.colcon_core.environment:checking '/home/guyi/github/Modified_InMoov/ros-http/install/decode_node/lib/pkgconfig/decode_node.pc'
[6.578s] Level 1:colcon.colcon_core.environment:checking '/home/guyi/github/Modified_InMoov/ros-http/install/decode_node/lib/python3.10/site-packages'
[6.578s] Level 1:colcon.colcon_core.environment:checking '/home/guyi/github/Modified_InMoov/ros-http/install/decode_node/bin'
[6.578s] INFO:colcon.colcon_core.shell:Creating package script '/home/guyi/github/Modified_InMoov/ros-http/install/decode_node/share/decode_node/package.ps1'
[6.578s] INFO:colcon.colcon_core.shell:Creating package descriptor '/home/guyi/github/Modified_InMoov/ros-http/install/decode_node/share/decode_node/package.dsv'
[6.578s] INFO:colcon.colcon_core.shell:Creating package script '/home/guyi/github/Modified_InMoov/ros-http/install/decode_node/share/decode_node/package.sh'
[6.579s] INFO:colcon.colcon_core.shell:Creating package script '/home/guyi/github/Modified_InMoov/ros-http/install/decode_node/share/decode_node/package.bash'
[6.579s] INFO:colcon.colcon_core.shell:Creating package script '/home/guyi/github/Modified_InMoov/ros-http/install/decode_node/share/decode_node/package.zsh'
[6.579s] Level 1:colcon.colcon_core.environment:create_file_with_runtime_dependencies(/home/guyi/github/Modified_InMoov/ros-http/install/decode_node/share/colcon-core/packages/decode_node)
[6.589s] DEBUG:colcon.colcon_parallel_executor.executor.parallel:closing loop
[6.590s] DEBUG:colcon.colcon_parallel_executor.executor.parallel:loop closed
[6.590s] DEBUG:colcon.colcon_parallel_executor.executor.parallel:run_until_complete finished with '2'
[6.590s] DEBUG:colcon.colcon_core.event_reactor:joining thread
[6.594s] INFO:colcon.colcon_core.plugin_system:Skipping extension 'colcon_notification.desktop_notification.terminal_notifier': Not used on non-Darwin systems
[6.594s] INFO:colcon.colcon_core.plugin_system:Skipping extension 'colcon_notification.desktop_notification.win32': Not used on non-Windows systems
[6.594s] INFO:colcon.colcon_notification.desktop_notification:Sending desktop notification using 'notify2'
[6.601s] DEBUG:colcon.colcon_core.event_reactor:joined thread
[6.601s] INFO:colcon.colcon_core.shell:Creating prefix script '/home/guyi/github/Modified_InMoov/ros-http/install/local_setup.ps1'
[6.602s] INFO:colcon.colcon_core.shell:Creating prefix util module '/home/guyi/github/Modified_InMoov/ros-http/install/_local_setup_util_ps1.py'
[6.603s] INFO:colcon.colcon_core.shell:Creating prefix chain script '/home/guyi/github/Modified_InMoov/ros-http/install/setup.ps1'
[6.603s] INFO:colcon.colcon_core.shell:Creating prefix script '/home/guyi/github/Modified_InMoov/ros-http/install/local_setup.sh'
[6.604s] INFO:colcon.colcon_core.shell:Creating prefix util module '/home/guyi/github/Modified_InMoov/ros-http/install/_local_setup_util_sh.py'
[6.604s] INFO:colcon.colcon_core.shell:Creating prefix chain script '/home/guyi/github/Modified_InMoov/ros-http/install/setup.sh'
[6.605s] INFO:colcon.colcon_core.shell:Creating prefix script '/home/guyi/github/Modified_InMoov/ros-http/install/local_setup.bash'
[6.605s] INFO:colcon.colcon_core.shell:Creating prefix chain script '/home/guyi/github/Modified_InMoov/ros-http/install/setup.bash'
[6.605s] INFO:colcon.colcon_core.shell:Creating prefix script '/home/guyi/github/Modified_InMoov/ros-http/install/local_setup.zsh'
[6.606s] INFO:colcon.colcon_core.shell:Creating prefix chain script '/home/guyi/github/Modified_InMoov/ros-http/install/setup.zsh'
