-- Found ament_cmake: 1.3.11 (/opt/ros/humble/share/ament_cmake/cmake)
-- Found rclcpp: 16.0.12 (/opt/ros/humble/share/rclcpp/cmake)
-- Found rosidl_generator_c: 3.1.6 (/opt/ros/humble/share/rosidl_generator_c/cmake)
-- Found rosidl_adapter: 3.1.6 (/opt/ros/humble/share/rosidl_adapter/cmake)
-- Found rosidl_generator_cpp: 3.1.6 (/opt/ros/humble/share/rosidl_generator_cpp/cmake)
-- Using all available rosidl_typesupport_c: rosidl_typesupport_fastrtps_c;rosidl_typesupport_introspection_c
-- Using all available rosidl_typesupport_cpp: rosidl_typesupport_fastrtps_cpp;rosidl_typesupport_introspection_cpp
-- Found rmw_implementation_cmake: 6.1.2 (/opt/ros/humble/share/rmw_implementation_cmake/cmake)
-- Found rmw_fastrtps_cpp: 6.2.7 (/opt/ros/humble/share/rmw_fastrtps_cpp/cmake)
-- Using RMW implementation 'rmw_fastrtps_cpp' as default
-- Configuring done
-- Generating done
-- Build files have been written to: /home/guyi/github/Modified_InMoov/Unity-ros-connection/ros2 nodes/udp converter/build/servo_mediator_cpp
[35m[1mConsolidate compiler generated dependencies of target combined_node[0m
[ 16%] [32mBuilding CXX object CMakeFiles/combined_node.dir/src/main.cpp.o[0m
[ 33%] [32mBuilding CXX object CMakeFiles/combined_node.dir/src/websocket_receiver_node.cpp.o[0m
[01m[K/home/guyi/github/Modified_InMoov/Unity-ros-connection/ros2 nodes/udp converter/src/servo_mediator_cpp/src/websocket_receiver_node.cpp:5:10:[m[K [01;31m[Kfatal error: [m[Kwebsocket_bridge.hpp: 没有那个文件或目录
    5 | #include [01;31m[K"websocket_bridge.hpp"[m[K
      |          [01;31m[K^~~~~~~~~~~~~~~~~~~~~~[m[K
compilation terminated.
gmake[2]: *** [CMakeFiles/combined_node.dir/build.make:132：CMakeFiles/combined_node.dir/src/websocket_receiver_node.cpp.o] 错误 1
gmake[2]: *** 正在等待未完成的任务....
[01m[K/home/guyi/github/Modified_InMoov/Unity-ros-connection/ros2 nodes/udp converter/src/servo_mediator_cpp/src/main.cpp:5:10:[m[K [01;31m[Kfatal error: [m[Kservo_mediator_cpp/websocket_receiver_node.hpp: 没有那个文件或目录
    5 | #include [01;31m[K"servo_mediator_cpp/websocket_receiver_node.hpp"[m[K  // ✅ 加入 WebSocket 接收节点头文件
      |          [01;31m[K^~~~~~~~~~~~~~~~~~~~~~~~~~~~~~~~~~~~~~~~~~~~~~~~[m[K
compilation terminated.
gmake[2]: *** [CMakeFiles/combined_node.dir/build.make:76：CMakeFiles/combined_node.dir/src/main.cpp.o] 错误 1
gmake[1]: *** [CMakeFiles/Makefile2:137：CMakeFiles/combined_node.dir/all] 错误 2
gmake: *** [Makefile:146：all] 错误 2
