[0.144s] Invoking command in '/home/guyi/github/Modified_InMoov/Unity-ros-connection/ros2 nodes/udp converter/build/servo_mediator_cpp': CMAKE_PREFIX_PATH=${CMAKE_PREFIX_PATH}:/home/guyi/github/Modified_InMoov/Unity-ros-connection/ros2 nodes/udp converter/install/ce_python:/opt/ros/humble CONDA_PROMPT_MODIFIER=(base) /usr/local/bin/cmake --build /home/guyi/github/Modified_InMoov/Unity-ros-connection/ros2 nodes/udp converter/build/servo_mediator_cpp -- -j16 -l16
[0.154s] -- Found ament_cmake: 1.3.11 (/opt/ros/humble/share/ament_cmake/cmake)
[0.219s] -- Found rclcpp: 16.0.12 (/opt/ros/humble/share/rclcpp/cmake)
[0.240s] -- Found rosidl_generator_c: 3.1.6 (/opt/ros/humble/share/rosidl_generator_c/cmake)
[0.242s] -- Found rosidl_adapter: 3.1.6 (/opt/ros/humble/share/rosidl_adapter/cmake)
[0.246s] -- Found rosidl_generator_cpp: 3.1.6 (/opt/ros/humble/share/rosidl_generator_cpp/cmake)
[0.251s] -- Using all available rosidl_typesupport_c: rosidl_typesupport_fastrtps_c;rosidl_typesupport_introspection_c
[0.259s] -- Using all available rosidl_typesupport_cpp: rosidl_typesupport_fastrtps_cpp;rosidl_typesupport_introspection_cpp
[0.278s] -- Found rmw_implementation_cmake: 6.1.2 (/opt/ros/humble/share/rmw_implementation_cmake/cmake)
[0.279s] -- Found rmw_fastrtps_cpp: 6.2.7 (/opt/ros/humble/share/rmw_fastrtps_cpp/cmake)
[0.362s] -- Using RMW implementation 'rmw_fastrtps_cpp' as default
[0.448s] -- Configuring done
[0.454s] -- Generating done
[0.456s] -- Build files have been written to: /home/guyi/github/Modified_InMoov/Unity-ros-connection/ros2 nodes/udp converter/build/servo_mediator_cpp
[0.471s] [35m[1mConsolidate compiler generated dependencies of target combined_node[0m
[0.483s] [ 16%] [32mBuilding CXX object CMakeFiles/combined_node.dir/src/main.cpp.o[0m
[0.484s] [ 33%] [32mBuilding CXX object CMakeFiles/combined_node.dir/src/websocket_receiver_node.cpp.o[0m
[0.629s] [01m[K/home/guyi/github/Modified_InMoov/Unity-ros-connection/ros2 nodes/udp converter/src/servo_mediator_cpp/src/websocket_receiver_node.cpp:5:10:[m[K [01;31m[Kfatal error: [m[Kwebsocket_bridge.hpp: 没有那个文件或目录
[0.630s]     5 | #include [01;31m[K"websocket_bridge.hpp"[m[K
[0.630s]       |          [01;31m[K^~~~~~~~~~~~~~~~~~~~~~[m[K
[0.630s] compilation terminated.
[0.639s] gmake[2]: *** [CMakeFiles/combined_node.dir/build.make:132：CMakeFiles/combined_node.dir/src/websocket_receiver_node.cpp.o] 错误 1
[0.639s] gmake[2]: *** 正在等待未完成的任务....
[0.654s] [01m[K/home/guyi/github/Modified_InMoov/Unity-ros-connection/ros2 nodes/udp converter/src/servo_mediator_cpp/src/main.cpp:5:10:[m[K [01;31m[Kfatal error: [m[Kservo_mediator_cpp/websocket_receiver_node.hpp: 没有那个文件或目录
[0.654s]     5 | #include [01;31m[K"servo_mediator_cpp/websocket_receiver_node.hpp"[m[K  // ✅ 加入 WebSocket 接收节点头文件
[0.655s]       |          [01;31m[K^~~~~~~~~~~~~~~~~~~~~~~~~~~~~~~~~~~~~~~~~~~~~~~~[m[K
[0.655s] compilation terminated.
[0.657s] gmake[2]: *** [CMakeFiles/combined_node.dir/build.make:76：CMakeFiles/combined_node.dir/src/main.cpp.o] 错误 1
[0.658s] gmake[1]: *** [CMakeFiles/Makefile2:137：CMakeFiles/combined_node.dir/all] 错误 2
[0.658s] gmake: *** [Makefile:146：all] 错误 2
[0.659s] Invoked command in '/home/guyi/github/Modified_InMoov/Unity-ros-connection/ros2 nodes/udp converter/build/servo_mediator_cpp' returned '2': CMAKE_PREFIX_PATH=${CMAKE_PREFIX_PATH}:/home/guyi/github/Modified_InMoov/Unity-ros-connection/ros2 nodes/udp converter/install/ce_python:/opt/ros/humble CONDA_PROMPT_MODIFIER=(base) /usr/local/bin/cmake --build /home/guyi/github/Modified_InMoov/Unity-ros-connection/ros2 nodes/udp converter/build/servo_mediator_cpp -- -j16 -l16
