[0.141s] Invoking command in '/home/guyi/github/Modified_InMoov/Unity-ros-connection/ros2 nodes/udp converter/build/servo_mediator_cpp': CMAKE_PREFIX_PATH=${CMAKE_PREFIX_PATH}:/home/guyi/github/Modified_InMoov/Unity-ros-connection/ros2 nodes/udp converter/install/ce_python:/opt/ros/humble CONDA_PROMPT_MODIFIER=(base) /usr/local/bin/cmake --build /home/guyi/github/Modified_InMoov/Unity-ros-connection/ros2 nodes/udp converter/build/servo_mediator_cpp -- -j16 -l16
[0.174s] [ 16%] [32mBuilding CXX object CMakeFiles/combined_node.dir/src/main.cpp.o[0m
[0.175s] [ 33%] [32mBuilding CXX object CMakeFiles/combined_node.dir/src/websocket_receiver_node.cpp.o[0m
[7.491s] [ 50%] [32m[1mLinking CXX executable combined_node[0m
[8.085s] /usr/bin/ld: /lib/libgdal.so.30: undefined reference to `curl_easy_getinfo@CURL_OPENSSL_4'
[8.086s] /usr/bin/ld: /lib/libgdal.so.30: undefined reference to `curl_multi_perform@CURL_OPENSSL_4'
[8.086s] /usr/bin/ld: /lib/libgdal.so.30: undefined reference to `curl_multi_cleanup@CURL_OPENSSL_4'
[8.086s] /usr/bin/ld: /lib/x86_64-linux-gnu/libnetcdf.so.19: undefined reference to `curl_global_init@CURL_OPENSSL_4'
[8.087s] /usr/bin/ld: /lib/libgdal.so.30: undefined reference to `curl_mime_init@CURL_OPENSSL_4'
[8.087s] /usr/bin/ld: /lib/libgdal.so.30: undefined reference to `TIFFReadFromUserBuffer@LIBTIFF_4.0'
[8.089s] /usr/bin/ld: /lib/libgdal.so.30: undefined reference to `TIFFGetStrileOffsetWithErr@LIBTIFF_4.0'
[8.089s] /usr/bin/ld: /lib/libgdal.so.30: undefined reference to `curl_multi_remove_handle@CURL_OPENSSL_4'
[8.090s] /usr/bin/ld: /lib/libgdal.so.30: undefined reference to `curl_mime_addpart@CURL_OPENSSL_4'
[8.090s] /usr/bin/ld: /lib/libgdal.so.30: undefined reference to `curl_version_info@CURL_OPENSSL_4'
[8.091s] /usr/bin/ld: /lib/libgdal.so.30: undefined reference to `curl_mime_name@CURL_OPENSSL_4'
[8.092s] /usr/bin/ld: /lib/libgdal.so.30: undefined reference to `curl_mime_filename@CURL_OPENSSL_4'
[8.092s] /usr/bin/ld: /lib/libgdal.so.30: undefined reference to `curl_multi_info_read@CURL_OPENSSL_4'
[8.093s] /usr/bin/ld: /lib/libgdal.so.30: undefined reference to `curl_easy_setopt@CURL_OPENSSL_4'
[8.094s] /usr/bin/ld: /lib/libgdal.so.30: undefined reference to `TIFFDeferStrileArrayWriting@LIBTIFF_4.0'
[8.094s] /usr/bin/ld: /lib/libgdal.so.30: undefined reference to `TIFFForceStrileArrayWriting@LIBTIFF_4.0'
[8.094s] /usr/bin/ld: /lib/libgdal.so.30: undefined reference to `TIFFReadRGBATileExt@LIBTIFF_4.0'
[8.096s] /usr/bin/ld: /lib/libgdal.so.30: undefined reference to `curl_mime_free@CURL_OPENSSL_4'
[8.096s] /usr/bin/ld: /lib/libgdal.so.30: undefined reference to `curl_easy_cleanup@CURL_OPENSSL_4'
[8.097s] /usr/bin/ld: /lib/libgdal.so.30: undefined reference to `curl_mime_data_cb@CURL_OPENSSL_4'
[8.098s] /usr/bin/ld: /lib/libgdal.so.30: undefined reference to `TIFFReadRGBAStripExt@LIBTIFF_4.0'
[8.098s] /usr/bin/ld: /lib/libgdal.so.30: undefined reference to `curl_easy_perform@CURL_OPENSSL_4'
[8.099s] /usr/bin/ld: /lib/libgdal.so.30: undefined reference to `curl_easy_init@CURL_OPENSSL_4'
[8.100s] /usr/bin/ld: /lib/libgdal.so.30: undefined reference to `curl_multi_add_handle@CURL_OPENSSL_4'
[8.102s] /usr/bin/ld: /lib/libgdal.so.30: undefined reference to `TIFFGetStrileOffset@LIBTIFF_4.0'
[8.103s] /usr/bin/ld: /lib/libgdal.so.30: undefined reference to `TIFFGetStrileByteCount@LIBTIFF_4.0'
[8.104s] /usr/bin/ld: /lib/libgdal.so.30: undefined reference to `curl_slist_free_all@CURL_OPENSSL_4'
[8.104s] /usr/bin/ld: /lib/x86_64-linux-gnu/libnetcdf.so.19: undefined reference to `curl_easy_strerror@CURL_OPENSSL_4'
[8.105s] /usr/bin/ld: /lib/libgdal.so.30: undefined reference to `TIFFGetStrileByteCountWithErr@LIBTIFF_4.0'
[8.105s] /usr/bin/ld: /lib/libgdal.so.30: undefined reference to `curl_slist_append@CURL_OPENSSL_4'
[8.106s] /usr/bin/ld: /lib/libgdal.so.30: undefined reference to `curl_multi_poll@CURL_OPENSSL_4'
[8.106s] /usr/bin/ld: /lib/libgdal.so.30: undefined reference to `curl_version@CURL_OPENSSL_4'
[8.107s] /usr/bin/ld: /lib/libgdal.so.30: undefined reference to `curl_multi_setopt@CURL_OPENSSL_4'
[8.107s] /usr/bin/ld: /lib/libgdal.so.30: undefined reference to `curl_mime_data@CURL_OPENSSL_4'
[8.108s] /usr/bin/ld: /lib/libgdal.so.30: undefined reference to `curl_multi_init@CURL_OPENSSL_4'
[8.109s] /usr/bin/ld: /lib/libgdal.so.30: undefined reference to `curl_multi_wait@CURL_OPENSSL_4'
[8.109s] /usr/bin/ld: /lib/x86_64-linux-gnu/libnetcdf.so.19: undefined reference to `curl_global_cleanup@CURL_OPENSSL_4'
[8.133s] collect2: error: ld returned 1 exit status
[8.134s] gmake[2]: *** [CMakeFiles/combined_node.dir/build.make:277：combined_node] 错误 1
[8.134s] gmake[1]: *** [CMakeFiles/Makefile2:137：CMakeFiles/combined_node.dir/all] 错误 2
[8.135s] gmake: *** [Makefile:146：all] 错误 2
[8.136s] Invoked command in '/home/guyi/github/Modified_InMoov/Unity-ros-connection/ros2 nodes/udp converter/build/servo_mediator_cpp' returned '2': CMAKE_PREFIX_PATH=${CMAKE_PREFIX_PATH}:/home/guyi/github/Modified_InMoov/Unity-ros-connection/ros2 nodes/udp converter/install/ce_python:/opt/ros/humble CONDA_PROMPT_MODIFIER=(base) /usr/local/bin/cmake --build /home/guyi/github/Modified_InMoov/Unity-ros-connection/ros2 nodes/udp converter/build/servo_mediator_cpp -- -j16 -l16
