running egg_info
creating ../../build/pyqt_ros_gui/pyqt_ros_gui.egg-info
writing ../../build/pyqt_ros_gui/pyqt_ros_gui.egg-info/PKG-INFO
writing dependency_links to ../../build/pyqt_ros_gui/pyqt_ros_gui.egg-info/dependency_links.txt
writing entry points to ../../build/pyqt_ros_gui/pyqt_ros_gui.egg-info/entry_points.txt
writing requirements to ../../build/pyqt_ros_gui/pyqt_ros_gui.egg-info/requires.txt
writing top-level names to ../../build/pyqt_ros_gui/pyqt_ros_gui.egg-info/top_level.txt
writing manifest file '../../build/pyqt_ros_gui/pyqt_ros_gui.egg-info/SOURCES.txt'
reading manifest file '../../build/pyqt_ros_gui/pyqt_ros_gui.egg-info/SOURCES.txt'
writing manifest file '../../build/pyqt_ros_gui/pyqt_ros_gui.egg-info/SOURCES.txt'
running build
running build_py
creating /home/guyi/ros2_ws/build/pyqt_ros_gui/build
creating /home/guyi/ros2_ws/build/pyqt_ros_gui/build/lib
creating /home/guyi/ros2_ws/build/pyqt_ros_gui/build/lib/pyqt_ros_gui
copying pyqt_ros_gui/__init__.py -> /home/guyi/ros2_ws/build/pyqt_ros_gui/build/lib/pyqt_ros_gui
copying pyqt_ros_gui/main.py -> /home/guyi/ros2_ws/build/pyqt_ros_gui/build/lib/pyqt_ros_gui
creating /home/guyi/ros2_ws/build/pyqt_ros_gui/build/lib/pyqt_ros_gui/logic
copying pyqt_ros_gui/logic/utilities.py -> /home/guyi/ros2_ws/build/pyqt_ros_gui/build/lib/pyqt_ros_gui/logic
copying pyqt_ros_gui/logic/__init__.py -> /home/guyi/ros2_ws/build/pyqt_ros_gui/build/lib/pyqt_ros_gui/logic
copying pyqt_ros_gui/logic/joint_sender.py -> /home/guyi/ros2_ws/build/pyqt_ros_gui/build/lib/pyqt_ros_gui/logic
creating /home/guyi/ros2_ws/build/pyqt_ros_gui/build/lib/pyqt_ros_gui/node
copying pyqt_ros_gui/node/__init__.py -> /home/guyi/ros2_ws/build/pyqt_ros_gui/build/lib/pyqt_ros_gui/node
copying pyqt_ros_gui/node/joint_node_receive.py -> /home/guyi/ros2_ws/build/pyqt_ros_gui/build/lib/pyqt_ros_gui/node
copying pyqt_ros_gui/node/joint_node_publish.py -> /home/guyi/ros2_ws/build/pyqt_ros_gui/build/lib/pyqt_ros_gui/node
creating /home/guyi/ros2_ws/build/pyqt_ros_gui/build/lib/pyqt_ros_gui/ui
copying pyqt_ros_gui/ui/__init__.py -> /home/guyi/ros2_ws/build/pyqt_ros_gui/build/lib/pyqt_ros_gui/ui
copying pyqt_ros_gui/ui/joint_gui.py -> /home/guyi/ros2_ws/build/pyqt_ros_gui/build/lib/pyqt_ros_gui/ui
creating /home/guyi/ros2_ws/build/pyqt_ros_gui/build/lib/pyqt_ros_gui/actions
copying pyqt_ros_gui/actions/__init__.py -> /home/guyi/ros2_ws/build/pyqt_ros_gui/build/lib/pyqt_ros_gui/actions
copying pyqt_ros_gui/actions/actions.json -> /home/guyi/ros2_ws/build/pyqt_ros_gui/build/lib/pyqt_ros_gui/actions
running install
running install_lib
creating /home/guyi/ros2_ws/install/pyqt_ros_gui/lib/python3.10/site-packages/pyqt_ros_gui
creating /home/guyi/ros2_ws/install/pyqt_ros_gui/lib/python3.10/site-packages/pyqt_ros_gui/logic
copying /home/guyi/ros2_ws/build/pyqt_ros_gui/build/lib/pyqt_ros_gui/logic/utilities.py -> /home/guyi/ros2_ws/install/pyqt_ros_gui/lib/python3.10/site-packages/pyqt_ros_gui/logic
copying /home/guyi/ros2_ws/build/pyqt_ros_gui/build/lib/pyqt_ros_gui/logic/__init__.py -> /home/guyi/ros2_ws/install/pyqt_ros_gui/lib/python3.10/site-packages/pyqt_ros_gui/logic
copying /home/guyi/ros2_ws/build/pyqt_ros_gui/build/lib/pyqt_ros_gui/logic/joint_sender.py -> /home/guyi/ros2_ws/install/pyqt_ros_gui/lib/python3.10/site-packages/pyqt_ros_gui/logic
creating /home/guyi/ros2_ws/install/pyqt_ros_gui/lib/python3.10/site-packages/pyqt_ros_gui/node
copying /home/guyi/ros2_ws/build/pyqt_ros_gui/build/lib/pyqt_ros_gui/node/__init__.py -> /home/guyi/ros2_ws/install/pyqt_ros_gui/lib/python3.10/site-packages/pyqt_ros_gui/node
copying /home/guyi/ros2_ws/build/pyqt_ros_gui/build/lib/pyqt_ros_gui/node/joint_node_receive.py -> /home/guyi/ros2_ws/install/pyqt_ros_gui/lib/python3.10/site-packages/pyqt_ros_gui/node
copying /home/guyi/ros2_ws/build/pyqt_ros_gui/build/lib/pyqt_ros_gui/node/joint_node_publish.py -> /home/guyi/ros2_ws/install/pyqt_ros_gui/lib/python3.10/site-packages/pyqt_ros_gui/node
copying /home/guyi/ros2_ws/build/pyqt_ros_gui/build/lib/pyqt_ros_gui/__init__.py -> /home/guyi/ros2_ws/install/pyqt_ros_gui/lib/python3.10/site-packages/pyqt_ros_gui
creating /home/guyi/ros2_ws/install/pyqt_ros_gui/lib/python3.10/site-packages/pyqt_ros_gui/ui
copying /home/guyi/ros2_ws/build/pyqt_ros_gui/build/lib/pyqt_ros_gui/ui/__init__.py -> /home/guyi/ros2_ws/install/pyqt_ros_gui/lib/python3.10/site-packages/pyqt_ros_gui/ui
copying /home/guyi/ros2_ws/build/pyqt_ros_gui/build/lib/pyqt_ros_gui/ui/joint_gui.py -> /home/guyi/ros2_ws/install/pyqt_ros_gui/lib/python3.10/site-packages/pyqt_ros_gui/ui
creating /home/guyi/ros2_ws/install/pyqt_ros_gui/lib/python3.10/site-packages/pyqt_ros_gui/actions
copying /home/guyi/ros2_ws/build/pyqt_ros_gui/build/lib/pyqt_ros_gui/actions/__init__.py -> /home/guyi/ros2_ws/install/pyqt_ros_gui/lib/python3.10/site-packages/pyqt_ros_gui/actions
copying /home/guyi/ros2_ws/build/pyqt_ros_gui/build/lib/pyqt_ros_gui/actions/actions.json -> /home/guyi/ros2_ws/install/pyqt_ros_gui/lib/python3.10/site-packages/pyqt_ros_gui/actions
copying /home/guyi/ros2_ws/build/pyqt_ros_gui/build/lib/pyqt_ros_gui/main.py -> /home/guyi/ros2_ws/install/pyqt_ros_gui/lib/python3.10/site-packages/pyqt_ros_gui
byte-compiling /home/guyi/ros2_ws/install/pyqt_ros_gui/lib/python3.10/site-packages/pyqt_ros_gui/logic/utilities.py to utilities.cpython-310.pyc
byte-compiling /home/guyi/ros2_ws/install/pyqt_ros_gui/lib/python3.10/site-packages/pyqt_ros_gui/logic/__init__.py to __init__.cpython-310.pyc
byte-compiling /home/guyi/ros2_ws/install/pyqt_ros_gui/lib/python3.10/site-packages/pyqt_ros_gui/logic/joint_sender.py to joint_sender.cpython-310.pyc
byte-compiling /home/guyi/ros2_ws/install/pyqt_ros_gui/lib/python3.10/site-packages/pyqt_ros_gui/node/__init__.py to __init__.cpython-310.pyc
byte-compiling /home/guyi/ros2_ws/install/pyqt_ros_gui/lib/python3.10/site-packages/pyqt_ros_gui/node/joint_node_receive.py to joint_node_receive.cpython-310.pyc
byte-compiling /home/guyi/ros2_ws/install/pyqt_ros_gui/lib/python3.10/site-packages/pyqt_ros_gui/node/joint_node_publish.py to joint_node_publish.cpython-310.pyc
byte-compiling /home/guyi/ros2_ws/install/pyqt_ros_gui/lib/python3.10/site-packages/pyqt_ros_gui/__init__.py to __init__.cpython-310.pyc
byte-compiling /home/guyi/ros2_ws/install/pyqt_ros_gui/lib/python3.10/site-packages/pyqt_ros_gui/ui/__init__.py to __init__.cpython-310.pyc
byte-compiling /home/guyi/ros2_ws/install/pyqt_ros_gui/lib/python3.10/site-packages/pyqt_ros_gui/ui/joint_gui.py to joint_gui.cpython-310.pyc
byte-compiling /home/guyi/ros2_ws/install/pyqt_ros_gui/lib/python3.10/site-packages/pyqt_ros_gui/actions/__init__.py to __init__.cpython-310.pyc
byte-compiling /home/guyi/ros2_ws/install/pyqt_ros_gui/lib/python3.10/site-packages/pyqt_ros_gui/main.py to main.cpython-310.pyc
running install_data
creating /home/guyi/ros2_ws/install/pyqt_ros_gui/share/ament_index
creating /home/guyi/ros2_ws/install/pyqt_ros_gui/share/ament_index/resource_index
creating /home/guyi/ros2_ws/install/pyqt_ros_gui/share/ament_index/resource_index/packages
copying resource/pyqt_ros_gui -> /home/guyi/ros2_ws/install/pyqt_ros_gui/share/ament_index/resource_index/packages
copying package.xml -> /home/guyi/ros2_ws/install/pyqt_ros_gui/share/pyqt_ros_gui
creating /home/guyi/ros2_ws/install/pyqt_ros_gui/share/pyqt_ros_gui/launch
copying launch/gui_joint_gui.launch.py -> /home/guyi/ros2_ws/install/pyqt_ros_gui/share/pyqt_ros_gui/launch
creating /home/guyi/ros2_ws/install/pyqt_ros_gui/share/pyqt_ros_gui/actions
copying pyqt_ros_gui/actions/actions.json -> /home/guyi/ros2_ws/install/pyqt_ros_gui/share/pyqt_ros_gui/actions
running install_egg_info
Copying ../../build/pyqt_ros_gui/pyqt_ros_gui.egg-info to /home/guyi/ros2_ws/install/pyqt_ros_gui/lib/python3.10/site-packages/pyqt_ros_gui-0.0.0-py3.10.egg-info
running install_scripts
Installing gui_node script to /home/guyi/ros2_ws/install/pyqt_ros_gui/lib/pyqt_ros_gui
Installing joint_node_publish script to /home/guyi/ros2_ws/install/pyqt_ros_gui/lib/pyqt_ros_gui
Installing joint_node_receive script to /home/guyi/ros2_ws/install/pyqt_ros_gui/lib/pyqt_ros_gui
writing list of installed files to '/home/guyi/ros2_ws/build/pyqt_ros_gui/install.log'
