[0.012s] Invoking command in '/home/guyi/github/Modified_InMoov/Unity-ros-connection/ros2 nodes/udp converter/build/servo_mediator_cpp': CMAKE_PREFIX_PATH=${CMAKE_PREFIX_PATH}:/home/guyi/github/Modified_InMoov/Unity-ros-connection/ros2 nodes/udp converter/install/ce_python:/opt/ros/humble CONDA_PROMPT_MODIFIER=(base) /usr/local/bin/cmake --build /home/guyi/github/Modified_InMoov/Unity-ros-connection/ros2 nodes/udp converter/build/servo_mediator_cpp -- -j16 -l16
[0.040s] [ 12%] [32m[1mLinking CXX executable udp_receiver_node[0m
[0.041s] [ 25%] [32mBuilding CXX object CMakeFiles/servo_mediator_node.dir/src/servo_mediator_node.cpp.o[0m
[0.041s] [ 50%] [32mBuilding CXX object CMakeFiles/combined_node.dir/src/servo_mediator_node.cpp.o[0m
[0.041s] [ 50%] [32mBuilding CXX object CMakeFiles/combined_node.dir/src/main.cpp.o[0m
[0.139s] /usr/bin/ld: /usr/lib/gcc/x86_64-linux-gnu/11/../../../x86_64-linux-gnu/Scrt1.o: in function `_start':
[0.139s] (.text+0x1b): undefined reference to `main'
[0.151s] collect2: error: ld returned 1 exit status
[0.151s] gmake[2]: *** [CMakeFiles/udp_receiver_node.dir/build.make:159：udp_receiver_node] 错误 1
[0.152s] gmake[1]: *** [CMakeFiles/Makefile2:167：CMakeFiles/udp_receiver_node.dir/all] 错误 2
[0.152s] gmake[1]: *** 正在等待未完成的任务....
[0.195s] [01m[K/home/guyi/github/Modified_InMoov/Unity-ros-connection/ros2 nodes/udp converter/src/servo_mediator_cpp/src/main.cpp:2:10:[m[K [01;31m[Kfatal error: [m[Kudp_receiver_node.hpp: 没有那个文件或目录
[0.195s]     2 | #include [01;31m[K"udp_receiver_node.hpp"[m[K
[0.195s]       |          [01;31m[K^~~~~~~~~~~~~~~~~~~~~~~[m[K
[0.195s] compilation terminated.
[0.204s] gmake[2]: *** [CMakeFiles/combined_node.dir/build.make:76：CMakeFiles/combined_node.dir/src/main.cpp.o] 错误 1
[0.204s] gmake[2]: *** 正在等待未完成的任务....
[5.701s] [ 62%] [32m[1mLinking CXX executable servo_mediator_node[0m
[5.712s] gmake[1]: *** [CMakeFiles/Makefile2:193：CMakeFiles/combined_node.dir/all] 错误 2
[5.880s] /usr/bin/ld: /usr/lib/gcc/x86_64-linux-gnu/11/../../../x86_64-linux-gnu/Scrt1.o: in function `_start':
[5.880s] (.text+0x1b): undefined reference to `main'
[5.908s] collect2: error: ld returned 1 exit status
[5.909s] gmake[2]: *** [CMakeFiles/servo_mediator_node.dir/build.make:159：servo_mediator_node] 错误 1
[5.909s] gmake[1]: *** [CMakeFiles/Makefile2:141：CMakeFiles/servo_mediator_node.dir/all] 错误 2
[5.909s] gmake: *** [Makefile:146：all] 错误 2
[5.911s] Invoked command in '/home/guyi/github/Modified_InMoov/Unity-ros-connection/ros2 nodes/udp converter/build/servo_mediator_cpp' returned '2': CMAKE_PREFIX_PATH=${CMAKE_PREFIX_PATH}:/home/guyi/github/Modified_InMoov/Unity-ros-connection/ros2 nodes/udp converter/install/ce_python:/opt/ros/humble CONDA_PROMPT_MODIFIER=(base) /usr/local/bin/cmake --build /home/guyi/github/Modified_InMoov/Unity-ros-connection/ros2 nodes/udp converter/build/servo_mediator_cpp -- -j16 -l16
