running egg_info
creating ../../build/ce_python/ce_python.egg-info
writing ../../build/ce_python/ce_python.egg-info/PKG-INFO
writing dependency_links to ../../build/ce_python/ce_python.egg-info/dependency_links.txt
writing entry points to ../../build/ce_python/ce_python.egg-info/entry_points.txt
writing requirements to ../../build/ce_python/ce_python.egg-info/requires.txt
writing top-level names to ../../build/ce_python/ce_python.egg-info/top_level.txt
writing manifest file '../../build/ce_python/ce_python.egg-info/SOURCES.txt'
reading manifest file '../../build/ce_python/ce_python.egg-info/SOURCES.txt'
writing manifest file '../../build/ce_python/ce_python.egg-info/SOURCES.txt'
running build
running build_py
creating /home/guyi/cececeCeESP/ros2_ws/build/ce_python/build
creating /home/guyi/cececeCeESP/ros2_ws/build/ce_python/build/lib
creating /home/guyi/cececeCeESP/ros2_ws/build/ce_python/build/lib/ce_python
copying ce_python/__init__.py -> /home/guyi/cececeCeESP/ros2_ws/build/ce_python/build/lib/ce_python
copying ce_python/angle_forwarder.py -> /home/guyi/cececeCeESP/ros2_ws/build/ce_python/build/lib/ce_python
running install
running install_lib
creating /home/guyi/cececeCeESP/ros2_ws/install/ce_python/lib/python3.10/site-packages/ce_python
copying /home/guyi/cececeCeESP/ros2_ws/build/ce_python/build/lib/ce_python/__init__.py -> /home/guyi/cececeCeESP/ros2_ws/install/ce_python/lib/python3.10/site-packages/ce_python
copying /home/guyi/cececeCeESP/ros2_ws/build/ce_python/build/lib/ce_python/angle_forwarder.py -> /home/guyi/cececeCeESP/ros2_ws/install/ce_python/lib/python3.10/site-packages/ce_python
byte-compiling /home/guyi/cececeCeESP/ros2_ws/install/ce_python/lib/python3.10/site-packages/ce_python/__init__.py to __init__.cpython-310.pyc
byte-compiling /home/guyi/cececeCeESP/ros2_ws/install/ce_python/lib/python3.10/site-packages/ce_python/angle_forwarder.py to angle_forwarder.cpython-310.pyc
running install_data
creating /home/guyi/cececeCeESP/ros2_ws/install/ce_python/share/ce_python/launch
copying launch/angle_udp.launch.py -> /home/guyi/cececeCeESP/ros2_ws/install/ce_python/share/ce_python/launch
running install_egg_info
Copying ../../build/ce_python/ce_python.egg-info to /home/guyi/cececeCeESP/ros2_ws/install/ce_python/lib/python3.10/site-packages/ce_python-0.0.0-py3.10.egg-info
running install_scripts
Installing angle_forwarder script to /home/guyi/cececeCeESP/ros2_ws/install/ce_python/lib/ce_python
writing list of installed files to '/home/guyi/cececeCeESP/ros2_ws/build/ce_python/install.log'
