[0.158s] Invoking command in '/home/guyi/github/Modified_InMoov/Unity-ros-connection/ros2 nodes/build/inmoov_description': CONDA_PROMPT_MODIFIER=(base) /usr/local/bin/cmake --build /home/guyi/github/Modified_InMoov/Unity-ros-connection/ros2 nodes/build/inmoov_description -- -j16 -l16
[0.302s] Invoked command in '/home/guyi/github/Modified_InMoov/Unity-ros-connection/ros2 nodes/build/inmoov_description' returned '0': CONDA_PROMPT_MODIFIER=(base) /usr/local/bin/cmake --build /home/guyi/github/Modified_InMoov/Unity-ros-connection/ros2 nodes/build/inmoov_description -- -j16 -l16
[0.304s] Invoking command in '/home/guyi/github/Modified_InMoov/Unity-ros-connection/ros2 nodes/build/inmoov_description': CONDA_PROMPT_MODIFIER=(base) /usr/local/bin/cmake --install /home/guyi/github/Modified_InMoov/Unity-ros-connection/ros2 nodes/build/inmoov_description
[0.307s] -- Install configuration: ""
[0.307s] -- Up-to-date: /home/guyi/github/Modified_InMoov/Unity-ros-connection/ros2 nodes/install/inmoov_description/share/inmoov_description/urdf/urdf
[0.307s] -- Up-to-date: /home/guyi/github/Modified_InMoov/Unity-ros-connection/ros2 nodes/install/inmoov_description/share/inmoov_description/urdf/urdf/config.joints.urdf.xacro
[0.307s] -- Up-to-date: /home/guyi/github/Modified_InMoov/Unity-ros-connection/ros2 nodes/install/inmoov_description/share/inmoov_description/urdf/urdf/asmHead.urdf.xacro
[0.307s] -- Up-to-date: /home/guyi/github/Modified_InMoov/Unity-ros-connection/ros2 nodes/install/inmoov_description/share/inmoov_description/urdf/urdf/materials.urdf.xacro
[0.307s] -- Up-to-date: /home/guyi/github/Modified_InMoov/Unity-ros-connection/ros2 nodes/install/inmoov_description/share/inmoov_description/urdf/urdf/asmArm.urdf.xacro
[0.308s] -- Up-to-date: /home/guyi/github/Modified_InMoov/Unity-ros-connection/ros2 nodes/install/inmoov_description/share/inmoov_description/urdf/urdf/asmBicepServo.urdf.xacro
[0.308s] -- Up-to-date: /home/guyi/github/Modified_InMoov/Unity-ros-connection/ros2 nodes/install/inmoov_description/share/inmoov_description/urdf/urdf/asmTorsoServo.urdf.xacro
[0.308s] -- Up-to-date: /home/guyi/github/Modified_InMoov/Unity-ros-connection/ros2 nodes/install/inmoov_description/share/inmoov_description/urdf/urdf/asmBase.urdf.xacro
[0.308s] -- Up-to-date: /home/guyi/github/Modified_InMoov/Unity-ros-connection/ros2 nodes/install/inmoov_description/share/inmoov_description/urdf/urdf/asmHand.urdf.xacro
[0.308s] -- Up-to-date: /home/guyi/github/Modified_InMoov/Unity-ros-connection/ros2 nodes/install/inmoov_description/share/inmoov_description/urdf/urdf/asmNeckSideServo.urdf.xacro
[0.308s] -- Up-to-date: /home/guyi/github/Modified_InMoov/Unity-ros-connection/ros2 nodes/install/inmoov_description/share/inmoov_description/urdf/urdf/config.inertial.urdf.xacro
[0.308s] -- Up-to-date: /home/guyi/github/Modified_InMoov/Unity-ros-connection/ros2 nodes/install/inmoov_description/share/inmoov_description/urdf/urdf/inmoov.gazebo
[0.308s] -- Up-to-date: /home/guyi/github/Modified_InMoov/Unity-ros-connection/ros2 nodes/install/inmoov_description/share/inmoov_description/urdf/urdf/asmTorso.urdf.xacro
[0.308s] -- Up-to-date: /home/guyi/github/Modified_InMoov/Unity-ros-connection/ros2 nodes/install/inmoov_description/share/inmoov_description/urdf/urdf/asmNeckFrontServo.urdf.xacro
[0.308s] -- Up-to-date: /home/guyi/github/Modified_InMoov/Unity-ros-connection/ros2 nodes/install/inmoov_description/share/inmoov_description/urdf/urdf/asmEye.urdf.xacro
[0.308s] -- Up-to-date: /home/guyi/github/Modified_InMoov/Unity-ros-connection/ros2 nodes/install/inmoov_description/share/inmoov_description/urdf/urdf/asmFace.urdf.xacro
[0.308s] -- Up-to-date: /home/guyi/github/Modified_InMoov/Unity-ros-connection/ros2 nodes/install/inmoov_description/share/ament_index/resource_index/package_run_dependencies/inmoov_description
[0.308s] -- Up-to-date: /home/guyi/github/Modified_InMoov/Unity-ros-connection/ros2 nodes/install/inmoov_description/share/ament_index/resource_index/parent_prefix_path/inmoov_description
[0.308s] -- Up-to-date: /home/guyi/github/Modified_InMoov/Unity-ros-connection/ros2 nodes/install/inmoov_description/share/inmoov_description/environment/ament_prefix_path.sh
[0.308s] -- Up-to-date: /home/guyi/github/Modified_InMoov/Unity-ros-connection/ros2 nodes/install/inmoov_description/share/inmoov_description/environment/ament_prefix_path.dsv
[0.308s] -- Up-to-date: /home/guyi/github/Modified_InMoov/Unity-ros-connection/ros2 nodes/install/inmoov_description/share/inmoov_description/environment/path.sh
[0.308s] -- Up-to-date: /home/guyi/github/Modified_InMoov/Unity-ros-connection/ros2 nodes/install/inmoov_description/share/inmoov_description/environment/path.dsv
[0.308s] -- Up-to-date: /home/guyi/github/Modified_InMoov/Unity-ros-connection/ros2 nodes/install/inmoov_description/share/inmoov_description/local_setup.bash
[0.308s] -- Up-to-date: /home/guyi/github/Modified_InMoov/Unity-ros-connection/ros2 nodes/install/inmoov_description/share/inmoov_description/local_setup.sh
[0.309s] -- Up-to-date: /home/guyi/github/Modified_InMoov/Unity-ros-connection/ros2 nodes/install/inmoov_description/share/inmoov_description/local_setup.zsh
[0.309s] -- Up-to-date: /home/guyi/github/Modified_InMoov/Unity-ros-connection/ros2 nodes/install/inmoov_description/share/inmoov_description/local_setup.dsv
[0.309s] -- Installing: /home/guyi/github/Modified_InMoov/Unity-ros-connection/ros2 nodes/install/inmoov_description/share/inmoov_description/package.dsv
[0.309s] -- Up-to-date: /home/guyi/github/Modified_InMoov/Unity-ros-connection/ros2 nodes/install/inmoov_description/share/ament_index/resource_index/packages/inmoov_description
[0.309s] -- Up-to-date: /home/guyi/github/Modified_InMoov/Unity-ros-connection/ros2 nodes/install/inmoov_description/share/inmoov_description/cmake/inmoov_descriptionConfig.cmake
[0.309s] -- Up-to-date: /home/guyi/github/Modified_InMoov/Unity-ros-connection/ros2 nodes/install/inmoov_description/share/inmoov_description/cmake/inmoov_descriptionConfig-version.cmake
[0.309s] -- Up-to-date: /home/guyi/github/Modified_InMoov/Unity-ros-connection/ros2 nodes/install/inmoov_description/share/inmoov_description/package.xml
[0.309s] Invoked command in '/home/guyi/github/Modified_InMoov/Unity-ros-connection/ros2 nodes/build/inmoov_description' returned '0': CONDA_PROMPT_MODIFIER=(base) /usr/local/bin/cmake --install /home/guyi/github/Modified_InMoov/Unity-ros-connection/ros2 nodes/build/inmoov_description
