[0.009s] Invoking command in '/home/guyi/ros2_ws/build/ros_tcp_endpoint': CONDA_PROMPT_MODIFIER=(base) /usr/local/bin/cmake /home/guyi/ros2_ws/src/ROS-TCP-Endpoint -DCATKIN_INSTALL_INTO_PREFIX_ROOT=0 -DCMAKE_INSTALL_PREFIX=/home/guyi/ros2_ws/install/ros_tcp_endpoint
[0.016s] [0mCMake Deprecation Warning at CMakeLists.txt:1 (cmake_minimum_required):
[0.016s]   Compatibility with CMake < 2.8.12 will be removed from a future version of
[0.016s]   CMake.
[0.016s] 
[0.016s]   Update the VERSION argument <min> value or use a ...<max> suffix to tell
[0.016s]   CMake that the project does not need compatibility with older versions.
[0.016s] 
[0.016s] [0m
[0.071s] -- The C compiler identification is GNU 11.4.0
[0.129s] -- The CXX compiler identification is GNU 11.4.0
[0.135s] -- Detecting C compiler ABI info
[0.176s] -- Detecting C compiler ABI info - done
[0.181s] -- Check for working C compiler: /usr/bin/cc - skipped
[0.181s] -- Detecting C compile features
[0.181s] -- Detecting C compile features - done
[0.184s] -- Detecting CXX compiler ABI info
[0.232s] -- Detecting CXX compiler ABI info - done
[0.237s] -- Check for working CXX compiler: /usr/bin/c++ - skipped
[0.237s] -- Detecting CXX compile features
[0.238s] -- Detecting CXX compile features - done
[0.247s] [31mCMake Error at CMakeLists.txt:4 (find_package):
[0.247s]   By not providing "Findcatkin.cmake" in CMAKE_MODULE_PATH this project has
[0.247s]   asked CMake to find a package configuration file provided by "catkin", but
[0.247s]   CMake did not find one.
[0.247s] 
[0.247s]   Could not find a package configuration file provided by "catkin" with any
[0.247s]   of the following names:
[0.247s] 
[0.247s]     catkinConfig.cmake
[0.247s]     catkin-config.cmake
[0.247s] 
[0.247s]   Add the installation prefix of "catkin" to CMAKE_PREFIX_PATH or set
[0.247s]   "catkin_DIR" to a directory containing one of the above files.  If "catkin"
[0.247s]   provides a separate development package or SDK, be sure it has been
[0.247s]   installed.
[0.247s] 
[0.247s] [0m
[0.247s] -- Configuring incomplete, errors occurred!
[0.247s] See also "/home/guyi/ros2_ws/build/ros_tcp_endpoint/CMakeFiles/CMakeOutput.log".
[0.249s] Invoked command in '/home/guyi/ros2_ws/build/ros_tcp_endpoint' returned '1': CONDA_PROMPT_MODIFIER=(base) /usr/local/bin/cmake /home/guyi/ros2_ws/src/ROS-TCP-Endpoint -DCATKIN_INSTALL_INTO_PREFIX_ROOT=0 -DCMAKE_INSTALL_PREFIX=/home/guyi/ros2_ws/install/ros_tcp_endpoint
