/home/guyi/ros2_ws/install/pyqt_ros_gui/lib/python3.10/site-packages/pyqt_ros_gui/__init__.py
/home/guyi/ros2_ws/install/pyqt_ros_gui/lib/python3.10/site-packages/pyqt_ros_gui/main.py
/home/guyi/ros2_ws/install/pyqt_ros_gui/lib/python3.10/site-packages/pyqt_ros_gui/logic/utilities.py
/home/guyi/ros2_ws/install/pyqt_ros_gui/lib/python3.10/site-packages/pyqt_ros_gui/logic/__init__.py
/home/guyi/ros2_ws/install/pyqt_ros_gui/lib/python3.10/site-packages/pyqt_ros_gui/logic/joint_sender.py
/home/guyi/ros2_ws/install/pyqt_ros_gui/lib/python3.10/site-packages/pyqt_ros_gui/node/__init__.py
/home/guyi/ros2_ws/install/pyqt_ros_gui/lib/python3.10/site-packages/pyqt_ros_gui/node/joint_node_receive.py
/home/guyi/ros2_ws/install/pyqt_ros_gui/lib/python3.10/site-packages/pyqt_ros_gui/node/joint_node_publish.py
/home/guyi/ros2_ws/install/pyqt_ros_gui/lib/python3.10/site-packages/pyqt_ros_gui/ui/__init__.py
/home/guyi/ros2_ws/install/pyqt_ros_gui/lib/python3.10/site-packages/pyqt_ros_gui/ui/joint_gui.py
/home/guyi/ros2_ws/install/pyqt_ros_gui/lib/python3.10/site-packages/pyqt_ros_gui/actions/__init__.py
/home/guyi/ros2_ws/install/pyqt_ros_gui/lib/python3.10/site-packages/pyqt_ros_gui/actions/actions.json
/home/guyi/ros2_ws/install/pyqt_ros_gui/lib/python3.10/site-packages/pyqt_ros_gui/__pycache__/__init__.cpython-310.pyc
/home/guyi/ros2_ws/install/pyqt_ros_gui/lib/python3.10/site-packages/pyqt_ros_gui/__pycache__/main.cpython-310.pyc
/home/guyi/ros2_ws/install/pyqt_ros_gui/lib/python3.10/site-packages/pyqt_ros_gui/logic/__pycache__/utilities.cpython-310.pyc
/home/guyi/ros2_ws/install/pyqt_ros_gui/lib/python3.10/site-packages/pyqt_ros_gui/logic/__pycache__/__init__.cpython-310.pyc
/home/guyi/ros2_ws/install/pyqt_ros_gui/lib/python3.10/site-packages/pyqt_ros_gui/logic/__pycache__/joint_sender.cpython-310.pyc
/home/guyi/ros2_ws/install/pyqt_ros_gui/lib/python3.10/site-packages/pyqt_ros_gui/node/__pycache__/__init__.cpython-310.pyc
/home/guyi/ros2_ws/install/pyqt_ros_gui/lib/python3.10/site-packages/pyqt_ros_gui/node/__pycache__/joint_node_receive.cpython-310.pyc
/home/guyi/ros2_ws/install/pyqt_ros_gui/lib/python3.10/site-packages/pyqt_ros_gui/node/__pycache__/joint_node_publish.cpython-310.pyc
/home/guyi/ros2_ws/install/pyqt_ros_gui/lib/python3.10/site-packages/pyqt_ros_gui/ui/__pycache__/__init__.cpython-310.pyc
/home/guyi/ros2_ws/install/pyqt_ros_gui/lib/python3.10/site-packages/pyqt_ros_gui/ui/__pycache__/joint_gui.cpython-310.pyc
/home/guyi/ros2_ws/install/pyqt_ros_gui/lib/python3.10/site-packages/pyqt_ros_gui/actions/__pycache__/__init__.cpython-310.pyc
/home/guyi/ros2_ws/install/pyqt_ros_gui/share/ament_index/resource_index/packages/pyqt_ros_gui
/home/guyi/ros2_ws/install/pyqt_ros_gui/share/pyqt_ros_gui/package.xml
/home/guyi/ros2_ws/install/pyqt_ros_gui/share/pyqt_ros_gui/launch/gui_joint_gui.launch.py
/home/guyi/ros2_ws/install/pyqt_ros_gui/share/pyqt_ros_gui/actions/actions.json
/home/guyi/ros2_ws/install/pyqt_ros_gui/lib/python3.10/site-packages/pyqt_ros_gui-0.0.0-py3.10.egg-info/top_level.txt
/home/guyi/ros2_ws/install/pyqt_ros_gui/lib/python3.10/site-packages/pyqt_ros_gui-0.0.0-py3.10.egg-info/requires.txt
/home/guyi/ros2_ws/install/pyqt_ros_gui/lib/python3.10/site-packages/pyqt_ros_gui-0.0.0-py3.10.egg-info/zip-safe
/home/guyi/ros2_ws/install/pyqt_ros_gui/lib/python3.10/site-packages/pyqt_ros_gui-0.0.0-py3.10.egg-info/entry_points.txt
/home/guyi/ros2_ws/install/pyqt_ros_gui/lib/python3.10/site-packages/pyqt_ros_gui-0.0.0-py3.10.egg-info/PKG-INFO
/home/guyi/ros2_ws/install/pyqt_ros_gui/lib/python3.10/site-packages/pyqt_ros_gui-0.0.0-py3.10.egg-info/SOURCES.txt
/home/guyi/ros2_ws/install/pyqt_ros_gui/lib/python3.10/site-packages/pyqt_ros_gui-0.0.0-py3.10.egg-info/dependency_links.txt
/home/guyi/ros2_ws/install/pyqt_ros_gui/lib/pyqt_ros_gui/gui_node
/home/guyi/ros2_ws/install/pyqt_ros_gui/lib/pyqt_ros_gui/joint_node_publish
/home/guyi/ros2_ws/install/pyqt_ros_gui/lib/pyqt_ros_gui/joint_node_receive
