[0.011s] Invoking command in '/home/guyi/github/Modified_InMoov/ros-http/build/decode_node': CMAKE_PREFIX_PATH=/home/guyi/github/Modified_InMoov/ros-http/install/http_gateway:/home/guyi/github/Modified_InMoov/Unity-ros-connection/ros2 nodes/install/ros_tcp_endpoint:/home/guyi/github/Modified_InMoov/Unity-ros-connection/ros2 nodes/install/ce_python:/home/guyi/github/Modified_InMoov/Unity-ros-connection/ros2 nodes/udp converter/install/ce_python:/opt/ros/humble:${CMAKE_PREFIX_PATH} CONDA_PROMPT_MODIFIER=(base) /usr/local/bin/cmake --build /home/guyi/github/Modified_InMoov/ros-http/build/decode_node -- -j16 -l16
[0.027s] [35m[1mConsolidate compiler generated dependencies of target image_decoder_node[0m
[0.038s] [ 50%] [32mBuilding CXX object CMakeFiles/image_decoder_node.dir/src/image_decoder_node.cpp.o[0m
[1.846s] [01m[K/home/guyi/github/Modified_InMoov/ros-http/src/decode_node/src/image_decoder_node.cpp:23:25:[m[K [01;31m[Kerror: [m[K‘[01m[Ksensor_msgs[m[K’ does not name a type
[1.846s]    23 |     void callback(const [01;31m[Ksensor_msgs[m[K::msg::CompressedImage::SharedPtr msg) {
[1.846s]       |                         [01;31m[K^~~~~~~~~~~[m[K
[1.846s] [01m[K/home/guyi/github/Modified_InMoov/ros-http/src/decode_node/src/image_decoder_node.cpp:23:41:[m[K [01;31m[Kerror: [m[Kexpected unqualified-id before ‘[01m[K::[m[K’ token
[1.846s]    23 |     void callback(const sensor_msgs::msg[01;31m[K::[m[KCompressedImage::SharedPtr msg) {
[1.846s]       |                                         [01;31m[K^~[m[K
[1.846s] [01m[K/home/guyi/github/Modified_InMoov/ros-http/src/decode_node/src/image_decoder_node.cpp:23:41:[m[K [01;31m[Kerror: [m[Kexpected ‘[01m[K)[m[K’ before ‘[01m[K::[m[K’ token
[1.846s]    23 |     void callback[34m[K([m[Kconst sensor_msgs::msg[01;31m[K:[m[K[32m[K:[m[KCompressedImage::SharedPtr msg) {
[1.846s]       |                  [34m[K~[m[K                      [01;31m[K^[m[K[32m[K~[m[K
[1.846s]       |                                         [32m[K)[m[K
[1.846s] [01m[K/home/guyi/github/Modified_InMoov/ros-http/src/decode_node/src/image_decoder_node.cpp:23:38:[m[K [01;31m[Kerror: [m[Kexpected ‘[01m[K;[m[K’ at end of member declaration
[1.846s]    23 |     void callback(const sensor_msgs::[01;31m[Kmsg[m[K::CompressedImage::SharedPtr msg) {
[1.847s]       |                                      [01;31m[K^~~[m[K
[1.847s]       |                                         [32m[K;[m[K
[1.850s] [01m[K/home/guyi/github/Modified_InMoov/ros-http/src/decode_node/src/image_decoder_node.cpp:23:43:[m[K [01;31m[Kerror: [m[K‘[01m[KCompressedImage[m[K’ in namespace ‘[01m[K::[m[K’ does not name a type
[1.850s]    23 |     void callback(const sensor_msgs::msg::[01;31m[KCompressedImage[m[K::SharedPtr msg) {
[1.850s]       |                                           [01;31m[K^~~~~~~~~~~~~~~[m[K
[2.210s] In file included from [01m[K/opt/ros/humble/include/rclcpp/rclcpp/client.hpp:39[m[K,
[2.210s]                  from [01m[K/opt/ros/humble/include/rclcpp/rclcpp/callback_group.hpp:24[m[K,
[2.210s]                  from [01m[K/opt/ros/humble/include/rclcpp/rclcpp/any_executable.hpp:20[m[K,
[2.210s]                  from [01m[K/opt/ros/humble/include/rclcpp/rclcpp/memory_strategy.hpp:25[m[K,
[2.211s]                  from [01m[K/opt/ros/humble/include/rclcpp/rclcpp/memory_strategies.hpp:18[m[K,
[2.211s]                  from [01m[K/opt/ros/humble/include/rclcpp/rclcpp/executor_options.hpp:20[m[K,
[2.211s]                  from [01m[K/opt/ros/humble/include/rclcpp/rclcpp/executor.hpp:37[m[K,
[2.211s]                  from [01m[K/opt/ros/humble/include/rclcpp/rclcpp/executors/multi_threaded_executor.hpp:25[m[K,
[2.211s]                  from [01m[K/opt/ros/humble/include/rclcpp/rclcpp/executors.hpp:21[m[K,
[2.211s]                  from [01m[K/opt/ros/humble/include/rclcpp/rclcpp/rclcpp.hpp:155[m[K,
[2.211s]                  from [01m[K/home/guyi/github/Modified_InMoov/ros-http/src/decode_node/src/image_decoder_node.cpp:1[m[K:
[2.211s] /opt/ros/humble/include/rclcpp/rclcpp/function_traits.hpp: In instantiation of ‘[01m[Kstruct rclcpp::function_traits::function_traits<std::_Bind<void (ImageDecoderNode::*(ImageDecoderNode*, std::_Placeholder<1>))(...)> >[m[K’:
[2.211s] [01m[K/opt/ros/humble/include/rclcpp/rclcpp/any_subscription_callback.hpp:380:10:[m[K   recursively required by substitution of ‘[01m[Ktemplate<class MessageT, class CallbackT> struct rclcpp::detail::SubscriptionCallbackTypeHelper<MessageT, CallbackT, typename std::enable_if<rclcpp::function_traits::same_arguments<CallbackT, std::function<void(std::shared_ptr<_Tp>, const rclcpp::MessageInfo&)> >::value, void>::type> [with MessageT = std_msgs::msg::String_<std::allocator<void> >; CallbackT = std::_Bind<void (ImageDecoderNode::*(ImageDecoderNode*, std::_Placeholder<1>))(...)>][m[K’
[2.211s] [01m[K/opt/ros/humble/include/rclcpp/rclcpp/any_subscription_callback.hpp:380:10:[m[K   required from ‘[01m[Krclcpp::AnySubscriptionCallback<MessageT, AllocatorT> rclcpp::AnySubscriptionCallback<MessageT, AllocatorT>::set(CallbackT) [with CallbackT = std::_Bind<void (ImageDecoderNode::*(ImageDecoderNode*, std::_Placeholder<1>))(...)>; MessageT = std_msgs::msg::String_<std::allocator<void> >; AllocatorT = std::allocator<void>][m[K’
[2.211s] [01m[K/opt/ros/humble/include/rclcpp/rclcpp/subscription_factory.hpp:94:32:[m[K   required from ‘[01m[Krclcpp::SubscriptionFactory rclcpp::create_subscription_factory(CallbackT&&, const rclcpp::SubscriptionOptionsWithAllocator<AllocatorT>&, typename MessageMemoryStrategyT::SharedPtr, std::shared_ptr<rclcpp::topic_statistics::SubscriptionTopicStatistics<ROSMessageType> >) [with MessageT = std_msgs::msg::String_<std::allocator<void> >; CallbackT = std::_Bind<void (ImageDecoderNode::*(ImageDecoderNode*, std::_Placeholder<1>))(...)>; AllocatorT = std::allocator<void>; SubscriptionT = rclcpp::Subscription<std_msgs::msg::String_<std::allocator<void> > >; MessageMemoryStrategyT = rclcpp::message_memory_strategy::MessageMemoryStrategy<std_msgs::msg::String_<std::allocator<void> >, std::allocator<void> >; ROSMessageType = std_msgs::msg::String_<std::allocator<void> >; typename MessageMemoryStrategyT::SharedPtr = std::shared_ptr<rclcpp::message_memory_strategy::MessageMemoryStrategy<std_msgs::msg::String_<std::allocator<void> >, std::allocator<void> > >][m[K’
[2.211s] [01m[K/opt/ros/humble/include/rclcpp/rclcpp/create_subscription.hpp:122:63:[m[K   required from ‘[01m[Kstd::shared_ptr<ROSMessageT> rclcpp::detail::create_subscription(NodeParametersT&, NodeTopicsT&, const string&, const rclcpp::QoS&, CallbackT&&, const rclcpp::SubscriptionOptionsWithAllocator<AllocatorT>&, typename MessageMemoryStrategyT::SharedPtr) [with MessageT = std_msgs::msg::String_<std::allocator<void> >; CallbackT = std::_Bind<void (ImageDecoderNode::*(ImageDecoderNode*, std::_Placeholder<1>))(...)>; AllocatorT = std::allocator<void>; SubscriptionT = rclcpp::Subscription<std_msgs::msg::String_<std::allocator<void> > >; MessageMemoryStrategyT = rclcpp::message_memory_strategy::MessageMemoryStrategy<std_msgs::msg::String_<std::allocator<void> >, std::allocator<void> >; NodeParametersT = rclcpp::Node; NodeTopicsT = rclcpp::Node; ROSMessageType = std_msgs::msg::String_<std::allocator<void> >; std::string = std::__cxx11::basic_string<char>; typename MessageMemoryStrategyT::SharedPtr = std::shared_ptr<rclcpp::message_memory_strategy::MessageMemoryStrategy<std_msgs::msg::String_<std::allocator<void> >, std::allocator<void> > >][m[K’
[2.211s] [01m[K/opt/ros/humble/include/rclcpp/rclcpp/create_subscription.hpp:191:76:[m[K   required from ‘[01m[Kstd::shared_ptr<ROSMessageT> rclcpp::create_subscription(NodeT&, const string&, const rclcpp::QoS&, CallbackT&&, const rclcpp::SubscriptionOptionsWithAllocator<AllocatorT>&, typename MessageMemoryStrategyT::SharedPtr) [with MessageT = std_msgs::msg::String_<std::allocator<void> >; CallbackT = std::_Bind<void (ImageDecoderNode::*(ImageDecoderNode*, std::_Placeholder<1>))(...)>; AllocatorT = std::allocator<void>; SubscriptionT = rclcpp::Subscription<std_msgs::msg::String_<std::allocator<void> > >; MessageMemoryStrategyT = rclcpp::message_memory_strategy::MessageMemoryStrategy<std_msgs::msg::String_<std::allocator<void> >, std::allocator<void> >; NodeT = rclcpp::Node; std::string = std::__cxx11::basic_string<char>; typename MessageMemoryStrategyT::SharedPtr = std::shared_ptr<rclcpp::message_memory_strategy::MessageMemoryStrategy<std_msgs::msg::String_<std::allocator<void> >, std::allocator<void> > >][m[K’
[2.211s] [01m[K/opt/ros/humble/include/rclcpp/rclcpp/node_impl.hpp:99:47:[m[K   required from ‘[01m[Kstd::shared_ptr<ROSMessageT> rclcpp::Node::create_subscription(const string&, const rclcpp::QoS&, CallbackT&&, const rclcpp::SubscriptionOptionsWithAllocator<AllocatorT>&, typename MessageMemoryStrategyT::SharedPtr) [with MessageT = std_msgs::msg::String_<std::allocator<void> >; CallbackT = std::_Bind<void (ImageDecoderNode::*(ImageDecoderNode*, std::_Placeholder<1>))(...)>; AllocatorT = std::allocator<void>; SubscriptionT = rclcpp::Subscription<std_msgs::msg::String_<std::allocator<void> > >; MessageMemoryStrategyT = rclcpp::message_memory_strategy::MessageMemoryStrategy<std_msgs::msg::String_<std::allocator<void> >, std::allocator<void> >; std::string = std::__cxx11::basic_string<char>; typename MessageMemoryStrategyT::SharedPtr = std::shared_ptr<rclcpp::message_memory_strategy::MessageMemoryStrategy<std_msgs::msg::String_<std::allocator<void> >, std::allocator<void> > >][m[K’
[2.211s] [01m[K/home/guyi/github/Modified_InMoov/ros-http/src/decode_node/src/image_decoder_node.cpp:14:73:[m[K   required from here
[2.211s] [01m[K/opt/ros/humble/include/rclcpp/rclcpp/function_traits.hpp:51:9:[m[K [01;31m[Kerror: [m[K‘[01m[Kdecltype[m[K’ cannot resolve address of overloaded function
[2.211s]    51 |   using [01;31m[Karguments[m[K = typename tuple_tail<
[2.211s]       |         [01;31m[K^~~~~~~~~[m[K
[2.211s] [01m[K/opt/ros/humble/include/rclcpp/rclcpp/function_traits.hpp:57:9:[m[K [01;31m[Kerror: [m[K‘[01m[Kdecltype[m[K’ cannot resolve address of overloaded function
[2.211s]    57 |   using [01;31m[Kargument_type[m[K = typename std::tuple_element<N, arguments>::type;
[2.211s]       |         [01;31m[K^~~~~~~~~~~~~[m[K
[2.211s] [01m[K/opt/ros/humble/include/rclcpp/rclcpp/function_traits.hpp:59:9:[m[K [01;31m[Kerror: [m[K‘[01m[Kdecltype[m[K’ cannot resolve address of overloaded function
[2.211s]    59 |   using [01;31m[Kreturn_type[m[K = typename function_traits<decltype( &FunctionT::operator())>::return_type;
[2.211s]       |         [01;31m[K^~~~~~~~~~~[m[K
[3.482s] gmake[2]: *** [CMakeFiles/image_decoder_node.dir/build.make:76：CMakeFiles/image_decoder_node.dir/src/image_decoder_node.cpp.o] 错误 1
[3.482s] gmake[1]: *** [CMakeFiles/Makefile2:137：CMakeFiles/image_decoder_node.dir/all] 错误 2
[3.482s] gmake: *** [Makefile:146：all] 错误 2
[3.484s] Invoked command in '/home/guyi/github/Modified_InMoov/ros-http/build/decode_node' returned '2': CMAKE_PREFIX_PATH=/home/guyi/github/Modified_InMoov/ros-http/install/http_gateway:/home/guyi/github/Modified_InMoov/Unity-ros-connection/ros2 nodes/install/ros_tcp_endpoint:/home/guyi/github/Modified_InMoov/Unity-ros-connection/ros2 nodes/install/ce_python:/home/guyi/github/Modified_InMoov/Unity-ros-connection/ros2 nodes/udp converter/install/ce_python:/opt/ros/humble:${CMAKE_PREFIX_PATH} CONDA_PROMPT_MODIFIER=(base) /usr/local/bin/cmake --build /home/guyi/github/Modified_InMoov/ros-http/build/decode_node -- -j16 -l16
