[0.347s] Invoking command in '/home/guyi/github/Modified_InMoov/Unity-ros-connection/ros2 nodes/udp converter/src/ce_python': CONDA_PROMPT_MODIFIER=(base) PYTHONPATH=/home/guyi/github/Modified_InMoov/Unity-ros-connection/ros2 nodes/udp converter/build/ce_python/prefix_override:/usr/lib/python3/dist-packages/colcon_core/task/python/colcon_distutils_commands:/home/guyi/github/Modified_InMoov/Unity-ros-connection/ros2 nodes/udp converter/install/ce_python/lib/python3.10/site-packages:${PYTHONPATH} /usr/bin/python3 -W ignore:setup.py install is deprecated -W ignore:easy_install command is deprecated setup.py egg_info --egg-base ../../build/ce_python build --build-base /home/guyi/github/Modified_InMoov/Unity-ros-connection/ros2 nodes/udp converter/build/ce_python/build install --record /home/guyi/github/Modified_InMoov/Unity-ros-connection/ros2 nodes/udp converter/build/ce_python/install.log --single-version-externally-managed install_data
[0.470s] running egg_info
[0.470s] writing ../../build/ce_python/ce_python.egg-info/PKG-INFO
[0.470s] writing dependency_links to ../../build/ce_python/ce_python.egg-info/dependency_links.txt
[0.471s] writing entry points to ../../build/ce_python/ce_python.egg-info/entry_points.txt
[0.471s] writing requirements to ../../build/ce_python/ce_python.egg-info/requires.txt
[0.471s] writing top-level names to ../../build/ce_python/ce_python.egg-info/top_level.txt
[0.471s] reading manifest file '../../build/ce_python/ce_python.egg-info/SOURCES.txt'
[0.472s] writing manifest file '../../build/ce_python/ce_python.egg-info/SOURCES.txt'
[0.472s] running build
[0.473s] running build_py
[0.473s] copying ce_python/image_publish_node.py -> /home/guyi/github/Modified_InMoov/Unity-ros-connection/ros2 nodes/udp converter/build/ce_python/build/lib/ce_python
[0.473s] running install
[0.473s] running install_lib
[0.473s] copying /home/guyi/github/Modified_InMoov/Unity-ros-connection/ros2 nodes/udp converter/build/ce_python/build/lib/ce_python/image_publish_node.py -> /home/guyi/github/Modified_InMoov/Unity-ros-connection/ros2 nodes/udp converter/install/ce_python/lib/python3.10/site-packages/ce_python
[0.474s] byte-compiling /home/guyi/github/Modified_InMoov/Unity-ros-connection/ros2 nodes/udp converter/install/ce_python/lib/python3.10/site-packages/ce_python/image_publish_node.py to image_publish_node.cpython-310.pyc
[0.474s] running install_data
[0.474s] running install_egg_info
[0.475s] removing '/home/guyi/github/Modified_InMoov/Unity-ros-connection/ros2 nodes/udp converter/install/ce_python/lib/python3.10/site-packages/ce_python-0.0.0-py3.10.egg-info' (and everything under it)
[0.476s] Copying ../../build/ce_python/ce_python.egg-info to /home/guyi/github/Modified_InMoov/Unity-ros-connection/ros2 nodes/udp converter/install/ce_python/lib/python3.10/site-packages/ce_python-0.0.0-py3.10.egg-info
[0.476s] running install_scripts
[0.487s] Installing angle_forwarder script to /home/guyi/github/Modified_InMoov/Unity-ros-connection/ros2 nodes/udp converter/install/ce_python/lib/ce_python
[0.488s] Installing image_publish_node script to /home/guyi/github/Modified_InMoov/Unity-ros-connection/ros2 nodes/udp converter/install/ce_python/lib/ce_python
[0.488s] writing list of installed files to '/home/guyi/github/Modified_InMoov/Unity-ros-connection/ros2 nodes/udp converter/build/ce_python/install.log'
[0.501s] Invoked command in '/home/guyi/github/Modified_InMoov/Unity-ros-connection/ros2 nodes/udp converter/src/ce_python' returned '0': CONDA_PROMPT_MODIFIER=(base) PYTHONPATH=/home/guyi/github/Modified_InMoov/Unity-ros-connection/ros2 nodes/udp converter/build/ce_python/prefix_override:/usr/lib/python3/dist-packages/colcon_core/task/python/colcon_distutils_commands:/home/guyi/github/Modified_InMoov/Unity-ros-connection/ros2 nodes/udp converter/install/ce_python/lib/python3.10/site-packages:${PYTHONPATH} /usr/bin/python3 -W ignore:setup.py install is deprecated -W ignore:easy_install command is deprecated setup.py egg_info --egg-base ../../build/ce_python build --build-base /home/guyi/github/Modified_InMoov/Unity-ros-connection/ros2 nodes/udp converter/build/ce_python/build install --record /home/guyi/github/Modified_InMoov/Unity-ros-connection/ros2 nodes/udp converter/build/ce_python/install.log --single-version-externally-managed install_data
