[0.066s] DEBUG:colcon:Command line arguments: ['/usr/bin/colcon', 'build']
[0.066s] DEBUG:colcon:Parsed command line arguments: Namespace(log_base=None, log_level=None, verb_name='build', build_base='build', install_base='install', merge_install=False, symlink_install=False, test_result_base=None, continue_on_error=False, executor='parallel', parallel_workers=16, event_handlers=None, ignore_user_meta=False, metas=['./colcon.meta'], base_paths=['.'], packages_ignore=None, packages_ignore_regex=None, paths=None, packages_up_to=None, packages_up_to_regex=None, packages_above=None, packages_above_and_dependencies=None, packages_above_depth=None, packages_select_by_dep=None, packages_skip_by_dep=None, packages_skip_up_to=None, packages_select_build_failed=False, packages_skip_build_finished=False, packages_select_test_failures=False, packages_skip_test_passed=False, packages_select=None, packages_skip=None, packages_select_regex=None, packages_skip_regex=None, packages_start=None, packages_end=None, allow_overriding=[], cmake_args=None, cmake_target=None, cmake_target_skip_unavailable=False, cmake_clean_cache=False, cmake_clean_first=False, cmake_force_configure=False, ament_cmake_args=None, catkin_cmake_args=None, catkin_skip_building_tests=False, verb_parser=<colcon_defaults.argument_parser.defaults.DefaultArgumentsDecorator object at 0x75228055e3b0>, verb_extension=<colcon_core.verb.build.BuildVerb object at 0x75228055dea0>, main=<bound method BuildVerb.main of <colcon_core.verb.build.BuildVerb object at 0x75228055dea0>>)
[0.164s] Level 1:colcon.colcon_core.package_discovery:discover_packages(colcon_meta) check parameters
[0.165s] Level 1:colcon.colcon_core.package_discovery:discover_packages(recursive) check parameters
[0.165s] Level 1:colcon.colcon_core.package_discovery:discover_packages(ignore) check parameters
[0.165s] Level 1:colcon.colcon_core.package_discovery:discover_packages(path) check parameters
[0.165s] Level 1:colcon.colcon_core.package_discovery:discover_packages(colcon_meta) discover
[0.165s] Level 1:colcon.colcon_core.package_discovery:discover_packages(recursive) discover
[0.165s] INFO:colcon.colcon_core.package_discovery:Crawling recursively for packages in '/home/guyi/github/Modified_InMoov/visualize_ws'
[0.165s] Level 1:colcon.colcon_core.package_identification:_identify(.) by extensions ['ignore', 'ignore_ament_install']
[0.165s] Level 1:colcon.colcon_core.package_identification:_identify(.) by extension 'ignore'
[0.165s] Level 1:colcon.colcon_core.package_identification:_identify(.) by extension 'ignore_ament_install'
[0.165s] Level 1:colcon.colcon_core.package_identification:_identify(.) by extensions ['colcon_pkg']
[0.165s] Level 1:colcon.colcon_core.package_identification:_identify(.) by extension 'colcon_pkg'
[0.165s] Level 1:colcon.colcon_core.package_identification:_identify(.) by extensions ['colcon_meta']
[0.165s] Level 1:colcon.colcon_core.package_identification:_identify(.) by extension 'colcon_meta'
[0.165s] Level 1:colcon.colcon_core.package_identification:_identify(.) by extensions ['ros']
[0.165s] Level 1:colcon.colcon_core.package_identification:_identify(.) by extension 'ros'
[0.171s] Level 1:colcon.colcon_core.package_identification:_identify(.) by extensions ['cmake', 'python']
[0.172s] Level 1:colcon.colcon_core.package_identification:_identify(.) by extension 'cmake'
[0.172s] Level 1:colcon.colcon_core.package_identification:_identify(.) by extension 'python'
[0.172s] Level 1:colcon.colcon_core.package_identification:_identify(.) by extensions ['python_setup_py']
[0.172s] Level 1:colcon.colcon_core.package_identification:_identify(.) by extension 'python_setup_py'
[0.172s] Level 1:colcon.colcon_core.package_identification:_identify(arm_system_description) by extensions ['ignore', 'ignore_ament_install']
[0.172s] Level 1:colcon.colcon_core.package_identification:_identify(arm_system_description) by extension 'ignore'
[0.172s] Level 1:colcon.colcon_core.package_identification:_identify(arm_system_description) by extension 'ignore_ament_install'
[0.172s] Level 1:colcon.colcon_core.package_identification:_identify(arm_system_description) by extensions ['colcon_pkg']
[0.172s] Level 1:colcon.colcon_core.package_identification:_identify(arm_system_description) by extension 'colcon_pkg'
[0.172s] Level 1:colcon.colcon_core.package_identification:_identify(arm_system_description) by extensions ['colcon_meta']
[0.172s] Level 1:colcon.colcon_core.package_identification:_identify(arm_system_description) by extension 'colcon_meta'
[0.172s] Level 1:colcon.colcon_core.package_identification:_identify(arm_system_description) by extensions ['ros']
[0.172s] Level 1:colcon.colcon_core.package_identification:_identify(arm_system_description) by extension 'ros'
[0.173s] DEBUG:colcon.colcon_core.package_identification:Package 'arm_system_description' with type 'ros.ament_cmake' and name 'arm_system_description'
[0.173s] Level 1:colcon.colcon_core.package_identification:_identify(arm_system_model) by extensions ['ignore', 'ignore_ament_install']
[0.173s] Level 1:colcon.colcon_core.package_identification:_identify(arm_system_model) by extension 'ignore'
[0.173s] Level 1:colcon.colcon_core.package_identification:_identify(arm_system_model) by extension 'ignore_ament_install'
[0.173s] Level 1:colcon.colcon_core.package_identification:_identify(arm_system_model) by extensions ['colcon_pkg']
[0.173s] Level 1:colcon.colcon_core.package_identification:_identify(arm_system_model) by extension 'colcon_pkg'
[0.173s] Level 1:colcon.colcon_core.package_identification:_identify(arm_system_model) by extensions ['colcon_meta']
[0.173s] Level 1:colcon.colcon_core.package_identification:_identify(arm_system_model) by extension 'colcon_meta'
[0.173s] Level 1:colcon.colcon_core.package_identification:_identify(arm_system_model) by extensions ['ros']
[0.173s] Level 1:colcon.colcon_core.package_identification:_identify(arm_system_model) by extension 'ros'
[0.174s] DEBUG:colcon.colcon_core.package_identification:Package 'arm_system_model' with type 'ros.ament_python' and name 'arm_system_model'
[0.174s] Level 1:colcon.colcon_core.package_identification:_identify(arm_system_tools) by extensions ['ignore', 'ignore_ament_install']
[0.174s] Level 1:colcon.colcon_core.package_identification:_identify(arm_system_tools) by extension 'ignore'
[0.174s] Level 1:colcon.colcon_core.package_identification:_identify(arm_system_tools) by extension 'ignore_ament_install'
[0.174s] Level 1:colcon.colcon_core.package_identification:_identify(arm_system_tools) by extensions ['colcon_pkg']
[0.174s] Level 1:colcon.colcon_core.package_identification:_identify(arm_system_tools) by extension 'colcon_pkg'
[0.174s] Level 1:colcon.colcon_core.package_identification:_identify(arm_system_tools) by extensions ['colcon_meta']
[0.174s] Level 1:colcon.colcon_core.package_identification:_identify(arm_system_tools) by extension 'colcon_meta'
[0.174s] Level 1:colcon.colcon_core.package_identification:_identify(arm_system_tools) by extensions ['ros']
[0.174s] Level 1:colcon.colcon_core.package_identification:_identify(arm_system_tools) by extension 'ros'
[0.175s] DEBUG:colcon.colcon_core.package_identification:Package 'arm_system_tools' with type 'ros.ament_python' and name 'arm_system_tools'
[0.175s] Level 1:colcon.colcon_core.package_identification:_identify(build) by extensions ['ignore', 'ignore_ament_install']
[0.175s] Level 1:colcon.colcon_core.package_identification:_identify(build) by extension 'ignore'
[0.175s] Level 1:colcon.colcon_core.package_identification:_identify(build) ignored
[0.176s] Level 1:colcon.colcon_core.package_identification:_identify(install) by extensions ['ignore', 'ignore_ament_install']
[0.176s] Level 1:colcon.colcon_core.package_identification:_identify(install) by extension 'ignore'
[0.176s] Level 1:colcon.colcon_core.package_identification:_identify(install) ignored
[0.176s] Level 1:colcon.colcon_core.package_identification:_identify(log) by extensions ['ignore', 'ignore_ament_install']
[0.176s] Level 1:colcon.colcon_core.package_identification:_identify(log) by extension 'ignore'
[0.176s] Level 1:colcon.colcon_core.package_identification:_identify(log) ignored
[0.176s] Level 1:colcon.colcon_core.package_identification:_identify(meshes) by extensions ['ignore', 'ignore_ament_install']
[0.176s] Level 1:colcon.colcon_core.package_identification:_identify(meshes) by extension 'ignore'
[0.176s] Level 1:colcon.colcon_core.package_identification:_identify(meshes) by extension 'ignore_ament_install'
[0.176s] Level 1:colcon.colcon_core.package_identification:_identify(meshes) by extensions ['colcon_pkg']
[0.176s] Level 1:colcon.colcon_core.package_identification:_identify(meshes) by extension 'colcon_pkg'
[0.176s] Level 1:colcon.colcon_core.package_identification:_identify(meshes) by extensions ['colcon_meta']
[0.176s] Level 1:colcon.colcon_core.package_identification:_identify(meshes) by extension 'colcon_meta'
[0.176s] Level 1:colcon.colcon_core.package_identification:_identify(meshes) by extensions ['ros']
[0.176s] Level 1:colcon.colcon_core.package_identification:_identify(meshes) by extension 'ros'
[0.176s] Level 1:colcon.colcon_core.package_identification:_identify(meshes) by extensions ['cmake', 'python']
[0.176s] Level 1:colcon.colcon_core.package_identification:_identify(meshes) by extension 'cmake'
[0.176s] Level 1:colcon.colcon_core.package_identification:_identify(meshes) by extension 'python'
[0.176s] Level 1:colcon.colcon_core.package_identification:_identify(meshes) by extensions ['python_setup_py']
[0.176s] Level 1:colcon.colcon_core.package_identification:_identify(meshes) by extension 'python_setup_py'
[0.176s] Level 1:colcon.colcon_core.package_identification:_identify(meshes/left) by extensions ['ignore', 'ignore_ament_install']
[0.176s] Level 1:colcon.colcon_core.package_identification:_identify(meshes/left) by extension 'ignore'
[0.176s] Level 1:colcon.colcon_core.package_identification:_identify(meshes/left) by extension 'ignore_ament_install'
[0.176s] Level 1:colcon.colcon_core.package_identification:_identify(meshes/left) by extensions ['colcon_pkg']
[0.176s] Level 1:colcon.colcon_core.package_identification:_identify(meshes/left) by extension 'colcon_pkg'
[0.176s] Level 1:colcon.colcon_core.package_identification:_identify(meshes/left) by extensions ['colcon_meta']
[0.176s] Level 1:colcon.colcon_core.package_identification:_identify(meshes/left) by extension 'colcon_meta'
[0.176s] Level 1:colcon.colcon_core.package_identification:_identify(meshes/left) by extensions ['ros']
[0.176s] Level 1:colcon.colcon_core.package_identification:_identify(meshes/left) by extension 'ros'
[0.176s] Level 1:colcon.colcon_core.package_identification:_identify(meshes/left) by extensions ['cmake', 'python']
[0.176s] Level 1:colcon.colcon_core.package_identification:_identify(meshes/left) by extension 'cmake'
[0.176s] Level 1:colcon.colcon_core.package_identification:_identify(meshes/left) by extension 'python'
[0.176s] Level 1:colcon.colcon_core.package_identification:_identify(meshes/left) by extensions ['python_setup_py']
[0.176s] Level 1:colcon.colcon_core.package_identification:_identify(meshes/left) by extension 'python_setup_py'
[0.176s] Level 1:colcon.colcon_core.package_identification:_identify(meshes/right) by extensions ['ignore', 'ignore_ament_install']
[0.176s] Level 1:colcon.colcon_core.package_identification:_identify(meshes/right) by extension 'ignore'
[0.176s] Level 1:colcon.colcon_core.package_identification:_identify(meshes/right) by extension 'ignore_ament_install'
[0.176s] Level 1:colcon.colcon_core.package_identification:_identify(meshes/right) by extensions ['colcon_pkg']
[0.176s] Level 1:colcon.colcon_core.package_identification:_identify(meshes/right) by extension 'colcon_pkg'
[0.176s] Level 1:colcon.colcon_core.package_identification:_identify(meshes/right) by extensions ['colcon_meta']
[0.176s] Level 1:colcon.colcon_core.package_identification:_identify(meshes/right) by extension 'colcon_meta'
[0.176s] Level 1:colcon.colcon_core.package_identification:_identify(meshes/right) by extensions ['ros']
[0.176s] Level 1:colcon.colcon_core.package_identification:_identify(meshes/right) by extension 'ros'
[0.176s] Level 1:colcon.colcon_core.package_identification:_identify(meshes/right) by extensions ['cmake', 'python']
[0.177s] Level 1:colcon.colcon_core.package_identification:_identify(meshes/right) by extension 'cmake'
[0.177s] Level 1:colcon.colcon_core.package_identification:_identify(meshes/right) by extension 'python'
[0.177s] Level 1:colcon.colcon_core.package_identification:_identify(meshes/right) by extensions ['python_setup_py']
[0.177s] Level 1:colcon.colcon_core.package_identification:_identify(meshes/right) by extension 'python_setup_py'
[0.177s] Level 1:colcon.colcon_core.package_identification:_identify(sup_moveit_model) by extensions ['ignore', 'ignore_ament_install']
[0.177s] Level 1:colcon.colcon_core.package_identification:_identify(sup_moveit_model) by extension 'ignore'
[0.177s] Level 1:colcon.colcon_core.package_identification:_identify(sup_moveit_model) by extension 'ignore_ament_install'
[0.177s] Level 1:colcon.colcon_core.package_identification:_identify(sup_moveit_model) by extensions ['colcon_pkg']
[0.177s] Level 1:colcon.colcon_core.package_identification:_identify(sup_moveit_model) by extension 'colcon_pkg'
[0.177s] Level 1:colcon.colcon_core.package_identification:_identify(sup_moveit_model) by extensions ['colcon_meta']
[0.177s] Level 1:colcon.colcon_core.package_identification:_identify(sup_moveit_model) by extension 'colcon_meta'
[0.177s] Level 1:colcon.colcon_core.package_identification:_identify(sup_moveit_model) by extensions ['ros']
[0.177s] Level 1:colcon.colcon_core.package_identification:_identify(sup_moveit_model) by extension 'ros'
[0.177s] DEBUG:colcon.colcon_core.package_identification:Package 'sup_moveit_model' with type 'ros.ament_cmake' and name 'sup_moveit_model'
[0.177s] Level 1:colcon.colcon_core.package_identification:_identify(urdf) by extensions ['ignore', 'ignore_ament_install']
[0.177s] Level 1:colcon.colcon_core.package_identification:_identify(urdf) by extension 'ignore'
[0.177s] Level 1:colcon.colcon_core.package_identification:_identify(urdf) by extension 'ignore_ament_install'
[0.177s] Level 1:colcon.colcon_core.package_identification:_identify(urdf) by extensions ['colcon_pkg']
[0.177s] Level 1:colcon.colcon_core.package_identification:_identify(urdf) by extension 'colcon_pkg'
[0.177s] Level 1:colcon.colcon_core.package_identification:_identify(urdf) by extensions ['colcon_meta']
[0.177s] Level 1:colcon.colcon_core.package_identification:_identify(urdf) by extension 'colcon_meta'
[0.177s] Level 1:colcon.colcon_core.package_identification:_identify(urdf) by extensions ['ros']
[0.177s] Level 1:colcon.colcon_core.package_identification:_identify(urdf) by extension 'ros'
[0.177s] Level 1:colcon.colcon_core.package_identification:_identify(urdf) by extensions ['cmake', 'python']
[0.177s] Level 1:colcon.colcon_core.package_identification:_identify(urdf) by extension 'cmake'
[0.177s] Level 1:colcon.colcon_core.package_identification:_identify(urdf) by extension 'python'
[0.177s] Level 1:colcon.colcon_core.package_identification:_identify(urdf) by extensions ['python_setup_py']
[0.177s] Level 1:colcon.colcon_core.package_identification:_identify(urdf) by extension 'python_setup_py'
[0.178s] Level 1:colcon.colcon_core.package_discovery:discover_packages(recursive) using defaults
[0.178s] Level 1:colcon.colcon_core.package_discovery:discover_packages(ignore) discover
[0.178s] Level 1:colcon.colcon_core.package_discovery:discover_packages(ignore) using defaults
[0.178s] Level 1:colcon.colcon_core.package_discovery:discover_packages(path) discover
[0.178s] Level 1:colcon.colcon_core.package_discovery:discover_packages(path) using defaults
[0.202s] Level 1:colcon.colcon_core.package_discovery:discover_packages(prefix_path) check parameters
[0.202s] Level 1:colcon.colcon_core.package_discovery:discover_packages(prefix_path) discover
[0.203s] WARNING:colcon.colcon_ros.prefix_path.ament:The path '/home/guyi/github/Modified_InMoov/visualize_ws/install/sup_moveit_config_2' in the environment variable AMENT_PREFIX_PATH doesn't exist
[0.203s] WARNING:colcon.colcon_ros.prefix_path.ament:The path '/home/guyi/github/Modified_InMoov/visualize_ws/install/sup_moveit_config' in the environment variable AMENT_PREFIX_PATH doesn't exist
[0.203s] WARNING:colcon.colcon_ros.prefix_path.ament:The path '/home/guyi/github/Modified_InMoov/visualize_ws/install/suP_moveit_config' in the environment variable AMENT_PREFIX_PATH doesn't exist
[0.203s] WARNING:colcon.colcon_ros.prefix_path.catkin:The path '/home/guyi/github/Modified_InMoov/visualize_ws/install/sup_moveit_config_2' in the environment variable CMAKE_PREFIX_PATH doesn't exist
[0.203s] WARNING:colcon.colcon_ros.prefix_path.catkin:The path '/home/guyi/github/Modified_InMoov/visualize_ws/install/sup_moveit_config' in the environment variable CMAKE_PREFIX_PATH doesn't exist
[0.203s] WARNING:colcon.colcon_ros.prefix_path.catkin:The path '/home/guyi/github/Modified_InMoov/visualize_ws/install/suP_moveit_config' in the environment variable CMAKE_PREFIX_PATH doesn't exist
[0.204s] DEBUG:colcon.colcon_installed_package_information.package_discovery:Found 3 installed packages in /home/guyi/github/Modified_InMoov/visualize_ws/install
[0.204s] DEBUG:colcon.colcon_installed_package_information.package_discovery:Found 6 installed packages in /home/guyi/inmoov_ros2/install
[0.205s] DEBUG:colcon.colcon_installed_package_information.package_discovery:Found 369 installed packages in /opt/ros/humble
[0.207s] Level 1:colcon.colcon_core.package_discovery:discover_packages(prefix_path) using defaults
[0.233s] Level 5:colcon.colcon_core.verb:set package 'arm_system_description' build argument 'cmake_args' from command line to 'None'
[0.233s] Level 5:colcon.colcon_core.verb:set package 'arm_system_description' build argument 'cmake_target' from command line to 'None'
[0.233s] Level 5:colcon.colcon_core.verb:set package 'arm_system_description' build argument 'cmake_target_skip_unavailable' from command line to 'False'
[0.233s] Level 5:colcon.colcon_core.verb:set package 'arm_system_description' build argument 'cmake_clean_cache' from command line to 'False'
[0.233s] Level 5:colcon.colcon_core.verb:set package 'arm_system_description' build argument 'cmake_clean_first' from command line to 'False'
[0.233s] Level 5:colcon.colcon_core.verb:set package 'arm_system_description' build argument 'cmake_force_configure' from command line to 'False'
[0.233s] Level 5:colcon.colcon_core.verb:set package 'arm_system_description' build argument 'ament_cmake_args' from command line to 'None'
[0.233s] Level 5:colcon.colcon_core.verb:set package 'arm_system_description' build argument 'catkin_cmake_args' from command line to 'None'
[0.233s] Level 5:colcon.colcon_core.verb:set package 'arm_system_description' build argument 'catkin_skip_building_tests' from command line to 'False'
[0.233s] DEBUG:colcon.colcon_core.verb:Building package 'arm_system_description' with the following arguments: {'ament_cmake_args': None, 'build_base': '/home/guyi/github/Modified_InMoov/visualize_ws/build/arm_system_description', 'catkin_cmake_args': None, 'catkin_skip_building_tests': False, 'cmake_args': None, 'cmake_clean_cache': False, 'cmake_clean_first': False, 'cmake_force_configure': False, 'cmake_target': None, 'cmake_target_skip_unavailable': False, 'install_base': '/home/guyi/github/Modified_InMoov/visualize_ws/install/arm_system_description', 'merge_install': False, 'path': '/home/guyi/github/Modified_InMoov/visualize_ws/arm_system_description', 'symlink_install': False, 'test_result_base': None}
[0.233s] Level 5:colcon.colcon_core.verb:set package 'arm_system_model' build argument 'cmake_args' from command line to 'None'
[0.233s] Level 5:colcon.colcon_core.verb:set package 'arm_system_model' build argument 'cmake_target' from command line to 'None'
[0.233s] Level 5:colcon.colcon_core.verb:set package 'arm_system_model' build argument 'cmake_target_skip_unavailable' from command line to 'False'
[0.233s] Level 5:colcon.colcon_core.verb:set package 'arm_system_model' build argument 'cmake_clean_cache' from command line to 'False'
[0.233s] Level 5:colcon.colcon_core.verb:set package 'arm_system_model' build argument 'cmake_clean_first' from command line to 'False'
[0.233s] Level 5:colcon.colcon_core.verb:set package 'arm_system_model' build argument 'cmake_force_configure' from command line to 'False'
[0.233s] Level 5:colcon.colcon_core.verb:set package 'arm_system_model' build argument 'ament_cmake_args' from command line to 'None'
[0.233s] Level 5:colcon.colcon_core.verb:set package 'arm_system_model' build argument 'catkin_cmake_args' from command line to 'None'
[0.233s] Level 5:colcon.colcon_core.verb:set package 'arm_system_model' build argument 'catkin_skip_building_tests' from command line to 'False'
[0.233s] DEBUG:colcon.colcon_core.verb:Building package 'arm_system_model' with the following arguments: {'ament_cmake_args': None, 'build_base': '/home/guyi/github/Modified_InMoov/visualize_ws/build/arm_system_model', 'catkin_cmake_args': None, 'catkin_skip_building_tests': False, 'cmake_args': None, 'cmake_clean_cache': False, 'cmake_clean_first': False, 'cmake_force_configure': False, 'cmake_target': None, 'cmake_target_skip_unavailable': False, 'install_base': '/home/guyi/github/Modified_InMoov/visualize_ws/install/arm_system_model', 'merge_install': False, 'path': '/home/guyi/github/Modified_InMoov/visualize_ws/arm_system_model', 'symlink_install': False, 'test_result_base': None}
[0.234s] Level 5:colcon.colcon_core.verb:set package 'arm_system_tools' build argument 'cmake_args' from command line to 'None'
[0.234s] Level 5:colcon.colcon_core.verb:set package 'arm_system_tools' build argument 'cmake_target' from command line to 'None'
[0.234s] Level 5:colcon.colcon_core.verb:set package 'arm_system_tools' build argument 'cmake_target_skip_unavailable' from command line to 'False'
[0.234s] Level 5:colcon.colcon_core.verb:set package 'arm_system_tools' build argument 'cmake_clean_cache' from command line to 'False'
[0.234s] Level 5:colcon.colcon_core.verb:set package 'arm_system_tools' build argument 'cmake_clean_first' from command line to 'False'
[0.234s] Level 5:colcon.colcon_core.verb:set package 'arm_system_tools' build argument 'cmake_force_configure' from command line to 'False'
[0.234s] Level 5:colcon.colcon_core.verb:set package 'arm_system_tools' build argument 'ament_cmake_args' from command line to 'None'
[0.234s] Level 5:colcon.colcon_core.verb:set package 'arm_system_tools' build argument 'catkin_cmake_args' from command line to 'None'
[0.234s] Level 5:colcon.colcon_core.verb:set package 'arm_system_tools' build argument 'catkin_skip_building_tests' from command line to 'False'
[0.234s] DEBUG:colcon.colcon_core.verb:Building package 'arm_system_tools' with the following arguments: {'ament_cmake_args': None, 'build_base': '/home/guyi/github/Modified_InMoov/visualize_ws/build/arm_system_tools', 'catkin_cmake_args': None, 'catkin_skip_building_tests': False, 'cmake_args': None, 'cmake_clean_cache': False, 'cmake_clean_first': False, 'cmake_force_configure': False, 'cmake_target': None, 'cmake_target_skip_unavailable': False, 'install_base': '/home/guyi/github/Modified_InMoov/visualize_ws/install/arm_system_tools', 'merge_install': False, 'path': '/home/guyi/github/Modified_InMoov/visualize_ws/arm_system_tools', 'symlink_install': False, 'test_result_base': None}
[0.234s] Level 5:colcon.colcon_core.verb:set package 'sup_moveit_model' build argument 'cmake_args' from command line to 'None'
[0.234s] Level 5:colcon.colcon_core.verb:set package 'sup_moveit_model' build argument 'cmake_target' from command line to 'None'
[0.234s] Level 5:colcon.colcon_core.verb:set package 'sup_moveit_model' build argument 'cmake_target_skip_unavailable' from command line to 'False'
[0.234s] Level 5:colcon.colcon_core.verb:set package 'sup_moveit_model' build argument 'cmake_clean_cache' from command line to 'False'
[0.234s] Level 5:colcon.colcon_core.verb:set package 'sup_moveit_model' build argument 'cmake_clean_first' from command line to 'False'
[0.234s] Level 5:colcon.colcon_core.verb:set package 'sup_moveit_model' build argument 'cmake_force_configure' from command line to 'False'
[0.234s] Level 5:colcon.colcon_core.verb:set package 'sup_moveit_model' build argument 'ament_cmake_args' from command line to 'None'
[0.234s] Level 5:colcon.colcon_core.verb:set package 'sup_moveit_model' build argument 'catkin_cmake_args' from command line to 'None'
[0.234s] Level 5:colcon.colcon_core.verb:set package 'sup_moveit_model' build argument 'catkin_skip_building_tests' from command line to 'False'
[0.234s] DEBUG:colcon.colcon_core.verb:Building package 'sup_moveit_model' with the following arguments: {'ament_cmake_args': None, 'build_base': '/home/guyi/github/Modified_InMoov/visualize_ws/build/sup_moveit_model', 'catkin_cmake_args': None, 'catkin_skip_building_tests': False, 'cmake_args': None, 'cmake_clean_cache': False, 'cmake_clean_first': False, 'cmake_force_configure': False, 'cmake_target': None, 'cmake_target_skip_unavailable': False, 'install_base': '/home/guyi/github/Modified_InMoov/visualize_ws/install/sup_moveit_model', 'merge_install': False, 'path': '/home/guyi/github/Modified_InMoov/visualize_ws/sup_moveit_model', 'symlink_install': False, 'test_result_base': None}
[0.234s] INFO:colcon.colcon_core.executor:Executing jobs using 'parallel' executor
[0.235s] DEBUG:colcon.colcon_parallel_executor.executor.parallel:run_until_complete
[0.235s] INFO:colcon.colcon_ros.task.ament_python.build:Building ROS package in '/home/guyi/github/Modified_InMoov/visualize_ws/arm_system_model' with build type 'ament_python'
[0.235s] Level 1:colcon.colcon_core.shell:create_environment_hook('arm_system_model', 'ament_prefix_path')
[0.238s] INFO:colcon.colcon_core.plugin_system:Skipping extension 'colcon_core.shell.bat': Not used on non-Windows systems
[0.238s] INFO:colcon.colcon_core.shell:Creating environment hook '/home/guyi/github/Modified_InMoov/visualize_ws/install/arm_system_model/share/arm_system_model/hook/ament_prefix_path.ps1'
[0.239s] INFO:colcon.colcon_core.shell:Creating environment descriptor '/home/guyi/github/Modified_InMoov/visualize_ws/install/arm_system_model/share/arm_system_model/hook/ament_prefix_path.dsv'
[0.239s] INFO:colcon.colcon_core.shell:Creating environment hook '/home/guyi/github/Modified_InMoov/visualize_ws/install/arm_system_model/share/arm_system_model/hook/ament_prefix_path.sh'
[0.240s] INFO:colcon.colcon_core.shell:Skip shell extension 'powershell' for command environment: Not usable outside of PowerShell
[0.240s] DEBUG:colcon.colcon_core.shell:Skip shell extension 'dsv' for command environment
[0.242s] INFO:colcon.colcon_ros.task.ament_cmake.build:Building ROS package in '/home/guyi/github/Modified_InMoov/visualize_ws/arm_system_description' with build type 'ament_cmake'
[0.242s] INFO:colcon.colcon_cmake.task.cmake.build:Building CMake package in '/home/guyi/github/Modified_InMoov/visualize_ws/arm_system_description'
[0.243s] INFO:colcon.colcon_core.shell:Skip shell extension 'powershell' for command environment: Not usable outside of PowerShell
[0.243s] DEBUG:colcon.colcon_core.shell:Skip shell extension 'dsv' for command environment
[0.245s] INFO:colcon.colcon_ros.task.ament_python.build:Building ROS package in '/home/guyi/github/Modified_InMoov/visualize_ws/arm_system_tools' with build type 'ament_python'
[0.245s] Level 1:colcon.colcon_core.shell:create_environment_hook('arm_system_tools', 'ament_prefix_path')
[0.245s] INFO:colcon.colcon_core.shell:Creating environment hook '/home/guyi/github/Modified_InMoov/visualize_ws/install/arm_system_tools/share/arm_system_tools/hook/ament_prefix_path.ps1'
[0.246s] INFO:colcon.colcon_core.shell:Creating environment descriptor '/home/guyi/github/Modified_InMoov/visualize_ws/install/arm_system_tools/share/arm_system_tools/hook/ament_prefix_path.dsv'
[0.246s] INFO:colcon.colcon_core.shell:Creating environment hook '/home/guyi/github/Modified_InMoov/visualize_ws/install/arm_system_tools/share/arm_system_tools/hook/ament_prefix_path.sh'
[0.246s] INFO:colcon.colcon_core.shell:Skip shell extension 'powershell' for command environment: Not usable outside of PowerShell
[0.246s] DEBUG:colcon.colcon_core.shell:Skip shell extension 'dsv' for command environment
[0.399s] WARNING:colcon.colcon_ros.task.ament_python.build:Package 'arm_system_model' doesn't explicitly install a marker in the package index (colcon-ros currently does it implicitly but that fallback will be removed in the future)
[0.400s] INFO:colcon.colcon_core.task.python.build:Building Python package in '/home/guyi/github/Modified_InMoov/visualize_ws/arm_system_model'
[0.400s] INFO:colcon.colcon_core.shell:Skip shell extension 'powershell' for command environment: Not usable outside of PowerShell
[0.400s] DEBUG:colcon.colcon_core.shell:Skip shell extension 'dsv' for command environment
[0.405s] DEBUG:colcon.colcon_core.event_handler.log_command:Invoking command in '/home/guyi/github/Modified_InMoov/visualize_ws/build/arm_system_description': CMAKE_PREFIX_PATH=${CMAKE_PREFIX_PATH}:/home/guyi/github/Modified_InMoov/visualize_ws/install/arm_system_tools:/home/guyi/github/Modified_InMoov/visualize_ws/install/arm_system_model:/opt/ros/humble CONDA_PROMPT_MODIFIER=(base) /usr/local/bin/cmake --build /home/guyi/github/Modified_InMoov/visualize_ws/build/arm_system_description -- -j16 -l16
[0.561s] INFO:colcon.colcon_core.task.python.build:Building Python package in '/home/guyi/github/Modified_InMoov/visualize_ws/arm_system_tools'
[0.561s] INFO:colcon.colcon_core.shell:Skip shell extension 'powershell' for command environment: Not usable outside of PowerShell
[0.561s] DEBUG:colcon.colcon_core.shell:Skip shell extension 'dsv' for command environment
[0.566s] DEBUG:colcon.colcon_core.event_handler.log_command:Invoked command in '/home/guyi/github/Modified_InMoov/visualize_ws/build/arm_system_description' returned '0': CMAKE_PREFIX_PATH=${CMAKE_PREFIX_PATH}:/home/guyi/github/Modified_InMoov/visualize_ws/install/arm_system_tools:/home/guyi/github/Modified_InMoov/visualize_ws/install/arm_system_model:/opt/ros/humble CONDA_PROMPT_MODIFIER=(base) /usr/local/bin/cmake --build /home/guyi/github/Modified_InMoov/visualize_ws/build/arm_system_description -- -j16 -l16
[0.568s] DEBUG:colcon.colcon_core.event_handler.log_command:Invoking command in '/home/guyi/github/Modified_InMoov/visualize_ws/build/arm_system_description': CMAKE_PREFIX_PATH=${CMAKE_PREFIX_PATH}:/home/guyi/github/Modified_InMoov/visualize_ws/install/arm_system_tools:/home/guyi/github/Modified_InMoov/visualize_ws/install/arm_system_model:/opt/ros/humble CONDA_PROMPT_MODIFIER=(base) /usr/local/bin/cmake --install /home/guyi/github/Modified_InMoov/visualize_ws/build/arm_system_description
[0.574s] Level 1:colcon.colcon_core.environment:create_environment_scripts_only(arm_system_description)
[0.574s] DEBUG:colcon.colcon_core.event_handler.log_command:Invoked command in '/home/guyi/github/Modified_InMoov/visualize_ws/build/arm_system_description' returned '0': CMAKE_PREFIX_PATH=${CMAKE_PREFIX_PATH}:/home/guyi/github/Modified_InMoov/visualize_ws/install/arm_system_tools:/home/guyi/github/Modified_InMoov/visualize_ws/install/arm_system_model:/opt/ros/humble CONDA_PROMPT_MODIFIER=(base) /usr/local/bin/cmake --install /home/guyi/github/Modified_InMoov/visualize_ws/build/arm_system_description
[0.576s] Level 1:colcon.colcon_core.environment:checking '/home/guyi/github/Modified_InMoov/visualize_ws/install/arm_system_description' for CMake module files
[0.576s] Level 1:colcon.colcon_core.environment:checking '/home/guyi/github/Modified_InMoov/visualize_ws/install/arm_system_description' for CMake config files
[0.576s] Level 1:colcon.colcon_core.shell:create_environment_hook('arm_system_description', 'cmake_prefix_path')
[0.576s] INFO:colcon.colcon_core.shell:Creating environment hook '/home/guyi/github/Modified_InMoov/visualize_ws/install/arm_system_description/share/arm_system_description/hook/cmake_prefix_path.ps1'
[0.577s] INFO:colcon.colcon_core.shell:Creating environment descriptor '/home/guyi/github/Modified_InMoov/visualize_ws/install/arm_system_description/share/arm_system_description/hook/cmake_prefix_path.dsv'
[0.577s] INFO:colcon.colcon_core.shell:Creating environment hook '/home/guyi/github/Modified_InMoov/visualize_ws/install/arm_system_description/share/arm_system_description/hook/cmake_prefix_path.sh'
[0.578s] Level 1:colcon.colcon_core.environment:checking '/home/guyi/github/Modified_InMoov/visualize_ws/install/arm_system_description/bin'
[0.578s] Level 1:colcon.colcon_core.environment:checking '/home/guyi/github/Modified_InMoov/visualize_ws/install/arm_system_description/lib/pkgconfig/arm_system_description.pc'
[0.578s] Level 1:colcon.colcon_core.environment:checking '/home/guyi/github/Modified_InMoov/visualize_ws/install/arm_system_description/lib/python3.10/site-packages'
[0.578s] Level 1:colcon.colcon_core.environment:checking '/home/guyi/github/Modified_InMoov/visualize_ws/install/arm_system_description/bin'
[0.578s] INFO:colcon.colcon_core.shell:Creating package script '/home/guyi/github/Modified_InMoov/visualize_ws/install/arm_system_description/share/arm_system_description/package.ps1'
[0.579s] INFO:colcon.colcon_core.shell:Creating package descriptor '/home/guyi/github/Modified_InMoov/visualize_ws/install/arm_system_description/share/arm_system_description/package.dsv'
[0.579s] INFO:colcon.colcon_core.shell:Creating package script '/home/guyi/github/Modified_InMoov/visualize_ws/install/arm_system_description/share/arm_system_description/package.sh'
[0.580s] INFO:colcon.colcon_core.shell:Creating package script '/home/guyi/github/Modified_InMoov/visualize_ws/install/arm_system_description/share/arm_system_description/package.bash'
[0.580s] INFO:colcon.colcon_core.shell:Creating package script '/home/guyi/github/Modified_InMoov/visualize_ws/install/arm_system_description/share/arm_system_description/package.zsh'
[0.581s] Level 1:colcon.colcon_core.environment:create_file_with_runtime_dependencies(/home/guyi/github/Modified_InMoov/visualize_ws/install/arm_system_description/share/colcon-core/packages/arm_system_description)
[0.581s] Level 1:colcon.colcon_core.environment:create_environment_scripts_only(arm_system_description)
[0.581s] Level 1:colcon.colcon_core.environment:checking '/home/guyi/github/Modified_InMoov/visualize_ws/install/arm_system_description' for CMake module files
[0.582s] Level 1:colcon.colcon_core.environment:checking '/home/guyi/github/Modified_InMoov/visualize_ws/install/arm_system_description' for CMake config files
[0.582s] Level 1:colcon.colcon_core.shell:create_environment_hook('arm_system_description', 'cmake_prefix_path')
[0.582s] INFO:colcon.colcon_core.shell:Creating environment hook '/home/guyi/github/Modified_InMoov/visualize_ws/install/arm_system_description/share/arm_system_description/hook/cmake_prefix_path.ps1'
[0.582s] INFO:colcon.colcon_core.shell:Creating environment descriptor '/home/guyi/github/Modified_InMoov/visualize_ws/install/arm_system_description/share/arm_system_description/hook/cmake_prefix_path.dsv'
[0.583s] INFO:colcon.colcon_core.shell:Creating environment hook '/home/guyi/github/Modified_InMoov/visualize_ws/install/arm_system_description/share/arm_system_description/hook/cmake_prefix_path.sh'
[0.583s] Level 1:colcon.colcon_core.environment:checking '/home/guyi/github/Modified_InMoov/visualize_ws/install/arm_system_description/bin'
[0.583s] Level 1:colcon.colcon_core.environment:checking '/home/guyi/github/Modified_InMoov/visualize_ws/install/arm_system_description/lib/pkgconfig/arm_system_description.pc'
[0.583s] Level 1:colcon.colcon_core.environment:checking '/home/guyi/github/Modified_InMoov/visualize_ws/install/arm_system_description/lib/python3.10/site-packages'
[0.583s] Level 1:colcon.colcon_core.environment:checking '/home/guyi/github/Modified_InMoov/visualize_ws/install/arm_system_description/bin'
[0.584s] INFO:colcon.colcon_core.shell:Creating package script '/home/guyi/github/Modified_InMoov/visualize_ws/install/arm_system_description/share/arm_system_description/package.ps1'
[0.584s] INFO:colcon.colcon_core.shell:Creating package descriptor '/home/guyi/github/Modified_InMoov/visualize_ws/install/arm_system_description/share/arm_system_description/package.dsv'
[0.584s] INFO:colcon.colcon_core.shell:Creating package script '/home/guyi/github/Modified_InMoov/visualize_ws/install/arm_system_description/share/arm_system_description/package.sh'
[0.585s] INFO:colcon.colcon_core.shell:Creating package script '/home/guyi/github/Modified_InMoov/visualize_ws/install/arm_system_description/share/arm_system_description/package.bash'
[0.585s] INFO:colcon.colcon_core.shell:Creating package script '/home/guyi/github/Modified_InMoov/visualize_ws/install/arm_system_description/share/arm_system_description/package.zsh'
[0.585s] Level 1:colcon.colcon_core.environment:create_file_with_runtime_dependencies(/home/guyi/github/Modified_InMoov/visualize_ws/install/arm_system_description/share/colcon-core/packages/arm_system_description)
[0.811s] DEBUG:colcon.colcon_core.event_handler.log_command:Invoking command in '/home/guyi/github/Modified_InMoov/visualize_ws/arm_system_tools': CONDA_PROMPT_MODIFIER=(base) PYTHONPATH=/home/guyi/github/Modified_InMoov/visualize_ws/build/arm_system_tools/prefix_override:/usr/lib/python3/dist-packages/colcon_core/task/python/colcon_distutils_commands:/home/guyi/github/Modified_InMoov/visualize_ws/install/arm_system_tools/lib/python3.10/site-packages:${PYTHONPATH} /usr/bin/python3 -W ignore:setup.py install is deprecated -W ignore:easy_install command is deprecated setup.py egg_info --egg-base ../build/arm_system_tools build --build-base /home/guyi/github/Modified_InMoov/visualize_ws/build/arm_system_tools/build install --record /home/guyi/github/Modified_InMoov/visualize_ws/build/arm_system_tools/install.log --single-version-externally-managed install_data
[0.815s] DEBUG:colcon.colcon_core.event_handler.log_command:Invoking command in '/home/guyi/github/Modified_InMoov/visualize_ws/arm_system_model': CONDA_PROMPT_MODIFIER=(base) PYTHONPATH=/home/guyi/github/Modified_InMoov/visualize_ws/build/arm_system_model/prefix_override:/usr/lib/python3/dist-packages/colcon_core/task/python/colcon_distutils_commands:/home/guyi/github/Modified_InMoov/visualize_ws/install/arm_system_model/lib/python3.10/site-packages:${PYTHONPATH} /usr/bin/python3 -W ignore:setup.py install is deprecated -W ignore:easy_install command is deprecated setup.py egg_info --egg-base ../build/arm_system_model build --build-base /home/guyi/github/Modified_InMoov/visualize_ws/build/arm_system_model/build install --record /home/guyi/github/Modified_InMoov/visualize_ws/build/arm_system_model/install.log --single-version-externally-managed install_data
[0.999s] Level 1:colcon.colcon_core.environment:checking '/home/guyi/github/Modified_InMoov/visualize_ws/install/arm_system_tools' for CMake module files
[0.999s] DEBUG:colcon.colcon_core.event_handler.log_command:Invoked command in '/home/guyi/github/Modified_InMoov/visualize_ws/arm_system_tools' returned '0': CONDA_PROMPT_MODIFIER=(base) PYTHONPATH=/home/guyi/github/Modified_InMoov/visualize_ws/build/arm_system_tools/prefix_override:/usr/lib/python3/dist-packages/colcon_core/task/python/colcon_distutils_commands:/home/guyi/github/Modified_InMoov/visualize_ws/install/arm_system_tools/lib/python3.10/site-packages:${PYTHONPATH} /usr/bin/python3 -W ignore:setup.py install is deprecated -W ignore:easy_install command is deprecated setup.py egg_info --egg-base ../build/arm_system_tools build --build-base /home/guyi/github/Modified_InMoov/visualize_ws/build/arm_system_tools/build install --record /home/guyi/github/Modified_InMoov/visualize_ws/build/arm_system_tools/install.log --single-version-externally-managed install_data
[1.000s] Level 1:colcon.colcon_core.environment:checking '/home/guyi/github/Modified_InMoov/visualize_ws/install/arm_system_tools' for CMake config files
[1.000s] Level 1:colcon.colcon_core.environment:checking '/home/guyi/github/Modified_InMoov/visualize_ws/install/arm_system_tools/lib'
[1.000s] Level 1:colcon.colcon_core.environment:checking '/home/guyi/github/Modified_InMoov/visualize_ws/install/arm_system_tools/bin'
[1.000s] Level 1:colcon.colcon_core.environment:checking '/home/guyi/github/Modified_InMoov/visualize_ws/install/arm_system_tools/lib/pkgconfig/arm_system_tools.pc'
[1.000s] Level 1:colcon.colcon_core.environment:checking '/home/guyi/github/Modified_InMoov/visualize_ws/install/arm_system_tools/lib/python3.10/site-packages'
[1.000s] Level 1:colcon.colcon_core.shell:create_environment_hook('arm_system_tools', 'pythonpath')
[1.001s] INFO:colcon.colcon_core.shell:Creating environment hook '/home/guyi/github/Modified_InMoov/visualize_ws/install/arm_system_tools/share/arm_system_tools/hook/pythonpath.ps1'
[1.001s] INFO:colcon.colcon_core.shell:Creating environment descriptor '/home/guyi/github/Modified_InMoov/visualize_ws/install/arm_system_tools/share/arm_system_tools/hook/pythonpath.dsv'
[1.001s] INFO:colcon.colcon_core.shell:Creating environment hook '/home/guyi/github/Modified_InMoov/visualize_ws/install/arm_system_tools/share/arm_system_tools/hook/pythonpath.sh'
[1.001s] Level 1:colcon.colcon_core.environment:checking '/home/guyi/github/Modified_InMoov/visualize_ws/install/arm_system_tools/bin'
[1.001s] Level 1:colcon.colcon_core.environment:create_environment_scripts_only(arm_system_tools)
[1.002s] INFO:colcon.colcon_core.shell:Creating package script '/home/guyi/github/Modified_InMoov/visualize_ws/install/arm_system_tools/share/arm_system_tools/package.ps1'
[1.002s] INFO:colcon.colcon_core.shell:Creating package descriptor '/home/guyi/github/Modified_InMoov/visualize_ws/install/arm_system_tools/share/arm_system_tools/package.dsv'
[1.002s] INFO:colcon.colcon_core.shell:Creating package script '/home/guyi/github/Modified_InMoov/visualize_ws/install/arm_system_tools/share/arm_system_tools/package.sh'
[1.002s] INFO:colcon.colcon_core.shell:Creating package script '/home/guyi/github/Modified_InMoov/visualize_ws/install/arm_system_tools/share/arm_system_tools/package.bash'
[1.002s] INFO:colcon.colcon_core.shell:Creating package script '/home/guyi/github/Modified_InMoov/visualize_ws/install/arm_system_tools/share/arm_system_tools/package.zsh'
[1.003s] Level 1:colcon.colcon_core.environment:create_file_with_runtime_dependencies(/home/guyi/github/Modified_InMoov/visualize_ws/install/arm_system_tools/share/colcon-core/packages/arm_system_tools)
[1.004s] Level 1:colcon.colcon_core.environment:checking '/home/guyi/github/Modified_InMoov/visualize_ws/install/arm_system_model' for CMake module files
[1.004s] DEBUG:colcon.colcon_core.event_handler.log_command:Invoked command in '/home/guyi/github/Modified_InMoov/visualize_ws/arm_system_model' returned '0': CONDA_PROMPT_MODIFIER=(base) PYTHONPATH=/home/guyi/github/Modified_InMoov/visualize_ws/build/arm_system_model/prefix_override:/usr/lib/python3/dist-packages/colcon_core/task/python/colcon_distutils_commands:/home/guyi/github/Modified_InMoov/visualize_ws/install/arm_system_model/lib/python3.10/site-packages:${PYTHONPATH} /usr/bin/python3 -W ignore:setup.py install is deprecated -W ignore:easy_install command is deprecated setup.py egg_info --egg-base ../build/arm_system_model build --build-base /home/guyi/github/Modified_InMoov/visualize_ws/build/arm_system_model/build install --record /home/guyi/github/Modified_InMoov/visualize_ws/build/arm_system_model/install.log --single-version-externally-managed install_data
[1.005s] Level 1:colcon.colcon_core.environment:checking '/home/guyi/github/Modified_InMoov/visualize_ws/install/arm_system_model' for CMake config files
[1.005s] Level 1:colcon.colcon_core.environment:checking '/home/guyi/github/Modified_InMoov/visualize_ws/install/arm_system_model/lib'
[1.005s] Level 1:colcon.colcon_core.environment:checking '/home/guyi/github/Modified_InMoov/visualize_ws/install/arm_system_model/bin'
[1.005s] Level 1:colcon.colcon_core.environment:checking '/home/guyi/github/Modified_InMoov/visualize_ws/install/arm_system_model/lib/pkgconfig/arm_system_model.pc'
[1.005s] Level 1:colcon.colcon_core.environment:checking '/home/guyi/github/Modified_InMoov/visualize_ws/install/arm_system_model/lib/python3.10/site-packages'
[1.005s] Level 1:colcon.colcon_core.shell:create_environment_hook('arm_system_model', 'pythonpath')
[1.005s] INFO:colcon.colcon_core.shell:Creating environment hook '/home/guyi/github/Modified_InMoov/visualize_ws/install/arm_system_model/share/arm_system_model/hook/pythonpath.ps1'
[1.005s] INFO:colcon.colcon_core.shell:Creating environment descriptor '/home/guyi/github/Modified_InMoov/visualize_ws/install/arm_system_model/share/arm_system_model/hook/pythonpath.dsv'
[1.006s] INFO:colcon.colcon_core.shell:Creating environment hook '/home/guyi/github/Modified_InMoov/visualize_ws/install/arm_system_model/share/arm_system_model/hook/pythonpath.sh'
[1.006s] Level 1:colcon.colcon_core.environment:checking '/home/guyi/github/Modified_InMoov/visualize_ws/install/arm_system_model/bin'
[1.006s] Level 1:colcon.colcon_core.environment:create_environment_scripts_only(arm_system_model)
[1.006s] INFO:colcon.colcon_core.shell:Creating package script '/home/guyi/github/Modified_InMoov/visualize_ws/install/arm_system_model/share/arm_system_model/package.ps1'
[1.006s] INFO:colcon.colcon_core.shell:Creating package descriptor '/home/guyi/github/Modified_InMoov/visualize_ws/install/arm_system_model/share/arm_system_model/package.dsv'
[1.007s] INFO:colcon.colcon_core.shell:Creating package script '/home/guyi/github/Modified_InMoov/visualize_ws/install/arm_system_model/share/arm_system_model/package.sh'
[1.007s] INFO:colcon.colcon_core.shell:Creating package script '/home/guyi/github/Modified_InMoov/visualize_ws/install/arm_system_model/share/arm_system_model/package.bash'
[1.007s] INFO:colcon.colcon_core.shell:Creating package script '/home/guyi/github/Modified_InMoov/visualize_ws/install/arm_system_model/share/arm_system_model/package.zsh'
[1.007s] Level 1:colcon.colcon_core.environment:create_file_with_runtime_dependencies(/home/guyi/github/Modified_InMoov/visualize_ws/install/arm_system_model/share/colcon-core/packages/arm_system_model)
[1.008s] INFO:colcon.colcon_ros.task.ament_cmake.build:Building ROS package in '/home/guyi/github/Modified_InMoov/visualize_ws/sup_moveit_model' with build type 'ament_cmake'
[1.008s] INFO:colcon.colcon_cmake.task.cmake.build:Building CMake package in '/home/guyi/github/Modified_InMoov/visualize_ws/sup_moveit_model'
[1.008s] INFO:colcon.colcon_core.shell:Skip shell extension 'powershell' for command environment: Not usable outside of PowerShell
[1.008s] DEBUG:colcon.colcon_core.shell:Skip shell extension 'dsv' for command environment
[1.015s] DEBUG:colcon.colcon_core.event_handler.log_command:Invoking command in '/home/guyi/github/Modified_InMoov/visualize_ws/build/sup_moveit_model': AMENT_PREFIX_PATH=/home/guyi/github/Modified_InMoov/visualize_ws/install/arm_system_model:/home/guyi/github/Modified_InMoov/visualize_ws/install/sup_moveit_config_2:/home/guyi/github/Modified_InMoov/visualize_ws/install/sup_moveit_config:/home/guyi/github/Modified_InMoov/visualize_ws/install/suP_moveit_config:/home/guyi/github/Modified_InMoov/visualize_ws/install/arm_system_tools:/home/guyi/github/Modified_InMoov/visualize_ws/install/arm_system_description:/home/guyi/inmoov_ros2/install/inmoov_config_test:/home/guyi/inmoov_ros2/install/inmoov_tools:/home/guyi/inmoov_ros2/install/inmoov_bringup:/home/guyi/inmoov_ros2/install/inmoov_meshes:/home/guyi/inmoov_ros2/install/inmoov_msgs:/home/guyi/inmoov_ros2/install/inmoov_description:/opt/ros/humble CMAKE_PREFIX_PATH=${CMAKE_PREFIX_PATH}:/home/guyi/github/Modified_InMoov/visualize_ws/install/arm_system_tools:/home/guyi/github/Modified_InMoov/visualize_ws/install/arm_system_model:/opt/ros/humble CONDA_PROMPT_MODIFIER=(base) PYTHONPATH=/home/guyi/github/Modified_InMoov/visualize_ws/install/arm_system_model/lib/python3.10/site-packages:/home/guyi/github/Modified_InMoov/visualize_ws/install/arm_system_tools/lib/python3.10/site-packages:/home/guyi/inmoov_ros2/install/inmoov_msgs/local/lib/python3.10/dist-packages:/opt/ros/humble/lib/python3.10/site-packages:/opt/ros/humble/local/lib/python3.10/dist-packages /usr/local/bin/cmake /home/guyi/github/Modified_InMoov/visualize_ws/sup_moveit_model -DCMAKE_INSTALL_PREFIX=/home/guyi/github/Modified_InMoov/visualize_ws/install/sup_moveit_model
[1.562s] DEBUG:colcon.colcon_core.event_handler.log_command:Invoked command in '/home/guyi/github/Modified_InMoov/visualize_ws/build/sup_moveit_model' returned '0': AMENT_PREFIX_PATH=/home/guyi/github/Modified_InMoov/visualize_ws/install/arm_system_model:/home/guyi/github/Modified_InMoov/visualize_ws/install/sup_moveit_config_2:/home/guyi/github/Modified_InMoov/visualize_ws/install/sup_moveit_config:/home/guyi/github/Modified_InMoov/visualize_ws/install/suP_moveit_config:/home/guyi/github/Modified_InMoov/visualize_ws/install/arm_system_tools:/home/guyi/github/Modified_InMoov/visualize_ws/install/arm_system_description:/home/guyi/inmoov_ros2/install/inmoov_config_test:/home/guyi/inmoov_ros2/install/inmoov_tools:/home/guyi/inmoov_ros2/install/inmoov_bringup:/home/guyi/inmoov_ros2/install/inmoov_meshes:/home/guyi/inmoov_ros2/install/inmoov_msgs:/home/guyi/inmoov_ros2/install/inmoov_description:/opt/ros/humble CMAKE_PREFIX_PATH=${CMAKE_PREFIX_PATH}:/home/guyi/github/Modified_InMoov/visualize_ws/install/arm_system_tools:/home/guyi/github/Modified_InMoov/visualize_ws/install/arm_system_model:/opt/ros/humble CONDA_PROMPT_MODIFIER=(base) PYTHONPATH=/home/guyi/github/Modified_InMoov/visualize_ws/install/arm_system_model/lib/python3.10/site-packages:/home/guyi/github/Modified_InMoov/visualize_ws/install/arm_system_tools/lib/python3.10/site-packages:/home/guyi/inmoov_ros2/install/inmoov_msgs/local/lib/python3.10/dist-packages:/opt/ros/humble/lib/python3.10/site-packages:/opt/ros/humble/local/lib/python3.10/dist-packages /usr/local/bin/cmake /home/guyi/github/Modified_InMoov/visualize_ws/sup_moveit_model -DCMAKE_INSTALL_PREFIX=/home/guyi/github/Modified_InMoov/visualize_ws/install/sup_moveit_model
[1.563s] DEBUG:colcon.colcon_core.event_handler.log_command:Invoking command in '/home/guyi/github/Modified_InMoov/visualize_ws/build/sup_moveit_model': AMENT_PREFIX_PATH=/home/guyi/github/Modified_InMoov/visualize_ws/install/arm_system_model:/home/guyi/github/Modified_InMoov/visualize_ws/install/sup_moveit_config_2:/home/guyi/github/Modified_InMoov/visualize_ws/install/sup_moveit_config:/home/guyi/github/Modified_InMoov/visualize_ws/install/suP_moveit_config:/home/guyi/github/Modified_InMoov/visualize_ws/install/arm_system_tools:/home/guyi/github/Modified_InMoov/visualize_ws/install/arm_system_description:/home/guyi/inmoov_ros2/install/inmoov_config_test:/home/guyi/inmoov_ros2/install/inmoov_tools:/home/guyi/inmoov_ros2/install/inmoov_bringup:/home/guyi/inmoov_ros2/install/inmoov_meshes:/home/guyi/inmoov_ros2/install/inmoov_msgs:/home/guyi/inmoov_ros2/install/inmoov_description:/opt/ros/humble CMAKE_PREFIX_PATH=${CMAKE_PREFIX_PATH}:/home/guyi/github/Modified_InMoov/visualize_ws/install/arm_system_tools:/home/guyi/github/Modified_InMoov/visualize_ws/install/arm_system_model:/opt/ros/humble CONDA_PROMPT_MODIFIER=(base) PYTHONPATH=/home/guyi/github/Modified_InMoov/visualize_ws/install/arm_system_model/lib/python3.10/site-packages:/home/guyi/github/Modified_InMoov/visualize_ws/install/arm_system_tools/lib/python3.10/site-packages:/home/guyi/inmoov_ros2/install/inmoov_msgs/local/lib/python3.10/dist-packages:/opt/ros/humble/lib/python3.10/site-packages:/opt/ros/humble/local/lib/python3.10/dist-packages /usr/local/bin/cmake --build /home/guyi/github/Modified_InMoov/visualize_ws/build/sup_moveit_model -- -j16 -l16
[1.572s] DEBUG:colcon.colcon_core.event_handler.log_command:Invoked command in '/home/guyi/github/Modified_InMoov/visualize_ws/build/sup_moveit_model' returned '0': AMENT_PREFIX_PATH=/home/guyi/github/Modified_InMoov/visualize_ws/install/arm_system_model:/home/guyi/github/Modified_InMoov/visualize_ws/install/sup_moveit_config_2:/home/guyi/github/Modified_InMoov/visualize_ws/install/sup_moveit_config:/home/guyi/github/Modified_InMoov/visualize_ws/install/suP_moveit_config:/home/guyi/github/Modified_InMoov/visualize_ws/install/arm_system_tools:/home/guyi/github/Modified_InMoov/visualize_ws/install/arm_system_description:/home/guyi/inmoov_ros2/install/inmoov_config_test:/home/guyi/inmoov_ros2/install/inmoov_tools:/home/guyi/inmoov_ros2/install/inmoov_bringup:/home/guyi/inmoov_ros2/install/inmoov_meshes:/home/guyi/inmoov_ros2/install/inmoov_msgs:/home/guyi/inmoov_ros2/install/inmoov_description:/opt/ros/humble CMAKE_PREFIX_PATH=${CMAKE_PREFIX_PATH}:/home/guyi/github/Modified_InMoov/visualize_ws/install/arm_system_tools:/home/guyi/github/Modified_InMoov/visualize_ws/install/arm_system_model:/opt/ros/humble CONDA_PROMPT_MODIFIER=(base) PYTHONPATH=/home/guyi/github/Modified_InMoov/visualize_ws/install/arm_system_model/lib/python3.10/site-packages:/home/guyi/github/Modified_InMoov/visualize_ws/install/arm_system_tools/lib/python3.10/site-packages:/home/guyi/inmoov_ros2/install/inmoov_msgs/local/lib/python3.10/dist-packages:/opt/ros/humble/lib/python3.10/site-packages:/opt/ros/humble/local/lib/python3.10/dist-packages /usr/local/bin/cmake --build /home/guyi/github/Modified_InMoov/visualize_ws/build/sup_moveit_model -- -j16 -l16
[1.574s] DEBUG:colcon.colcon_core.event_handler.log_command:Invoking command in '/home/guyi/github/Modified_InMoov/visualize_ws/build/sup_moveit_model': AMENT_PREFIX_PATH=/home/guyi/github/Modified_InMoov/visualize_ws/install/arm_system_model:/home/guyi/github/Modified_InMoov/visualize_ws/install/sup_moveit_config_2:/home/guyi/github/Modified_InMoov/visualize_ws/install/sup_moveit_config:/home/guyi/github/Modified_InMoov/visualize_ws/install/suP_moveit_config:/home/guyi/github/Modified_InMoov/visualize_ws/install/arm_system_tools:/home/guyi/github/Modified_InMoov/visualize_ws/install/arm_system_description:/home/guyi/inmoov_ros2/install/inmoov_config_test:/home/guyi/inmoov_ros2/install/inmoov_tools:/home/guyi/inmoov_ros2/install/inmoov_bringup:/home/guyi/inmoov_ros2/install/inmoov_meshes:/home/guyi/inmoov_ros2/install/inmoov_msgs:/home/guyi/inmoov_ros2/install/inmoov_description:/opt/ros/humble CMAKE_PREFIX_PATH=${CMAKE_PREFIX_PATH}:/home/guyi/github/Modified_InMoov/visualize_ws/install/arm_system_tools:/home/guyi/github/Modified_InMoov/visualize_ws/install/arm_system_model:/opt/ros/humble CONDA_PROMPT_MODIFIER=(base) PYTHONPATH=/home/guyi/github/Modified_InMoov/visualize_ws/install/arm_system_model/lib/python3.10/site-packages:/home/guyi/github/Modified_InMoov/visualize_ws/install/arm_system_tools/lib/python3.10/site-packages:/home/guyi/inmoov_ros2/install/inmoov_msgs/local/lib/python3.10/dist-packages:/opt/ros/humble/lib/python3.10/site-packages:/opt/ros/humble/local/lib/python3.10/dist-packages /usr/local/bin/cmake --install /home/guyi/github/Modified_InMoov/visualize_ws/build/sup_moveit_model
[1.579s] Level 1:colcon.colcon_core.environment:create_environment_scripts_only(sup_moveit_model)
[1.580s] Level 1:colcon.colcon_core.environment:checking '/home/guyi/github/Modified_InMoov/visualize_ws/install/sup_moveit_model' for CMake module files
[1.580s] DEBUG:colcon.colcon_core.event_handler.log_command:Invoked command in '/home/guyi/github/Modified_InMoov/visualize_ws/build/sup_moveit_model' returned '0': AMENT_PREFIX_PATH=/home/guyi/github/Modified_InMoov/visualize_ws/install/arm_system_model:/home/guyi/github/Modified_InMoov/visualize_ws/install/sup_moveit_config_2:/home/guyi/github/Modified_InMoov/visualize_ws/install/sup_moveit_config:/home/guyi/github/Modified_InMoov/visualize_ws/install/suP_moveit_config:/home/guyi/github/Modified_InMoov/visualize_ws/install/arm_system_tools:/home/guyi/github/Modified_InMoov/visualize_ws/install/arm_system_description:/home/guyi/inmoov_ros2/install/inmoov_config_test:/home/guyi/inmoov_ros2/install/inmoov_tools:/home/guyi/inmoov_ros2/install/inmoov_bringup:/home/guyi/inmoov_ros2/install/inmoov_meshes:/home/guyi/inmoov_ros2/install/inmoov_msgs:/home/guyi/inmoov_ros2/install/inmoov_description:/opt/ros/humble CMAKE_PREFIX_PATH=${CMAKE_PREFIX_PATH}:/home/guyi/github/Modified_InMoov/visualize_ws/install/arm_system_tools:/home/guyi/github/Modified_InMoov/visualize_ws/install/arm_system_model:/opt/ros/humble CONDA_PROMPT_MODIFIER=(base) PYTHONPATH=/home/guyi/github/Modified_InMoov/visualize_ws/install/arm_system_model/lib/python3.10/site-packages:/home/guyi/github/Modified_InMoov/visualize_ws/install/arm_system_tools/lib/python3.10/site-packages:/home/guyi/inmoov_ros2/install/inmoov_msgs/local/lib/python3.10/dist-packages:/opt/ros/humble/lib/python3.10/site-packages:/opt/ros/humble/local/lib/python3.10/dist-packages /usr/local/bin/cmake --install /home/guyi/github/Modified_InMoov/visualize_ws/build/sup_moveit_model
[1.580s] Level 1:colcon.colcon_core.environment:checking '/home/guyi/github/Modified_InMoov/visualize_ws/install/sup_moveit_model' for CMake config files
[1.580s] Level 1:colcon.colcon_core.shell:create_environment_hook('sup_moveit_model', 'cmake_prefix_path')
[1.580s] INFO:colcon.colcon_core.shell:Creating environment hook '/home/guyi/github/Modified_InMoov/visualize_ws/install/sup_moveit_model/share/sup_moveit_model/hook/cmake_prefix_path.ps1'
[1.581s] INFO:colcon.colcon_core.shell:Creating environment descriptor '/home/guyi/github/Modified_InMoov/visualize_ws/install/sup_moveit_model/share/sup_moveit_model/hook/cmake_prefix_path.dsv'
[1.581s] INFO:colcon.colcon_core.shell:Creating environment hook '/home/guyi/github/Modified_InMoov/visualize_ws/install/sup_moveit_model/share/sup_moveit_model/hook/cmake_prefix_path.sh'
[1.581s] Level 1:colcon.colcon_core.environment:checking '/home/guyi/github/Modified_InMoov/visualize_ws/install/sup_moveit_model/bin'
[1.581s] Level 1:colcon.colcon_core.environment:checking '/home/guyi/github/Modified_InMoov/visualize_ws/install/sup_moveit_model/lib/pkgconfig/sup_moveit_model.pc'
[1.582s] Level 1:colcon.colcon_core.environment:checking '/home/guyi/github/Modified_InMoov/visualize_ws/install/sup_moveit_model/lib/python3.10/site-packages'
[1.582s] Level 1:colcon.colcon_core.environment:checking '/home/guyi/github/Modified_InMoov/visualize_ws/install/sup_moveit_model/bin'
[1.582s] INFO:colcon.colcon_core.shell:Creating package script '/home/guyi/github/Modified_InMoov/visualize_ws/install/sup_moveit_model/share/sup_moveit_model/package.ps1'
[1.582s] INFO:colcon.colcon_core.shell:Creating package descriptor '/home/guyi/github/Modified_InMoov/visualize_ws/install/sup_moveit_model/share/sup_moveit_model/package.dsv'
[1.582s] INFO:colcon.colcon_core.shell:Creating package script '/home/guyi/github/Modified_InMoov/visualize_ws/install/sup_moveit_model/share/sup_moveit_model/package.sh'
[1.582s] INFO:colcon.colcon_core.shell:Creating package script '/home/guyi/github/Modified_InMoov/visualize_ws/install/sup_moveit_model/share/sup_moveit_model/package.bash'
[1.583s] INFO:colcon.colcon_core.shell:Creating package script '/home/guyi/github/Modified_InMoov/visualize_ws/install/sup_moveit_model/share/sup_moveit_model/package.zsh'
[1.583s] Level 1:colcon.colcon_core.environment:create_file_with_runtime_dependencies(/home/guyi/github/Modified_InMoov/visualize_ws/install/sup_moveit_model/share/colcon-core/packages/sup_moveit_model)
[1.583s] Level 1:colcon.colcon_core.environment:create_environment_scripts_only(sup_moveit_model)
[1.583s] Level 1:colcon.colcon_core.environment:checking '/home/guyi/github/Modified_InMoov/visualize_ws/install/sup_moveit_model' for CMake module files
[1.583s] Level 1:colcon.colcon_core.environment:checking '/home/guyi/github/Modified_InMoov/visualize_ws/install/sup_moveit_model' for CMake config files
[1.584s] Level 1:colcon.colcon_core.shell:create_environment_hook('sup_moveit_model', 'cmake_prefix_path')
[1.584s] INFO:colcon.colcon_core.shell:Creating environment hook '/home/guyi/github/Modified_InMoov/visualize_ws/install/sup_moveit_model/share/sup_moveit_model/hook/cmake_prefix_path.ps1'
[1.584s] INFO:colcon.colcon_core.shell:Creating environment descriptor '/home/guyi/github/Modified_InMoov/visualize_ws/install/sup_moveit_model/share/sup_moveit_model/hook/cmake_prefix_path.dsv'
[1.584s] INFO:colcon.colcon_core.shell:Creating environment hook '/home/guyi/github/Modified_InMoov/visualize_ws/install/sup_moveit_model/share/sup_moveit_model/hook/cmake_prefix_path.sh'
[1.584s] Level 1:colcon.colcon_core.environment:checking '/home/guyi/github/Modified_InMoov/visualize_ws/install/sup_moveit_model/bin'
[1.584s] Level 1:colcon.colcon_core.environment:checking '/home/guyi/github/Modified_InMoov/visualize_ws/install/sup_moveit_model/lib/pkgconfig/sup_moveit_model.pc'
[1.584s] Level 1:colcon.colcon_core.environment:checking '/home/guyi/github/Modified_InMoov/visualize_ws/install/sup_moveit_model/lib/python3.10/site-packages'
[1.585s] Level 1:colcon.colcon_core.environment:checking '/home/guyi/github/Modified_InMoov/visualize_ws/install/sup_moveit_model/bin'
[1.585s] INFO:colcon.colcon_core.shell:Creating package script '/home/guyi/github/Modified_InMoov/visualize_ws/install/sup_moveit_model/share/sup_moveit_model/package.ps1'
[1.585s] INFO:colcon.colcon_core.shell:Creating package descriptor '/home/guyi/github/Modified_InMoov/visualize_ws/install/sup_moveit_model/share/sup_moveit_model/package.dsv'
[1.585s] INFO:colcon.colcon_core.shell:Creating package script '/home/guyi/github/Modified_InMoov/visualize_ws/install/sup_moveit_model/share/sup_moveit_model/package.sh'
[1.585s] INFO:colcon.colcon_core.shell:Creating package script '/home/guyi/github/Modified_InMoov/visualize_ws/install/sup_moveit_model/share/sup_moveit_model/package.bash'
[1.586s] INFO:colcon.colcon_core.shell:Creating package script '/home/guyi/github/Modified_InMoov/visualize_ws/install/sup_moveit_model/share/sup_moveit_model/package.zsh'
[1.586s] Level 1:colcon.colcon_core.environment:create_file_with_runtime_dependencies(/home/guyi/github/Modified_InMoov/visualize_ws/install/sup_moveit_model/share/colcon-core/packages/sup_moveit_model)
[1.586s] DEBUG:colcon.colcon_parallel_executor.executor.parallel:closing loop
[1.586s] DEBUG:colcon.colcon_parallel_executor.executor.parallel:loop closed
[1.586s] DEBUG:colcon.colcon_parallel_executor.executor.parallel:run_until_complete finished with '0'
[1.586s] DEBUG:colcon.colcon_core.event_reactor:joining thread
[1.590s] INFO:colcon.colcon_core.plugin_system:Skipping extension 'colcon_notification.desktop_notification.terminal_notifier': Not used on non-Darwin systems
[1.590s] INFO:colcon.colcon_core.plugin_system:Skipping extension 'colcon_notification.desktop_notification.win32': Not used on non-Windows systems
[1.590s] INFO:colcon.colcon_notification.desktop_notification:Sending desktop notification using 'notify2'
[1.598s] DEBUG:colcon.colcon_core.event_reactor:joined thread
[1.599s] INFO:colcon.colcon_core.shell:Creating prefix script '/home/guyi/github/Modified_InMoov/visualize_ws/install/local_setup.ps1'
[1.600s] INFO:colcon.colcon_core.shell:Creating prefix util module '/home/guyi/github/Modified_InMoov/visualize_ws/install/_local_setup_util_ps1.py'
[1.601s] INFO:colcon.colcon_core.shell:Creating prefix chain script '/home/guyi/github/Modified_InMoov/visualize_ws/install/setup.ps1'
[1.602s] INFO:colcon.colcon_core.shell:Creating prefix script '/home/guyi/github/Modified_InMoov/visualize_ws/install/local_setup.sh'
[1.602s] INFO:colcon.colcon_core.shell:Creating prefix util module '/home/guyi/github/Modified_InMoov/visualize_ws/install/_local_setup_util_sh.py'
[1.602s] INFO:colcon.colcon_core.shell:Creating prefix chain script '/home/guyi/github/Modified_InMoov/visualize_ws/install/setup.sh'
[1.603s] INFO:colcon.colcon_core.shell:Creating prefix script '/home/guyi/github/Modified_InMoov/visualize_ws/install/local_setup.bash'
[1.603s] INFO:colcon.colcon_core.shell:Creating prefix chain script '/home/guyi/github/Modified_InMoov/visualize_ws/install/setup.bash'
[1.604s] INFO:colcon.colcon_core.shell:Creating prefix script '/home/guyi/github/Modified_InMoov/visualize_ws/install/local_setup.zsh'
[1.604s] INFO:colcon.colcon_core.shell:Creating prefix chain script '/home/guyi/github/Modified_InMoov/visualize_ws/install/setup.zsh'
