[0.306s] Invoking command in '/home/guyi/github/Modified_InMoov/Unity-ros-connection/ros2 nodes/build/servo_mediator_cpp': CMAKE_PREFIX_PATH=/home/guyi/github/Modified_InMoov/Unity-ros-connection/ros2 nodes/install/servo_mediator_cpp:/home/guyi/github/Modified_InMoov/Unity-ros-connection/ros2 nodes/install/ros_tcp_endpoint:/home/guyi/github/Modified_InMoov/Unity-ros-connection/ros2 nodes/install/ce_python:/home/guyi/github/Modified_InMoov/Unity-ros-connection/ros2 nodes/udp converter/install/ce_python:/opt/ros/humble:/home/guyi/github/Modified_InMoov/Unity-ros-connection/ros2 nodes/install/inmoov_description:/home/guyi/github/Modified_InMoov/Unity-ros-connection/ros2 nodes/udp converter/install/servo_mediator_cpp:/home/guyi/inmoov_ros2/install/inmoov_tools:/home/guyi/inmoov_ros2/install/inmoov_bringup:/home/guyi/inmoov_ros2/install/inmoov_msgs:/home/guyi/inmoov_ros2/install/inmoov_meshes:/home/guyi/inmoov_ros2/install/inmoov_config_test:/home/guyi/inmoov_ros2/install/inmoov_description CONDA_PROMPT_MODIFIER=(base) /usr/local/bin/cmake --build /home/guyi/github/Modified_InMoov/Unity-ros-connection/ros2 nodes/build/servo_mediator_cpp -- -j16 -l16
[0.327s] [35m[1mConsolidate compiler generated dependencies of target combined_node[0m
[0.357s] [ 16%] [32mBuilding CXX object CMakeFiles/combined_node.dir/src/main.cpp.o[0m
[0.357s] [ 33%] [32mBuilding CXX object CMakeFiles/combined_node.dir/src/websocket_receiver_node.cpp.o[0m
[3.374s] In file included from [01m[K/opt/ros/humble/include/rclcpp/rclcpp/client.hpp:40[m[K,
[3.374s]                  from [01m[K/opt/ros/humble/include/rclcpp/rclcpp/callback_group.hpp:24[m[K,
[3.374s]                  from [01m[K/opt/ros/humble/include/rclcpp/rclcpp/any_executable.hpp:20[m[K,
[3.374s]                  from [01m[K/opt/ros/humble/include/rclcpp/rclcpp/memory_strategy.hpp:25[m[K,
[3.374s]                  from [01m[K/opt/ros/humble/include/rclcpp/rclcpp/memory_strategies.hpp:18[m[K,
[3.374s]                  from [01m[K/opt/ros/humble/include/rclcpp/rclcpp/executor_options.hpp:20[m[K,
[3.375s]                  from [01m[K/opt/ros/humble/include/rclcpp/rclcpp/executor.hpp:37[m[K,
[3.375s]                  from [01m[K/opt/ros/humble/include/rclcpp/rclcpp/executors/multi_threaded_executor.hpp:25[m[K,
[3.375s]                  from [01m[K/opt/ros/humble/include/rclcpp/rclcpp/executors.hpp:21[m[K,
[3.375s]                  from [01m[K/opt/ros/humble/include/rclcpp/rclcpp/rclcpp.hpp:155[m[K,
[3.375s]                  from [01m[K/home/guyi/github/Modified_InMoov/Unity-ros-connection/ros2 nodes/udp converter/src/servo_mediator_cpp/include/servo_mediator_cpp/websocket_receiver_node.hpp:3[m[K,
[3.375s]                  from [01m[K/home/guyi/github/Modified_InMoov/Unity-ros-connection/ros2 nodes/udp converter/src/servo_mediator_cpp/src/websocket_receiver_node.cpp:1[m[K:
[3.375s] [01m[K/home/guyi/github/Modified_InMoov/Unity-ros-connection/ros2 nodes/udp converter/src/servo_mediator_cpp/include/servo_mediator_cpp/websocket_receiver_node.hpp:43:5:[m[K [01;31m[Kerror: [m[Kexpected unqualified-id before ‘[01m[Kdo[m[K’
[3.375s]    43 |     [01;31m[KRCLCPP_INFO[m[K(this->get_logger(), "📨 Raw WebSocket msg: '%s'", message.c_str());
[3.375s]       |     [01;31m[K^~~~~~~~~~~[m[K
[3.375s] [01m[K/home/guyi/github/Modified_InMoov/Unity-ros-connection/ros2 nodes/udp converter/src/servo_mediator_cpp/include/servo_mediator_cpp/websocket_receiver_node.hpp:43:5:[m[K [01;31m[Kerror: [m[Kexpected unqualified-id before ‘[01m[Kwhile[m[K’
[3.375s]    43 |     [01;31m[KRCLCPP_INFO[m[K(this->get_logger(), "📨 Raw WebSocket msg: '%s'", message.c_str());
[3.375s]       |     [01;31m[K^~~~~~~~~~~[m[K
[3.407s] In file included from [01m[K/opt/ros/humble/include/rclcpp/rclcpp/client.hpp:40[m[K,
[3.407s]                  from [01m[K/opt/ros/humble/include/rclcpp/rclcpp/callback_group.hpp:24[m[K,
[3.407s]                  from [01m[K/opt/ros/humble/include/rclcpp/rclcpp/any_executable.hpp:20[m[K,
[3.407s]                  from [01m[K/opt/ros/humble/include/rclcpp/rclcpp/memory_strategy.hpp:25[m[K,
[3.407s]                  from [01m[K/opt/ros/humble/include/rclcpp/rclcpp/memory_strategies.hpp:18[m[K,
[3.407s]                  from [01m[K/opt/ros/humble/include/rclcpp/rclcpp/executor_options.hpp:20[m[K,
[3.408s]                  from [01m[K/opt/ros/humble/include/rclcpp/rclcpp/executor.hpp:37[m[K,
[3.408s]                  from [01m[K/opt/ros/humble/include/rclcpp/rclcpp/executors/multi_threaded_executor.hpp:25[m[K,
[3.408s]                  from [01m[K/opt/ros/humble/include/rclcpp/rclcpp/executors.hpp:21[m[K,
[3.408s]                  from [01m[K/opt/ros/humble/include/rclcpp/rclcpp/rclcpp.hpp:155[m[K,
[3.408s]                  from [01m[K/home/guyi/github/Modified_InMoov/Unity-ros-connection/ros2 nodes/udp converter/src/servo_mediator_cpp/src/main.cpp:1[m[K:
[3.408s] [01m[K/home/guyi/github/Modified_InMoov/Unity-ros-connection/ros2 nodes/udp converter/src/servo_mediator_cpp/include/servo_mediator_cpp/websocket_receiver_node.hpp:43:5:[m[K [01;31m[Kerror: [m[Kexpected unqualified-id before ‘[01m[Kdo[m[K’
[3.408s]    43 |     [01;31m[KRCLCPP_INFO[m[K(this->get_logger(), "📨 Raw WebSocket msg: '%s'", message.c_str());
[3.408s]       |     [01;31m[K^~~~~~~~~~~[m[K
[3.408s] [01m[K/home/guyi/github/Modified_InMoov/Unity-ros-connection/ros2 nodes/udp converter/src/servo_mediator_cpp/include/servo_mediator_cpp/websocket_receiver_node.hpp:43:5:[m[K [01;31m[Kerror: [m[Kexpected unqualified-id before ‘[01m[Kwhile[m[K’
[3.408s]    43 |     [01;31m[KRCLCPP_INFO[m[K(this->get_logger(), "📨 Raw WebSocket msg: '%s'", message.c_str());
[3.408s]       |     [01;31m[K^~~~~~~~~~~[m[K
[5.532s] gmake[2]: *** [CMakeFiles/combined_node.dir/build.make:132：CMakeFiles/combined_node.dir/src/websocket_receiver_node.cpp.o] 错误 1
[5.532s] gmake[2]: *** 正在等待未完成的任务....
[5.757s] gmake[2]: *** [CMakeFiles/combined_node.dir/build.make:76：CMakeFiles/combined_node.dir/src/main.cpp.o] 错误 1
[5.757s] gmake[1]: *** [CMakeFiles/Makefile2:137：CMakeFiles/combined_node.dir/all] 错误 2
[5.757s] gmake: *** [Makefile:146：all] 错误 2
[5.759s] Invoked command in '/home/guyi/github/Modified_InMoov/Unity-ros-connection/ros2 nodes/build/servo_mediator_cpp' returned '2': CMAKE_PREFIX_PATH=/home/guyi/github/Modified_InMoov/Unity-ros-connection/ros2 nodes/install/servo_mediator_cpp:/home/guyi/github/Modified_InMoov/Unity-ros-connection/ros2 nodes/install/ros_tcp_endpoint:/home/guyi/github/Modified_InMoov/Unity-ros-connection/ros2 nodes/install/ce_python:/home/guyi/github/Modified_InMoov/Unity-ros-connection/ros2 nodes/udp converter/install/ce_python:/opt/ros/humble:/home/guyi/github/Modified_InMoov/Unity-ros-connection/ros2 nodes/install/inmoov_description:/home/guyi/github/Modified_InMoov/Unity-ros-connection/ros2 nodes/udp converter/install/servo_mediator_cpp:/home/guyi/inmoov_ros2/install/inmoov_tools:/home/guyi/inmoov_ros2/install/inmoov_bringup:/home/guyi/inmoov_ros2/install/inmoov_msgs:/home/guyi/inmoov_ros2/install/inmoov_meshes:/home/guyi/inmoov_ros2/install/inmoov_config_test:/home/guyi/inmoov_ros2/install/inmoov_description CONDA_PROMPT_MODIFIER=(base) /usr/local/bin/cmake --build /home/guyi/github/Modified_InMoov/Unity-ros-connection/ros2 nodes/build/servo_mediator_cpp -- -j16 -l16
