[ 50%] [32mBuilding CXX object CMakeFiles/image_decoder_node.dir/src/image_decoder_node.cpp.o[0m
[100%] [32m[1mLinking CXX executable image_decoder_node[0m
[100%] Built target image_decoder_node
-- Install configuration: ""
-- Execute custom install script
-- Up-to-date symlink: /home/guyi/github/Modified_InMoov/ros-http/src/install/decode_node/lib/decode_node/image_decoder_node
-- Up-to-date symlink: /home/guyi/github/Modified_InMoov/ros-http/src/install/decode_node/share/ament_index/resource_index/package_run_dependencies/decode_node
-- Up-to-date symlink: /home/guyi/github/Modified_InMoov/ros-http/src/install/decode_node/share/ament_index/resource_index/parent_prefix_path/decode_node
-- Up-to-date symlink: /home/guyi/github/Modified_InMoov/ros-http/src/install/decode_node/share/decode_node/environment/ament_prefix_path.sh
-- Up-to-date symlink: /home/guyi/github/Modified_InMoov/ros-http/src/install/decode_node/share/decode_node/environment/ament_prefix_path.dsv
-- Up-to-date symlink: /home/guyi/github/Modified_InMoov/ros-http/src/install/decode_node/share/decode_node/environment/path.sh
-- Up-to-date symlink: /home/guyi/github/Modified_InMoov/ros-http/src/install/decode_node/share/decode_node/environment/path.dsv
-- Up-to-date symlink: /home/guyi/github/Modified_InMoov/ros-http/src/install/decode_node/share/decode_node/local_setup.bash
-- Up-to-date symlink: /home/guyi/github/Modified_InMoov/ros-http/src/install/decode_node/share/decode_node/local_setup.sh
-- Up-to-date symlink: /home/guyi/github/Modified_InMoov/ros-http/src/install/decode_node/share/decode_node/local_setup.zsh
-- Up-to-date symlink: /home/guyi/github/Modified_InMoov/ros-http/src/install/decode_node/share/decode_node/local_setup.dsv
-- Symlinking: /home/guyi/github/Modified_InMoov/ros-http/src/install/decode_node/share/decode_node/package.dsv
-- Up-to-date symlink: /home/guyi/github/Modified_InMoov/ros-http/src/install/decode_node/share/ament_index/resource_index/packages/decode_node
-- Up-to-date symlink: /home/guyi/github/Modified_InMoov/ros-http/src/install/decode_node/share/decode_node/cmake/decode_nodeConfig.cmake
-- Up-to-date symlink: /home/guyi/github/Modified_InMoov/ros-http/src/install/decode_node/share/decode_node/cmake/decode_nodeConfig-version.cmake
-- Up-to-date symlink: /home/guyi/github/Modified_InMoov/ros-http/src/install/decode_node/share/decode_node/package.xml
