running egg_info
creating ../build/arm_system_model/arm_system_model.egg-info
writing ../build/arm_system_model/arm_system_model.egg-info/PKG-INFO
writing dependency_links to ../build/arm_system_model/arm_system_model.egg-info/dependency_links.txt
writing entry points to ../build/arm_system_model/arm_system_model.egg-info/entry_points.txt
writing requirements to ../build/arm_system_model/arm_system_model.egg-info/requires.txt
writing top-level names to ../build/arm_system_model/arm_system_model.egg-info/top_level.txt
writing manifest file '../build/arm_system_model/arm_system_model.egg-info/SOURCES.txt'
reading manifest file '../build/arm_system_model/arm_system_model.egg-info/SOURCES.txt'
adding license file 'LICENSE'
writing manifest file '../build/arm_system_model/arm_system_model.egg-info/SOURCES.txt'
running build
running build_py
creating /home/guyi/github/Modified_InMoov/visualize_ws/build/arm_system_model/build
creating /home/guyi/github/Modified_InMoov/visualize_ws/build/arm_system_model/build/lib
creating /home/guyi/github/Modified_InMoov/visualize_ws/build/arm_system_model/build/lib/arm_system_model
copying arm_system_model/__init__.py -> /home/guyi/github/Modified_InMoov/visualize_ws/build/arm_system_model/build/lib/arm_system_model
running install
running install_lib
creating /home/guyi/github/Modified_InMoov/visualize_ws/install/arm_system_model/lib/python3.10/site-packages/arm_system_model
copying /home/guyi/github/Modified_InMoov/visualize_ws/build/arm_system_model/build/lib/arm_system_model/__init__.py -> /home/guyi/github/Modified_InMoov/visualize_ws/install/arm_system_model/lib/python3.10/site-packages/arm_system_model
byte-compiling /home/guyi/github/Modified_InMoov/visualize_ws/install/arm_system_model/lib/python3.10/site-packages/arm_system_model/__init__.py to __init__.cpython-310.pyc
running install_data
creating /home/guyi/github/Modified_InMoov/visualize_ws/install/arm_system_model/share/arm_system_model/launch
copying launch/demo.launch.py -> /home/guyi/github/Modified_InMoov/visualize_ws/install/arm_system_model/share/arm_system_model/launch
creating /home/guyi/github/Modified_InMoov/visualize_ws/install/arm_system_model/share/arm_system_model/urdf
copying urdf/arm_system.urdf.xml -> /home/guyi/github/Modified_InMoov/visualize_ws/install/arm_system_model/share/arm_system_model/urdf
creating /home/guyi/github/Modified_InMoov/visualize_ws/install/arm_system_model/share/arm_system_model/meshes
creating /home/guyi/github/Modified_InMoov/visualize_ws/install/arm_system_model/share/arm_system_model/rviz
copying package.xml -> /home/guyi/github/Modified_InMoov/visualize_ws/install/arm_system_model/share/arm_system_model
running install_egg_info
Copying ../build/arm_system_model/arm_system_model.egg-info to /home/guyi/github/Modified_InMoov/visualize_ws/install/arm_system_model/lib/python3.10/site-packages/arm_system_model-0.0.1-py3.10.egg-info
running install_scripts
writing list of installed files to '/home/guyi/github/Modified_InMoov/visualize_ws/build/arm_system_model/install.log'
