[0.385s] Invoking command in '/home/guyi/github/Modified_InMoov/visualize_ws/arm_system_model': CONDA_PROMPT_MODIFIER=(base) PYTHONPATH=/home/guyi/github/Modified_InMoov/visualize_ws/build/arm_system_model/prefix_override:/usr/lib/python3/dist-packages/colcon_core/task/python/colcon_distutils_commands:/home/guyi/github/Modified_InMoov/visualize_ws/install/arm_system_model/lib/python3.10/site-packages:${PYTHONPATH} /usr/bin/python3 -W ignore:setup.py install is deprecated -W ignore:easy_install command is deprecated setup.py egg_info --egg-base ../build/arm_system_model build --build-base /home/guyi/github/Modified_InMoov/visualize_ws/build/arm_system_model/build install --record /home/guyi/github/Modified_InMoov/visualize_ws/build/arm_system_model/install.log --single-version-externally-managed install_data
[0.526s] running egg_info
[0.526s] creating ../build/arm_system_model/arm_system_model.egg-info
[0.526s] writing ../build/arm_system_model/arm_system_model.egg-info/PKG-INFO
[0.526s] writing dependency_links to ../build/arm_system_model/arm_system_model.egg-info/dependency_links.txt
[0.527s] writing entry points to ../build/arm_system_model/arm_system_model.egg-info/entry_points.txt
[0.527s] writing requirements to ../build/arm_system_model/arm_system_model.egg-info/requires.txt
[0.527s] writing top-level names to ../build/arm_system_model/arm_system_model.egg-info/top_level.txt
[0.527s] writing manifest file '../build/arm_system_model/arm_system_model.egg-info/SOURCES.txt'
[0.528s] reading manifest file '../build/arm_system_model/arm_system_model.egg-info/SOURCES.txt'
[0.528s] adding license file 'LICENSE'
[0.528s] writing manifest file '../build/arm_system_model/arm_system_model.egg-info/SOURCES.txt'
[0.528s] running build
[0.528s] running build_py
[0.528s] creating /home/guyi/github/Modified_InMoov/visualize_ws/build/arm_system_model/build
[0.528s] creating /home/guyi/github/Modified_InMoov/visualize_ws/build/arm_system_model/build/lib
[0.528s] creating /home/guyi/github/Modified_InMoov/visualize_ws/build/arm_system_model/build/lib/arm_system_model
[0.528s] copying arm_system_model/__init__.py -> /home/guyi/github/Modified_InMoov/visualize_ws/build/arm_system_model/build/lib/arm_system_model
[0.529s] running install
[0.529s] running install_lib
[0.529s] creating /home/guyi/github/Modified_InMoov/visualize_ws/install/arm_system_model/lib/python3.10/site-packages/arm_system_model
[0.529s] copying /home/guyi/github/Modified_InMoov/visualize_ws/build/arm_system_model/build/lib/arm_system_model/__init__.py -> /home/guyi/github/Modified_InMoov/visualize_ws/install/arm_system_model/lib/python3.10/site-packages/arm_system_model
[0.529s] byte-compiling /home/guyi/github/Modified_InMoov/visualize_ws/install/arm_system_model/lib/python3.10/site-packages/arm_system_model/__init__.py to __init__.cpython-310.pyc
[0.530s] running install_data
[0.530s] creating /home/guyi/github/Modified_InMoov/visualize_ws/install/arm_system_model/share/arm_system_model/launch
[0.530s] copying launch/demo.launch.py -> /home/guyi/github/Modified_InMoov/visualize_ws/install/arm_system_model/share/arm_system_model/launch
[0.530s] creating /home/guyi/github/Modified_InMoov/visualize_ws/install/arm_system_model/share/arm_system_model/urdf
[0.530s] copying urdf/arm_system.urdf.xml -> /home/guyi/github/Modified_InMoov/visualize_ws/install/arm_system_model/share/arm_system_model/urdf
[0.530s] creating /home/guyi/github/Modified_InMoov/visualize_ws/install/arm_system_model/share/arm_system_model/meshes
[0.530s] creating /home/guyi/github/Modified_InMoov/visualize_ws/install/arm_system_model/share/arm_system_model/rviz
[0.530s] copying package.xml -> /home/guyi/github/Modified_InMoov/visualize_ws/install/arm_system_model/share/arm_system_model
[0.530s] running install_egg_info
[0.531s] Copying ../build/arm_system_model/arm_system_model.egg-info to /home/guyi/github/Modified_InMoov/visualize_ws/install/arm_system_model/lib/python3.10/site-packages/arm_system_model-0.0.1-py3.10.egg-info
[0.531s] running install_scripts
[0.547s] writing list of installed files to '/home/guyi/github/Modified_InMoov/visualize_ws/build/arm_system_model/install.log'
[0.567s] Invoked command in '/home/guyi/github/Modified_InMoov/visualize_ws/arm_system_model' returned '0': CONDA_PROMPT_MODIFIER=(base) PYTHONPATH=/home/guyi/github/Modified_InMoov/visualize_ws/build/arm_system_model/prefix_override:/usr/lib/python3/dist-packages/colcon_core/task/python/colcon_distutils_commands:/home/guyi/github/Modified_InMoov/visualize_ws/install/arm_system_model/lib/python3.10/site-packages:${PYTHONPATH} /usr/bin/python3 -W ignore:setup.py install is deprecated -W ignore:easy_install command is deprecated setup.py egg_info --egg-base ../build/arm_system_model build --build-base /home/guyi/github/Modified_InMoov/visualize_ws/build/arm_system_model/build install --record /home/guyi/github/Modified_InMoov/visualize_ws/build/arm_system_model/install.log --single-version-externally-managed install_data
