[0.011s] Invoking command in '/home/guyi/github/Modified_InMoov/Unity-ros-connection/ros2 nodes/udp converter/build/servo_mediator_cpp': CMAKE_PREFIX_PATH=${CMAKE_PREFIX_PATH}:/home/guyi/github/Modified_InMoov/Unity-ros-connection/ros2 nodes/udp converter/install/ce_python:/opt/ros/humble CONDA_PROMPT_MODIFIER=(base) /usr/local/bin/cmake /home/guyi/github/Modified_InMoov/Unity-ros-connection/ros2 nodes/udp converter/src/servo_mediator_cpp -DCMAKE_INSTALL_PREFIX=/home/guyi/github/Modified_InMoov/Unity-ros-connection/ros2 nodes/udp converter/install/servo_mediator_cpp
[0.062s] -- The C compiler identification is GNU 11.4.0
[0.109s] -- The CXX compiler identification is GNU 11.4.0
[0.116s] -- Detecting C compiler ABI info
[0.156s] -- Detecting C compiler ABI info - done
[0.160s] -- Check for working C compiler: /usr/bin/cc - skipped
[0.160s] -- Detecting C compile features
[0.161s] -- Detecting C compile features - done
[0.162s] -- Detecting CXX compiler ABI info
[0.206s] -- Detecting CXX compiler ABI info - done
[0.211s] -- Check for working CXX compiler: /usr/bin/c++ - skipped
[0.211s] -- Detecting CXX compile features
[0.211s] -- Detecting CXX compile features - done
[0.214s] -- Found ament_cmake: 1.3.11 (/opt/ros/humble/share/ament_cmake/cmake)
[0.413s] -- Found Python3: /home/guyi/anaconda3/bin/python3 (found version "3.12.7") found components: Interpreter 
[0.486s] -- Found rclcpp: 16.0.12 (/opt/ros/humble/share/rclcpp/cmake)
[0.519s] -- Found rosidl_generator_c: 3.1.6 (/opt/ros/humble/share/rosidl_generator_c/cmake)
[0.523s] -- Found rosidl_adapter: 3.1.6 (/opt/ros/humble/share/rosidl_adapter/cmake)
[0.529s] -- Found rosidl_generator_cpp: 3.1.6 (/opt/ros/humble/share/rosidl_generator_cpp/cmake)
[0.538s] -- Using all available rosidl_typesupport_c: rosidl_typesupport_fastrtps_c;rosidl_typesupport_introspection_c
[0.553s] -- Using all available rosidl_typesupport_cpp: rosidl_typesupport_fastrtps_cpp;rosidl_typesupport_introspection_cpp
[0.586s] -- Found rmw_implementation_cmake: 6.1.2 (/opt/ros/humble/share/rmw_implementation_cmake/cmake)
[0.588s] -- Found rmw_fastrtps_cpp: 6.2.7 (/opt/ros/humble/share/rmw_fastrtps_cpp/cmake)
[0.661s] -- Found OpenSSL: /usr/lib/x86_64-linux-gnu/libcrypto.so (found version "3.0.2")  
[0.683s] -- Found FastRTPS: /opt/ros/humble/include  
[0.718s] -- Using RMW implementation 'rmw_fastrtps_cpp' as default
[0.727s] -- Looking for pthread.h
[0.771s] -- Looking for pthread.h - found
[0.772s] -- Performing Test CMAKE_HAVE_LIBC_PTHREAD
[0.814s] -- Performing Test CMAKE_HAVE_LIBC_PTHREAD - Success
[0.815s] -- Found Threads: TRUE  
[0.855s] -- Found nlohmann_json: /usr/lib/cmake/nlohmann_json/nlohmann_jsonConfig.cmake (found version "3.10.5") 
[0.910s] -- Configuring done
[0.916s] -- Generating done
[0.919s] -- Build files have been written to: /home/guyi/github/Modified_InMoov/Unity-ros-connection/ros2 nodes/udp converter/build/servo_mediator_cpp
[0.924s] Invoked command in '/home/guyi/github/Modified_InMoov/Unity-ros-connection/ros2 nodes/udp converter/build/servo_mediator_cpp' returned '0': CMAKE_PREFIX_PATH=${CMAKE_PREFIX_PATH}:/home/guyi/github/Modified_InMoov/Unity-ros-connection/ros2 nodes/udp converter/install/ce_python:/opt/ros/humble CONDA_PROMPT_MODIFIER=(base) /usr/local/bin/cmake /home/guyi/github/Modified_InMoov/Unity-ros-connection/ros2 nodes/udp converter/src/servo_mediator_cpp -DCMAKE_INSTALL_PREFIX=/home/guyi/github/Modified_InMoov/Unity-ros-connection/ros2 nodes/udp converter/install/servo_mediator_cpp
[0.926s] Invoking command in '/home/guyi/github/Modified_InMoov/Unity-ros-connection/ros2 nodes/udp converter/build/servo_mediator_cpp': CMAKE_PREFIX_PATH=${CMAKE_PREFIX_PATH}:/home/guyi/github/Modified_InMoov/Unity-ros-connection/ros2 nodes/udp converter/install/ce_python:/opt/ros/humble CONDA_PROMPT_MODIFIER=(base) /usr/local/bin/cmake --build /home/guyi/github/Modified_InMoov/Unity-ros-connection/ros2 nodes/udp converter/build/servo_mediator_cpp -- -j16 -l16
[0.947s] [35m[1mConsolidate compiler generated dependencies of target combined_node[0m
[0.958s] [ 25%] [32mBuilding CXX object CMakeFiles/combined_node.dir/src/main.cpp.o[0m
[0.958s] [ 50%] [32mBuilding CXX object CMakeFiles/combined_node.dir/src/udp_receiver_node.cpp.o[0m
[2.490s] [01m[K/home/guyi/github/Modified_InMoov/Unity-ros-connection/ros2 nodes/udp converter/src/servo_mediator_cpp/src/udp_receiver_node.cpp:14:7:[m[K [01;31m[Kerror: [m[Kredefinition of ‘[01m[Kclass UdpReceiverNode[m[K’
[2.490s]    14 | class [01;31m[KUdpReceiverNode[m[K : public rclcpp::Node {
[2.490s]       |       [01;31m[K^~~~~~~~~~~~~~~[m[K
[2.490s] In file included from [01m[K/home/guyi/github/Modified_InMoov/Unity-ros-connection/ros2 nodes/udp converter/src/servo_mediator_cpp/src/udp_receiver_node.cpp:3[m[K:
[2.490s] [01m[K/home/guyi/github/Modified_InMoov/Unity-ros-connection/ros2 nodes/udp converter/src/servo_mediator_cpp/include/servo_mediator_cpp/udp_receiver_node.hpp:9:7:[m[K [01;36m[Knote: [m[Kprevious definition of ‘[01m[Kclass UdpReceiverNode[m[K’
[2.490s]     9 | class [01;36m[KUdpReceiverNode[m[K : public rclcpp::Node {
[2.490s]       |       [01;36m[K^~~~~~~~~~~~~~~[m[K
[2.944s] gmake[2]: *** [CMakeFiles/combined_node.dir/build.make:104：CMakeFiles/combined_node.dir/src/udp_receiver_node.cpp.o] 错误 1
[2.944s] gmake[2]: *** 正在等待未完成的任务....
[3.051s] gmake[1]: *** [CMakeFiles/Makefile2:137：CMakeFiles/combined_node.dir/all] 错误 2
[3.051s] gmake: *** [Makefile:146：all] 错误 2
[3.052s] Invoked command in '/home/guyi/github/Modified_InMoov/Unity-ros-connection/ros2 nodes/udp converter/build/servo_mediator_cpp' returned '2': CMAKE_PREFIX_PATH=${CMAKE_PREFIX_PATH}:/home/guyi/github/Modified_InMoov/Unity-ros-connection/ros2 nodes/udp converter/install/ce_python:/opt/ros/humble CONDA_PROMPT_MODIFIER=(base) /usr/local/bin/cmake --build /home/guyi/github/Modified_InMoov/Unity-ros-connection/ros2 nodes/udp converter/build/servo_mediator_cpp -- -j16 -l16
