-- Found ament_cmake: 1.3.11 (/opt/ros/humble/share/ament_cmake/cmake)
-- Found rclcpp: 16.0.12 (/opt/ros/humble/share/rclcpp/cmake)
-- Found rosidl_generator_c: 3.1.6 (/opt/ros/humble/share/rosidl_generator_c/cmake)
-- Found rosidl_adapter: 3.1.6 (/opt/ros/humble/share/rosidl_adapter/cmake)
-- Found rosidl_generator_cpp: 3.1.6 (/opt/ros/humble/share/rosidl_generator_cpp/cmake)
-- Using all available rosidl_typesupport_c: rosidl_typesupport_fastrtps_c;rosidl_typesupport_introspection_c
-- Using all available rosidl_typesupport_cpp: rosidl_typesupport_fastrtps_cpp;rosidl_typesupport_introspection_cpp
-- Found rmw_implementation_cmake: 6.1.2 (/opt/ros/humble/share/rmw_implementation_cmake/cmake)
-- Found rmw_fastrtps_cpp: 6.2.7 (/opt/ros/humble/share/rmw_fastrtps_cpp/cmake)
-- Using RMW implementation 'rmw_fastrtps_cpp' as default
-- Found cv_bridge: 3.2.1 (/opt/ros/humble/share/cv_bridge/cmake)
-- Configuring done
-- Generating done
-- Build files have been written to: /home/guyi/github/Modified_InMoov/Unity-ros-connection/ros2 nodes/build/servo_mediator_cpp
[35m[1mConsolidate compiler generated dependencies of target combined_node[0m
[ 50%] [32mBuilding CXX object CMakeFiles/combined_node.dir/src/main.cpp.o[0m
[ 50%] [32mBuilding CXX object CMakeFiles/combined_node.dir/src/udp_receiver_node.cpp.o[0m
[ 50%] [32mBuilding CXX object CMakeFiles/combined_node.dir/src/servo_mediator_node.cpp.o[0m
[ 83%] [32mBuilding CXX object CMakeFiles/combined_node.dir/src/websocket_receiver_node.cpp.o[0m
[ 83%] [32mBuilding CXX object CMakeFiles/combined_node.dir/src/tcp_receiver_node.cpp.o[0m
[100%] [32m[1mLinking CXX executable combined_node[0m
[100%] Built target combined_node
-- Install configuration: ""
-- Installing: /home/guyi/github/Modified_InMoov/Unity-ros-connection/ros2 nodes/install/servo_mediator_cpp/lib/servo_mediator_cpp/combined_node
-- Set runtime path of "/home/guyi/github/Modified_InMoov/Unity-ros-connection/ros2 nodes/install/servo_mediator_cpp/lib/servo_mediator_cpp/combined_node" to ""
-- Up-to-date: /home/guyi/github/Modified_InMoov/Unity-ros-connection/ros2 nodes/install/servo_mediator_cpp/share/ament_index/resource_index/package_run_dependencies/servo_mediator_cpp
-- Installing: /home/guyi/github/Modified_InMoov/Unity-ros-connection/ros2 nodes/install/servo_mediator_cpp/share/ament_index/resource_index/parent_prefix_path/servo_mediator_cpp
-- Up-to-date: /home/guyi/github/Modified_InMoov/Unity-ros-connection/ros2 nodes/install/servo_mediator_cpp/share/servo_mediator_cpp/environment/ament_prefix_path.sh
-- Installing: /home/guyi/github/Modified_InMoov/Unity-ros-connection/ros2 nodes/install/servo_mediator_cpp/share/servo_mediator_cpp/environment/ament_prefix_path.dsv
-- Up-to-date: /home/guyi/github/Modified_InMoov/Unity-ros-connection/ros2 nodes/install/servo_mediator_cpp/share/servo_mediator_cpp/environment/path.sh
-- Installing: /home/guyi/github/Modified_InMoov/Unity-ros-connection/ros2 nodes/install/servo_mediator_cpp/share/servo_mediator_cpp/environment/path.dsv
-- Up-to-date: /home/guyi/github/Modified_InMoov/Unity-ros-connection/ros2 nodes/install/servo_mediator_cpp/share/servo_mediator_cpp/local_setup.bash
-- Up-to-date: /home/guyi/github/Modified_InMoov/Unity-ros-connection/ros2 nodes/install/servo_mediator_cpp/share/servo_mediator_cpp/local_setup.sh
-- Up-to-date: /home/guyi/github/Modified_InMoov/Unity-ros-connection/ros2 nodes/install/servo_mediator_cpp/share/servo_mediator_cpp/local_setup.zsh
-- Installing: /home/guyi/github/Modified_InMoov/Unity-ros-connection/ros2 nodes/install/servo_mediator_cpp/share/servo_mediator_cpp/local_setup.dsv
-- Installing: /home/guyi/github/Modified_InMoov/Unity-ros-connection/ros2 nodes/install/servo_mediator_cpp/share/servo_mediator_cpp/package.dsv
-- Up-to-date: /home/guyi/github/Modified_InMoov/Unity-ros-connection/ros2 nodes/install/servo_mediator_cpp/share/ament_index/resource_index/packages/servo_mediator_cpp
-- Up-to-date: /home/guyi/github/Modified_InMoov/Unity-ros-connection/ros2 nodes/install/servo_mediator_cpp/share/servo_mediator_cpp/cmake/servo_mediator_cppConfig.cmake
-- Up-to-date: /home/guyi/github/Modified_InMoov/Unity-ros-connection/ros2 nodes/install/servo_mediator_cpp/share/servo_mediator_cpp/cmake/servo_mediator_cppConfig-version.cmake
-- Up-to-date: /home/guyi/github/Modified_InMoov/Unity-ros-connection/ros2 nodes/install/servo_mediator_cpp/share/servo_mediator_cpp/package.xml
