[0.007s] Invoking command in '/home/guyi/ros2_ws/build/ros_tcp_endpoint': CONDA_PROMPT_MODIFIER=(base) /usr/local/bin/cmake /home/guyi/ros2_ws/src/ROS-TCP-Endpoint -DCATKIN_INSTALL_INTO_PREFIX_ROOT=0 -DCMAKE_INSTALL_PREFIX=/home/guyi/ros2_ws/install/ros_tcp_endpoint
[0.009s] [0mCMake Deprecation Warning at CMakeLists.txt:1 (cmake_minimum_required):
[0.009s]   Compatibility with CMake < 2.8.12 will be removed from a future version of
[0.009s]   CMake.
[0.009s] 
[0.009s]   Update the VERSION argument <min> value or use a ...<max> suffix to tell
[0.009s]   CMake that the project does not need compatibility with older versions.
[0.009s] 
[0.009s] [0m
[0.022s] [31mCMake Error at CMakeLists.txt:4 (find_package):
[0.022s]   By not providing "Findcatkin.cmake" in CMAKE_MODULE_PATH this project has
[0.023s]   asked CMake to find a package configuration file provided by "catkin", but
[0.023s]   CMake did not find one.
[0.023s] 
[0.023s]   Could not find a package configuration file provided by "catkin" with any
[0.023s]   of the following names:
[0.023s] 
[0.023s]     catkinConfig.cmake
[0.023s]     catkin-config.cmake
[0.023s] 
[0.023s]   Add the installation prefix of "catkin" to CMAKE_PREFIX_PATH or set
[0.023s]   "catkin_DIR" to a directory containing one of the above files.  If "catkin"
[0.023s]   provides a separate development package or SDK, be sure it has been
[0.023s]   installed.
[0.023s] 
[0.023s] [0m
[0.024s] -- Configuring incomplete, errors occurred!
[0.024s] See also "/home/guyi/ros2_ws/build/ros_tcp_endpoint/CMakeFiles/CMakeOutput.log".
[0.024s] Invoked command in '/home/guyi/ros2_ws/build/ros_tcp_endpoint' returned '1': CONDA_PROMPT_MODIFIER=(base) /usr/local/bin/cmake /home/guyi/ros2_ws/src/ROS-TCP-Endpoint -DCATKIN_INSTALL_INTO_PREFIX_ROOT=0 -DCMAKE_INSTALL_PREFIX=/home/guyi/ros2_ws/install/ros_tcp_endpoint
