-- Found ament_cmake: 1.3.11 (/opt/ros/humble/share/ament_cmake/cmake)
-- Override CMake install command with custom implementation using symlinks instead of copying resources
-- Found rclcpp: 16.0.12 (/opt/ros/humble/share/rclcpp/cmake)
-- Found rosidl_generator_c: 3.1.6 (/opt/ros/humble/share/rosidl_generator_c/cmake)
-- Found rosidl_adapter: 3.1.6 (/opt/ros/humble/share/rosidl_adapter/cmake)
-- Found rosidl_generator_cpp: 3.1.6 (/opt/ros/humble/share/rosidl_generator_cpp/cmake)
-- Using all available rosidl_typesupport_c: rosidl_typesupport_fastrtps_c;rosidl_typesupport_introspection_c
-- Using all available rosidl_typesupport_cpp: rosidl_typesupport_fastrtps_cpp;rosidl_typesupport_introspection_cpp
-- Found rmw_implementation_cmake: 6.1.2 (/opt/ros/humble/share/rmw_implementation_cmake/cmake)
-- Found rmw_fastrtps_cpp: 6.2.7 (/opt/ros/humble/share/rmw_fastrtps_cpp/cmake)
-- Using RMW implementation 'rmw_fastrtps_cpp' as default
-- Found sensor_msgs: 4.9.0 (/opt/ros/humble/share/sensor_msgs/cmake)
-- Configuring done
-- Generating done
-- Build files have been written to: /home/guyi/github/Modified_InMoov/ros-http/build/decode_node
[35m[1mConsolidate compiler generated dependencies of target image_decoder_node[0m
[ 50%] [32mBuilding CXX object CMakeFiles/image_decoder_node.dir/src/image_decoder_node.cpp.o[0m
[100%] [32m[1mLinking CXX executable image_decoder_node[0m
[100%] Built target image_decoder_node
-- Install configuration: ""
-- Execute custom install script
-- Up-to-date symlink: /home/guyi/github/Modified_InMoov/ros-http/install/decode_node/lib/decode_node/image_decoder_node
-- Up-to-date symlink: /home/guyi/github/Modified_InMoov/ros-http/install/decode_node/share/ament_index/resource_index/package_run_dependencies/decode_node
-- Up-to-date symlink: /home/guyi/github/Modified_InMoov/ros-http/install/decode_node/share/ament_index/resource_index/parent_prefix_path/decode_node
-- Up-to-date symlink: /home/guyi/github/Modified_InMoov/ros-http/install/decode_node/share/decode_node/environment/ament_prefix_path.sh
-- Up-to-date symlink: /home/guyi/github/Modified_InMoov/ros-http/install/decode_node/share/decode_node/environment/ament_prefix_path.dsv
-- Up-to-date symlink: /home/guyi/github/Modified_InMoov/ros-http/install/decode_node/share/decode_node/environment/path.sh
-- Up-to-date symlink: /home/guyi/github/Modified_InMoov/ros-http/install/decode_node/share/decode_node/environment/path.dsv
-- Up-to-date symlink: /home/guyi/github/Modified_InMoov/ros-http/install/decode_node/share/decode_node/local_setup.bash
-- Up-to-date symlink: /home/guyi/github/Modified_InMoov/ros-http/install/decode_node/share/decode_node/local_setup.sh
-- Up-to-date symlink: /home/guyi/github/Modified_InMoov/ros-http/install/decode_node/share/decode_node/local_setup.zsh
-- Up-to-date symlink: /home/guyi/github/Modified_InMoov/ros-http/install/decode_node/share/decode_node/local_setup.dsv
-- Symlinking: /home/guyi/github/Modified_InMoov/ros-http/install/decode_node/share/decode_node/package.dsv
-- Up-to-date symlink: /home/guyi/github/Modified_InMoov/ros-http/install/decode_node/share/ament_index/resource_index/packages/decode_node
-- Up-to-date symlink: /home/guyi/github/Modified_InMoov/ros-http/install/decode_node/share/decode_node/cmake/decode_nodeConfig.cmake
-- Up-to-date symlink: /home/guyi/github/Modified_InMoov/ros-http/install/decode_node/share/decode_node/cmake/decode_nodeConfig-version.cmake
-- Up-to-date symlink: /home/guyi/github/Modified_InMoov/ros-http/install/decode_node/share/decode_node/package.xml
