[0.006s] Invoking command in '/home/guyi/github/Modified_InMoov/visualize_ws/build/sup_moveit_model': AMENT_PREFIX_PATH=/home/guyi/github/Modified_InMoov/visualize_ws/install/arm_system_model:/home/guyi/github/Modified_InMoov/visualize_ws/install/sup_moveit_config_2:/home/guyi/github/Modified_InMoov/visualize_ws/install/sup_moveit_config:/home/guyi/github/Modified_InMoov/visualize_ws/install/suP_moveit_config:/home/guyi/github/Modified_InMoov/visualize_ws/install/arm_system_tools:/home/guyi/github/Modified_InMoov/visualize_ws/install/arm_system_description:/home/guyi/inmoov_ros2/install/inmoov_config_test:/home/guyi/inmoov_ros2/install/inmoov_tools:/home/guyi/inmoov_ros2/install/inmoov_bringup:/home/guyi/inmoov_ros2/install/inmoov_meshes:/home/guyi/inmoov_ros2/install/inmoov_msgs:/home/guyi/inmoov_ros2/install/inmoov_description:/opt/ros/humble CMAKE_PREFIX_PATH=${CMAKE_PREFIX_PATH}:/home/guyi/github/Modified_InMoov/visualize_ws/install/arm_system_tools:/home/guyi/github/Modified_InMoov/visualize_ws/install/arm_system_model:/opt/ros/humble CONDA_PROMPT_MODIFIER=(base) PYTHONPATH=/home/guyi/github/Modified_InMoov/visualize_ws/install/arm_system_model/lib/python3.10/site-packages:/home/guyi/github/Modified_InMoov/visualize_ws/install/arm_system_tools/lib/python3.10/site-packages:/home/guyi/inmoov_ros2/install/inmoov_msgs/local/lib/python3.10/dist-packages:/opt/ros/humble/lib/python3.10/site-packages:/opt/ros/humble/local/lib/python3.10/dist-packages /usr/local/bin/cmake /home/guyi/github/Modified_InMoov/visualize_ws/sup_moveit_model -DCMAKE_INSTALL_PREFIX=/home/guyi/github/Modified_InMoov/visualize_ws/install/sup_moveit_model
[0.040s] -- The C compiler identification is GNU 11.4.0
[0.082s] -- The CXX compiler identification is GNU 11.4.0
[0.087s] -- Detecting C compiler ABI info
[0.119s] -- Detecting C compiler ABI info - done
[0.124s] -- Check for working C compiler: /usr/bin/cc - skipped
[0.125s] -- Detecting C compile features
[0.125s] -- Detecting C compile features - done
[0.127s] -- Detecting CXX compiler ABI info
[0.170s] -- Detecting CXX compiler ABI info - done
[0.175s] -- Check for working CXX compiler: /usr/bin/c++ - skipped
[0.175s] -- Detecting CXX compile features
[0.175s] -- Detecting CXX compile features - done
[0.178s] -- Found ament_cmake: 1.3.11 (/opt/ros/humble/share/ament_cmake/cmake)
[0.399s] -- Found Python3: /home/guyi/anaconda3/bin/python3 (found version "3.12.7") found components: Interpreter 
[0.547s] -- Configuring done
[0.549s] -- Generating done
[0.550s] -- Build files have been written to: /home/guyi/github/Modified_InMoov/visualize_ws/build/sup_moveit_model
[0.553s] Invoked command in '/home/guyi/github/Modified_InMoov/visualize_ws/build/sup_moveit_model' returned '0': AMENT_PREFIX_PATH=/home/guyi/github/Modified_InMoov/visualize_ws/install/arm_system_model:/home/guyi/github/Modified_InMoov/visualize_ws/install/sup_moveit_config_2:/home/guyi/github/Modified_InMoov/visualize_ws/install/sup_moveit_config:/home/guyi/github/Modified_InMoov/visualize_ws/install/suP_moveit_config:/home/guyi/github/Modified_InMoov/visualize_ws/install/arm_system_tools:/home/guyi/github/Modified_InMoov/visualize_ws/install/arm_system_description:/home/guyi/inmoov_ros2/install/inmoov_config_test:/home/guyi/inmoov_ros2/install/inmoov_tools:/home/guyi/inmoov_ros2/install/inmoov_bringup:/home/guyi/inmoov_ros2/install/inmoov_meshes:/home/guyi/inmoov_ros2/install/inmoov_msgs:/home/guyi/inmoov_ros2/install/inmoov_description:/opt/ros/humble CMAKE_PREFIX_PATH=${CMAKE_PREFIX_PATH}:/home/guyi/github/Modified_InMoov/visualize_ws/install/arm_system_tools:/home/guyi/github/Modified_InMoov/visualize_ws/install/arm_system_model:/opt/ros/humble CONDA_PROMPT_MODIFIER=(base) PYTHONPATH=/home/guyi/github/Modified_InMoov/visualize_ws/install/arm_system_model/lib/python3.10/site-packages:/home/guyi/github/Modified_InMoov/visualize_ws/install/arm_system_tools/lib/python3.10/site-packages:/home/guyi/inmoov_ros2/install/inmoov_msgs/local/lib/python3.10/dist-packages:/opt/ros/humble/lib/python3.10/site-packages:/opt/ros/humble/local/lib/python3.10/dist-packages /usr/local/bin/cmake /home/guyi/github/Modified_InMoov/visualize_ws/sup_moveit_model -DCMAKE_INSTALL_PREFIX=/home/guyi/github/Modified_InMoov/visualize_ws/install/sup_moveit_model
[0.554s] Invoking command in '/home/guyi/github/Modified_InMoov/visualize_ws/build/sup_moveit_model': AMENT_PREFIX_PATH=/home/guyi/github/Modified_InMoov/visualize_ws/install/arm_system_model:/home/guyi/github/Modified_InMoov/visualize_ws/install/sup_moveit_config_2:/home/guyi/github/Modified_InMoov/visualize_ws/install/sup_moveit_config:/home/guyi/github/Modified_InMoov/visualize_ws/install/suP_moveit_config:/home/guyi/github/Modified_InMoov/visualize_ws/install/arm_system_tools:/home/guyi/github/Modified_InMoov/visualize_ws/install/arm_system_description:/home/guyi/inmoov_ros2/install/inmoov_config_test:/home/guyi/inmoov_ros2/install/inmoov_tools:/home/guyi/inmoov_ros2/install/inmoov_bringup:/home/guyi/inmoov_ros2/install/inmoov_meshes:/home/guyi/inmoov_ros2/install/inmoov_msgs:/home/guyi/inmoov_ros2/install/inmoov_description:/opt/ros/humble CMAKE_PREFIX_PATH=${CMAKE_PREFIX_PATH}:/home/guyi/github/Modified_InMoov/visualize_ws/install/arm_system_tools:/home/guyi/github/Modified_InMoov/visualize_ws/install/arm_system_model:/opt/ros/humble CONDA_PROMPT_MODIFIER=(base) PYTHONPATH=/home/guyi/github/Modified_InMoov/visualize_ws/install/arm_system_model/lib/python3.10/site-packages:/home/guyi/github/Modified_InMoov/visualize_ws/install/arm_system_tools/lib/python3.10/site-packages:/home/guyi/inmoov_ros2/install/inmoov_msgs/local/lib/python3.10/dist-packages:/opt/ros/humble/lib/python3.10/site-packages:/opt/ros/humble/local/lib/python3.10/dist-packages /usr/local/bin/cmake --build /home/guyi/github/Modified_InMoov/visualize_ws/build/sup_moveit_model -- -j16 -l16
[0.564s] Invoked command in '/home/guyi/github/Modified_InMoov/visualize_ws/build/sup_moveit_model' returned '0': AMENT_PREFIX_PATH=/home/guyi/github/Modified_InMoov/visualize_ws/install/arm_system_model:/home/guyi/github/Modified_InMoov/visualize_ws/install/sup_moveit_config_2:/home/guyi/github/Modified_InMoov/visualize_ws/install/sup_moveit_config:/home/guyi/github/Modified_InMoov/visualize_ws/install/suP_moveit_config:/home/guyi/github/Modified_InMoov/visualize_ws/install/arm_system_tools:/home/guyi/github/Modified_InMoov/visualize_ws/install/arm_system_description:/home/guyi/inmoov_ros2/install/inmoov_config_test:/home/guyi/inmoov_ros2/install/inmoov_tools:/home/guyi/inmoov_ros2/install/inmoov_bringup:/home/guyi/inmoov_ros2/install/inmoov_meshes:/home/guyi/inmoov_ros2/install/inmoov_msgs:/home/guyi/inmoov_ros2/install/inmoov_description:/opt/ros/humble CMAKE_PREFIX_PATH=${CMAKE_PREFIX_PATH}:/home/guyi/github/Modified_InMoov/visualize_ws/install/arm_system_tools:/home/guyi/github/Modified_InMoov/visualize_ws/install/arm_system_model:/opt/ros/humble CONDA_PROMPT_MODIFIER=(base) PYTHONPATH=/home/guyi/github/Modified_InMoov/visualize_ws/install/arm_system_model/lib/python3.10/site-packages:/home/guyi/github/Modified_InMoov/visualize_ws/install/arm_system_tools/lib/python3.10/site-packages:/home/guyi/inmoov_ros2/install/inmoov_msgs/local/lib/python3.10/dist-packages:/opt/ros/humble/lib/python3.10/site-packages:/opt/ros/humble/local/lib/python3.10/dist-packages /usr/local/bin/cmake --build /home/guyi/github/Modified_InMoov/visualize_ws/build/sup_moveit_model -- -j16 -l16
[0.565s] Invoking command in '/home/guyi/github/Modified_InMoov/visualize_ws/build/sup_moveit_model': AMENT_PREFIX_PATH=/home/guyi/github/Modified_InMoov/visualize_ws/install/arm_system_model:/home/guyi/github/Modified_InMoov/visualize_ws/install/sup_moveit_config_2:/home/guyi/github/Modified_InMoov/visualize_ws/install/sup_moveit_config:/home/guyi/github/Modified_InMoov/visualize_ws/install/suP_moveit_config:/home/guyi/github/Modified_InMoov/visualize_ws/install/arm_system_tools:/home/guyi/github/Modified_InMoov/visualize_ws/install/arm_system_description:/home/guyi/inmoov_ros2/install/inmoov_config_test:/home/guyi/inmoov_ros2/install/inmoov_tools:/home/guyi/inmoov_ros2/install/inmoov_bringup:/home/guyi/inmoov_ros2/install/inmoov_meshes:/home/guyi/inmoov_ros2/install/inmoov_msgs:/home/guyi/inmoov_ros2/install/inmoov_description:/opt/ros/humble CMAKE_PREFIX_PATH=${CMAKE_PREFIX_PATH}:/home/guyi/github/Modified_InMoov/visualize_ws/install/arm_system_tools:/home/guyi/github/Modified_InMoov/visualize_ws/install/arm_system_model:/opt/ros/humble CONDA_PROMPT_MODIFIER=(base) PYTHONPATH=/home/guyi/github/Modified_InMoov/visualize_ws/install/arm_system_model/lib/python3.10/site-packages:/home/guyi/github/Modified_InMoov/visualize_ws/install/arm_system_tools/lib/python3.10/site-packages:/home/guyi/inmoov_ros2/install/inmoov_msgs/local/lib/python3.10/dist-packages:/opt/ros/humble/lib/python3.10/site-packages:/opt/ros/humble/local/lib/python3.10/dist-packages /usr/local/bin/cmake --install /home/guyi/github/Modified_InMoov/visualize_ws/build/sup_moveit_model
[0.567s] -- Install configuration: ""
[0.567s] -- Installing: /home/guyi/github/Modified_InMoov/visualize_ws/install/sup_moveit_model/share/ament_index/resource_index/package_run_dependencies/sup_moveit_model
[0.567s] -- Installing: /home/guyi/github/Modified_InMoov/visualize_ws/install/sup_moveit_model/share/ament_index/resource_index/parent_prefix_path/sup_moveit_model
[0.567s] -- Installing: /home/guyi/github/Modified_InMoov/visualize_ws/install/sup_moveit_model/share/sup_moveit_model/environment/ament_prefix_path.sh
[0.567s] -- Installing: /home/guyi/github/Modified_InMoov/visualize_ws/install/sup_moveit_model/share/sup_moveit_model/environment/ament_prefix_path.dsv
[0.567s] -- Installing: /home/guyi/github/Modified_InMoov/visualize_ws/install/sup_moveit_model/share/sup_moveit_model/environment/path.sh
[0.568s] -- Installing: /home/guyi/github/Modified_InMoov/visualize_ws/install/sup_moveit_model/share/sup_moveit_model/environment/path.dsv
[0.568s] -- Installing: /home/guyi/github/Modified_InMoov/visualize_ws/install/sup_moveit_model/share/sup_moveit_model/local_setup.bash
[0.568s] -- Installing: /home/guyi/github/Modified_InMoov/visualize_ws/install/sup_moveit_model/share/sup_moveit_model/local_setup.sh
[0.568s] -- Installing: /home/guyi/github/Modified_InMoov/visualize_ws/install/sup_moveit_model/share/sup_moveit_model/local_setup.zsh
[0.568s] -- Installing: /home/guyi/github/Modified_InMoov/visualize_ws/install/sup_moveit_model/share/sup_moveit_model/local_setup.dsv
[0.568s] -- Installing: /home/guyi/github/Modified_InMoov/visualize_ws/install/sup_moveit_model/share/sup_moveit_model/package.dsv
[0.568s] -- Installing: /home/guyi/github/Modified_InMoov/visualize_ws/install/sup_moveit_model/share/ament_index/resource_index/packages/sup_moveit_model
[0.568s] -- Installing: /home/guyi/github/Modified_InMoov/visualize_ws/install/sup_moveit_model/share/sup_moveit_model/cmake/sup_moveit_modelConfig.cmake
[0.568s] -- Installing: /home/guyi/github/Modified_InMoov/visualize_ws/install/sup_moveit_model/share/sup_moveit_model/cmake/sup_moveit_modelConfig-version.cmake
[0.568s] -- Installing: /home/guyi/github/Modified_InMoov/visualize_ws/install/sup_moveit_model/share/sup_moveit_model/package.xml
[0.568s] -- Installing: /home/guyi/github/Modified_InMoov/visualize_ws/install/sup_moveit_model/share/sup_moveit_model/launch
[0.568s] -- Installing: /home/guyi/github/Modified_InMoov/visualize_ws/install/sup_moveit_model/share/sup_moveit_model/launch/setup_assistant.launch.py
[0.568s] -- Installing: /home/guyi/github/Modified_InMoov/visualize_ws/install/sup_moveit_model/share/sup_moveit_model/launch/rsp.launch.py
[0.568s] -- Installing: /home/guyi/github/Modified_InMoov/visualize_ws/install/sup_moveit_model/share/sup_moveit_model/launch/spawn_controllers.launch.py
[0.569s] -- Installing: /home/guyi/github/Modified_InMoov/visualize_ws/install/sup_moveit_model/share/sup_moveit_model/launch/demo.launch.py
[0.569s] -- Installing: /home/guyi/github/Modified_InMoov/visualize_ws/install/sup_moveit_model/share/sup_moveit_model/launch/warehouse_db.launch.py
[0.569s] -- Installing: /home/guyi/github/Modified_InMoov/visualize_ws/install/sup_moveit_model/share/sup_moveit_model/launch/static_virtual_joint_tfs.launch.py
[0.569s] -- Installing: /home/guyi/github/Modified_InMoov/visualize_ws/install/sup_moveit_model/share/sup_moveit_model/launch/moveit_rviz.launch.py
[0.569s] -- Installing: /home/guyi/github/Modified_InMoov/visualize_ws/install/sup_moveit_model/share/sup_moveit_model/launch/move_group.launch.py
[0.569s] -- Installing: /home/guyi/github/Modified_InMoov/visualize_ws/install/sup_moveit_model/share/sup_moveit_model/config
[0.569s] -- Installing: /home/guyi/github/Modified_InMoov/visualize_ws/install/sup_moveit_model/share/sup_moveit_model/config/ArmsnHands.ros2_control.xacro
[0.569s] -- Installing: /home/guyi/github/Modified_InMoov/visualize_ws/install/sup_moveit_model/share/sup_moveit_model/config/ros2_controllers.yaml
[0.569s] -- Installing: /home/guyi/github/Modified_InMoov/visualize_ws/install/sup_moveit_model/share/sup_moveit_model/config/pilz_cartesian_limits.yaml
[0.569s] -- Installing: /home/guyi/github/Modified_InMoov/visualize_ws/install/sup_moveit_model/share/sup_moveit_model/config/initial_positions.yaml
[0.569s] -- Installing: /home/guyi/github/Modified_InMoov/visualize_ws/install/sup_moveit_model/share/sup_moveit_model/config/moveit_controllers.yaml
[0.569s] -- Installing: /home/guyi/github/Modified_InMoov/visualize_ws/install/sup_moveit_model/share/sup_moveit_model/config/moveit.rviz
[0.569s] -- Installing: /home/guyi/github/Modified_InMoov/visualize_ws/install/sup_moveit_model/share/sup_moveit_model/config/joint_limits.yaml
[0.569s] -- Installing: /home/guyi/github/Modified_InMoov/visualize_ws/install/sup_moveit_model/share/sup_moveit_model/config/kinematics.yaml
[0.569s] -- Installing: /home/guyi/github/Modified_InMoov/visualize_ws/install/sup_moveit_model/share/sup_moveit_model/config/ArmsnHands.urdf.xacro
[0.569s] -- Installing: /home/guyi/github/Modified_InMoov/visualize_ws/install/sup_moveit_model/share/sup_moveit_model/config/ArmsnHands.srdf
[0.569s] -- Installing: /home/guyi/github/Modified_InMoov/visualize_ws/install/sup_moveit_model/share/sup_moveit_model/.setup_assistant
[0.571s] Invoked command in '/home/guyi/github/Modified_InMoov/visualize_ws/build/sup_moveit_model' returned '0': AMENT_PREFIX_PATH=/home/guyi/github/Modified_InMoov/visualize_ws/install/arm_system_model:/home/guyi/github/Modified_InMoov/visualize_ws/install/sup_moveit_config_2:/home/guyi/github/Modified_InMoov/visualize_ws/install/sup_moveit_config:/home/guyi/github/Modified_InMoov/visualize_ws/install/suP_moveit_config:/home/guyi/github/Modified_InMoov/visualize_ws/install/arm_system_tools:/home/guyi/github/Modified_InMoov/visualize_ws/install/arm_system_description:/home/guyi/inmoov_ros2/install/inmoov_config_test:/home/guyi/inmoov_ros2/install/inmoov_tools:/home/guyi/inmoov_ros2/install/inmoov_bringup:/home/guyi/inmoov_ros2/install/inmoov_meshes:/home/guyi/inmoov_ros2/install/inmoov_msgs:/home/guyi/inmoov_ros2/install/inmoov_description:/opt/ros/humble CMAKE_PREFIX_PATH=${CMAKE_PREFIX_PATH}:/home/guyi/github/Modified_InMoov/visualize_ws/install/arm_system_tools:/home/guyi/github/Modified_InMoov/visualize_ws/install/arm_system_model:/opt/ros/humble CONDA_PROMPT_MODIFIER=(base) PYTHONPATH=/home/guyi/github/Modified_InMoov/visualize_ws/install/arm_system_model/lib/python3.10/site-packages:/home/guyi/github/Modified_InMoov/visualize_ws/install/arm_system_tools/lib/python3.10/site-packages:/home/guyi/inmoov_ros2/install/inmoov_msgs/local/lib/python3.10/dist-packages:/opt/ros/humble/lib/python3.10/site-packages:/opt/ros/humble/local/lib/python3.10/dist-packages /usr/local/bin/cmake --install /home/guyi/github/Modified_InMoov/visualize_ws/build/sup_moveit_model
