-- Install configuration: ""
-- Up-to-date: /home/guyi/github/Modified_InMoov/visualize_ws/install/arm_system_description/share/arm_system_description/launch
-- Up-to-date: /home/guyi/github/Modified_InMoov/visualize_ws/install/arm_system_description/share/arm_system_description/launch/view_robot.launch.py
-- Up-to-date: /home/guyi/github/Modified_InMoov/visualize_ws/install/arm_system_description/share/arm_system_description/urdf
-- Up-to-date: /home/guyi/github/Modified_InMoov/visualize_ws/install/arm_system_description/share/arm_system_description/urdf/arm_system_combined.urdf
-- Up-to-date: /home/guyi/github/Modified_InMoov/visualize_ws/install/arm_system_description/share/arm_system_description/meshes
-- Up-to-date: /home/guyi/github/Modified_InMoov/visualize_ws/install/arm_system_description/share/arm_system_description/meshes/right
-- Up-to-date: /home/guyi/github/Modified_InMoov/visualize_ws/install/arm_system_description/share/arm_system_description/meshes/right/forearm_roll_link.STL
-- Up-to-date: /home/guyi/github/Modified_InMoov/visualize_ws/install/arm_system_description/share/arm_system_description/meshes/right/shoulder_link.STL
-- Up-to-date: /home/guyi/github/Modified_InMoov/visualize_ws/install/arm_system_description/share/arm_system_description/meshes/right/forearm_link.STL
-- Up-to-date: /home/guyi/github/Modified_InMoov/visualize_ws/install/arm_system_description/share/arm_system_description/meshes/right/upper_arm_link.STL
-- Up-to-date: /home/guyi/github/Modified_InMoov/visualize_ws/install/arm_system_description/share/arm_system_description/meshes/left
-- Up-to-date: /home/guyi/github/Modified_InMoov/visualize_ws/install/arm_system_description/share/arm_system_description/meshes/left/forearm_roll_link.STL
-- Up-to-date: /home/guyi/github/Modified_InMoov/visualize_ws/install/arm_system_description/share/arm_system_description/meshes/left/shoulder_link.STL
-- Up-to-date: /home/guyi/github/Modified_InMoov/visualize_ws/install/arm_system_description/share/arm_system_description/meshes/left/forearm_link.STL
-- Up-to-date: /home/guyi/github/Modified_InMoov/visualize_ws/install/arm_system_description/share/arm_system_description/meshes/left/upper_arm_link.STL
-- Up-to-date: /home/guyi/github/Modified_InMoov/visualize_ws/install/arm_system_description/share/ament_index/resource_index/package_run_dependencies/arm_system_description
-- Up-to-date: /home/guyi/github/Modified_InMoov/visualize_ws/install/arm_system_description/share/ament_index/resource_index/parent_prefix_path/arm_system_description
-- Up-to-date: /home/guyi/github/Modified_InMoov/visualize_ws/install/arm_system_description/share/arm_system_description/environment/ament_prefix_path.sh
-- Up-to-date: /home/guyi/github/Modified_InMoov/visualize_ws/install/arm_system_description/share/arm_system_description/environment/ament_prefix_path.dsv
-- Up-to-date: /home/guyi/github/Modified_InMoov/visualize_ws/install/arm_system_description/share/arm_system_description/environment/path.sh
-- Up-to-date: /home/guyi/github/Modified_InMoov/visualize_ws/install/arm_system_description/share/arm_system_description/environment/path.dsv
-- Up-to-date: /home/guyi/github/Modified_InMoov/visualize_ws/install/arm_system_description/share/arm_system_description/local_setup.bash
-- Up-to-date: /home/guyi/github/Modified_InMoov/visualize_ws/install/arm_system_description/share/arm_system_description/local_setup.sh
-- Up-to-date: /home/guyi/github/Modified_InMoov/visualize_ws/install/arm_system_description/share/arm_system_description/local_setup.zsh
-- Up-to-date: /home/guyi/github/Modified_InMoov/visualize_ws/install/arm_system_description/share/arm_system_description/local_setup.dsv
-- Installing: /home/guyi/github/Modified_InMoov/visualize_ws/install/arm_system_description/share/arm_system_description/package.dsv
-- Up-to-date: /home/guyi/github/Modified_InMoov/visualize_ws/install/arm_system_description/share/ament_index/resource_index/packages/arm_system_description
-- Up-to-date: /home/guyi/github/Modified_InMoov/visualize_ws/install/arm_system_description/share/arm_system_description/cmake/arm_system_descriptionConfig.cmake
-- Up-to-date: /home/guyi/github/Modified_InMoov/visualize_ws/install/arm_system_description/share/arm_system_description/cmake/arm_system_descriptionConfig-version.cmake
-- Up-to-date: /home/guyi/github/Modified_InMoov/visualize_ws/install/arm_system_description/share/arm_system_description/package.xml
