[0.010s] Invoking command in '/home/guyi/ros2_ws/build/inmoov_description': CONDA_PROMPT_MODIFIER=(base) /usr/local/bin/cmake /home/guyi/ros2_ws/src/inmoov_description -DCATKIN_INSTALL_INTO_PREFIX_ROOT=0 -DCMAKE_INSTALL_PREFIX=/home/guyi/ros2_ws/install/inmoov_description
[0.027s] -- Found ament_cmake: 1.3.11 (/opt/ros/humble/share/ament_cmake/cmake)
[0.106s] -- Found rclcpp: 16.0.12 (/opt/ros/humble/share/rclcpp/cmake)
[0.132s] -- Found rosidl_generator_c: 3.1.6 (/opt/ros/humble/share/rosidl_generator_c/cmake)
[0.134s] -- Found rosidl_adapter: 3.1.6 (/opt/ros/humble/share/rosidl_adapter/cmake)
[0.140s] -- Found rosidl_generator_cpp: 3.1.6 (/opt/ros/humble/share/rosidl_generator_cpp/cmake)
[0.149s] -- Using all available rosidl_typesupport_c: rosidl_typesupport_fastrtps_c;rosidl_typesupport_introspection_c
[0.160s] -- Using all available rosidl_typesupport_cpp: rosidl_typesupport_fastrtps_cpp;rosidl_typesupport_introspection_cpp
[0.189s] -- Found rmw_implementation_cmake: 6.1.2 (/opt/ros/humble/share/rmw_implementation_cmake/cmake)
[0.190s] -- Found rmw_fastrtps_cpp: 6.2.7 (/opt/ros/humble/share/rmw_fastrtps_cpp/cmake)
[0.277s] -- Using RMW implementation 'rmw_fastrtps_cpp' as default
[0.316s] -- Found gazebo_ros: 3.9.0 (/opt/ros/humble/share/gazebo_ros/cmake)
[0.346s] -- Found DART: /usr/include (Required is at least version "6.6") found components: dart 
[0.380s] [33mCMake Warning at /usr/local/share/cmake-3.22/Modules/FindProtobuf.cmake:524 (message):
[0.380s]   Protobuf compiler version 25.3 doesn't match library version 3.12.4
[0.380s] Call Stack (most recent call first):
[0.380s]   /usr/lib/x86_64-linux-gnu/cmake/gazebo/gazebo-config.cmake:203 (find_package)
[0.380s]   /opt/ros/humble/share/gazebo_dev/cmake/gazebo_dev-extras.cmake:3 (find_package)
[0.380s]   /opt/ros/humble/share/gazebo_dev/cmake/gazebo_devConfig.cmake:41 (include)
[0.380s]   /opt/ros/humble/share/gazebo_ros/cmake/ament_cmake_export_dependencies-extras.cmake:21 (find_package)
[0.380s]   /opt/ros/humble/share/gazebo_ros/cmake/gazebo_rosConfig.cmake:41 (include)
[0.380s]   CMakeLists.txt:7 (find_package)
[0.380s] 
[0.380s] [0m
[0.381s] -- Found Protobuf: /usr/lib/x86_64-linux-gnu/libprotobuf.so (found version "3.12.4") 
[0.382s] -- Looking for ignition-math6 -- found version 6.15.1
[0.386s] -- Searching for dependencies of ignition-math6
[0.389s] -- Looking for OGRE...
[0.393s] -- Found Ogre Ghadamon (1.9.0)
[0.393s] -- Found OGRE: optimized;/usr/lib/x86_64-linux-gnu/libOgreMain.so;debug;/usr/lib/x86_64-linux-gnu/libOgreMain.so
[0.399s] -- Looking for OGRE_Paging...
[0.399s] -- Found OGRE_Paging: optimized;/usr/lib/x86_64-linux-gnu/libOgrePaging.so;debug;/usr/lib/x86_64-linux-gnu/libOgrePaging.so
[0.399s] -- Looking for OGRE_Terrain...
[0.399s] -- Found OGRE_Terrain: optimized;/usr/lib/x86_64-linux-gnu/libOgreTerrain.so;debug;/usr/lib/x86_64-linux-gnu/libOgreTerrain.so
[0.399s] -- Looking for OGRE_Property...
[0.400s] -- Found OGRE_Property: optimized;/usr/lib/x86_64-linux-gnu/libOgreProperty.so;debug;/usr/lib/x86_64-linux-gnu/libOgreProperty.so
[0.400s] -- Looking for OGRE_RTShaderSystem...
[0.400s] -- Found OGRE_RTShaderSystem: optimized;/usr/lib/x86_64-linux-gnu/libOgreRTShaderSystem.so;debug;/usr/lib/x86_64-linux-gnu/libOgreRTShaderSystem.so
[0.400s] -- Looking for OGRE_Volume...
[0.400s] -- Found OGRE_Volume: optimized;/usr/lib/x86_64-linux-gnu/libOgreVolume.so;debug;/usr/lib/x86_64-linux-gnu/libOgreVolume.so
[0.400s] -- Looking for OGRE_Overlay...
[0.400s] -- Found OGRE_Overlay: optimized;/usr/lib/x86_64-linux-gnu/libOgreOverlay.so;debug;/usr/lib/x86_64-linux-gnu/libOgreOverlay.so
[0.469s] -- Looking for ignition-math6 -- found version 6.15.1
[0.470s] -- Looking for ignition-transport8 -- found version 8.2.1
[0.471s] -- Searching for dependencies of ignition-transport8
[0.489s] [33mCMake Warning at /usr/local/share/cmake-3.22/Modules/FindProtobuf.cmake:524 (message):
[0.489s]   Protobuf compiler version 25.3 doesn't match library version 3.12.4
[0.489s] Call Stack (most recent call first):
[0.489s]   /usr/share/cmake/ignition-cmake2/cmake2/FindIgnProtobuf.cmake:34 (find_package)
[0.489s]   /usr/lib/x86_64-linux-gnu/cmake/ignition-transport8/ignition-transport8-config.cmake:92 (find_package)
[0.489s]   /usr/lib/x86_64-linux-gnu/cmake/gazebo/gazebo-config.cmake:235 (find_package)
[0.489s]   /opt/ros/humble/share/gazebo_dev/cmake/gazebo_dev-extras.cmake:3 (find_package)
[0.489s]   /opt/ros/humble/share/gazebo_dev/cmake/gazebo_devConfig.cmake:41 (include)
[0.489s]   /opt/ros/humble/share/gazebo_ros/cmake/ament_cmake_export_dependencies-extras.cmake:21 (find_package)
[0.489s]   /opt/ros/humble/share/gazebo_ros/cmake/gazebo_rosConfig.cmake:41 (include)
[0.489s]   CMakeLists.txt:7 (find_package)
[0.489s] 
[0.490s] [0m
[0.490s] -- Found Protobuf: /usr/lib/x86_64-linux-gnu/libprotobuf.so (found suitable version "3.12.4", minimum required is "3") 
[0.495s] -- Checking for module 'uuid'
[0.506s] --   Found uuid, version 2.37.2
[0.530s] -- Looking for ignition-msgs5 -- found version 5.8.1
[0.530s] -- Searching for dependencies of ignition-msgs5
[0.547s] [33mCMake Warning at /usr/local/share/cmake-3.22/Modules/FindProtobuf.cmake:524 (message):
[0.547s]   Protobuf compiler version 25.3 doesn't match library version 3.12.4
[0.547s] Call Stack (most recent call first):
[0.547s]   /usr/share/cmake/ignition-cmake2/cmake2/FindIgnProtobuf.cmake:34 (find_package)
[0.547s]   /usr/lib/x86_64-linux-gnu/cmake/ignition-msgs5/ignition-msgs5-config.cmake:92 (find_package)
[0.547s]   /usr/lib/x86_64-linux-gnu/cmake/ignition-transport8/ignition-transport8-config.cmake:96 (find_package)
[0.547s]   /usr/lib/x86_64-linux-gnu/cmake/gazebo/gazebo-config.cmake:235 (find_package)
[0.547s]   /opt/ros/humble/share/gazebo_dev/cmake/gazebo_dev-extras.cmake:3 (find_package)
[0.547s]   /opt/ros/humble/share/gazebo_dev/cmake/gazebo_devConfig.cmake:41 (include)
[0.547s]   /opt/ros/humble/share/gazebo_ros/cmake/ament_cmake_export_dependencies-extras.cmake:21 (find_package)
[0.547s]   /opt/ros/humble/share/gazebo_ros/cmake/gazebo_rosConfig.cmake:41 (include)
[0.547s]   CMakeLists.txt:7 (find_package)
[0.547s] 
[0.548s] [0m
[0.549s] -- Looking for ignition-math6 -- found version 6.15.1
[0.554s] -- Checking for module 'tinyxml2'
[0.564s] --   Found tinyxml2, version 9.0.0
[0.588s] -- Looking for ignition-msgs5 -- found version 5.8.1
[0.588s] -- Looking for ignition-common3 -- found version 3.14.0
[0.589s] -- Searching for dependencies of ignition-common3
[0.589s] -- Looking for dlfcn.h - found
[0.589s] -- Looking for libdl - found
[0.597s] -- Searching for <ignition-common3> component [graphics]
[0.598s] -- Looking for ignition-common3-graphics -- found version 3.14.0
[0.598s] -- Searching for dependencies of ignition-common3-graphics
[0.598s] -- Looking for ignition-math6 -- found version 6.15.1
[0.599s] -- Looking for ignition-fuel_tools4 -- found version 4.4.0
[0.599s] -- Searching for dependencies of ignition-fuel_tools4
[0.630s] -- Checking for module 'jsoncpp'
[0.639s] --   Found jsoncpp, version 1.9.5
[0.672s] -- Checking for module 'libzip'
[0.680s] --   Found libzip, version 1.7.3
[0.704s] -- Looking for ignition-common3 -- found version 3.14.0
[0.705s] -- Looking for ignition-math6 -- found version 6.15.1
[0.705s] -- Looking for ignition-msgs5 -- found version 5.8.1
[0.706s] -- Gazebo version: 11.10
[0.708s] -- Found sensor_msgs: 4.9.0 (/opt/ros/humble/share/sensor_msgs/cmake)
[0.790s] -- Configuring done
[0.794s] -- Generating done
[0.796s] -- Build files have been written to: /home/guyi/ros2_ws/build/inmoov_description
