[0.774s] Invoking command in '/home/guyi/github/Modified_InMoov/build/inmoov_description': CONDA_PROMPT_MODIFIER=(base) /usr/local/bin/cmake /home/guyi/github/Modified_InMoov/Unity-ros-connection/ros2 nodes/ros-bridge/src/inmoov_description -DCATKIN_INSTALL_INTO_PREFIX_ROOT=0 -DCATKIN_SYMLINK_INSTALL=ON -DCMAKE_INSTALL_PREFIX=/home/guyi/github/Modified_InMoov/install/inmoov_description
[0.968s] -- The C compiler identification is GNU 11.4.0
[0.968s] -- The CXX compiler identification is GNU 11.4.0
[0.968s] -- Detecting C compiler ABI info
[0.968s] -- Detecting C compiler ABI info - done
[0.968s] -- Check for working C compiler: /usr/bin/cc - skipped
[0.968s] -- Detecting C compile features
[0.968s] -- Detecting C compile features - done
[0.968s] -- Detecting CXX compiler ABI info
[0.968s] -- Detecting CXX compiler ABI info - done
[0.968s] -- Check for working CXX compiler: /usr/bin/c++ - skipped
[0.968s] -- Detecting CXX compile features
[0.969s] -- Detecting CXX compile features - done
[0.972s] -- Found ament_cmake: 1.3.11 (/opt/ros/humble/share/ament_cmake/cmake)
[1.243s] -- Found Python3: /home/guyi/anaconda3/bin/python3 (found version "3.12.7") found components: Interpreter 
[1.340s] -- Found rclcpp: 16.0.12 (/opt/ros/humble/share/rclcpp/cmake)
[1.387s] -- Found rosidl_generator_c: 3.1.6 (/opt/ros/humble/share/rosidl_generator_c/cmake)
[1.392s] -- Found rosidl_adapter: 3.1.6 (/opt/ros/humble/share/rosidl_adapter/cmake)
[1.400s] -- Found rosidl_generator_cpp: 3.1.6 (/opt/ros/humble/share/rosidl_generator_cpp/cmake)
[1.411s] -- Using all available rosidl_typesupport_c: rosidl_typesupport_fastrtps_c;rosidl_typesupport_introspection_c
[1.428s] -- Using all available rosidl_typesupport_cpp: rosidl_typesupport_fastrtps_cpp;rosidl_typesupport_introspection_cpp
[1.472s] -- Found rmw_implementation_cmake: 6.1.2 (/opt/ros/humble/share/rmw_implementation_cmake/cmake)
[1.474s] -- Found rmw_fastrtps_cpp: 6.2.7 (/opt/ros/humble/share/rmw_fastrtps_cpp/cmake)
[1.540s] -- Found OpenSSL: /usr/lib/x86_64-linux-gnu/libcrypto.so (found version "3.0.2")  
[1.565s] -- Found FastRTPS: /opt/ros/humble/include  
[1.604s] -- Using RMW implementation 'rmw_fastrtps_cpp' as default
[1.616s] -- Looking for pthread.h
[1.656s] -- Looking for pthread.h - found
[1.656s] -- Performing Test CMAKE_HAVE_LIBC_PTHREAD
[1.693s] -- Performing Test CMAKE_HAVE_LIBC_PTHREAD - Success
[1.694s] -- Found Threads: TRUE  
[1.743s] -- Found gazebo_ros: 3.9.0 (/opt/ros/humble/share/gazebo_ros/cmake)
[1.755s] -- Found PkgConfig: /usr/bin/pkg-config (found version "0.29.2") 
[1.756s] -- Checking for module 'bullet>=2.82'
[1.764s] --   Found bullet, version 3.05
[1.853s] -- Found fcl: /usr/include (found suitable version "0.7.0", minimum required is "0.5.0") 
[1.889s] -- Found assimp: /usr/include (found version "5.2.0") 
[1.906s] -- Found DART: /usr/include (Required is at least version "6.6") found components: dart 
[1.924s] -- Found Boost: /home/guyi/anaconda3/lib/cmake/Boost-1.82.0/BoostConfig.cmake (found suitable version "1.82.0", minimum required is "1.40.0") found components: thread system filesystem program_options regex iostreams date_time 
[1.942s] [33mCMake Warning at /usr/local/share/cmake-3.22/Modules/FindProtobuf.cmake:524 (message):
[1.942s]   Protobuf compiler version 25.3 doesn't match library version 3.12.4
[1.942s] Call Stack (most recent call first):
[1.942s]   /usr/lib/x86_64-linux-gnu/cmake/gazebo/gazebo-config.cmake:203 (find_package)
[1.942s]   /opt/ros/humble/share/gazebo_dev/cmake/gazebo_dev-extras.cmake:3 (find_package)
[1.942s]   /opt/ros/humble/share/gazebo_dev/cmake/gazebo_devConfig.cmake:41 (include)
[1.942s]   /opt/ros/humble/share/gazebo_ros/cmake/ament_cmake_export_dependencies-extras.cmake:21 (find_package)
[1.942s]   /opt/ros/humble/share/gazebo_ros/cmake/gazebo_rosConfig.cmake:41 (include)
[1.943s]   CMakeLists.txt:7 (find_package)
[1.943s] 
[1.943s] [0m
[1.943s] -- Found Protobuf: /usr/lib/x86_64-linux-gnu/libprotobuf.so (found version "3.12.4") 
[1.951s] -- Looking for ignition-math6 -- found version 6.15.1
[1.960s] -- Searching for dependencies of ignition-math6
[1.962s] -- Looking for OGRE...
[1.962s] -- OGRE_PREFIX_WATCH changed.
[1.966s] -- Checking for module 'OGRE'
[1.974s] --   Found OGRE, version 1.9.0
[1.998s] -- Found Ogre Ghadamon (1.9.0)
[2.006s] -- Found OGRE: optimized;/usr/lib/x86_64-linux-gnu/libOgreMain.so;debug;/usr/lib/x86_64-linux-gnu/libOgreMain.so
[2.015s] -- Looking for OGRE_Paging...
[2.022s] -- Found OGRE_Paging: optimized;/usr/lib/x86_64-linux-gnu/libOgrePaging.so;debug;/usr/lib/x86_64-linux-gnu/libOgrePaging.so
[2.022s] -- Looking for OGRE_Terrain...
[2.027s] -- Found OGRE_Terrain: optimized;/usr/lib/x86_64-linux-gnu/libOgreTerrain.so;debug;/usr/lib/x86_64-linux-gnu/libOgreTerrain.so
[2.027s] -- Looking for OGRE_Property...
[2.034s] -- Found OGRE_Property: optimized;/usr/lib/x86_64-linux-gnu/libOgreProperty.so;debug;/usr/lib/x86_64-linux-gnu/libOgreProperty.so
[2.034s] -- Looking for OGRE_RTShaderSystem...
[2.038s] -- Found OGRE_RTShaderSystem: optimized;/usr/lib/x86_64-linux-gnu/libOgreRTShaderSystem.so;debug;/usr/lib/x86_64-linux-gnu/libOgreRTShaderSystem.so
[2.038s] -- Looking for OGRE_Volume...
[2.042s] -- Found OGRE_Volume: optimized;/usr/lib/x86_64-linux-gnu/libOgreVolume.so;debug;/usr/lib/x86_64-linux-gnu/libOgreVolume.so
[2.042s] -- Looking for OGRE_Overlay...
[2.046s] -- Found OGRE_Overlay: optimized;/usr/lib/x86_64-linux-gnu/libOgreOverlay.so;debug;/usr/lib/x86_64-linux-gnu/libOgreOverlay.so
[2.150s] -- Looking for ignition-math6 -- found version 6.15.1
[2.162s] -- Looking for ignition-transport8 -- found version 8.2.1
[2.162s] -- Searching for dependencies of ignition-transport8
[2.184s] [33mCMake Warning at /usr/local/share/cmake-3.22/Modules/FindProtobuf.cmake:524 (message):
[2.184s]   Protobuf compiler version 25.3 doesn't match library version 3.12.4
[2.184s] Call Stack (most recent call first):
[2.184s]   /usr/share/cmake/ignition-cmake2/cmake2/FindIgnProtobuf.cmake:34 (find_package)
[2.184s]   /usr/lib/x86_64-linux-gnu/cmake/ignition-transport8/ignition-transport8-config.cmake:92 (find_package)
[2.184s]   /usr/lib/x86_64-linux-gnu/cmake/gazebo/gazebo-config.cmake:235 (find_package)
[2.184s]   /opt/ros/humble/share/gazebo_dev/cmake/gazebo_dev-extras.cmake:3 (find_package)
[2.184s]   /opt/ros/humble/share/gazebo_dev/cmake/gazebo_devConfig.cmake:41 (include)
[2.184s]   /opt/ros/humble/share/gazebo_ros/cmake/ament_cmake_export_dependencies-extras.cmake:21 (find_package)
[2.184s]   /opt/ros/humble/share/gazebo_ros/cmake/gazebo_rosConfig.cmake:41 (include)
[2.184s]   CMakeLists.txt:7 (find_package)
[2.184s] 
[2.184s] [0m
[2.185s] -- Found Protobuf: /usr/lib/x86_64-linux-gnu/libprotobuf.so (found suitable version "3.12.4", minimum required is "3") 
[2.194s] -- Checking for module 'uuid'
[2.202s] --   Found uuid, version 2.37.2
[2.222s] -- Found UUID: TRUE  
[2.226s] -- Looking for ignition-msgs5 -- found version 5.8.1
[2.226s] -- Searching for dependencies of ignition-msgs5
[2.245s] [33mCMake Warning at /usr/local/share/cmake-3.22/Modules/FindProtobuf.cmake:524 (message):
[2.245s]   Protobuf compiler version 25.3 doesn't match library version 3.12.4
[2.245s] Call Stack (most recent call first):
[2.245s]   /usr/share/cmake/ignition-cmake2/cmake2/FindIgnProtobuf.cmake:34 (find_package)
[2.245s]   /usr/lib/x86_64-linux-gnu/cmake/ignition-msgs5/ignition-msgs5-config.cmake:92 (find_package)
[2.245s]   /usr/lib/x86_64-linux-gnu/cmake/ignition-transport8/ignition-transport8-config.cmake:96 (find_package)
[2.245s]   /usr/lib/x86_64-linux-gnu/cmake/gazebo/gazebo-config.cmake:235 (find_package)
[2.245s]   /opt/ros/humble/share/gazebo_dev/cmake/gazebo_dev-extras.cmake:3 (find_package)
[2.245s]   /opt/ros/humble/share/gazebo_dev/cmake/gazebo_devConfig.cmake:41 (include)
[2.245s]   /opt/ros/humble/share/gazebo_ros/cmake/ament_cmake_export_dependencies-extras.cmake:21 (find_package)
[2.245s]   /opt/ros/humble/share/gazebo_ros/cmake/gazebo_rosConfig.cmake:41 (include)
[2.245s]   CMakeLists.txt:7 (find_package)
[2.245s] 
[2.245s] [0m
[2.247s] -- Looking for ignition-math6 -- found version 6.15.1
[2.252s] -- Checking for module 'tinyxml2'
[2.263s] --   Found tinyxml2, version 9.0.0
[2.287s] -- Looking for ignition-msgs5 -- found version 5.8.1
[2.291s] -- Looking for ignition-common3 -- found version 3.14.0
[2.291s] -- Searching for dependencies of ignition-common3
[2.292s] -- Looking for dlfcn.h - found
[2.293s] -- Looking for libdl - found
[2.294s] -- Found DL: TRUE  
[2.306s] -- Found tinyobjloader: /usr/lib/x86_64-linux-gnu/cmake/tinyobjloader/tinyobjloader-config.cmake (found version "2.0.0") 
[2.306s] -- Searching for <ignition-common3> component [graphics]
[2.310s] -- Looking for ignition-common3-graphics -- found version 3.14.0
[2.310s] -- Searching for dependencies of ignition-common3-graphics
[2.311s] -- Looking for ignition-math6 -- found version 6.15.1
[2.315s] -- Looking for ignition-fuel_tools4 -- found version 4.4.0
[2.316s] -- Searching for dependencies of ignition-fuel_tools4
[2.377s] -- Found CURL: /usr/lib/x86_64-linux-gnu/libcurl.so (found version "7.81.0")  
[2.390s] -- Checking for module 'jsoncpp'
[2.398s] --   Found jsoncpp, version 1.9.5
[2.424s] -- Found JSONCPP: TRUE  
[2.428s] -- Checking for module 'libzip'
[2.435s] --   Found libzip, version 1.7.3
[2.458s] -- Found ZIP: TRUE  
[2.458s] -- Looking for ignition-common3 -- found version 3.14.0
[2.459s] -- Looking for ignition-math6 -- found version 6.15.1
[2.459s] -- Looking for ignition-msgs5 -- found version 5.8.1
[2.464s] -- Gazebo version: 11.10
[2.464s] -- Checking for module 'tbb'
[2.474s] --   Found tbb, version 2021.5.0
[2.496s] -- Found sensor_msgs: 4.9.0 (/opt/ros/humble/share/sensor_msgs/cmake)
[2.578s] -- Configuring done
[2.582s] -- Generating done
[2.584s] [33mCMake Warning:
[2.584s]   Manually-specified variables were not used by the project:
[2.584s] 
[2.584s]     CATKIN_INSTALL_INTO_PREFIX_ROOT
[2.584s]     CATKIN_SYMLINK_INSTALL
[2.584s] 
[2.584s] [0m
[2.585s] -- Build files have been written to: /home/guyi/github/Modified_InMoov/build/inmoov_description
