[0.548s] Invoking command in '/home/guyi/github/Modified_InMoov/visualize_ws/arm_system_tools': CONDA_PROMPT_MODIFIER=(base) PYTHONPATH=/home/guyi/github/Modified_InMoov/visualize_ws/build/arm_system_tools/prefix_override:/usr/lib/python3/dist-packages/colcon_core/task/python/colcon_distutils_commands:/home/guyi/github/Modified_InMoov/visualize_ws/install/arm_system_tools/lib/python3.10/site-packages:${PYTHONPATH} /usr/bin/python3 -W ignore:setup.py install is deprecated -W ignore:easy_install command is deprecated setup.py egg_info --egg-base ../build/arm_system_tools build --build-base /home/guyi/github/Modified_InMoov/visualize_ws/build/arm_system_tools/build install --record /home/guyi/github/Modified_InMoov/visualize_ws/build/arm_system_tools/install.log --single-version-externally-managed install_data
[0.681s] running egg_info
[0.682s] writing ../build/arm_system_tools/arm_system_tools.egg-info/PKG-INFO
[0.682s] writing dependency_links to ../build/arm_system_tools/arm_system_tools.egg-info/dependency_links.txt
[0.682s] writing entry points to ../build/arm_system_tools/arm_system_tools.egg-info/entry_points.txt
[0.682s] writing requirements to ../build/arm_system_tools/arm_system_tools.egg-info/requires.txt
[0.682s] writing top-level names to ../build/arm_system_tools/arm_system_tools.egg-info/top_level.txt
[0.683s] reading manifest file '../build/arm_system_tools/arm_system_tools.egg-info/SOURCES.txt'
[0.684s] writing manifest file '../build/arm_system_tools/arm_system_tools.egg-info/SOURCES.txt'
[0.684s] running build
[0.684s] running build_py
[0.684s] running install
[0.685s] running install_lib
[0.686s] running install_data
[0.686s] running install_egg_info
[0.687s] removing '/home/guyi/github/Modified_InMoov/visualize_ws/install/arm_system_tools/lib/python3.10/site-packages/arm_system_tools-0.1.0-py3.10.egg-info' (and everything under it)
[0.688s] Copying ../build/arm_system_tools/arm_system_tools.egg-info to /home/guyi/github/Modified_InMoov/visualize_ws/install/arm_system_tools/lib/python3.10/site-packages/arm_system_tools-0.1.0-py3.10.egg-info
[0.689s] running install_scripts
[0.701s] Installing state_publisher script to /home/guyi/github/Modified_InMoov/visualize_ws/install/arm_system_tools/lib/arm_system_tools
[0.701s] writing list of installed files to '/home/guyi/github/Modified_InMoov/visualize_ws/build/arm_system_tools/install.log'
[0.723s] Invoked command in '/home/guyi/github/Modified_InMoov/visualize_ws/arm_system_tools' returned '0': CONDA_PROMPT_MODIFIER=(base) PYTHONPATH=/home/guyi/github/Modified_InMoov/visualize_ws/build/arm_system_tools/prefix_override:/usr/lib/python3/dist-packages/colcon_core/task/python/colcon_distutils_commands:/home/guyi/github/Modified_InMoov/visualize_ws/install/arm_system_tools/lib/python3.10/site-packages:${PYTHONPATH} /usr/bin/python3 -W ignore:setup.py install is deprecated -W ignore:easy_install command is deprecated setup.py egg_info --egg-base ../build/arm_system_tools build --build-base /home/guyi/github/Modified_InMoov/visualize_ws/build/arm_system_tools/build install --record /home/guyi/github/Modified_InMoov/visualize_ws/build/arm_system_tools/install.log --single-version-externally-managed install_data
